2026-10-04T04:29:36.355417Z  INFO lingxi_service: data root resolved [token] source=cli ignored_sources=none
2026-10-04T04:29:36.356948Z  INFO lingxi_service: data root prepared (canonicalized; runtime dir private 0700) [token] [token]
2026-10-04T04:29:36.357437Z  INFO lingxi_service: single-writer lock acquired [token] start_nonce=6dedf6651fd4781f pid=93282 entropy="os-random-device" lock=/private/var/folders/5r/wq54gtms21gfjgr5v94ynfyh0000gn/T/lingxi-r02t05-home-vnGfqf/lingxi-service/instance.lock network_mode=loopback
2026-10-04T04:29:36.373024Z  INFO lingxi_service: data-epoch gate passed [token] decision=ProceedStampedNew(EpochStamp { format: V2, minimum_reader_epoch: 1, committed_data_epoch: 1, last_version: Some("0.0.0") })
2026-10-04T04:29:36.425320Z  INFO lingxi_adapters::storage::run_store: run database migrated db=/private/var/folders/5r/wq54gtms21gfjgr5v94ynfyh0000gn/T/lingxi-r02t05-home-vnGfqf/lingxi-service/data/runs.db applied=[1, 2, 3, 4, 5] version=5
2026-10-04T04:29:36.426565Z  INFO lingxi_service: auth service bootstrapped (per-start loopback token, owner-only); run database migrated and seeded local_token_file=/private/var/folders/5r/wq54gtms21gfjgr5v94ynfyh0000gn/T/lingxi-r02t05-home-vnGfqf/lingxi-service/local-token.json run_database=/private/var/folders/5r/wq54gtms21gfjgr5v94ynfyh0000gn/T/lingxi-r02t05-home-vnGfqf/lingxi-service/data/runs.db
2026-10-04T04:29:36.436088Z  INFO lingxi_service: instance record published (atomic write) record=/private/var/folders/5r/wq54gtms21gfjgr5v94ynfyh0000gn/T/lingxi-r02t05-home-vnGfqf/lingxi-service/instance.json bind_addr=127.0.0.1:63936
2026-10-04T04:29:36.771323Z  INFO lingxi_service::sessions: run settled through the single finalize path run_id=run_000001a1052cae81_000001 session_id="sess_local_alpha" outcome=completed.no_final.no_provider_configured input_chars=10 input_bytes=10
2026-10-04T04:29:36.771564Z  INFO lingxi_service: request handled [token] method=POST [token] status=200
2026-10-04T04:29:36.773290Z  INFO lingxi_service::sessions: run settled through the single finalize path run_id=run_000001a1052cae84_000002 session_id="sess_local_alpha" outcome=completed.no_final.no_provider_configured input_chars=10 input_bytes=10
2026-10-04T04:29:36.773452Z  INFO lingxi_service: request handled [token] method=POST [token] status=200
2026-10-04T04:29:36.774135Z  INFO lingxi_service: request handled [token] method=GET path=/lingxi/v1/ws status=101
2026-10-04T04:29:36.776459Z  INFO lingxi_service::sessions: run settled through the single finalize path run_id=run_000001a1052cae87_000003 session_id="sess_local_alpha" outcome=completed.no_final.no_provider_configured input_chars=12 input_bytes=12
2026-10-04T04:29:36.776606Z  INFO lingxi_service: request handled [token] method=POST [token] status=200
2026-10-04T04:29:36.777797Z  INFO lingxi_service::sessions: run settled through the single finalize path run_id=run_000001a1052cae89_000004 session_id="sess_local_alpha" outcome=completed.no_final.no_provider_configured input_chars=12 input_bytes=12
2026-10-04T04:29:36.777937Z  INFO lingxi_service: request handled [token] method=POST [token] status=200
2026-10-04T04:29:36.779009Z  INFO lingxi_service::sessions: run settled through the single finalize path run_id=run_000001a1052cae8a_000005 session_id="sess_local_alpha" outcome=completed.no_final.no_provider_configured input_chars=12 input_bytes=12
2026-10-04T04:29:36.779132Z  INFO lingxi_service: request handled [token] method=POST [token] status=200
2026-10-04T04:29:36.780166Z  INFO lingxi_service::sessions: run settled through the single finalize path run_id=run_000001a1052cae8b_000006 session_id="sess_local_alpha" outcome=completed.no_final.no_provider_configured input_chars=12 input_bytes=12
2026-10-04T04:29:36.780294Z  INFO lingxi_service: request handled [token] method=POST [token] status=200
2026-10-04T04:29:37.791187Z  INFO lingxi_service::sessions: run settled through the single finalize path run_id=run_000001a1052cb27d_000007 session_id="sess_local_alpha" outcome=completed.no_final.no_provider_configured input_chars=8 input_bytes=8
2026-10-04T04:29:37.791463Z  INFO lingxi_service: request handled [token] method=POST [token] status=200
2026-10-04T04:29:37.793012Z  INFO lingxi_service: request handled [token] method=GET [token] status=200
2026-10-04T04:29:37.795236Z  INFO lingxi_service: request handled [token] method=GET [token] status=409
2026-10-04T04:29:37.796117Z  INFO lingxi_service: request handled [token] method=GET path=/lingxi/v1/ws status=101
2026-10-04T04:29:37.799833Z  INFO lingxi_service: request handled [token] method=GET [token] status=200
2026-10-04T04:29:37.801912Z  INFO lingxi_service::sessions: run settled through the single finalize path run_id=run_000001a1052cb288_000008 session_id="sess_local_beta" outcome=completed.no_final.no_provider_configured input_chars=8 input_bytes=8
2026-10-04T04:29:37.802086Z  INFO lingxi_service: request handled [token] method=POST [token] status=200
2026-10-04T04:29:37.803005Z  INFO lingxi_service: request handled [token] method=GET [token] status=200
2026-10-04T04:29:37.804590Z  INFO lingxi_service: request handled [token] method=GET [token] status=409
2026-10-04T04:29:37.805195Z  INFO lingxi_service: request handled [token] method=GET path=/lingxi/v1/ws status=101
2026-10-04T04:29:37.807388Z  INFO lingxi_service: request handled [token] method=GET path=/lingxi/v1/ws status=101
2026-10-04T04:29:40.813769Z  INFO lingxi_service: request handled [token] method=GET [token] status=404
2026-10-04T04:29:40.817226Z  INFO lingxi_service: request handled [token] method=GET path=/lingxi/v1/ws status=101
2026-10-04T04:29:43.825262Z  INFO lingxi_service: request handled [token] method=GET path=/lingxi/v1/ws status=101
2026-10-04T04:29:46.833060Z  INFO lingxi_service: request handled [token] method=GET path=/lingxi/v1/ws status=101
2026-10-04T04:29:51.043055Z  INFO lingxi_service: request handled [token] method=POST path=/lingxi/v1/devices/credentials status=201
2026-10-04T04:29:52.212381Z  INFO lingxi_service: request handled [token] method=GET [token] status=403
2026-10-04T04:29:52.633416Z  INFO lingxi_service: shutdown signal: SIGTERM
2026-10-04T04:29:52.635160Z  INFO lingxi_service::shutdown: run database closed (drained, WAL truncated) phase=storage_close
2026-10-04T04:29:52.635498Z  INFO lingxi_service::shutdown: own instance record removed, lock released phase=record_cleanup
2026-10-04T04:29:52.635580Z  INFO lingxi_service: lingxi-service stopped cleanly (run database closed, own record removed, lock released)
