
/Users/study_superior/Desktop/Code/LingxiAgent/lib/tools/run-code-tool.ts
   21:7    warning  'execFileAsync' is assigned a value but never used  @typescript-eslint/no-unused-vars
   72:12   warning  Unexpected any. Specify a different type            @typescript-eslint/no-explicit-any
   84:63   warning  Unexpected any. Specify a different type            @typescript-eslint/no-explicit-any
  130:38   warning  Unexpected any. Specify a different type            @typescript-eslint/no-explicit-any
  136:67   warning  Unexpected any. Specify a different type            @typescript-eslint/no-explicit-any
  158:66   warning  Unexpected any. Specify a different type            @typescript-eslint/no-explicit-any
  159:58   warning  Unexpected any. Specify a different type            @typescript-eslint/no-explicit-any
  168:28   warning  Unexpected any. Specify a different type            @typescript-eslint/no-explicit-any
  169:28   warning  Unexpected any. Specify a different type            @typescript-eslint/no-explicit-any
  214:34   warning  Unexpected any. Specify a different type            @typescript-eslint/no-explicit-any
  221:48   warning  Unexpected any. Specify a different type            @typescript-eslint/no-explicit-any
  221:68   warning  Unexpected any. Specify a different type            @typescript-eslint/no-explicit-any
  299:105  warning  Unexpected any. Specify a different type            @typescript-eslint/no-explicit-any
  328:99   warning  Unexpected any. Specify a different type            @typescript-eslint/no-explicit-any

/Users/study_superior/Desktop/Code/LingxiAgent/lib/tools/security-scan-tool.ts
   47:40  warning  Unexpected any. Specify a different type  @typescript-eslint/no-explicit-any
   70:17  warning  Unexpected any. Specify a different type  @typescript-eslint/no-explicit-any
  118:35  warning  Unexpected any. Specify a different type  @typescript-eslint/no-explicit-any
  124:48  warning  Unexpected any. Specify a different type  @typescript-eslint/no-explicit-any
  124:68  warning  Unexpected any. Specify a different type  @typescript-eslint/no-explicit-any

✖ 19 problems (0 errors, 19 warnings)

