2026-10-07T03:12:46.652294Z  INFO lingxi_service: data-epoch gate passed home=/private/tmp/lingxi-r02t07-a13.RuWK4Y decision=ProceedStampedNew(EpochStamp { format: V2, minimum_reader_epoch: 1, committed_data_epoch: 1, last_version: Some("0.0.0") })
2026-10-07T03:12:46.715506Z  INFO lingxi_adapters::storage::run_store: run database migrated db=/private/tmp/lingxi-r02t07-a13.RuWK4Y/lingxi-service/data/runs.db applied=[1, 2, 3, 4, 5, 6, 7] version=7
2026-10-07T03:12:46.716744Z  INFO lingxi_service: auth service bootstrapped (per-start loopback token, owner-only); run database migrated and seeded local_token_file=/private/tmp/lingxi-r02t07-a13.RuWK4Y/lingxi-service/local-token.json run_database=/private/tmp/lingxi-r02t07-a13.RuWK4Y/lingxi-service/data/runs.db
2026-10-07T03:12:46.727251Z  INFO lingxi_service: instance record published (atomic write) record=/private/tmp/lingxi-r02t07-a13.RuWK4Y/lingxi-service/instance.json bind_addr=127.0.0.1:61967
2026-10-07T03:12:46.797834Z  INFO lingxi_service: request handled request_id="req-7fa2d62057059fd514a8def4d0ea7a77" method=GET path=/lingxi/v1/me status=200
2026-10-07T03:12:46.833057Z  INFO lingxi_service::sessions: run settled through the single finalize path run_id=run_000001a114596aef_000001 session_id="sess_local_alpha" outcome=completed.no_final.no_provider_configured input_chars=212 input_bytes=212
2026-10-07T03:12:46.833251Z  INFO lingxi_service: request handled request_id="req-7860a9802a61d4245bafc9e81dee689c" method=POST [token] status=200
2026-10-07T03:12:48.095336Z  INFO lingxi_service: request handled request_id="req-e62bf4e9b8dfd059355c58567a9362d6" method=POST path=/lingxi/v1/devices/credentials status=201
2026-10-07T03:12:48.130284Z  INFO lingxi_service: request handled request_id="req-5242d8b55630c77cc9c8bc6d85508b10" method=POST path=/lingxi/v1/ws-ticket status=200
2026-10-07T03:12:48.161700Z  INFO lingxi_service: request handled request_id="req-9131398daa06ebfec1f7999b2ee8adbb" method=GET path=/lingxi/v1/me status=401
2026-10-07T03:12:48.174042Z  INFO lingxi_service: request handled request_id="req-4b13c2af5b36629c0f68901f1612dd6b" method=GET path=/lingxi/v1/me status=401
2026-10-07T03:12:48.186379Z  INFO lingxi_service: request handled request_id="req-9794ceb794a10a634357714cd84f64bc" method=GET path=/lingxi/v1/ws status=401
2026-10-07T03:12:49.427221Z  INFO lingxi_service: request handled request_id="req-b5e3be07b0e8e02a1b13a438262995b5" method=GET [token] status=403
2026-10-07T03:12:49.440125Z  INFO lingxi_service: request handled request_id="req-0d01d7bf44b3f223ac7f90529dab1e91" method=GET [token] status=404
2026-10-07T03:12:49.513072Z  INFO lingxi_service: request handled request_id="req-573e500b4d3d9b45e38340777e0b55f6" method=GET path=/lingxi/v1/ws status=401
2026-10-07T03:12:49.513785Z  INFO lingxi_service: request handled request_id="req-29a18d51103f3eb4b07056875756aa93" method=GET path=/lingxi/v1/ws status=101
2026-10-07T03:12:49.533449Z  INFO lingxi_service: shutdown signal: SIGTERM
2026-10-07T03:12:49.535208Z  INFO lingxi_service::shutdown: run database closed (drained, WAL truncated) phase=storage_close
2026-10-07T03:12:49.535565Z  INFO lingxi_service::shutdown: own instance record removed, lock released phase=record_cleanup
2026-10-07T03:12:49.535686Z  INFO lingxi_service: lingxi-service stopped cleanly (run database closed, own record removed, lock released)
