   Compiling lingxi-service v0.0.0 (/Users/study_superior/Desktop/Code/LingxiAgent/rust/crates/lingxi-service)
    Finished `test` profile [unoptimized + debuginfo] target(s) in 3.01s
  Executable unittests src/lib.rs (/var/folders/5r/wq54gtms21gfjgr5v94ynfyh0000gn/T//rust-target-r05-t08/debug/deps/lingxi_adapters-96ca686856ca2387)
  Executable unittests src/bin/lingxi-storage-inspect.rs (/var/folders/5r/wq54gtms21gfjgr5v94ynfyh0000gn/T//rust-target-r05-t08/debug/deps/lingxi_storage_inspect-e7cc07eabcd3995e)
  Executable tests/active_run_listing.rs (/var/folders/5r/wq54gtms21gfjgr5v94ynfyh0000gn/T//rust-target-r05-t08/debug/deps/active_run_listing-5d4f4dc28e3c3cae)
  Executable tests/backup_faults.rs (/var/folders/5r/wq54gtms21gfjgr5v94ynfyh0000gn/T//rust-target-r05-t08/debug/deps/backup_faults-44ceeaa34069be70)
  Executable tests/backup_restore.rs (/var/folders/5r/wq54gtms21gfjgr5v94ynfyh0000gn/T//rust-target-r05-t08/debug/deps/backup_restore-a28c827c3d7ccc12)
  Executable tests/disk_full_fault.rs (/var/folders/5r/wq54gtms21gfjgr5v94ynfyh0000gn/T//rust-target-r05-t08/debug/deps/disk_full_fault-3c0f1ca098d8d43f)
  Executable tests/event_store_reads.rs (/var/folders/5r/wq54gtms21gfjgr5v94ynfyh0000gn/T//rust-target-r05-t08/debug/deps/event_store_reads-6b457dbf880711da)
  Executable tests/invocation_journal_store.rs (/var/folders/5r/wq54gtms21gfjgr5v94ynfyh0000gn/T//rust-target-r05-t08/debug/deps/invocation_journal_store-ad36586c97568990)
  Executable tests/late_result_fencing_property.rs (/var/folders/5r/wq54gtms21gfjgr5v94ynfyh0000gn/T//rust-target-r05-t08/debug/deps/late_result_fencing_property-49c245be6912e656)
  Executable tests/migration_idempotency.rs (/var/folders/5r/wq54gtms21gfjgr5v94ynfyh0000gn/T//rust-target-r05-t08/debug/deps/migration_idempotency-b95ed94e8eab0498)
  Executable tests/r05_t02_oauth_flows.rs (/var/folders/5r/wq54gtms21gfjgr5v94ynfyh0000gn/T//rust-target-r05-t08/debug/deps/r05_t02_oauth_flows-fe568355b3273dec)
  Executable tests/r05_t03_goldens.rs (/var/folders/5r/wq54gtms21gfjgr5v94ynfyh0000gn/T//rust-target-r05-t08/debug/deps/r05_t03_goldens-ad2969e8d3617d72)
  Executable tests/r05_t03_rr1_replay.rs (/var/folders/5r/wq54gtms21gfjgr5v94ynfyh0000gn/T//rust-target-r05-t08/debug/deps/r05_t03_rr1_replay-239c78bcf09791f8)
  Executable tests/r05_t04_rr1_batch_terminal.rs (/var/folders/5r/wq54gtms21gfjgr5v94ynfyh0000gn/T//rust-target-r05-t08/debug/deps/r05_t04_rr1_batch_terminal-27a806148fd022eb)
  Executable tests/r05_t04_streaming.rs (/var/folders/5r/wq54gtms21gfjgr5v94ynfyh0000gn/T//rust-target-r05-t08/debug/deps/r05_t04_streaming-cd38da192caed392)
  Executable tests/r05_t05_compat.rs (/var/folders/5r/wq54gtms21gfjgr5v94ynfyh0000gn/T//rust-target-r05-t08/debug/deps/r05_t05_compat-12e33c977bd237dc)
  Executable tests/r05_t05_timeouts.rs (/var/folders/5r/wq54gtms21gfjgr5v94ynfyh0000gn/T//rust-target-r05-t08/debug/deps/r05_t05_timeouts-a1caea9c297f3086)
  Executable tests/r05_t06_operations.rs (/var/folders/5r/wq54gtms21gfjgr5v94ynfyh0000gn/T//rust-target-r05-t08/debug/deps/r05_t06_operations-8e9ab985e0e8b19a)
  Executable tests/r05_t07_rr1_usage_strict.rs (/var/folders/5r/wq54gtms21gfjgr5v94ynfyh0000gn/T//rust-target-r05-t08/debug/deps/r05_t07_rr1_usage_strict-52a5513ebc7c9217)
  Executable tests/r05_t07_usage_families.rs (/var/folders/5r/wq54gtms21gfjgr5v94ynfyh0000gn/T//rust-target-r05-t08/debug/deps/r05_t07_usage_families-f2872453d2fd84b4)
  Executable tests/run_finalize_property.rs (/var/folders/5r/wq54gtms21gfjgr5v94ynfyh0000gn/T//rust-target-r05-t08/debug/deps/run_finalize_property-774a5d949b9f5617)
  Executable tests/run_id_allocator.rs (/var/folders/5r/wq54gtms21gfjgr5v94ynfyh0000gn/T//rust-target-r05-t08/debug/deps/run_id_allocator-d149e2c7f1a762c9)
  Executable tests/run_lineage_store.rs (/var/folders/5r/wq54gtms21gfjgr5v94ynfyh0000gn/T//rust-target-r05-t08/debug/deps/run_lineage_store-b93c3bda0391cb40)
  Executable tests/storage_transactions.rs (/var/folders/5r/wq54gtms21gfjgr5v94ynfyh0000gn/T//rust-target-r05-t08/debug/deps/storage_transactions-7fb6fe26be751ba7)
  Executable unittests src/lib.rs (/var/folders/5r/wq54gtms21gfjgr5v94ynfyh0000gn/T//rust-target-r05-t08/debug/deps/lingxi_service-0532c49ca08cc763)
  Executable unittests src/main.rs (/var/folders/5r/wq54gtms21gfjgr5v94ynfyh0000gn/T//rust-target-r05-t08/debug/deps/lingxi_service-c74eccf5aad7e484)
  Executable unittests src/bin/r04_t07_fixture.rs (/var/folders/5r/wq54gtms21gfjgr5v94ynfyh0000gn/T//rust-target-r05-t08/debug/deps/r04_t07_fixture-d3e2e60da5c70953)
  Executable tests/admission_dedup_adversarial.rs (/var/folders/5r/wq54gtms21gfjgr5v94ynfyh0000gn/T//rust-target-r05-t08/debug/deps/admission_dedup_adversarial-9afdd2d3ba17da0f)
  Executable tests/admission_dedup_consistency.rs (/var/folders/5r/wq54gtms21gfjgr5v94ynfyh0000gn/T//rust-target-r05-t08/debug/deps/admission_dedup_consistency-5b3807d9a0c390f5)
  Executable tests/auth_matrix.rs (/var/folders/5r/wq54gtms21gfjgr5v94ynfyh0000gn/T//rust-target-r05-t08/debug/deps/auth_matrix-f9694524bb7f9df7)
  Executable tests/background_disconnect_recovery.rs (/var/folders/5r/wq54gtms21gfjgr5v94ynfyh0000gn/T//rust-target-r05-t08/debug/deps/background_disconnect_recovery-04798c829d5671b7)
  Executable tests/background_steering.rs (/var/folders/5r/wq54gtms21gfjgr5v94ynfyh0000gn/T//rust-target-r05-t08/debug/deps/background_steering-c0b1d2119fd7133b)
  Executable tests/cancel_link_inheritance.rs (/var/folders/5r/wq54gtms21gfjgr5v94ynfyh0000gn/T//rust-target-r05-t08/debug/deps/cancel_link_inheritance-9d7308dbe1d17a3d)
  Executable tests/cancel_terminal_race.rs (/var/folders/5r/wq54gtms21gfjgr5v94ynfyh0000gn/T//rust-target-r05-t08/debug/deps/cancel_terminal_race-f471dfa3b2b7e5a2)
  Executable tests/cancellation_tree.rs (/var/folders/5r/wq54gtms21gfjgr5v94ynfyh0000gn/T//rust-target-r05-t08/debug/deps/cancellation_tree-e1cbeaac8f9d7e57)
  Executable tests/config_bounds.rs (/var/folders/5r/wq54gtms21gfjgr5v94ynfyh0000gn/T//rust-target-r05-t08/debug/deps/config_bounds-2b089b088d26875c)
  Executable tests/event_subscription.rs (/var/folders/5r/wq54gtms21gfjgr5v94ynfyh0000gn/T//rust-target-r05-t08/debug/deps/event_subscription-0f1ea313335f8dee)
  Executable tests/execute_concurrency.rs (/var/folders/5r/wq54gtms21gfjgr5v94ynfyh0000gn/T//rust-target-r05-t08/debug/deps/execute_concurrency-62d17b4ad803abdd)
  Executable tests/exit_race_rejections.rs (/var/folders/5r/wq54gtms21gfjgr5v94ynfyh0000gn/T//rust-target-r05-t08/debug/deps/exit_race_rejections-a2addfacab9a6a01)
  Executable tests/input_budget_refusal.rs (/var/folders/5r/wq54gtms21gfjgr5v94ynfyh0000gn/T//rust-target-r05-t08/debug/deps/input_budget_refusal-c332844f6e073a30)
  Executable tests/input_payload_fidelity.rs (/var/folders/5r/wq54gtms21gfjgr5v94ynfyh0000gn/T//rust-target-r05-t08/debug/deps/input_payload_fidelity-c8a25fa93c1a21a5)
  Executable tests/instance_lifecycle.rs (/var/folders/5r/wq54gtms21gfjgr5v94ynfyh0000gn/T//rust-target-r05-t08/debug/deps/instance_lifecycle-d932e8bfa2cc4114)
  Executable tests/invocation_journal.rs (/var/folders/5r/wq54gtms21gfjgr5v94ynfyh0000gn/T//rust-target-r05-t08/debug/deps/invocation_journal-96130ee6f1f44fa5)
  Executable tests/late_result_fence.rs (/var/folders/5r/wq54gtms21gfjgr5v94ynfyh0000gn/T//rust-target-r05-t08/debug/deps/late_result_fence-974c58de69b9c62f)
  Executable tests/r00_management_leaves.rs (/var/folders/5r/wq54gtms21gfjgr5v94ynfyh0000gn/T//rust-target-r05-t08/debug/deps/r00_management_leaves-294787929158efb0)
  Executable tests/r00_static_web_leaves.rs (/var/folders/5r/wq54gtms21gfjgr5v94ynfyh0000gn/T//rust-target-r05-t08/debug/deps/r00_static_web_leaves-454fe2bfbdf1f85d)
  Executable tests/r03_t08_acceptance_matrix.rs (/var/folders/5r/wq54gtms21gfjgr5v94ynfyh0000gn/T//rust-target-r05-t08/debug/deps/r03_t08_acceptance_matrix-77c48bcaf9cf5ac0)
  Executable tests/r04_rr1_f02_reaper_cleanup.rs (/var/folders/5r/wq54gtms21gfjgr5v94ynfyh0000gn/T//rust-target-r05-t08/debug/deps/r04_rr1_f02_reaper_cleanup-c4e97f4824a28218)
  Executable tests/r04_rr1_f03_stop_honesty.rs (/var/folders/5r/wq54gtms21gfjgr5v94ynfyh0000gn/T//rust-target-r05-t08/debug/deps/r04_rr1_f03_stop_honesty-42abc78d2ec6700e)
  Executable tests/r04_rr1_f04_pty_consumption.rs (/var/folders/5r/wq54gtms21gfjgr5v94ynfyh0000gn/T//rust-target-r05-t08/debug/deps/r04_rr1_f04_pty_consumption-f9673c2e16c87aae)
  Executable tests/r04_rr1_f05_output_integrity.rs (/var/folders/5r/wq54gtms21gfjgr5v94ynfyh0000gn/T//rust-target-r05-t08/debug/deps/r04_rr1_f05_output_integrity-e7b1a290353a4060)
  Executable tests/r04_rr1_f05_spill_failure.rs (/var/folders/5r/wq54gtms21gfjgr5v94ynfyh0000gn/T//rust-target-r05-t08/debug/deps/r04_rr1_f05_spill_failure-9aab0581116c3bff)
  Executable tests/r04_t01_tool_catalog.rs (/var/folders/5r/wq54gtms21gfjgr5v94ynfyh0000gn/T//rust-target-r05-t08/debug/deps/r04_t01_tool_catalog-d7161276603842f5)
  Executable tests/r04_t02_tool_gateway.rs (/var/folders/5r/wq54gtms21gfjgr5v94ynfyh0000gn/T//rust-target-r05-t08/debug/deps/r04_t02_tool_gateway-55628fee3c984f00)
  Executable tests/r04_t03_approval_service.rs (/var/folders/5r/wq54gtms21gfjgr5v94ynfyh0000gn/T//rust-target-r05-t08/debug/deps/r04_t03_approval_service-a3cd2bd00f3a49b5)
  Executable tests/r04_t04_file_tools.rs (/var/folders/5r/wq54gtms21gfjgr5v94ynfyh0000gn/T//rust-target-r05-t08/debug/deps/r04_t04_file_tools-ec67193cadfbc8e5)
  Executable tests/r04_t05_process_tools.rs (/var/folders/5r/wq54gtms21gfjgr5v94ynfyh0000gn/T//rust-target-r05-t08/debug/deps/r04_t05_process_tools-81944a139de8b654)
  Executable tests/r04_t05_registry_capacity.rs (/var/folders/5r/wq54gtms21gfjgr5v94ynfyh0000gn/T//rust-target-r05-t08/debug/deps/r04_t05_registry_capacity-2421d07d7250be91)
  Executable tests/r04_t06_sandbox.rs (/var/folders/5r/wq54gtms21gfjgr5v94ynfyh0000gn/T//rust-target-r05-t08/debug/deps/r04_t06_sandbox-3b1c03e704d5bd09)
  Executable tests/r04_t07_mcp_and_workers.rs (/var/folders/5r/wq54gtms21gfjgr5v94ynfyh0000gn/T//rust-target-r05-t08/debug/deps/r04_t07_mcp_and_workers-f33361ece52d1d03)
  Executable tests/r04_t08_tool_matrix.rs (/var/folders/5r/wq54gtms21gfjgr5v94ynfyh0000gn/T//rust-target-r05-t08/debug/deps/r04_t08_tool_matrix-94e01f57d41763de)
  Executable tests/r05_t01_binary_wiring.rs (/var/folders/5r/wq54gtms21gfjgr5v94ynfyh0000gn/T//rust-target-r05-t08/debug/deps/r05_t01_binary_wiring-accb1ca8bb78e736)
  Executable tests/r05_t01_model_plane.rs (/var/folders/5r/wq54gtms21gfjgr5v94ynfyh0000gn/T//rust-target-r05-t08/debug/deps/r05_t01_model_plane-c37aeb0629cca21a)
  Executable tests/r05_t02_credentials.rs (/var/folders/5r/wq54gtms21gfjgr5v94ynfyh0000gn/T//rust-target-r05-t08/debug/deps/r05_t02_credentials-a004bc935b5b00b8)
  Executable tests/r05_t03_protocol_adapters.rs (/var/folders/5r/wq54gtms21gfjgr5v94ynfyh0000gn/T//rust-target-r05-t08/debug/deps/r05_t03_protocol_adapters-2b7d5000bc3dad67)
  Executable tests/r05_t04_streaming.rs (/var/folders/5r/wq54gtms21gfjgr5v94ynfyh0000gn/T//rust-target-r05-t08/debug/deps/r05_t04_streaming-f7a3b5f35a1d4a62)
  Executable tests/r05_t05_network.rs (/var/folders/5r/wq54gtms21gfjgr5v94ynfyh0000gn/T//rust-target-r05-t08/debug/deps/r05_t05_network-9506e532c45dbc39)
  Executable tests/r05_t05_timeouts.rs (/var/folders/5r/wq54gtms21gfjgr5v94ynfyh0000gn/T//rust-target-r05-t08/debug/deps/r05_t05_timeouts-fb063e2c714df376)
  Executable tests/r05_t06_operations.rs (/var/folders/5r/wq54gtms21gfjgr5v94ynfyh0000gn/T//rust-target-r05-t08/debug/deps/r05_t06_operations-8ee92577417d6340)
  Executable tests/r05_t06_rr1_media_resource.rs (/var/folders/5r/wq54gtms21gfjgr5v94ynfyh0000gn/T//rust-target-r05-t08/debug/deps/r05_t06_rr1_media_resource-a8eec76cae06e894)
  Executable tests/r05_t06_rr1_system_speech.rs (/var/folders/5r/wq54gtms21gfjgr5v94ynfyh0000gn/T//rust-target-r05-t08/debug/deps/r05_t06_rr1_system_speech-e152cf71a0758c14)
  Executable tests/r05_t06_worker_model.rs (/var/folders/5r/wq54gtms21gfjgr5v94ynfyh0000gn/T//rust-target-r05-t08/debug/deps/r05_t06_worker_model-209d0a13dc6d2262)
  Executable tests/r05_t07_persistence.rs (/var/folders/5r/wq54gtms21gfjgr5v94ynfyh0000gn/T//rust-target-r05-t08/debug/deps/r05_t07_persistence-e795e9c3083c072b)
  Executable tests/r05_t07_rr1_usage_ledger.rs (/var/folders/5r/wq54gtms21gfjgr5v94ynfyh0000gn/T//rust-target-r05-t08/debug/deps/r05_t07_rr1_usage_ledger-a03ec952c9e3f530)
  Executable tests/r05_t07_usage_trace.rs (/var/folders/5r/wq54gtms21gfjgr5v94ynfyh0000gn/T//rust-target-r05-t08/debug/deps/r05_t07_usage_trace-378feba1c0ca011a)
  Executable tests/r05_t08_closed_loop.rs (/var/folders/5r/wq54gtms21gfjgr5v94ynfyh0000gn/T//rust-target-r05-t08/debug/deps/r05_t08_closed_loop-39f0f7c09e62674b)
  Executable tests/r05_t08_production_tools.rs (/var/folders/5r/wq54gtms21gfjgr5v94ynfyh0000gn/T//rust-target-r05-t08/debug/deps/r05_t08_production_tools-77f8e8539c0a9a3b)
  Executable tests/r05_t08_resources.rs (/var/folders/5r/wq54gtms21gfjgr5v94ynfyh0000gn/T//rust-target-r05-t08/debug/deps/r05_t08_resources-f66968a3ba499b0b)
  Executable tests/recovery_crash_points.rs (/var/folders/5r/wq54gtms21gfjgr5v94ynfyh0000gn/T//rust-target-r05-t08/debug/deps/recovery_crash_points-1ddb76b760ab051b)
  Executable tests/recovery_startup_scan.rs (/var/folders/5r/wq54gtms21gfjgr5v94ynfyh0000gn/T//rust-target-r05-t08/debug/deps/recovery_startup_scan-61d771eba4c39bd6)
  Executable tests/request_dedup.rs (/var/folders/5r/wq54gtms21gfjgr5v94ynfyh0000gn/T//rust-target-r05-t08/debug/deps/request_dedup-92b592b7604678f7)
  Executable tests/request_id_canonicalization.rs (/var/folders/5r/wq54gtms21gfjgr5v94ynfyh0000gn/T//rust-target-r05-t08/debug/deps/request_id_canonicalization-12dd978628bef286)
  Executable tests/resource_limits.rs (/var/folders/5r/wq54gtms21gfjgr5v94ynfyh0000gn/T//rust-target-r05-t08/debug/deps/resource_limits-cbd596c12e817dd4)
  Executable tests/run_lifecycle.rs (/var/folders/5r/wq54gtms21gfjgr5v94ynfyh0000gn/T//rust-target-r05-t08/debug/deps/run_lifecycle-7e7dbc5b8b6ff6c1)
  Executable tests/service_health.rs (/var/folders/5r/wq54gtms21gfjgr5v94ynfyh0000gn/T//rust-target-r05-t08/debug/deps/service_health-5365b69ce150b95e)
  Executable tests/service_persistence.rs (/var/folders/5r/wq54gtms21gfjgr5v94ynfyh0000gn/T//rust-target-r05-t08/debug/deps/service_persistence-394483fc8b7303d5)
  Executable tests/session_serialization.rs (/var/folders/5r/wq54gtms21gfjgr5v94ynfyh0000gn/T//rust-target-r05-t08/debug/deps/session_serialization-13019b68eef1ec16)
  Executable tests/shutdown_coordinator.rs (/var/folders/5r/wq54gtms21gfjgr5v94ynfyh0000gn/T//rust-target-r05-t08/debug/deps/shutdown_coordinator-579346796c264748)
  Executable tests/subagent_closeout.rs (/var/folders/5r/wq54gtms21gfjgr5v94ynfyh0000gn/T//rust-target-r05-t08/debug/deps/subagent_closeout-3d7d475bfec390ca)
  Executable tests/subagent_lifecycle.rs (/var/folders/5r/wq54gtms21gfjgr5v94ynfyh0000gn/T//rust-target-r05-t08/debug/deps/subagent_lifecycle-9d7e4b1b33f957ca)
  Executable tests/subagent_permission_inheritance.rs (/var/folders/5r/wq54gtms21gfjgr5v94ynfyh0000gn/T//rust-target-r05-t08/debug/deps/subagent_permission_inheritance-c44c7634df555285)
  Executable tests/tls_web_login.rs (/var/folders/5r/wq54gtms21gfjgr5v94ynfyh0000gn/T//rust-target-r05-t08/debug/deps/tls_web_login-b84472c9ec547986)
  Executable tests/tool_receipt_unknown.rs (/var/folders/5r/wq54gtms21gfjgr5v94ynfyh0000gn/T//rust-target-r05-t08/debug/deps/tool_receipt_unknown-a2405017d3a05be9)
