== toolchain: rustup run 1.98.1 (rustc 1.98.1 (48a229cea 2026-09-01))
== [build] lingxi-service (locked, offline, isolated target dir)
    Finished `dev` profile [unoptimized + debuginfo] target(s) in 1.25s
== [A] start instance 1 on the synthetic home
instance 1: pid=81166 addr=127.0.0.1:52943 home=/tmp/lingxi-r02t02-a03-home.gD8b7P
instance 1 record instanceId=7a1f30b92edbfd9b93bbaacf85e3726a
home tree hash before rejection: 5e2c8864e4f943fb6959cb515a5d3a4e53e5747630978b4027fda99ca1e286b9
== [B] second instance, SAME home -> must be rejected (exit 3 + marker)
instance 2 exit code: 3
instance 2 rejected as required (marker + diagnostics + no READY)
LINGXI_SERVICE_SINGLE_WRITER_BLOCKED home=/private/tmp/lingxi-r02t02-a03-home.gD8b7P recordedPid=81166 recordedInstanceId=7a1f30b92edbfd9b93bbaacf85e3726a recordedStartNonce=91ded369b15ad9f2 recordedAddr=127.0.0.1:52943 probe=live authority=os-file-lock
== [C] instance 1 unaffected; data byte-identical
home tree hash after rejection:  5e2c8864e4f943fb6959cb515a5d3a4e53e5747630978b4027fda99ca1e286b9
instance 1 still healthy and data unchanged: OK
== [D] aliased second start (macOS /private alias of the same dir) also rejected
aliased instance exit code: 3
alias collapsed to the same canonical root: OK
== [E] SIGKILL crash -> stale record -> takeover restart -> clean stop
instance 3 took over the stale home and serves: OK
instance 3 exit after SIGTERM: 0
graceful stop removed own record, kept lock file: OK
== [F] forged record with a LIVE unrelated pid does not block takeover
takeover proceeded despite a live recorded pid (lock is the authority): OK
A03 RESULT: PASS (dual-instance rejection, first instance intact, stale takeover, pid-reuse adversarial)
