   Compiling xtask v0.1.0 (/Users/study_superior/Desktop/Code/LingxiAgent/rust/crates/xtask)
    Finished `test` profile [unoptimized + debuginfo] target(s) in 2.39s
     Running unittests src/main.rs (rust/target/debug/deps/xtask-ad766de8ea03e62c)

running 121 tests
test stage_map::map_tests::command_without_evidence_paths_is_a_hard_error ... ok
test stage_map::map_tests::conflicted_leaf_must_not_bind_evidence ... ok
test stage_map::map_tests::deferred_case_with_unknown_producer_is_a_hard_error ... ok
test stage_map::map_tests::deferred_leaf_parses_with_early_evidence_and_deferred_cases ... ok
test stage_map::map_tests::deferred_case_producer_outside_leaf_commands_is_a_hard_error ... ok
test stage_map::map_tests::deferred_leaf_with_evidence_paths_is_a_hard_error ... ok
test stage_map::map_tests::conflicted_leaf_parses_when_unbound ... ok
test stage_map::map_tests::duplicate_scenario_ids_are_a_hard_error ... ok
test stage_map::map_tests::duplicate_pinned_case_name_is_a_hard_error ... ok
test stage_map::map_tests::deferred_cases_on_a_legacy_kind_are_a_hard_error ... ok
test stage_map::map_tests::duplicate_supplemental_leaf_ids_are_a_hard_error ... ok
test stage_map::map_tests::deferred_leaf_with_assertion_contract_is_a_hard_error ... ok
test stage_map::map_tests::conflicted_leaf_with_assertion_contract_is_a_hard_error ... ok
test stage_map::map_tests::deferred_leaf_with_gating_refs_is_a_hard_error ... ok
test stage_map::map_tests::early_evidence_refs_require_a_deferred_leaf ... ok
test stage_map::map_tests::deferred_case_names_must_be_unique ... ok
test stage_map::map_tests::early_evidence_refs_must_reference_registered_commands ... ok
test stage_map::map_tests::a_case_cannot_be_both_gating_and_deferred ... ok
test stage_map::map_tests::empty_assertion_contract_cases_is_a_hard_error ... ok
test stage_map::map_tests::empty_result_version_is_a_hard_error ... ok
test stage_map::map_tests::empty_r00_responsibility_mirror_is_a_hard_error ... ok
test stage_map::map_tests::empty_scenario_set_is_a_hard_error ... ok
test stage_map::map_tests::empty_supplemental_section_is_a_hard_error ... ok
test stage_map::map_tests::invalid_json_is_a_hard_error ... ok
test stage_map::map_tests::missing_assertion_contract_is_a_hard_error ... ok
test stage_map::map_tests::missing_result_version_is_a_hard_error ... ok
test stage_map::map_tests::missing_r00_mirror_field_is_a_hard_error ... ok
test stage_map::map_tests::non_integer_case_expect_is_a_hard_error ... ok
test stage_map::map_tests::parses_a_valid_map ... ok
test stage_map::map_tests::parses_a_supplemental_leaf_section ... ok
test stage_map::map_tests::placeholder_values_are_rejected ... ok
test stage_map::map_tests::full_original_behavior_requires_distinct_cases_for_every_original_assertion ... ok
test stage_map::map_tests::producer_outside_leaf_refs_is_a_hard_error ... ok
test stage_map::map_tests::r03_repair_producer_pin_table_matches_the_registered_suites ... ok
test stage_map::map_tests::r04_rr1_producer_pin_table_matches_the_registered_suites ... ok
test stage_map::map_tests::r04_rr1_producer_case_table_owns_every_check_id_exactly ... ok
test stage_map::map_tests::r03_production_map_keeps_the_seven_directed_r02_chains ... ok
test stage_map::map_tests::r03_production_map_keeps_forty_eight_leaves_seventeen_share ... ok
test stage_map::map_tests::r03_production_map_keeps_the_sixteen_a_scenarios_verbatim ... ok
test stage_map::map_tests::scenario_without_command_refs_is_a_hard_error ... ok
test stage_map::map_tests::r03_production_map_registers_the_repair_scenario_and_producer ... ok
test stage_map::map_tests::share_satisfied_leaf_parses_with_contract ... ok
test stage_map::map_tests::single_stage_leaf_cannot_defer ... ok
test stage_map::map_tests::supplemental_leaf_with_unknown_command_ref_is_a_hard_error ... ok
test stage_map::map_tests::share_satisfied_leaf_without_contract_is_a_hard_error ... ok
test stage_map::map_tests::r05_stage_pin_table_matches_the_registered_suites ... ok
test stage_map::map_tests::unknown_command_ref_is_a_hard_error ... ok
test stage_map::map_tests::supplemental_leaf_without_command_refs_is_a_hard_error ... ok
test stage_map::map_tests::unknown_result_version_is_a_hard_error ... ok
test stage_map::map_tests::unknown_supplemental_basis_kind_is_a_hard_error ... ok
test stage_map::map_tests::wrong_schema_version_is_a_hard_error ... ok
test stage_map::map_tests::unregistered_producer_command_is_a_hard_parse_error ... ok
test verify::runner_tests::deferred_leaf_rollup_is_fixed_and_observational ... ok
test verify::runner_tests::dual_stage_leaf_passes_only_with_complete_original_behavior_cases ... ok
test verify::runner_tests::duplicate_leaf_case_identity_cannot_hide_a_failed_record ... ok
test stage_map::map_tests::r04_production_map_keeps_the_sixteen_a_scenarios_verbatim ... ok
test stage_map::map_tests::r04_production_map_pins_the_real_case_expectations ... ok
test verify::runner_tests::embedded_r02_map_declares_the_34_supplemental_leaves ... ok
test stage_map::map_tests::r04_production_map_registers_the_rr1_repair_scenarios ... ok
test stage_map::map_tests::r04_production_map_keeps_the_124_leaf_split ... ok
test stage_map::map_tests::r04_production_map_registers_the_matrix_and_regression_producers ... ok
test stage_map::map_tests::r04_production_map_registers_the_supplemental_duty_scenarios ... ok
test verify::runner_tests::embedded_r03_map_declares_the_48_supplemental_leaves ... ok
test verify::runner_tests::membership_is_decided_from_the_current_snapshot_only ... ok
test verify::runner_tests::embedded_r03_map_uses_the_taskbook_scenarios ... ok
test stage_map::map_tests::r05_production_map_registers_the_supplemental_duty_scenarios ... ok
test stage_map::map_tests::r05_production_map_keeps_the_sixteen_a_scenarios_verbatim ... ok
test stage_map::map_tests::r05_production_map_registers_the_suite_producer_and_r04_regression_gate ... ok
test stage_map::map_tests::r05_map_declares_no_live_lane_and_only_offline_commands ... ok
test stage_map::map_tests::r05_scope_matrix_covers_every_r05_bound_leaf_honestly ... ok
test verify::runner_tests::exclusive_leaf_classified_as_share_fails_with_unowned_remainder ... ok
test stage_map::map_tests::r05_stage_cid_table_owns_every_pinned_test_exactly_once ... ok
test verify::runner_tests::missing_r00_ledger_aborts_the_gate ... ok
test verify::runner_tests::r02_scenario_ids_match_the_taskbook ... ok
test verify::runner_tests::legacy_partial_dual_stage_leaf_stays_blocked_for_old_map_replay ... ok
test verify::runner_tests::r02_share_satisfied_dual_stage_leaf_passes_on_share_pins ... ok
test verify::runner_tests::pre_existing_evidence_refuses_the_spawn_and_fails_loudly ... ok
test verify::runner_tests::embedded_r02_map_is_valid_and_non_empty ... ok
test verify::runner_tests::r02_share_satisfied_leaf_fails_when_a_pin_does_not_hold ... ok
test verify::runner_tests::rr3_nested_process_probe ... ok
test verify::runner_tests::r00_ledger_cross_check_refuses_dropped_leaves ... ok
test verify::runner_tests::reused_command_dir_is_refused ... ok
test verify::runner_tests::stage_neutral_kinds_are_rejected_for_single_stage_leaves_and_contracts ... ok
test verify::runner_tests::stage_neutral_deferred_leaf_is_fixed_and_observational ... ok
test verify::runner_tests::single_stage_leaf_with_matching_case_can_still_pass ... ok
test verify::runner_tests::r00_mirror_drift_aborts_the_gate_before_any_command_runs ... ok
test stage_map::map_tests::r05_production_map_mirrors_every_r00_supplemental_leaf_bound_to_r05 ... ok
test verify::runner_tests::non_empty_evidence_root_is_refused_before_any_command_runs ... ok
test verify::runner_tests::stage_neutral_share_leaf_passes_on_share_pins ... ok
test verify::runner_tests::stage_neutral_share_leaf_fails_when_a_pin_does_not_hold ... ok
test verify::runner_tests::log_creation_error_is_a_structured_gate_failure_with_checkpoint ... ok
test runner_identity::tests::old_embedded_stage_map_rejects_new_disk_map ... ok
test verify::runner_tests::spawn_error_is_a_structured_gate_failure_with_checkpoint ... ok
test verify::runner_tests::failing_command_propagates_its_real_exit_code ... ok
test verify::runner_tests::unpinned_failed_case_in_shared_leaf_file_is_not_silent ... ok
test verify::runner_tests::missing_evidence_is_a_failure_even_when_exit_is_zero ... ok
test verify::runner_tests::stale_leaf_evidence_aborts_the_gate ... ok
test verify::runner_tests::failing_early_evidence_command_blocks_overall_but_leaf_stays_deferred ... ok
test verify::runner_tests::green_exit_with_wrong_case_actual_fails_the_leaf ... ok
test verify::runner_tests::r03_share_and_deferred_coverage_makes_overall_pass ... ok
test verify::runner_tests::r03_map_mirrors_match_the_real_r00_ledgers ... ok
test verify::runner_tests::missing_leaf_case_file_or_declared_case_fails_the_leaf ... ok
test verify::runner_tests::producer_softening_its_own_expectation_fails_the_leaf ... ok
test verify::runner_tests::successful_command_with_existing_evidence_passes ... ok
test candidate::tests::refuses_evidence_at_repository_root ... ok
test candidate::tests::evidence_symlink_to_source_or_parent_is_refused ... ok
test verify::runner_tests::share_and_deferred_coverage_makes_overall_pass ... ok
test verify::runner_tests::stage_rollup_fails_when_one_scenario_fails_and_reports_real_codes ... ok
test verify::runner_tests::supplemental_leaf_rollup_keeps_partial_evidence_out_of_overall_pass ... ok
test candidate::tests::real_os_fd_scope_process_probe ... ok
test candidate::tests::symlink_is_refused_and_non_utf8_path_identity_is_byte_exact ... ok
test candidate::tests::a_changed_checkpoint_cannot_be_erased_by_restoring_final_bytes ... ok
test candidate::tests::evidence_outside_repository_does_not_exclude_candidate_paths ... ok
test candidate::tests::tracked_file_parent_symlink_cannot_escape_repository ... ok
test candidate::tests::binds_tracked_and_nonignored_untracked_bytes_without_own_evidence ... ok
test candidate::tests::real_os_fd_parent_and_child_logs_keep_all_checkpoints_stable ... ok
kill: 71280: No such process
kill: 71280: No such process
kill: 71280: No such process
test verify::runner_tests::timeout_cleanup_reports_a_group_leaver_without_signalling_it ... ok
test verify::runner_tests::timeout_cleanup_kills_the_whole_process_tree ... ok
test verify::runner_tests::timeout_kills_the_command_and_fails ... ok
kill: 71295: No such process
test verify::runner_tests::timeout_cleanup_tracks_reparented_descendants_truthfully ... ok
test verify::runner_tests::rr3_real_fd_standard_nested_layout_has_stable_checkpoints_at_every_layer ... ok

test result: ok. 121 passed; 0 failed; 0 ignored; 0 measured; 0 filtered out; finished in 10.87s

