2026-09-28T17:56:10.300310Z  INFO lingxi_service: data-epoch gate passed home=/private/var/folders/5r/wq54gtms21gfjgr5v94ynfyh0000gn/T/lingxi-r02t07-a13.CWGu9l decision=ProceedStampedNew(EpochStamp { format: V2, minimum_reader_epoch: 1, committed_data_epoch: 1, last_version: Some("0.0.0") })
2026-09-28T17:56:10.349917Z  INFO lingxi_adapters::storage::run_store: run database migrated db=/private/var/folders/5r/wq54gtms21gfjgr5v94ynfyh0000gn/T/lingxi-r02t07-a13.CWGu9l/lingxi-service/data/runs.db applied=[1] version=1
2026-09-28T17:56:10.350453Z  INFO lingxi_service: auth service bootstrapped (per-start loopback token, owner-only); run database migrated and seeded local_token_file=/private/var/folders/5r/wq54gtms21gfjgr5v94ynfyh0000gn/T/lingxi-r02t07-a13.CWGu9l/lingxi-service/local-token.json run_database=/private/var/folders/5r/wq54gtms21gfjgr5v94ynfyh0000gn/T/lingxi-r02t07-a13.CWGu9l/lingxi-service/data/runs.db
2026-09-28T17:56:10.360306Z  INFO lingxi_service: instance record published (atomic write) record=/private/var/folders/5r/wq54gtms21gfjgr5v94ynfyh0000gn/T/lingxi-r02t07-a13.CWGu9l/lingxi-service/instance.json bind_addr=127.0.0.1:52101
2026-09-28T17:56:10.436409Z  INFO lingxi_service: request handled request_id=req-888e197ffa6d6fa043efe936c74de512 method=GET path=/lingxi/v1/me status=200
2026-09-28T17:56:10.470511Z  INFO lingxi_service::sessions: run committed and published (post-commit) run_id=run_000001a0e928f465_000001 session_id=sess_local_alpha events=run_000001a0e928f465_000001-done input_chars=212
2026-09-28T17:56:10.470659Z  INFO lingxi_service: request handled request_id=req-052632ca99e123c3ac89cb8854c2487e method=POST path=/lingxi/v1/sessions/sess_local_alpha/execute status=200
2026-09-28T17:56:11.663824Z  INFO lingxi_service: request handled request_id=req-d8d67ef40079b1d5841d3193255200c8 method=POST path=/lingxi/v1/devices/credentials status=201
2026-09-28T17:56:11.700419Z  INFO lingxi_service: request handled request_id=req-426abd367d76ec4e672fe49362313b73 method=POST path=/lingxi/v1/ws-ticket status=200
2026-09-28T17:56:11.730961Z  INFO lingxi_service: request handled request_id=req-cf4ecea1ccdf76520833b6edfc95650f method=GET path=/lingxi/v1/me status=401
2026-09-28T17:56:11.743315Z  INFO lingxi_service: request handled request_id=req-cb082a70048894abde5237bef32ad97e method=GET path=/lingxi/v1/me status=401
2026-09-28T17:56:11.755542Z  INFO lingxi_service: request handled request_id=req-ff4f99cd0875b77126be75eade1ab15e method=GET path=/lingxi/v1/ws status=401
2026-09-28T17:56:12.928100Z  INFO lingxi_service: request handled request_id=req-0b15801c27e778cfa3ae824a1c860167 method=GET path=/lingxi/v1/sessions/sess_local_alpha status=403
2026-09-28T17:56:12.944546Z  INFO lingxi_service: request handled request_id=req-558664995bc2369d776785a3dce60822 method=GET path=/lingxi/v1/sessions/sess_unknown_a13 status=404
2026-09-28T17:56:12.972660Z  INFO lingxi_service: request handled request_id=req-ca1b1941555d7130750b3a07a837a1a7 method=GET path=/lingxi/v1/ws status=401
2026-09-28T17:56:12.973258Z  INFO lingxi_service: request handled request_id=req-5ba7cde870c8c0f83a1b3352df0e7d1b method=GET path=/lingxi/v1/ws status=101
2026-09-28T17:56:12.991842Z  INFO lingxi_service: shutdown signal: SIGTERM
2026-09-28T17:56:12.992666Z  INFO lingxi_service::shutdown: run database closed (drained, WAL truncated) phase=storage_close
2026-09-28T17:56:12.992870Z  INFO lingxi_service::shutdown: own instance record removed, lock released phase=record_cleanup
2026-09-28T17:56:12.992932Z  INFO lingxi_service: lingxi-service stopped cleanly (run database closed, own record removed, lock released)
