2026-09-29T13:14:16.943848Z  INFO lingxi_service: data root resolved effective_home=/var/folders/5r/wq54gtms21gfjgr5v94ynfyh0000gn/T//lingxi-r02t08-a15-home.iU8BGg source=cli ignored_sources=none
2026-09-29T13:14:16.945054Z  INFO lingxi_service: data root prepared (canonicalized; runtime dir private 0700) canonical_home=/private/var/folders/5r/wq54gtms21gfjgr5v94ynfyh0000gn/T/lingxi-r02t08-a15-home.iU8BGg runtime_dir=/private/var/folders/5r/wq54gtms21gfjgr5v94ynfyh0000gn/T/lingxi-r02t08-a15-home.iU8BGg/lingxi-service
2026-09-29T13:14:16.945646Z  INFO lingxi_service: single-writer lock acquired instance_id=399eea75e75912877f3bc97218a60635 start_nonce=47b270bc327a9216 pid=57526 entropy="os-random-device" lock=/private/var/folders/5r/wq54gtms21gfjgr5v94ynfyh0000gn/T/lingxi-r02t08-a15-home.iU8BGg/lingxi-service/instance.lock network_mode=loopback
2026-09-29T13:14:16.957652Z  INFO lingxi_service: data-epoch gate passed home=/private/var/folders/5r/wq54gtms21gfjgr5v94ynfyh0000gn/T/lingxi-r02t08-a15-home.iU8BGg decision=ProceedStampedNew(EpochStamp { format: V2, minimum_reader_epoch: 1, committed_data_epoch: 1, last_version: Some("0.0.0") })
2026-09-29T13:14:17.007265Z  INFO lingxi_adapters::storage::run_store: run database migrated db=/private/var/folders/5r/wq54gtms21gfjgr5v94ynfyh0000gn/T/lingxi-r02t08-a15-home.iU8BGg/lingxi-service/data/runs.db applied=[1, 2, 3, 4] version=4
2026-09-29T13:14:17.008138Z  INFO lingxi_service: auth service bootstrapped (per-start loopback token, owner-only); run database migrated and seeded local_token_file=/private/var/folders/5r/wq54gtms21gfjgr5v94ynfyh0000gn/T/lingxi-r02t08-a15-home.iU8BGg/lingxi-service/local-token.json run_database=/private/var/folders/5r/wq54gtms21gfjgr5v94ynfyh0000gn/T/lingxi-r02t08-a15-home.iU8BGg/lingxi-service/data/runs.db
2026-09-29T13:14:17.018579Z  INFO lingxi_service: instance record published (atomic write) record=/private/var/folders/5r/wq54gtms21gfjgr5v94ynfyh0000gn/T/lingxi-r02t08-a15-home.iU8BGg/lingxi-service/instance.json bind_addr=127.0.0.1:60296
LINGXI_AUTH_REJECTED request_id=req-415b0bef7799380cdf4fce5edd1adf15 method=GET path=/lingxi/v1/me status=401 Unauthorized reason=missing_credential remote=127.0.0.1:60298
2026-09-29T13:14:17.168020Z  INFO lingxi_service: request handled request_id=req-415b0bef7799380cdf4fce5edd1adf15 method=GET path=/lingxi/v1/me status=401
2026-09-29T13:14:17.168854Z  INFO lingxi_service: request handled request_id=req-32edd6f4007200456bc07b9e104ba5dc method=GET path=/lingxi/v1/me status=200
2026-09-29T13:14:17.170648Z  INFO lingxi_service::sessions: run settled through the single finalize path run_id=run_000001a0ed4d3cd1_000001 session_id="sess_local_alpha" outcome=completed.no_final.no_provider_configured input_chars=23
2026-09-29T13:14:17.170795Z  INFO lingxi_service: request handled request_id=req-e6e1244654675408db7cfd46d196526a method=POST path=/lingxi/v1/sessions/sess_local_alpha/execute status=200
2026-09-29T13:14:17.171307Z  INFO lingxi_service: request handled request_id=req-54f2d2caeeeac82377f8a36c18d0a17c method=GET path=/lingxi/v1/ws status=101
2026-09-29T13:14:17.173170Z  INFO lingxi_service::sessions: run settled through the single finalize path run_id=run_000001a0ed4d3cd4_000002 session_id="sess_local_alpha" outcome=completed.no_final.no_provider_configured input_chars=26
2026-09-29T13:14:17.173288Z  INFO lingxi_service: request handled request_id=req-60f43cd5f18275bcdaae94da7749a2f7 method=POST path=/lingxi/v1/sessions/sess_local_alpha/execute status=200
2026-09-29T13:14:17.173985Z  INFO lingxi_service: request handled request_id=req-3785c66eebf993159b913a13d645850a method=GET path=/lingxi/v1/sessions/sess_local_alpha status=200
2026-09-29T13:14:17.174708Z  INFO lingxi_service: request handled request_id=req-f0b18e322cd805b11ab470a33b3b4aa9 method=GET path=/lingxi/v1/sessions/sess_local_alpha/events status=200
2026-09-29T13:14:17.175115Z  INFO lingxi_service: request handled request_id=req-6d31b8179c95cb912bf9b4332fcb26db method=GET path=/lingxi/v1/ws status=101
2026-09-29T13:14:17.176170Z  WARN lingxi_service: ws session read failed err=Connection reset by peer (os error 54)
2026-09-29T13:14:17.197495Z  INFO lingxi_service: shutdown signal: SIGTERM
2026-09-29T13:14:17.198378Z  INFO lingxi_service::shutdown: run database closed (drained, WAL truncated) phase=storage_close
2026-09-29T13:14:17.198591Z  INFO lingxi_service::shutdown: own instance record removed, lock released phase=record_cleanup
2026-09-29T13:14:17.198664Z  INFO lingxi_service: lingxi-service stopped cleanly (run database closed, own record removed, lock released)
