   Compiling fs_extra v1.3.0
   Compiling dunce v1.0.5
   Compiling aws-lc-rs v1.18.1
    Checking zeroize v1.9.0
   Compiling libc v0.2.189
    Checking untrusted v0.9.0
   Compiling rustls v0.23.45
    Checking subtle v2.6.1
    Checking rustls-pki-types v1.15.1
   Compiling jobserver v0.1.35
   Compiling cc v1.4.7
   Compiling cmake v0.1.58
   Compiling libsqlite3-sys v0.38.2
   Compiling aws-lc-sys v0.45.0
    Checking rusqlite v0.40.2
    Checking lingxi-adapters v0.0.0 (/Users/study_superior/Desktop/Code/LingxiAgent/rust/crates/lingxi-adapters)
    Checking rustls-webpki v0.103.15
    Checking tokio-rustls v0.26.5
    Checking lingxi-service v0.0.0 (/Users/study_superior/Desktop/Code/LingxiAgent/rust/crates/lingxi-service)
error[E0063]: missing field `pairing_sessions` in initializer of `DeviceAccessSnapshot`
   --> crates/lingxi-service/src/auth.rs:906:12
    |
906 |         Ok(DeviceAccessSnapshot {
    |            ^^^^^^^^^^^^^^^^^^^^ missing `pairing_sessions`

For more information about this error, try `rustc --explain E0063`.
error: could not compile `lingxi-service` (lib) due to 1 previous error
