2026-09-29T12:57:02.934810Z  INFO lingxi_service: data-epoch gate passed home=/private/var/folders/5r/wq54gtms21gfjgr5v94ynfyh0000gn/T/lingxi-r02t07-a13.PLLbT9 decision=ProceedSteady(EpochStamp { format: V2, minimum_reader_epoch: 1, committed_data_epoch: 1, last_version: Some("0.0.0") })
2026-09-29T12:57:02.948604Z  INFO lingxi_service: auth service bootstrapped (per-start loopback token, owner-only); run database migrated and seeded local_token_file=/private/var/folders/5r/wq54gtms21gfjgr5v94ynfyh0000gn/T/lingxi-r02t07-a13.PLLbT9/lingxi-service/local-token.json run_database=/private/var/folders/5r/wq54gtms21gfjgr5v94ynfyh0000gn/T/lingxi-r02t07-a13.PLLbT9/lingxi-service/data/runs.db
2026-09-29T12:57:02.958133Z  INFO lingxi_service: instance record published (atomic write) record=/private/var/folders/5r/wq54gtms21gfjgr5v94ynfyh0000gn/T/lingxi-r02t07-a13.PLLbT9/lingxi-service/instance.json bind_addr=127.0.0.1:54056
2026-09-29T12:57:03.136106Z  INFO lingxi_service::sessions: normal submission to a busy session rejected (session_busy; retryable) session_id="sess_local_beta"
2026-09-29T12:57:03.136284Z  INFO lingxi_service: request handled request_id=req-bc342fd9feb4ca79eae5214c26512345 method=POST path=/lingxi/v1/sessions/sess_local_beta/execute status=409
2026-09-29T12:57:08.552190Z  WARN lingxi_service::runs: run driver exited without a finalize; cancellation tree fired, registry entry removed, durable row left honest (R03-T07 owns recovery) run_id=run_000001a0ed3d759f_000002
2026-09-29T12:57:08.552470Z  INFO lingxi_service::sessions: normal submission to a busy session rejected (session_busy; retryable) session_id="sess_local_beta"
2026-09-29T12:57:08.552562Z  INFO lingxi_service::sessions: normal submission to a busy session rejected (session_busy; retryable) session_id="sess_local_beta"
2026-09-29T12:57:08.552993Z  INFO lingxi_service::sessions: normal submission to a busy session rejected (session_busy; retryable) session_id="sess_local_beta"
2026-09-29T12:57:08.553050Z  INFO lingxi_service::sessions: normal submission to a busy session rejected (session_busy; retryable) session_id="sess_local_beta"
2026-09-29T12:57:08.553200Z  INFO lingxi_service::sessions: normal submission to a busy session rejected (session_busy; retryable) session_id="sess_local_beta"
2026-09-29T12:57:08.553597Z  INFO lingxi_service: request handled request_id=req-9c3b94492401681bc619b4417a15ff64 method=POST path=/lingxi/v1/sessions/sess_local_beta/execute status=503
2026-09-29T12:57:08.553881Z  INFO lingxi_service: request handled request_id=req-1f388ea70eed186a60c2dd8e2386af15 method=POST path=/lingxi/v1/sessions/sess_local_beta/execute status=409
2026-09-29T12:57:08.554749Z  INFO lingxi_service: request handled request_id=req-6ca693a0862b95bd916484be90af3ee5 method=POST path=/lingxi/v1/sessions/sess_local_beta/execute status=409
2026-09-29T12:57:08.554416Z  INFO lingxi_service: request handled request_id=req-e566151214c92f5f3205f17ef33a66fb method=POST path=/lingxi/v1/sessions/sess_local_beta/execute status=409
2026-09-29T12:57:08.554527Z  INFO lingxi_service: request handled request_id=req-8c41902a3b9aece69cdfbdc25d9533fc method=POST path=/lingxi/v1/sessions/sess_local_beta/execute status=409
2026-09-29T12:57:08.554145Z  INFO lingxi_service: request handled request_id=req-b60df40163cfd2a24c3473337ca5c244 method=POST path=/lingxi/v1/sessions/sess_local_beta/execute status=409
2026-09-29T12:57:11.167434Z  INFO lingxi_service::sessions: run settled through the single finalize path run_id=run_000001a0ed3d75a3_000003 session_id="sess_local_beta" outcome=completed.no_final.no_provider_configured input_chars=42
2026-09-29T12:57:11.168157Z  INFO lingxi_service: request handled request_id=req-e05a303ca099986a3f875334579cd6be method=POST path=/lingxi/v1/sessions/sess_local_beta/execute status=200
2026-09-29T12:57:11.219622Z  INFO lingxi_service: shutdown signal: SIGTERM
2026-09-29T12:57:11.220481Z  INFO lingxi_service::shutdown: run database closed (drained, WAL truncated) phase=storage_close
2026-09-29T12:57:11.220747Z  INFO lingxi_service::shutdown: own instance record removed, lock released phase=record_cleanup
2026-09-29T12:57:11.220828Z  INFO lingxi_service: lingxi-service stopped cleanly (run database closed, own record removed, lock released)
