2026-09-29T12:57:00.201923Z  INFO lingxi_service: data-epoch gate passed home=/private/var/folders/5r/wq54gtms21gfjgr5v94ynfyh0000gn/T/lingxi-r02t07-a13.PLLbT9 decision=ProceedStampedNew(EpochStamp { format: V2, minimum_reader_epoch: 1, committed_data_epoch: 1, last_version: Some("0.0.0") })
2026-09-29T12:57:00.256765Z  INFO lingxi_adapters::storage::run_store: run database migrated db=/private/var/folders/5r/wq54gtms21gfjgr5v94ynfyh0000gn/T/lingxi-r02t07-a13.PLLbT9/lingxi-service/data/runs.db applied=[1, 2, 3, 4] version=4
2026-09-29T12:57:00.257685Z  INFO lingxi_service: auth service bootstrapped (per-start loopback token, owner-only); run database migrated and seeded local_token_file=/private/var/folders/5r/wq54gtms21gfjgr5v94ynfyh0000gn/T/lingxi-r02t07-a13.PLLbT9/lingxi-service/local-token.json run_database=/private/var/folders/5r/wq54gtms21gfjgr5v94ynfyh0000gn/T/lingxi-r02t07-a13.PLLbT9/lingxi-service/data/runs.db
2026-09-29T12:57:00.268984Z  INFO lingxi_service: instance record published (atomic write) record=/private/var/folders/5r/wq54gtms21gfjgr5v94ynfyh0000gn/T/lingxi-r02t07-a13.PLLbT9/lingxi-service/instance.json bind_addr=127.0.0.1:54044
2026-09-29T12:57:00.357706Z  INFO lingxi_service: request handled request_id=req-4463eca11abb7ff31de03ef6d9266ee0 method=GET path=/lingxi/v1/me status=200
2026-09-29T12:57:00.394142Z  INFO lingxi_service::sessions: run settled through the single finalize path run_id=run_000001a0ed3d6ae8_000001 session_id="sess_local_alpha" outcome=completed.no_final.no_provider_configured input_chars=212
2026-09-29T12:57:00.394319Z  INFO lingxi_service: request handled request_id=req-d0181bb6372abd263e15b4c23580cfab method=POST path=/lingxi/v1/sessions/sess_local_alpha/execute status=200
2026-09-29T12:57:01.592701Z  INFO lingxi_service: request handled request_id=req-00d0e51d5ea65004f9648450a5fc29d1 method=POST path=/lingxi/v1/devices/credentials status=201
2026-09-29T12:57:01.628460Z  INFO lingxi_service: request handled request_id=req-652c4c628305e83287da610350778193 method=POST path=/lingxi/v1/ws-ticket status=200
2026-09-29T12:57:01.659668Z  INFO lingxi_service: request handled request_id=req-20e20282fe98c2baac92c7a20b301337 method=GET path=/lingxi/v1/me status=401
2026-09-29T12:57:01.670957Z  INFO lingxi_service: request handled request_id=req-6d5856b5720baf6e499f546f6137bd5e method=GET path=/lingxi/v1/me status=401
2026-09-29T12:57:01.681926Z  INFO lingxi_service: request handled request_id=req-987a246334a9c7567dc0df1156062b4b method=GET path=/lingxi/v1/ws status=401
2026-09-29T12:57:02.861373Z  INFO lingxi_service: request handled request_id=req-c4ec57667499ada8f076456c9eaf8535 method=GET path=/lingxi/v1/sessions/sess_local_alpha status=403
2026-09-29T12:57:02.875907Z  INFO lingxi_service: request handled request_id=req-63352864ec4db6fd4a0e2f0594cf6e5c method=GET path=/lingxi/v1/sessions/sess_unknown_a13 status=404
2026-09-29T12:57:02.904042Z  INFO lingxi_service: request handled request_id=req-9e0b9b5267cd055e7b08cd94d9a0599b method=GET path=/lingxi/v1/ws status=401
2026-09-29T12:57:02.904684Z  INFO lingxi_service: request handled request_id=req-f13155408239bb96ac7f9764a880ff73 method=GET path=/lingxi/v1/ws status=101
2026-09-29T12:57:02.922853Z  INFO lingxi_service: shutdown signal: SIGTERM
2026-09-29T12:57:02.923760Z  INFO lingxi_service::shutdown: run database closed (drained, WAL truncated) phase=storage_close
2026-09-29T12:57:02.923972Z  INFO lingxi_service::shutdown: own instance record removed, lock released phase=record_cleanup
2026-09-29T12:57:02.924057Z  INFO lingxi_service: lingxi-service stopped cleanly (run database closed, own record removed, lock released)
