2026-10-07T02:21:53.532973Z  INFO lingxi_service: data-epoch gate passed home=/private/tmp/lingxi-r02t07-a13.hSUqkF decision=ProceedSteady(EpochStamp { format: V2, minimum_reader_epoch: 1, committed_data_epoch: 1, last_version: Some("0.0.0") })
2026-10-07T02:21:53.543913Z  INFO lingxi_service: auth service bootstrapped (per-start loopback token, owner-only); run database migrated and seeded local_token_file=/private/tmp/lingxi-r02t07-a13.hSUqkF/lingxi-service/local-token.json run_database=/private/tmp/lingxi-r02t07-a13.hSUqkF/lingxi-service/data/runs.db
2026-10-07T02:21:53.552878Z  INFO lingxi_service: instance record published (atomic write) record=/private/tmp/lingxi-r02t07-a13.hSUqkF/lingxi-service/instance.json bind_addr=127.0.0.1:63330
2026-10-07T02:21:53.730284Z  INFO lingxi_service::sessions: normal submission to a busy session rejected (session_busy; retryable) session_id="sess_local_beta"
2026-10-07T02:21:53.730461Z  INFO lingxi_service: request handled [token] method=POST [token] status=409
2026-10-07T02:21:59.147697Z  INFO lingxi_service::sessions: normal submission to a busy session rejected (session_busy; retryable) session_id="sess_local_beta"
2026-10-07T02:21:59.147687Z  WARN lingxi_service::runs: run driver exited without a finalize; cancellation tree fired, registry entry removed, durable row left honest (R03-T07 owns recovery) run_id=run_000001a1142ad4c2_000002
2026-10-07T02:21:59.147791Z  INFO lingxi_service::sessions: normal submission to a busy session rejected (session_busy; retryable) session_id="sess_local_beta"
2026-10-07T02:21:59.147815Z  INFO lingxi_service::sessions: normal submission to a busy session rejected (session_busy; retryable) session_id="sess_local_beta"
2026-10-07T02:21:59.147921Z  INFO lingxi_service: request handled [token] method=POST [token] status=409
2026-10-07T02:21:59.147829Z  INFO lingxi_service::sessions: normal submission to a busy session rejected (session_busy; retryable) session_id="sess_local_beta"
2026-10-07T02:21:59.147836Z  INFO lingxi_service::sessions: normal submission to a busy session rejected (session_busy; retryable) session_id="sess_local_beta"
2026-10-07T02:21:59.147809Z  INFO lingxi_service::sessions: normal submission to a busy session rejected (session_busy; retryable) session_id="sess_local_beta"
2026-10-07T02:21:59.148030Z  INFO lingxi_service: request handled [token] method=POST [token] status=503
2026-10-07T02:21:59.148083Z  INFO lingxi_service: request handled [token] method=POST [token] status=409
2026-10-07T02:21:59.148107Z  INFO lingxi_service: request handled [token] method=POST [token] status=409
2026-10-07T02:21:59.148035Z  INFO lingxi_service: request handled [token] method=POST [token] status=409
2026-10-07T02:21:59.148008Z  INFO lingxi_service: request handled [token] method=POST [token] status=409
2026-10-07T02:21:59.148147Z  INFO lingxi_service: request handled [token] method=POST [token] status=409
2026-10-07T02:22:01.722427Z  INFO lingxi_service: shutdown signal: SIGTERM
2026-10-07T02:22:01.723166Z  INFO lingxi_service::shutdown: run database closed (drained, WAL truncated) phase=storage_close
2026-10-07T02:22:01.723448Z  INFO lingxi_service::shutdown: own instance record removed, lock released phase=record_cleanup
2026-10-07T02:22:01.723531Z  INFO lingxi_service: lingxi-service stopped cleanly (run database closed, own record removed, lock released)
