2026-10-07T02:21:50.633597Z  INFO lingxi_service: data-epoch gate passed home=/private/tmp/lingxi-r02t07-a13.hSUqkF decision=ProceedStampedNew(EpochStamp { format: V2, minimum_reader_epoch: 1, committed_data_epoch: 1, last_version: Some("0.0.0") })
2026-10-07T02:21:50.683389Z  INFO lingxi_adapters::storage::run_store: run database migrated db=/private/tmp/lingxi-r02t07-a13.hSUqkF/lingxi-service/data/runs.db applied=[1, 2, 3, 4, 5, 6, 7] version=7
2026-10-07T02:21:50.683993Z  INFO lingxi_service: auth service bootstrapped (per-start loopback token, owner-only); run database migrated and seeded local_token_file=/private/tmp/lingxi-r02t07-a13.hSUqkF/lingxi-service/local-token.json run_database=/private/tmp/lingxi-r02t07-a13.hSUqkF/lingxi-service/data/runs.db
2026-10-07T02:21:50.693699Z  INFO lingxi_service: instance record published (atomic write) record=/private/tmp/lingxi-r02t07-a13.hSUqkF/lingxi-service/instance.json bind_addr=127.0.0.1:63313
2026-10-07T02:21:50.747543Z  INFO lingxi_service: request handled [token] method=GET path=/lingxi/v1/me status=200
2026-10-07T02:21:50.782587Z  INFO lingxi_service::sessions: run settled through the single finalize path run_id=run_000001a1142ac93d_000001 session_id="sess_local_alpha" outcome=completed.no_final.no_provider_configured input_chars=212 input_bytes=212
2026-10-07T02:21:50.782791Z  INFO lingxi_service: request handled [token] method=POST [token] status=200
2026-10-07T02:21:52.101399Z  INFO lingxi_service: request handled [token] method=POST path=/lingxi/v1/devices/credentials status=201
2026-10-07T02:21:52.137371Z  INFO lingxi_service: request handled [token] method=POST path=/lingxi/v1/ws-ticket status=200
2026-10-07T02:21:52.170540Z  INFO lingxi_service: request handled [token] method=GET path=/lingxi/v1/me status=401
2026-10-07T02:21:52.182480Z  INFO lingxi_service: request handled [token] method=GET path=/lingxi/v1/me status=401
2026-10-07T02:21:52.194578Z  INFO lingxi_service: request handled [token] method=GET path=/lingxi/v1/ws status=401
2026-10-07T02:21:53.455138Z  INFO lingxi_service: request handled [token] method=GET [token] status=403
2026-10-07T02:21:53.469913Z  INFO lingxi_service: request handled [token] method=GET [token] status=404
2026-10-07T02:21:53.498569Z  INFO lingxi_service: request handled [token] method=GET path=/lingxi/v1/ws status=401
2026-10-07T02:21:53.499328Z  INFO lingxi_service: request handled [token] method=GET path=/lingxi/v1/ws status=101
2026-10-07T02:21:53.520002Z  INFO lingxi_service: shutdown signal: SIGTERM
2026-10-07T02:21:53.521649Z  INFO lingxi_service::shutdown: run database closed (drained, WAL truncated) phase=storage_close
2026-10-07T02:21:53.521944Z  INFO lingxi_service::shutdown: own instance record removed, lock released phase=record_cleanup
2026-10-07T02:21:53.522014Z  INFO lingxi_service: lingxi-service stopped cleanly (run database closed, own record removed, lock released)
