2026-09-30T04:40:01.856184Z  INFO lingxi_service: data root resolved effective_home=/var/folders/5r/wq54gtms21gfjgr5v94ynfyh0000gn/T//lingxi-r02t08-a15-home.UuNG7w source=cli ignored_sources=none
2026-09-30T04:40:01.857422Z  INFO lingxi_service: data root prepared (canonicalized; runtime dir private 0700) canonical_home=/private/var/folders/5r/wq54gtms21gfjgr5v94ynfyh0000gn/T/lingxi-r02t08-a15-home.UuNG7w runtime_dir=/private/var/folders/5r/wq54gtms21gfjgr5v94ynfyh0000gn/T/lingxi-r02t08-a15-home.UuNG7w/lingxi-service
2026-09-30T04:40:01.857880Z  INFO lingxi_service: single-writer lock acquired instance_id=a9ad4317b5294ac8cb35fe65087a64b1 start_nonce=417229fecd053724 pid=11366 entropy="os-random-device" lock=/private/var/folders/5r/wq54gtms21gfjgr5v94ynfyh0000gn/T/lingxi-r02t08-a15-home.UuNG7w/lingxi-service/instance.lock network_mode=loopback
2026-09-30T04:40:01.872139Z  INFO lingxi_service: data-epoch gate passed home=/private/var/folders/5r/wq54gtms21gfjgr5v94ynfyh0000gn/T/lingxi-r02t08-a15-home.UuNG7w decision=ProceedStampedNew(EpochStamp { format: V2, minimum_reader_epoch: 1, committed_data_epoch: 1, last_version: Some("0.0.0") })
2026-09-30T04:40:01.923113Z  INFO lingxi_adapters::storage::run_store: run database migrated db=/private/var/folders/5r/wq54gtms21gfjgr5v94ynfyh0000gn/T/lingxi-r02t08-a15-home.UuNG7w/lingxi-service/data/runs.db applied=[1, 2, 3, 4] version=4
2026-09-30T04:40:01.924260Z  INFO lingxi_service: auth service bootstrapped (per-start loopback token, owner-only); run database migrated and seeded local_token_file=/private/var/folders/5r/wq54gtms21gfjgr5v94ynfyh0000gn/T/lingxi-r02t08-a15-home.UuNG7w/lingxi-service/local-token.json run_database=/private/var/folders/5r/wq54gtms21gfjgr5v94ynfyh0000gn/T/lingxi-r02t08-a15-home.UuNG7w/lingxi-service/data/runs.db
2026-09-30T04:40:01.933158Z  INFO lingxi_service: instance record published (atomic write) record=/private/var/folders/5r/wq54gtms21gfjgr5v94ynfyh0000gn/T/lingxi-r02t08-a15-home.UuNG7w/lingxi-service/instance.json bind_addr=127.0.0.1:61237
LINGXI_AUTH_REJECTED request_id=req-39093d6e09265b727844394bf68fc972 method=GET path=/lingxi/v1/me status=401 Unauthorized reason=missing_credential remote=127.0.0.1:61239
2026-09-30T04:40:02.205007Z  INFO lingxi_service: request handled request_id=req-39093d6e09265b727844394bf68fc972 method=GET path=/lingxi/v1/me status=401
2026-09-30T04:40:02.206264Z  INFO lingxi_service: request handled request_id=req-cb0d942885c58b03064dc8e07693f230 method=GET path=/lingxi/v1/me status=200
2026-09-30T04:40:02.208687Z  INFO lingxi_service::sessions: run settled through the single finalize path run_id=run_000001a0f09cc99f_000001 session_id="sess_local_alpha" outcome=completed.no_final.no_provider_configured input_chars=23 input_bytes=23
2026-09-30T04:40:02.208865Z  INFO lingxi_service: request handled request_id=req-b56a6f4fe5b0f7d70b6c828a811afbe9 method=POST path=/lingxi/v1/sessions/sess_local_alpha/execute status=200
2026-09-30T04:40:02.209523Z  INFO lingxi_service: request handled request_id=req-597817a3ca99810817f490eb60fdac0f method=GET path=/lingxi/v1/ws status=101
2026-09-30T04:40:02.211739Z  INFO lingxi_service::sessions: run settled through the single finalize path run_id=run_000001a0f09cc9a3_000002 session_id="sess_local_alpha" outcome=completed.no_final.no_provider_configured input_chars=26 input_bytes=26
2026-09-30T04:40:02.211894Z  INFO lingxi_service: request handled request_id=req-1f7d4f377e7b6534e9e6abc7e82e3c8c method=POST path=/lingxi/v1/sessions/sess_local_alpha/execute status=200
2026-09-30T04:40:02.212747Z  INFO lingxi_service: request handled request_id=req-56e4df830273a7d0fc4bafb6650a9936 method=GET path=/lingxi/v1/sessions/sess_local_alpha status=200
2026-09-30T04:40:02.213749Z  INFO lingxi_service: request handled request_id=req-69ce1b26834d0dfd143791fb49c82075 method=GET path=/lingxi/v1/sessions/sess_local_alpha/events status=200
2026-09-30T04:40:02.214328Z  INFO lingxi_service: request handled request_id=req-a16e6110f7522011074dbf72341d9eb0 method=GET path=/lingxi/v1/ws status=101
2026-09-30T04:40:02.215664Z  WARN lingxi_service: ws session read failed err=Connection reset by peer (os error 54)
2026-09-30T04:40:02.239913Z  INFO lingxi_service: shutdown signal: SIGTERM
2026-09-30T04:40:02.240780Z  INFO lingxi_service::shutdown: run database closed (drained, WAL truncated) phase=storage_close
2026-09-30T04:40:02.240982Z  INFO lingxi_service::shutdown: own instance record removed, lock released phase=record_cleanup
2026-09-30T04:40:02.241045Z  INFO lingxi_service: lingxi-service stopped cleanly (run database closed, own record removed, lock released)
