COMMAND   PID           USER   FD      TYPE             DEVICE  SIZE/OFF                NODE NAME
Lingxi  99896 study_superior  cwd       DIR               1,14       128           100679865 /private/var/folders/5r/wq54gtms21gfjgr5v94ynfyh0000gn/T/lingxi-f05-packaged-run-aZ3UYg
Lingxi  99896 study_superior  txt       REG               1,14     34656           100665805 /private/var/folders/5r/wq54gtms21gfjgr5v94ynfyh0000gn/T/lingxi-f05-package-PSLvCZ/package/mac-arm64/Lingxi.app/Contents/MacOS/Lingxi
Lingxi  99896 study_superior  txt       REG               1,14    144288           100665797 /private/var/folders/5r/wq54gtms21gfjgr5v94ynfyh0000gn/T/lingxi-f05-package-PSLvCZ/package/mac-arm64/Lingxi.app/Contents/Frameworks/Squirrel.framework/Versions/A/Squirrel
Lingxi  99896 study_superior  txt       REG               1,14    125856           100665791 /private/var/folders/5r/wq54gtms21gfjgr5v94ynfyh0000gn/T/lingxi-f05-package-PSLvCZ/package/mac-arm64/Lingxi.app/Contents/Frameworks/Mantle.framework/Versions/A/Mantle
Lingxi  99896 study_superior  txt       REG               1,14     77368            87595210 /private/var/db/diagnostics/logd/.plist-cache.ufRkAW5n
Lingxi  99896 study_superior  txt       REG               1,14    350640           100665794 /private/var/folders/5r/wq54gtms21gfjgr5v94ynfyh0000gn/T/lingxi-f05-package-PSLvCZ/package/mac-arm64/Lingxi.app/Contents/Frameworks/ReactiveObjC.framework/Versions/A/ReactiveObjC
Lingxi  99896 study_superior  txt       REG               1,14    721176           100665350 /private/var/folders/5r/wq54gtms21gfjgr5v94ynfyh0000gn/T/lingxi-f05-package-PSLvCZ/package/mac-arm64/Lingxi.app/Contents/Frameworks/Electron Framework.framework/Versions/A/Resources/v8_context_snapshot.arm64.bin
Lingxi  99896 study_superior  txt       REG               1,14       119 1152921500312109405 /System/Library/CoreServices/SystemVersion.bundle/zh_CN.lproj/SystemVersion.strings
Lingxi  99896 study_superior  txt       REG               1,14    234224            17269435 /private/var/db/timezone/tz/2026c.1.0/icutz/icutz44l.dat
Lingxi  99896 study_superior  txt       REG               1,14    163746            99013975 /private/var/db/analyticsd/events.allowlist
Lingxi  99896 study_superior  txt       REG               1,14    137016 1152921500312109011 /System/Library/CoreServices/SystemAppearance.bundle/Contents/Resources/SystemAppearance.car
Lingxi  99896 study_superior  txt       REG               1,14    330112 1152921500312609234 /usr/lib/libobjc-trampolines.dylib
Lingxi  99896 study_superior  txt       REG               1,14    119827           100665199 /private/var/folders/5r/wq54gtms21gfjgr5v94ynfyh0000gn/T/lingxi-f05-package-PSLvCZ/package/mac-arm64/Lingxi.app/Contents/Frameworks/Electron Framework.framework/Versions/A/Resources/chrome_100_percent.pak
Lingxi  99896 study_superior  txt       REG               1,14    196919           100665166 /private/var/folders/5r/wq54gtms21gfjgr5v94ynfyh0000gn/T/lingxi-f05-package-PSLvCZ/package/mac-arm64/Lingxi.app/Contents/Frameworks/Electron Framework.framework/Versions/A/Resources/chrome_200_percent.pak
Lingxi  99896 study_superior  txt       REG               1,14   4129840 1152921500312609216 /usr/lib/dyld
Lingxi  99896 study_superior  txt       REG               1,14   2213616           100665558 /private/var/folders/5r/wq54gtms21gfjgr5v94ynfyh0000gn/T/lingxi-f05-package-PSLvCZ/package/mac-arm64/Lingxi.app/Contents/Frameworks/Electron Framework.framework/Versions/A/Libraries/libffmpeg.dylib
Lingxi  99896 study_superior  txt       REG               1,14     32768            87602118 /private/var/db/mds/messages/501/se_SecurityMessages
Lingxi  99896 study_superior  txt       REG               1,14  36103568 1152921500312619766 /usr/share/icu/icudt78l.dat
Lingxi  99896 study_superior  txt       REG               1,14  10876560           100665262 /private/var/folders/5r/wq54gtms21gfjgr5v94ynfyh0000gn/T/lingxi-f05-package-PSLvCZ/package/mac-arm64/Lingxi.app/Contents/Frameworks/Electron Framework.framework/Versions/A/Resources/icudtl.dat
Lingxi  99896 study_superior  txt       REG               1,14   7916504 1152921500312108972 /System/Library/CoreServices/SystemAppearance.bundle/Contents/Resources/Aqua.car
Lingxi  99896 study_superior  txt       REG               1,14   2976648 1152921500312109000 /System/Library/CoreServices/SystemAppearance.bundle/Contents/Resources/FauxVibrantLight.car
Lingxi  99896 study_superior  txt       REG               1,14   6223976 1152921500312109025 /System/Library/CoreServices/SystemAppearance.bundle/Contents/Resources/VibrantLight.car
Lingxi  99896 study_superior  txt       REG               1,14    575292           100665180 /private/var/folders/5r/wq54gtms21gfjgr5v94ynfyh0000gn/T/lingxi-f05-package-PSLvCZ/package/mac-arm64/Lingxi.app/Contents/Frameworks/Electron Framework.framework/Versions/A/Resources/zh_CN.lproj/locale.pak
Lingxi  99896 study_superior  txt       REG               1,14   6868234           100665391 /private/var/folders/5r/wq54gtms21gfjgr5v94ynfyh0000gn/T/lingxi-f05-package-PSLvCZ/package/mac-arm64/Lingxi.app/Contents/Frameworks/Electron Framework.framework/Versions/A/Resources/resources.pak
Lingxi  99896 study_superior  txt       REG               1,14      7023 1152921500312150926 /System/Library/Frameworks/AppKit.framework/Versions/C/Resources/InputManager.loctable
Lingxi  99896 study_superior  txt       REG               1,14    186898 1152921500312150934 /System/Library/Frameworks/AppKit.framework/Versions/C/Resources/MenuCommands.loctable
Lingxi  99896 study_superior  txt       REG               1,14   1631720 1152921500312220745 /System/Library/Keyboard Layouts/AppleKeyboardLayouts.bundle/Contents/Resources/AppleKeyboardLayouts-L.dat
Lingxi  99896 study_superior  txt       REG               1,14    139636            87630908 /private/var/folders/5r/wq54gtms21gfjgr5v94ynfyh0000gn/C/com.apple.IntlDataCache.le.kbdx
Lingxi  99896 study_superior  txt       REG               1,14     20470 1152921500312219223 /System/Library/Input Methods/SCIM.app/Contents/PlugIns/SCIM_Extension.appex/Contents/Resources/InfoPlist.loctable
Lingxi  99896 study_superior  txt       REG               1,14    258762 1152921500312220747 /System/Library/Keyboard Layouts/AppleKeyboardLayouts.bundle/Contents/Resources/InfoPlist.loctable
Lingxi  99896 study_superior  txt       REG               1,14      5050 1152921500312150898 /System/Library/Frameworks/AppKit.framework/Versions/C/Resources/DictationManager.loctable
Lingxi  99896 study_superior  txt       REG               1,14  24825080 1152921500312374771 /System/Library/PrivateFrameworks/SFSymbols.framework/Versions/A/Resources/CoreGlyphsPrivate.bundle/Contents/Resources/Assets.car
Lingxi  99896 study_superior  txt       REG               1,14     72407 1152921500312150841 /System/Library/Frameworks/AppKit.framework/Versions/C/Resources/Common.loctable
Lingxi  99896 study_superior  txt       REG               1,14    273496 1152921500312297252 /System/Library/PrivateFrameworks/DesignLibrary.framework/Versions/A/Resources/Assets.car
Lingxi  99896 study_superior  txt       REG               1,14    262512           100679935 /Users/study_superior/Library/Application Support/Lingxi-f05-packaged-run-aZ3UYg/GPUCache/index
Lingxi  99896 study_superior  txt       REG               1,14      8192           100679936 /Users/study_superior/Library/Application Support/Lingxi-f05-packaged-run-aZ3UYg/GPUCache/data_0
Lingxi  99896 study_superior  txt       REG               1,14    270336           100679937 /Users/study_superior/Library/Application Support/Lingxi-f05-packaged-run-aZ3UYg/GPUCache/data_1
Lingxi  99896 study_superior  txt       REG               1,14      8192           100679938 /Users/study_superior/Library/Application Support/Lingxi-f05-packaged-run-aZ3UYg/GPUCache/data_2
Lingxi  99896 study_superior  txt       REG               1,14      8192           100679939 /Users/study_superior/Library/Application Support/Lingxi-f05-packaged-run-aZ3UYg/GPUCache/data_3
Lingxi  99896 study_superior  txt       REG               1,14    262512           100679941 /Users/study_superior/Library/Application Support/Lingxi-f05-packaged-run-aZ3UYg/DawnWebGPUCache/index
Lingxi  99896 study_superior  txt       REG               1,14      8192           100679942 /Users/study_superior/Library/Application Support/Lingxi-f05-packaged-run-aZ3UYg/DawnWebGPUCache/data_0
Lingxi  99896 study_superior  txt       REG               1,14    270336           100679943 /Users/study_superior/Library/Application Support/Lingxi-f05-packaged-run-aZ3UYg/DawnWebGPUCache/data_1
Lingxi  99896 study_superior  txt       REG               1,14      8192           100679944 /Users/study_superior/Library/Application Support/Lingxi-f05-packaged-run-aZ3UYg/DawnWebGPUCache/data_2
Lingxi  99896 study_superior  txt       REG               1,14      8192           100679945 /Users/study_superior/Library/Application Support/Lingxi-f05-packaged-run-aZ3UYg/DawnWebGPUCache/data_3
Lingxi  99896 study_superior  txt       REG               1,14    262512           100679947 /Users/study_superior/Library/Application Support/Lingxi-f05-packaged-run-aZ3UYg/DawnGraphiteCache/index
Lingxi  99896 study_superior  txt       REG               1,14      8192           100679948 /Users/study_superior/Library/Application Support/Lingxi-f05-packaged-run-aZ3UYg/DawnGraphiteCache/data_0
Lingxi  99896 study_superior  txt       REG               1,14    270336           100679949 /Users/study_superior/Library/Application Support/Lingxi-f05-packaged-run-aZ3UYg/DawnGraphiteCache/data_1
Lingxi  99896 study_superior  txt       REG               1,14      8192           100679950 /Users/study_superior/Library/Application Support/Lingxi-f05-packaged-run-aZ3UYg/DawnGraphiteCache/data_2
Lingxi  99896 study_superior  txt       REG               1,14      8192           100679951 /Users/study_superior/Library/Application Support/Lingxi-f05-packaged-run-aZ3UYg/DawnGraphiteCache/data_3
Lingxi  99896 study_superior  txt       REG               1,14   2338064 1152921500312148470 /System/Library/Fonts/Helvetica.ttc
Lingxi  99896 study_superior  txt       REG               1,14    142603 1152921500312153187 /System/Library/Frameworks/ApplicationServices.framework/Versions/A/Frameworks/HIServices.framework/Versions/A/Resources/RoleDescriptions.loctable
Lingxi  99896 study_superior  txt       REG               1,14    126220 1152921500312150691 /System/Library/Frameworks/AppKit.framework/Versions/C/Resources/Accessibility.loctable
Lingxi  99896 study_superior  txt       REG               1,14 188037056           100665776 /private/var/folders/5r/wq54gtms21gfjgr5v94ynfyh0000gn/T/lingxi-f05-package-PSLvCZ/package/mac-arm64/Lingxi.app/Contents/Frameworks/Electron Framework.framework/Versions/A/Electron Framework
Lingxi  99896 study_superior  txt       REG               1,14   7795064 1152921500312108984 /System/Library/CoreServices/SystemAppearance.bundle/Contents/Resources/DarkAqua.car
Lingxi  99896 study_superior  txt       REG               1,14   7872432 1152921500312148546 /System/Library/Fonts/SFNS.ttf
Lingxi  99896 study_superior  txt       REG               1,14  19809872 1152921500312136260 /System/Library/Extensions/AGXMetalG15X_M2.bundle/Contents/Resources/ds.binary.metallib.g15d-b0
Lingxi  99896 study_superior  txt       REG               1,14 117215048 1152921500312374732 /System/Library/PrivateFrameworks/SFSymbols.framework/Versions/A/Resources/CoreGlyphs.bundle/Contents/Resources/Assets.car
Lingxi  99896 study_superior    0r      CHR                3,2       0t0                 336 /dev/null
Lingxi  99896 study_superior    1w      REG               1,14      6975           100679877 /Users/study_superior/Desktop/Code/LingxiAgent/artifacts/refactor-2026/independent-fix/f05-package/packaged-electron.log
Lingxi  99896 study_superior    2w      REG               1,14      6975           100679877 /Users/study_superior/Desktop/Code/LingxiAgent/artifacts/refactor-2026/independent-fix/f05-package/packaged-electron.log
Lingxi  99896 study_superior    3r      REG               1,14  10876560           100665262 /private/var/folders/5r/wq54gtms21gfjgr5v94ynfyh0000gn/T/lingxi-f05-package-PSLvCZ/package/mac-arm64/Lingxi.app/Contents/Frameworks/Electron Framework.framework/Versions/A/Resources/icudtl.dat
Lingxi  99896 study_superior    4r      REG               1,14    721176           100665350 /private/var/folders/5r/wq54gtms21gfjgr5v94ynfyh0000gn/T/lingxi-f05-package-PSLvCZ/package/mac-arm64/Lingxi.app/Contents/Frameworks/Electron Framework.framework/Versions/A/Resources/v8_context_snapshot.arm64.bin
Lingxi  99896 study_superior    5u     unix 0xfda455d514443958       0t0                     ->0x778d153ceda0e17
Lingxi  99896 study_superior    6u   KQUEUE                                                  count=0, state=0x12
Lingxi  99896 study_superior    7u   KQUEUE                                                  count=0, state=0x12
Lingxi  99896 study_superior    8u   KQUEUE                                                  count=0, state=0x12
Lingxi  99896 study_superior    9u   KQUEUE                                                  count=0, state=0x8
Lingxi  99896 study_superior   10      PIPE 0xd3311c57fecc71c5     16384                     ->0x607a099af6402757
Lingxi  99896 study_superior   11      PIPE 0x607a099af6402757     16384                     ->0xd3311c57fecc71c5
Lingxi  99896 study_superior   12r      DIR               1,14       736                   2 /
Lingxi  99896 study_superior   13u   KQUEUE                                                  count=0, state=0x8
Lingxi  99896 study_superior   14r      DIR               1,14       736                   2 /
Lingxi  99896 study_superior   15u   KQUEUE                                                  count=0, state=0xa
Lingxi  99896 study_superior   16r      DIR               1,14       736                   2 /
Lingxi  99896 study_superior   17r      REG               1,14  41300059           100665659 /private/var/folders/5r/wq54gtms21gfjgr5v94ynfyh0000gn/T/lingxi-f05-package-PSLvCZ/package/mac-arm64/Lingxi.app/Contents/Resources/app.asar
Lingxi  99896 study_superior   18u     unix 0xa0eb33beb404315e       0t0                     /var/folders/5r/wq54gtms21gfjgr5v94ynfyh0000gn/T/scoped_dirkD2Peb/SingletonSocket
Lingxi  99896 study_superior   19      PIPE 0xfd1f68edce144200     16384                     ->0x55064251277a88a4
Lingxi  99896 study_superior   20      PIPE 0x55064251277a88a4     16384                     ->0xfd1f68edce144200
Lingxi  99896 study_superior   21   NPOLICY                                                  
Lingxi  99896 study_superior   22r      REG               1,14    119827           100665199 /private/var/folders/5r/wq54gtms21gfjgr5v94ynfyh0000gn/T/lingxi-f05-package-PSLvCZ/package/mac-arm64/Lingxi.app/Contents/Frameworks/Electron Framework.framework/Versions/A/Resources/chrome_100_percent.pak
Lingxi  99896 study_superior   23r      REG               1,14    196919           100665166 /private/var/folders/5r/wq54gtms21gfjgr5v94ynfyh0000gn/T/lingxi-f05-package-PSLvCZ/package/mac-arm64/Lingxi.app/Contents/Frameworks/Electron Framework.framework/Versions/A/Resources/chrome_200_percent.pak
Lingxi  99896 study_superior   24r      REG               1,14    575292           100665180 /private/var/folders/5r/wq54gtms21gfjgr5v94ynfyh0000gn/T/lingxi-f05-package-PSLvCZ/package/mac-arm64/Lingxi.app/Contents/Frameworks/Electron Framework.framework/Versions/A/Resources/zh_CN.lproj/locale.pak
Lingxi  99896 study_superior   25r      REG               1,14   6868234           100665391 /private/var/folders/5r/wq54gtms21gfjgr5v94ynfyh0000gn/T/lingxi-f05-package-PSLvCZ/package/mac-arm64/Lingxi.app/Contents/Frameworks/Electron Framework.framework/Versions/A/Resources/resources.pak
Lingxi  99896 study_superior   26w      REG               1,14       337           100679914 /Users/study_superior/Library/Application Support/Lingxi-f05-packaged-run-aZ3UYg/Local Storage/leveldb/LOG
Lingxi  99896 study_superior   27      PIPE 0x7d95fe79bc0829f3     16384                     ->0x434514553062f0f2
Lingxi  99896 study_superior   28      PIPE 0x434514553062f0f2     16384                     ->0x7d95fe79bc0829f3
Lingxi  99896 study_superior   29u   KQUEUE                                                  count=0, state=0x8
Lingxi  99896 study_superior   30r      DIR               1,14       736                   2 /
Lingxi  99896 study_superior   31r      DIR               1,14      2528            87579299 /private/etc
Lingxi  99896 study_superior   32r      REG               1,14       213            87594109 /private/etc/hosts
Lingxi  99896 study_superior   33u      REG               1,14         0           100679916 /Users/study_superior/Library/Application Support/Lingxi-f05-packaged-run-aZ3UYg/Local Storage/leveldb/LOCK
Lingxi  99896 study_superior   34w      REG               1,14        41           100679928 /Users/study_superior/Library/Application Support/Lingxi-f05-packaged-run-aZ3UYg/Local Storage/leveldb/MANIFEST-000001
Lingxi  99896 study_superior   35w      REG               1,14       303           100679930 /Users/study_superior/Library/Application Support/Lingxi-f05-packaged-run-aZ3UYg/Local Storage/leveldb/000003.log
Lingxi  99896 study_superior   36u      REG               1,14      4096           100679931 /Users/study_superior/Library/Application Support/Lingxi-f05-packaged-run-aZ3UYg/DIPS
Lingxi  99896 study_superior   37u      REG               1,14     45352           100679933 /Users/study_superior/Library/Application Support/Lingxi-f05-packaged-run-aZ3UYg/DIPS-wal
Lingxi  99896 study_superior   38u   KQUEUE                                                  count=0, state=0x12
Lingxi  99896 study_superior   39u      REG               1,14    262512           100679935 /Users/study_superior/Library/Application Support/Lingxi-f05-packaged-run-aZ3UYg/GPUCache/index
Lingxi  99896 study_superior   40u      REG               1,14      8192           100679936 /Users/study_superior/Library/Application Support/Lingxi-f05-packaged-run-aZ3UYg/GPUCache/data_0
Lingxi  99896 study_superior   41u      REG               1,14    270336           100679937 /Users/study_superior/Library/Application Support/Lingxi-f05-packaged-run-aZ3UYg/GPUCache/data_1
Lingxi  99896 study_superior   42u      REG               1,14      8192           100679938 /Users/study_superior/Library/Application Support/Lingxi-f05-packaged-run-aZ3UYg/GPUCache/data_2
Lingxi  99896 study_superior   43u      REG               1,14      8192           100679939 /Users/study_superior/Library/Application Support/Lingxi-f05-packaged-run-aZ3UYg/GPUCache/data_3
Lingxi  99896 study_superior   44u      REG               1,14    262512           100679941 /Users/study_superior/Library/Application Support/Lingxi-f05-packaged-run-aZ3UYg/DawnWebGPUCache/index
Lingxi  99896 study_superior   45u      REG               1,14      8192           100679942 /Users/study_superior/Library/Application Support/Lingxi-f05-packaged-run-aZ3UYg/DawnWebGPUCache/data_0
Lingxi  99896 study_superior   46u      REG               1,14    270336           100679943 /Users/study_superior/Library/Application Support/Lingxi-f05-packaged-run-aZ3UYg/DawnWebGPUCache/data_1
Lingxi  99896 study_superior   47u      REG               1,14      8192           100679944 /Users/study_superior/Library/Application Support/Lingxi-f05-packaged-run-aZ3UYg/DawnWebGPUCache/data_2
Lingxi  99896 study_superior   48u      REG               1,14      8192           100679945 /Users/study_superior/Library/Application Support/Lingxi-f05-packaged-run-aZ3UYg/DawnWebGPUCache/data_3
Lingxi  99896 study_superior   49u      REG               1,14    262512           100679947 /Users/study_superior/Library/Application Support/Lingxi-f05-packaged-run-aZ3UYg/DawnGraphiteCache/index
Lingxi  99896 study_superior   50u      REG               1,14      8192           100679948 /Users/study_superior/Library/Application Support/Lingxi-f05-packaged-run-aZ3UYg/DawnGraphiteCache/data_0
Lingxi  99896 study_superior   51u      REG               1,14    270336           100679949 /Users/study_superior/Library/Application Support/Lingxi-f05-packaged-run-aZ3UYg/DawnGraphiteCache/data_1
Lingxi  99896 study_superior   52r      CHR                3,2       0t0                 336 /dev/null
Lingxi  99896 study_superior   53u     unix 0x418a393af924504d       0t0                     ->0x86e8ba22a447c02e
Lingxi  99896 study_superior   54u     IPv4 0x6b09efc5ea4d19da       0t0                 TCP localhost:51858->localhost:51856 (ESTABLISHED)
Lingxi  99896 study_superior   55u     unix   0x51fbb007c01be2       0t0                     ->0x5fa2f6895d576554
Lingxi  99896 study_superior   56w      REG               1,14       325           100694896 /Users/study_superior/Library/Application Support/Lingxi-f05-packaged-run-aZ3UYg/Session Storage/LOG
Lingxi  99896 study_superior   57u     unix 0x1e6cabb309cad71e       0t0                     ->0xe6056935a707b540
Lingxi  99896 study_superior   58u      REG               1,14         0           100694897 /Users/study_superior/Library/Application Support/Lingxi-f05-packaged-run-aZ3UYg/Session Storage/LOCK
Lingxi  99896 study_superior   59u      REG               1,14      8192           100679950 /Users/study_superior/Library/Application Support/Lingxi-f05-packaged-run-aZ3UYg/DawnGraphiteCache/data_2
Lingxi  99896 study_superior   60u      REG               1,14      8192           100679951 /Users/study_superior/Library/Application Support/Lingxi-f05-packaged-run-aZ3UYg/DawnGraphiteCache/data_3
Lingxi  99896 study_superior   61w      REG               1,14        41           100694898 /Users/study_superior/Library/Application Support/Lingxi-f05-packaged-run-aZ3UYg/Session Storage/MANIFEST-000001
Lingxi  99896 study_superior   62w      REG               1,14        49           100694900 /Users/study_superior/Library/Application Support/Lingxi-f05-packaged-run-aZ3UYg/Session Storage/000003.log
