   Compiling libc v0.2.189
   Compiling proc-macro2 v1.0.107
   Compiling quote v1.0.47
   Compiling unicode-ident v1.0.26
   Compiling find-msvc-tools v0.1.13
   Compiling shlex v2.0.1
   Compiling serde_core v1.0.229
   Compiling typenum v1.20.1
   Compiling itoa v1.0.18
   Compiling pkg-config v0.3.34
   Compiling pin-project-lite v0.2.17
   Compiling once_cell v1.21.4
   Compiling bytes v1.12.1
   Compiling memchr v2.8.3
   Compiling cfg-if v1.0.5
   Compiling log v0.4.34
   Compiling core-foundation-sys v0.8.7
   Compiling cmov v0.5.4
   Compiling serde v1.0.229
   Compiling futures-core v0.3.34
   Compiling const-oid v0.10.2
   Compiling foldhash v0.2.0
   Compiling allocator-api2 v0.2.21
   Compiling equivalent v1.0.2
   Compiling zmij v1.0.23
   Compiling autocfg v1.5.1
   Compiling base64 v0.23.1
   Compiling serde_json v1.0.151
   Compiling fs_extra v1.3.0
   Compiling dunce v1.0.5
   Compiling futures-sink v0.3.34
   Compiling ref-cast v1.0.27
   Compiling tracing-core v0.1.36
   Compiling ctutils v0.4.2
   Compiling smallvec v1.16.1
   Compiling vcpkg v0.2.15
   Compiling bitflags v2.13.2
   Compiling dyn-clone v1.0.20
   Compiling slab v0.4.12
   Compiling aws-lc-rs v1.18.1
   Compiling iana-time-zone v0.1.65
   Compiling zeroize v1.9.0
   Compiling futures-channel v0.3.34
   Compiling httparse v1.10.1
   Compiling hashbrown v0.17.1
   Compiling untrusted v0.9.0
   Compiling system-configuration-sys v0.6.0
   Compiling rustls-pki-types v1.15.1
   Compiling atomic-waker v1.1.2
   Compiling fnv v1.0.7
   Compiling fallible-streaming-iterator v0.1.9
   Compiling tower-service v0.3.3
   Compiling num-traits v0.2.19
   Compiling http v1.5.0
   Compiling futures-task v0.3.34
   Compiling percent-encoding v2.3.2
   Compiling try-lock v0.2.5
   Compiling fallible-iterator v0.3.0
   Compiling futures-io v0.3.34
   Compiling aho-corasick v1.1.5
   Compiling sync_wrapper v1.0.2
   Compiling regex-syntax v0.8.11
   Compiling httpdate v1.0.3
   Compiling want v0.3.1
   Compiling rustls v0.23.45
   Compiling tower-layer v0.3.3
   Compiling form_urlencoded v1.2.2
   Compiling ipnet v2.12.2
   Compiling ryu v1.0.23
   Compiling lazy_static v1.5.0
   Compiling hybrid-array v0.4.15
   Compiling mime v0.3.17
   Compiling subtle v2.6.1
   Compiling sharded-slab v0.1.7
   Compiling tracing-log v0.2.0
   Compiling thread_local v1.1.10
   Compiling deranged v0.5.8
   Compiling time-core v0.1.9
   Compiling powerfmt v0.2.0
   Compiling matchit v0.8.4
   Compiling nu-ansi-term v0.50.3
   Compiling num-conv v0.2.2
   Compiling hashlink v0.12.2
   Compiling qrcodegen v1.8.0
   Compiling pem v4.0.0
   Compiling http-body v1.1.0
   Compiling http-body-util v0.1.5
   Compiling crypto-common v0.2.2
   Compiling block-buffer v0.12.1
   Compiling inout v0.2.2
   Compiling time v0.3.55
   Compiling digest v0.11.3
   Compiling cipher v0.5.2
   Compiling hmac v0.13.0
   Compiling regex-automata v0.4.18
   Compiling salsa20 v0.11.0
   Compiling pbkdf2 v0.13.0
   Compiling yasna v0.6.0
   Compiling matchers v0.2.0
   Compiling jobserver v0.1.35
   Compiling errno v0.3.14
   Compiling socket2 v0.6.5
   Compiling mio v1.2.3
   Compiling cpufeatures v0.3.1
   Compiling core-foundation v0.9.4
   Compiling getrandom v0.2.17
   Compiling if-addrs v0.15.0
   Compiling sha2 v0.11.0
   Compiling sha1 v0.11.0
   Compiling signal-hook-registry v1.4.8
   Compiling cc v1.4.7
   Compiling scrypt v0.12.0
   Compiling system-configuration v0.7.0
   Compiling cmake v0.1.58
   Compiling syn v3.0.6
   Compiling syn v2.0.119
   Compiling libsqlite3-sys v0.38.2
   Compiling ring v0.17.14
   Compiling aws-lc-sys v0.45.0
   Compiling indexmap v2.14.2
   Compiling serde_path_to_error v0.1.20
   Compiling serde_derive_internals v0.30.0
   Compiling tracing-attributes v0.1.31
   Compiling tokio-macros v2.7.2
   Compiling serde_derive v1.0.229
   Compiling ref-cast-impl v1.0.27
   Compiling futures-macro v0.3.34
   Compiling schemars_derive v1.2.2
   Compiling tokio v1.53.1
   Compiling tracing v0.1.44
   Compiling futures-util v0.3.34
   Compiling rcgen v0.14.10
   Compiling axum-core v0.5.6
   Compiling tracing-subscriber v0.3.23
   Compiling rusqlite v0.40.2
   Compiling chrono v0.4.45
   Compiling serde_urlencoded v0.7.1
   Compiling schemars v1.2.2
   Compiling tokio-util v0.7.19
   Compiling tower v0.5.3
   Compiling h2 v0.4.19
   Compiling lingxi-protocol v0.0.0 (/Users/study_superior/Desktop/Code/LingxiAgent/rust/crates/lingxi-protocol)
   Compiling lingxi-kernel v0.0.0 (/Users/study_superior/Desktop/Code/LingxiAgent/rust/crates/lingxi-kernel)
   Compiling lingxi-adapters v0.0.0 (/Users/study_superior/Desktop/Code/LingxiAgent/rust/crates/lingxi-adapters)
   Compiling hyper v1.11.1
   Compiling hyper-util v0.1.21
   Compiling axum v0.8.9
   Compiling rustls-webpki v0.103.15
   Compiling tokio-rustls v0.26.5
   Compiling lingxi-service v0.0.0 (/Users/study_superior/Desktop/Code/LingxiAgent/rust/crates/lingxi-service)
    Finished `test` profile [unoptimized + debuginfo] target(s) in 17.32s
     Running tests/late_result_fencing_property.rs (/tmp/r03-t04-r01-review-target/debug/deps/late_result_fencing_property-9819d844756d1a95)

running 1 test
test duplicate_out_of_order_and_delayed_results_fence_exactly_once ... ok

test result: ok. 1 passed; 0 failed; 0 ignored; 0 measured; 0 filtered out; finished in 0.29s

     Running tests/late_result_fence.rs (/tmp/r03-t04-r01-review-target/debug/deps/late_result_fence-f500e9f801e98f8b)

running 5 tests
test r03_a07_driver_fences_stale_tagged_model_result_loudly ... ok
test r03_a07_late_attempt1_result_vs_current_attempt_is_stale_only ... ok
test r03_a07_late_result_after_cancel_and_next_run_pollutes_nothing ... ok
test r03_a07_tool_result_with_stale_fence_records_unknown_and_audits ... ok
test reconnect_resubscribes_only_and_never_restarts_a_model ... ok

test result: ok. 5 passed; 0 failed; 0 ignored; 0 measured; 0 filtered out; finished in 0.33s

     Running tests/request_dedup.rs (/tmp/r03-t04-r01-review-target/debug/deps/request_dedup-bdce0a0105108d9f)

running 4 tests
test invalid_ids_are_refused_and_plain_submissions_are_undeduplicated ... ok
test r03_a08_same_request_id_different_content_is_rejected_as_conflict ... ok
test request_id_namespace_is_scoped_to_principal_and_session ... ok
test same_request_id_same_content_replays_without_new_execution ... ok

test result: ok. 4 passed; 0 failed; 0 ignored; 0 measured; 0 filtered out; finished in 0.23s

