2026-10-05T19:34:07.378045Z  INFO lingxi_service: data root resolved effective_home=/var/folders/5r/wq54gtms21gfjgr5v94ynfyh0000gn/T//lingxi-r02t08-a15-home.YZkrox source=cli ignored_sources=none
2026-10-05T19:34:07.379606Z  INFO lingxi_service: data root prepared (canonicalized; runtime dir private 0700) canonical_home=/private/var/folders/5r/wq54gtms21gfjgr5v94ynfyh0000gn/T/lingxi-r02t08-a15-home.YZkrox runtime_dir=/private/var/folders/5r/wq54gtms21gfjgr5v94ynfyh0000gn/T/lingxi-r02t08-a15-home.YZkrox/lingxi-service
2026-10-05T19:34:07.380223Z  INFO lingxi_service: single-writer lock acquired [token] start_nonce=9554e3a9f088a812 pid=73169 entropy="os-random-device" lock=/private/var/folders/5r/wq54gtms21gfjgr5v94ynfyh0000gn/T/lingxi-r02t08-a15-home.YZkrox/lingxi-service/instance.lock network_mode=loopback
2026-10-05T19:34:07.408544Z  INFO lingxi_service: data-epoch gate passed home=/private/var/folders/5r/wq54gtms21gfjgr5v94ynfyh0000gn/T/lingxi-r02t08-a15-home.YZkrox decision=ProceedStampedNew(EpochStamp { format: V2, minimum_reader_epoch: 1, committed_data_epoch: 1, last_version: Some("0.0.0") })
2026-10-05T19:34:07.463321Z  INFO lingxi_adapters::storage::run_store: run database migrated db=/private/var/folders/5r/wq54gtms21gfjgr5v94ynfyh0000gn/T/lingxi-r02t08-a15-home.YZkrox/lingxi-service/data/runs.db applied=[1, 2, 3, 4, 5, 6, 7] version=7
2026-10-05T19:34:07.464259Z  INFO lingxi_service: auth service bootstrapped (per-start loopback token, owner-only); run database migrated and seeded local_token_file=/private/var/folders/5r/wq54gtms21gfjgr5v94ynfyh0000gn/T/lingxi-r02t08-a15-home.YZkrox/lingxi-service/local-token.json run_database=/private/var/folders/5r/wq54gtms21gfjgr5v94ynfyh0000gn/T/lingxi-r02t08-a15-home.YZkrox/lingxi-service/data/runs.db
2026-10-05T19:34:07.474633Z  INFO lingxi_service: instance record published (atomic write) record=/private/var/folders/5r/wq54gtms21gfjgr5v94ynfyh0000gn/T/lingxi-r02t08-a15-home.YZkrox/lingxi-service/instance.json bind_addr=127.0.0.1:52913
LINGXI_AUTH_REJECTED [token] method=GET path=/lingxi/v1/me status=401 Unauthorized reason=missing_credential remote=127.0.0.1:52916
2026-10-05T19:34:07.780765Z  INFO lingxi_service: request handled [token] method=GET path=/lingxi/v1/me status=401
2026-10-05T19:34:07.782097Z  INFO lingxi_service: request handled [token] method=GET path=/lingxi/v1/me status=200
2026-10-05T19:34:07.784699Z  INFO lingxi_service::sessions: run settled through the single finalize path run_id=run_000001a10d8f26a7_000001 session_id="sess_local_alpha" outcome=completed.no_final.no_provider_configured input_chars=23 input_bytes=23
2026-10-05T19:34:07.784903Z  INFO lingxi_service: request handled [token] method=POST [token] status=200
2026-10-05T19:34:07.785629Z  INFO lingxi_service: request handled [token] method=GET path=/lingxi/v1/ws status=101
2026-10-05T19:34:07.788281Z  INFO lingxi_service::sessions: run settled through the single finalize path run_id=run_000001a10d8f26ab_000002 session_id="sess_local_alpha" outcome=completed.no_final.no_provider_configured input_chars=26 input_bytes=26
2026-10-05T19:34:07.788431Z  INFO lingxi_service: request handled [token] method=POST [token] status=200
2026-10-05T19:34:07.789263Z  INFO lingxi_service: request handled [token] method=GET [token] status=200
2026-10-05T19:34:07.790237Z  INFO lingxi_service: request handled [token] method=GET [token] status=200
2026-10-05T19:34:07.790759Z  INFO lingxi_service: request handled [token] method=GET path=/lingxi/v1/ws status=101
2026-10-05T19:34:07.792195Z  WARN lingxi_service: ws session read failed err=Connection reset by peer (os error 54)
2026-10-05T19:34:07.817975Z  INFO lingxi_service: shutdown signal: SIGTERM
2026-10-05T19:34:07.818941Z  INFO lingxi_service::shutdown: run database closed (drained, WAL truncated) phase=storage_close
2026-10-05T19:34:07.819181Z  INFO lingxi_service::shutdown: own instance record removed, lock released phase=record_cleanup
2026-10-05T19:34:07.819272Z  INFO lingxi_service: lingxi-service stopped cleanly (run database closed, own record removed, lock released)
