     Locking 202 packages to latest compatible versions
   Compiling libc v0.2.189
   Compiling stable_deref_trait v1.2.1
   Compiling bytes v1.12.1
   Compiling fs_extra v1.3.0
   Compiling dunce v1.0.5
   Compiling futures-core v0.3.34
   Compiling smallvec v1.16.2
   Compiling core-foundation-sys v0.8.7
   Compiling litemap v0.8.3
   Compiling aws-lc-rs v1.18.1
   Compiling writeable v0.6.4
   Compiling slab v0.4.12
   Compiling zeroize v1.9.0
   Compiling icu_normalizer_data v2.3.0
   Compiling icu_properties_data v2.3.0
   Compiling utf8_iter v1.0.4
   Compiling equivalent v1.0.2
   Compiling futures-sink v0.3.34
   Compiling rustls v0.23.45
   Compiling system-configuration-sys v0.6.0
   Compiling futures-task v0.3.34
   Compiling percent-encoding v2.3.2
   Compiling httparse v1.10.1
   Compiling syn v3.0.6
   Compiling rustversion v1.0.23
   Compiling untrusted v0.9.0
   Compiling subtle v2.6.1
   Compiling fnv v1.0.7
   Compiling tower-service v0.3.3
   Compiling indexmap v2.14.2
   Compiling atomic-waker v1.1.2
   Compiling try-lock v0.2.5
   Compiling futures-channel v0.3.34
   Compiling sync_wrapper v1.0.2
   Compiling ipnet v2.12.2
   Compiling rustls-pki-types v1.15.1
   Compiling futures-util v0.3.34
   Compiling form_urlencoded v1.2.2
   Compiling tower-layer v0.3.3
   Compiling simdutf8 v0.1.5
   Compiling multiversion_no_op v1.0.0
   Compiling scopeguard v1.2.0
   Compiling log v0.4.34
   Compiling mime v0.3.17
   Compiling want v0.3.1
   Compiling http v1.5.0
   Compiling encoding_rs v0.8.42
   Compiling http-body v1.1.0
   Compiling http-body-util v0.1.5
   Compiling jobserver v0.1.35
   Compiling socket2 v0.6.5
   Compiling mio v1.2.3
   Compiling cpufeatures v0.3.1
   Compiling core-foundation v0.9.4
   Compiling core-foundation v0.10.1
   Compiling security-framework-sys v2.17.0
   Compiling sha2 v0.11.0
   Compiling sha1 v0.11.0
   Compiling cc v1.5.1
   Compiling security-framework v3.7.0
   Compiling system-configuration v0.7.0
   Compiling cmake v0.1.58
   Compiling libsqlite3-sys v0.38.2
   Compiling aws-lc-sys v0.45.0
   Compiling synstructure v0.14.0
   Compiling serde_derive_internals v0.30.0
   Compiling zerovec-derive v0.11.6
   Compiling displaydoc v0.2.7
   Compiling tokio-macros v2.7.2
   Compiling serde_derive v1.0.229
   Compiling ref-cast-impl v1.0.27
   Compiling zerofrom-derive v0.1.8
   Compiling yoke-derive v0.8.3
   Compiling schemars_derive v1.2.2
   Compiling ref-cast v1.0.27
   Compiling tokio v1.53.1
   Compiling zerofrom v0.1.8
   Compiling yoke v0.8.3
   Compiling serde v1.0.229
   Compiling zerovec v0.11.8
   Compiling zerotrie v0.2.5
   Compiling schemars v1.2.2
   Compiling tinystr v0.8.4
   Compiling potential_utf v0.1.6
   Compiling icu_collections v2.3.0
   Compiling icu_locale_core v2.3.0
   Compiling tokio-util v0.7.19
   Compiling tower v0.5.3
   Compiling rusqlite v0.40.2
   Compiling h2 v0.4.19
   Compiling lingxi-protocol v0.0.0 (/Users/study_superior/Desktop/Code/LingxiAgent/rust/crates/lingxi-protocol)
   Compiling icu_provider v2.3.1
   Compiling icu_normalizer v2.3.0
   Compiling icu_properties v2.3.0
   Compiling idna_adapter v1.2.2
   Compiling idna v1.1.0
   Compiling url v2.5.8
   Compiling lingxi-kernel v0.0.0 (/Users/study_superior/Desktop/Code/LingxiAgent/rust/crates/lingxi-kernel)
   Compiling hyper v1.11.1
   Compiling tower-http v0.6.11
   Compiling hyper-util v0.1.21
   Compiling rustls-webpki v0.103.15
   Compiling tokio-rustls v0.26.6
   Compiling rustls-platform-verifier v0.7.1
   Compiling hyper-rustls v0.27.10
   Compiling reqwest v0.13.5
   Compiling lingxi-adapters v0.0.0 (/Users/study_superior/Desktop/Code/LingxiAgent/rust/crates/lingxi-adapters)
   Compiling r03-t08-a16-mutation-probe v0.0.0 (/var/folders/5r/wq54gtms21gfjgr5v94ynfyh0000gn/T/lingxi-r03t08-a16-lWg2nI/probe)
    Finished `test` profile [unoptimized + debuginfo] target(s) in 11.38s
  Executable mutation_probe.rs (/var/folders/5r/wq54gtms21gfjgr5v94ynfyh0000gn/T//rust-target-r03-t08-a16-probe/debug/deps/mutation_probe-87721c954299cfed)
