   Compiling proc-macro2 v1.0.107
   Compiling unicode-ident v1.0.26
   Compiling quote v1.0.47
   Compiling libc v0.2.190
   Compiling shlex v2.0.1
   Compiling find-msvc-tools v0.1.14
   Compiling pkg-config v0.3.34
   Compiling stable_deref_trait v1.2.1
   Compiling itoa v1.0.18
   Compiling pin-project-lite v0.2.17
   Compiling bytes v1.12.1
   Compiling fs_extra v1.3.0
   Compiling dunce v1.0.5
   Compiling futures-core v0.3.34
   Compiling once_cell v1.21.4
   Compiling core-foundation-sys v0.8.7
   Compiling smallvec v1.16.2
   Compiling foldhash v0.2.0
   Compiling serde_core v1.0.229
   Compiling writeable v0.6.4
   Compiling aws-lc-rs v1.18.1
   Compiling litemap v0.8.3
   Compiling zeroize v1.9.0
   Compiling typenum v1.20.1
   Compiling icu_properties_data v2.3.0
   Compiling slab v0.4.12
   Compiling utf8_iter v1.0.4
   Compiling icu_normalizer_data v2.3.0
   Compiling bitflags v2.13.2
   Compiling percent-encoding v2.3.2
   Compiling serde v1.0.229
   Compiling hashbrown v0.17.1
   Compiling cfg-if v1.0.5
   Compiling zmij v1.0.23
   Compiling tracing-core v0.1.36
   Compiling rustls-pki-types v1.15.1
   Compiling httparse v1.10.1
   Compiling rustversion v1.0.23
   Compiling futures-task v0.3.34
   Compiling rustls v0.23.45
   Compiling untrusted v0.9.0
   Compiling serde_json v1.0.151
   Compiling system-configuration-sys v0.6.0
   Compiling futures-sink v0.3.34
   Compiling equivalent v1.0.2
   Compiling fnv v1.0.7
   Compiling futures-util v0.3.34
   Compiling tower-service v0.3.3
   Compiling atomic-waker v1.1.2
   Compiling memchr v2.8.3
   Compiling const-oid v0.10.2
   Compiling base64 v0.23.1
   Compiling try-lock v0.2.5
   Compiling ref-cast v1.0.27
   Compiling subtle v2.6.1
   Compiling form_urlencoded v1.2.2
   Compiling futures-channel v0.3.34
   Compiling http v1.5.0
   Compiling want v0.3.1
   Compiling vcpkg v0.2.15
   Compiling sync_wrapper v1.0.2
   Compiling ipnet v2.12.2
   Compiling tower-layer v0.3.3
   Compiling indexmap v2.14.2
   Compiling dyn-clone v1.0.20
   Compiling multiversion_no_op v1.0.0
   Compiling ryu v1.0.23
   Compiling log v0.4.34
   Compiling scopeguard v1.2.0
   Compiling simdutf8 v0.1.5
   Compiling hashlink v0.12.2
   Compiling mime v0.3.17
   Compiling fallible-iterator v0.3.0
   Compiling fallible-streaming-iterator v0.1.9
   Compiling httpdate v1.0.3
   Compiling hybrid-array v0.4.15
   Compiling http-body v1.1.0
   Compiling http-body-util v0.1.5
   Compiling block-buffer v0.12.1
   Compiling crypto-common v0.2.2
   Compiling jobserver v0.1.35
   Compiling mio v1.2.4
   Compiling socket2 v0.6.5
   Compiling cpufeatures v0.3.1
   Compiling core-foundation v0.9.4
   Compiling security-framework-sys v2.17.0
   Compiling core-foundation v0.10.1
   Compiling getrandom v0.2.17
   Compiling syn v3.0.6
   Compiling syn v2.0.119
   Compiling encoding_rs v0.8.42
   Compiling cc v1.6.0
   Compiling digest v0.11.3
   Compiling system-configuration v0.7.0
   Compiling security-framework v3.7.0
   Compiling sha1 v0.11.0
   Compiling sha2 v0.11.0
   Compiling cmake v0.1.58
   Compiling libsqlite3-sys v0.38.2
   Compiling aws-lc-sys v0.45.0
   Compiling synstructure v0.14.0
   Compiling serde_derive_internals v0.30.0
   Compiling tracing-attributes v0.1.31
   Compiling zerovec-derive v0.11.6
   Compiling displaydoc v0.2.7
   Compiling tokio-macros v2.7.2
   Compiling serde_derive v1.0.229
   Compiling ref-cast-impl v1.0.27
   Compiling zerofrom-derive v0.1.8
   Compiling yoke-derive v0.8.4
   Compiling schemars_derive v1.2.2
   Compiling tokio v1.53.1
   Compiling tracing v0.1.44
   Compiling zerofrom v0.1.8
   Compiling yoke v0.8.3
   Compiling zerovec v0.11.8
   Compiling zerotrie v0.2.5
   Compiling rusqlite v0.40.2
   Compiling schemars v1.2.2
   Compiling serde_urlencoded v0.7.1
   Compiling tinystr v0.8.4
   Compiling potential_utf v0.1.6
   Compiling icu_collections v2.3.0
   Compiling icu_locale_core v2.3.0
   Compiling tokio-util v0.7.19
   Compiling tower v0.5.3
   Compiling icu_provider v2.3.1
   Compiling lingxi-protocol v0.0.0 (/Users/study_superior/Desktop/Code/LingxiAgent/rust/crates/lingxi-protocol)
   Compiling icu_normalizer v2.3.0
   Compiling icu_properties v2.3.0
   Compiling h2 v0.4.19
   Compiling idna_adapter v1.2.2
   Compiling idna v1.1.0
   Compiling url v2.5.8
   Compiling lingxi-kernel v0.0.0 (/Users/study_superior/Desktop/Code/LingxiAgent/rust/crates/lingxi-kernel)
   Compiling tower-http v0.6.11
   Compiling hyper v1.11.1
   Compiling hyper-util v0.1.21
   Compiling rustls-webpki v0.103.15
   Compiling tokio-rustls v0.26.6
   Compiling rustls-platform-verifier v0.7.1
   Compiling hyper-rustls v0.27.10
   Compiling reqwest v0.13.5
   Compiling lingxi-adapters v0.0.0 (/Users/study_superior/Desktop/Code/LingxiAgent/rust/crates/lingxi-adapters)
   Compiling r05-t05-green-probe-adapted v0.0.0 (/Users/study_superior/Desktop/Code/LingxiAgent/artifacts/rust-tauri/R05/RR1/WP-T05-E01/green-probe-adapted)
warning: unused import: `NetworkPolicy`
  --> src/lib.rs:21:58
   |
21 |     use lingxi_adapters::models::network::{NetworkPlane, NetworkPolicy};
   |                                                          ^^^^^^^^^^^^^
   |
   = note: `#[warn(unused_imports)]` (part of `#[warn(unused)]`) on by default

warning: `r05-t05-green-probe-adapted` (lib test) generated 1 warning (run `cargo fix --lib -p r05-t05-green-probe-adapted --tests` to apply 1 suggestion)
    Finished `test` profile [unoptimized + debuginfo] target(s) in 14.59s
     Running unittests src/lib.rs (target/debug/deps/r05_t05_green_probe_adapted-8e899d4e8d2ac7eb)

running 4 tests
test tests::domain_resolving_to_loopback_must_not_be_connected ... ok
test tests::error_body_must_obey_total_deadline ... ok
test tests::network_policy_section_parses_and_validates ... ok
test tests::system_proxy_environment_routes_the_shared_client_through_the_proxy ... ok

test result: ok. 4 passed; 0 failed; 0 ignored; 0 measured; 0 filtered out; finished in 0.46s

   Doc-tests r05_t05_green_probe_adapted

running 0 tests

test result: ok. 0 passed; 0 failed; 0 ignored; 0 measured; 0 filtered out; finished in 0.00s

