   Compiling libc v0.2.189
   Compiling proc-macro2 v1.0.107
   Compiling quote v1.0.47
   Compiling unicode-ident v1.0.26
   Compiling find-msvc-tools v0.1.13
   Compiling shlex v2.0.1
    Checking typenum v1.20.1
    Checking itoa v1.0.18
   Compiling pkg-config v0.3.34
    Checking pin-project-lite v0.2.17
    Checking bytes v1.12.1
   Compiling serde_core v1.0.229
    Checking cmov v0.5.4
    Checking cfg-if v1.0.5
    Checking once_cell v1.21.4
    Checking const-oid v0.10.2
    Checking log v0.4.34
   Compiling zmij v1.0.23
   Compiling serde v1.0.229
   Compiling fs_extra v1.3.0
   Compiling dunce v1.0.5
    Checking futures-core v0.3.34
   Compiling serde_json v1.0.151
   Compiling ref-cast v1.0.27
    Checking smallvec v1.16.1
    Checking memchr v2.8.3
   Compiling vcpkg v0.2.15
   Compiling aws-lc-rs v1.18.1
    Checking dyn-clone v1.0.20
   Compiling httparse v1.10.1
    Checking zeroize v1.9.0
    Checking foldhash v0.2.0
    Checking base64 v0.23.1
    Checking tracing-core v0.1.36
    Checking tower-service v0.3.3
   Compiling autocfg v1.5.1
    Checking futures-channel v0.3.34
    Checking regex-syntax v0.8.11
    Checking ctutils v0.4.2
    Checking httpdate v1.0.3
    Checking atomic-waker v1.1.2
    Checking slab v0.4.12
    Checking fallible-iterator v0.3.0
    Checking untrusted v0.9.0
    Checking http v1.5.0
    Checking bitflags v2.13.2
    Checking hybrid-array v0.4.15
    Checking rustls-pki-types v1.15.1
   Compiling rustls v0.23.45
    Checking percent-encoding v2.3.2
    Checking hashbrown v0.17.1
    Checking futures-task v0.3.34
    Checking fallible-streaming-iterator v0.1.9
    Checking tower-layer v0.3.3
    Checking sync_wrapper v1.0.2
    Checking mime v0.3.17
    Checking lazy_static v1.5.0
    Checking subtle v2.6.1
    Checking core-foundation-sys v0.8.7
    Checking ryu v1.0.23
    Checking tracing-log v0.2.0
    Checking thread_local v1.1.10
   Compiling num-traits v0.2.19
    Checking matchit v0.8.4
    Checking nu-ansi-term v0.50.3
    Checking qrcodegen v1.8.0
    Checking form_urlencoded v1.2.2
    Checking regex-automata v0.4.18
    Checking http-body v1.1.0
    Checking crypto-common v0.2.2
    Checking block-buffer v0.12.1
    Checking inout v0.2.2
    Checking futures-util v0.3.34
    Checking sharded-slab v0.1.7
    Checking hashlink v0.12.2
    Checking iana-time-zone v0.1.65
    Checking errno v0.3.14
    Checking mio v1.2.3
    Checking socket2 v0.6.5
    Checking cpufeatures v0.3.1
    Checking if-addrs v0.15.0
    Checking getrandom v0.2.17
    Checking http-body-util v0.1.5
   Compiling jobserver v0.1.35
    Checking signal-hook-registry v1.4.8
    Checking digest v0.11.3
    Checking cipher v0.5.2
   Compiling syn v3.0.6
   Compiling syn v2.0.119
   Compiling cc v1.4.7
    Checking sha2 v0.11.0
    Checking sha1 v0.11.0
    Checking hmac v0.13.0
    Checking serde_path_to_error v0.1.20
    Checking salsa20 v0.11.0
    Checking pbkdf2 v0.13.0
    Checking matchers v0.2.0
    Checking chrono v0.4.45
    Checking scrypt v0.12.0
   Compiling cmake v0.1.58
   Compiling libsqlite3-sys v0.38.2
   Compiling aws-lc-sys v0.45.0
   Compiling serde_derive_internals v0.30.0
   Compiling tokio-macros v2.7.2
   Compiling serde_derive v1.0.229
   Compiling ref-cast-impl v1.0.27
   Compiling schemars_derive v1.2.2
    Checking tokio v1.53.1
   Compiling tracing-attributes v0.1.31
    Checking tracing v0.1.44
    Checking axum-core v0.5.6
    Checking tracing-subscriber v0.3.23
    Checking schemars v1.2.2
    Checking serde_urlencoded v0.7.1
    Checking rusqlite v0.40.2
    Checking hyper v1.11.1
    Checking tower v0.5.3
    Checking hyper-util v0.1.21
    Checking lingxi-protocol v0.0.0 (/Users/study_superior/Desktop/Code/LingxiAgent/rust/crates/lingxi-protocol)
    Checking axum v0.8.9
    Checking lingxi-kernel v0.0.0 (/Users/study_superior/Desktop/Code/LingxiAgent/rust/crates/lingxi-kernel)
    Checking lingxi-adapters v0.0.0 (/Users/study_superior/Desktop/Code/LingxiAgent/rust/crates/lingxi-adapters)
    Checking rustls-webpki v0.103.15
    Checking tokio-rustls v0.26.5
    Checking lingxi-service v0.0.0 (/Users/study_superior/Desktop/Code/LingxiAgent/rust/crates/lingxi-service)
    Finished `dev` profile [unoptimized + debuginfo] target(s) in 11.06s
