
 RUN  v4.1.10 /Users/study_superior/Desktop/Code/LingxiAgent

 ❯ tests/server-composition-boundary.test.ts (9 tests | 1 failed) 5353ms
     ✓ server/index.ts + composition/open-root.ts + composition/full-root.ts together mount exactly the expected route factories, at the same prefixes, as the pre-refactor server/index.ts 27ms
     ✓ mobile-workbench (evidence-needed) is mounted directly by server/index.ts itself, not absorbed into open-root.ts or full-root.ts 1ms
     ✓ server/index.ts imports composition/open-root.ts unconditionally and imports no closed-product route file directly 0ms
     ✓ full composition supplies a non-empty builtinMediaAdapters list  1131ms
     ✓ server/index.ts (the open composition) only ever forwards root.builtinMediaAdapters, never constructs or imports a closed adapter list itself 0ms
     ✓ main-full.ts forwards full-root's builtinMediaAdapters into startServer alongside registerClosedRoutes 0ms
     ✓ importing server/index.ts alone defines startServer but starts nothing (no port bind, no server-info.json, clean exit)  1171ms
     ✓ serves an open-root route and a full-root (closed-product) route behind the same global auth middleware  1589ms
     × runs the full chain without any desktop, rejects malformed JSON at the HTTP entry (A07), and keeps serving after a desktop-channel notify (A10) 1432ms

⎯⎯⎯⎯⎯⎯⎯ Failed Tests 1 ⎯⎯⎯⎯⎯⎯⎯

 FAIL  tests/server-composition-boundary.test.ts > P01 headless vertical slice: witness provider → WS prompt → real read tool → history read-back > runs the full chain without any desktop, rejects malformed JSON at the HTTP entry (A07), and keeps serving after a desktop-channel notify (A10)
Error: server exited before writing server-info.json: {"code":1,"signal":null}
 ❯ Timeout.poll [as _onTimeout] tests/server-composition-boundary.test.ts:265:16
    263|     const poll = () => {
    264|       if (exited) {
    265|         reject(new Error(`server exited before writing server-info.jso…
       |                ^
    266|         return;
    267|       }

⎯⎯⎯⎯⎯⎯⎯⎯⎯⎯⎯⎯⎯⎯⎯⎯⎯⎯⎯⎯⎯⎯⎯⎯[1/1]⎯


 Test Files  1 failed (1)
      Tests  1 failed | 8 passed (9)
   Start at  21:51:09
   Duration  5.63s (transform 735ms, setup 19ms, import 194ms, tests 5.35s, environment 0ms)

