
 RUN  v4.1.10 /Users/study_superior/Desktop/Code/LingxiAgent

 ❯ tests/server-composition-boundary.test.ts (9 tests | 1 failed | 8 skipped) 31ms
     ↓ server/index.ts + composition/open-root.ts + composition/full-root.ts together mount exactly the expected route factories, at the same prefixes, as the pre-refactor server/index.ts
     ↓ mobile-workbench (evidence-needed) is mounted directly by server/index.ts itself, not absorbed into open-root.ts or full-root.ts
     ↓ server/index.ts imports composition/open-root.ts unconditionally and imports no closed-product route file directly
     ↓ full composition supplies a non-empty builtinMediaAdapters list
     ↓ server/index.ts (the open composition) only ever forwards root.builtinMediaAdapters, never constructs or imports a closed adapter list itself
     ↓ main-full.ts forwards full-root's builtinMediaAdapters into startServer alongside registerClosedRoutes
     ↓ importing server/index.ts alone defines startServer but starts nothing (no port bind, no server-info.json, clean exit)
     ↓ serves an open-root route and a full-root (closed-product) route behind the same global auth middleware
     × runs the full chain without any desktop, rejects malformed JSON at the HTTP entry (A07), and keeps serving after a desktop-channel notify (A10) 31ms

⎯⎯⎯⎯⎯⎯⎯ Failed Tests 1 ⎯⎯⎯⎯⎯⎯⎯

 FAIL  tests/server-composition-boundary.test.ts > P01 headless vertical slice: witness provider → WS prompt → real read tool → history read-back > runs the full chain without any desktop, rejects malformed JSON at the HTTP entry (A07), and keeps serving after a desktop-channel notify (A10)
Error: failed to patch models.chat in config template
 ❯ tests/server-composition-boundary.test.ts:447:37
    445|     const template = fs.readFileSync(path.join(root, "lib", "config.ex…
    446|     const patched = template.replace(/^(\s*chat:\s*)""/, "$1\"witness/…
    447|     if (patched === template) throw new Error("failed to patch models.…
       |                                     ^
    448|     fs.writeFileSync(path.join(agentDir, "config.yaml"), patched, "utf…
    449|     fs.writeFileSync(path.join(lingxiHome, "provider-catalog.json"), J…

⎯⎯⎯⎯⎯⎯⎯⎯⎯⎯⎯⎯⎯⎯⎯⎯⎯⎯⎯⎯⎯⎯⎯⎯[1/1]⎯


 Test Files  1 failed (1)
      Tests  1 failed | 8 skipped (9)
   Start at  21:51:40
   Duration  312ms (transform 167ms, setup 18ms, import 195ms, tests 31ms, environment 0ms)

