
> lingxi@0.1.42 build:server:open
> node scripts/build-server-open.mjs

[build-server-open] Building open composition for darwin-arm64...
[build-server-open] whitelist assertion passed
[build-server] using cached Node.js v24.15.0
[build-server] Node.js runtime ready
[build-server] running Vite bundle...
vite v7.3.6 building client environment for production...
transforming...
"Stats" is imported from external module "node:fs" but never used in "node_modules/chokidar/index.js".
✓ 1672 modules transformed.
rendering chunks...
computing gzip size...
dist-server-bundle/index.js  8,105.51 kB │ gzip: 2,143.74 kB
✓ built in 8.24s
[build-server] Vite bundle copied to bundle/
[build-server] running CLI bundle...

  dist-server-open/mac-arm64/bundle/cli.js  247.8kb

⚡ Done in 15ms
[build-server] CLI bundle copied to bundle/cli.js
[build-server] bootstrap copied
[build-server]   lib/known-models.json
[build-server]   lib/known-model-fallbacks.json
[build-server]   lib/default-models.json
[build-server]   lib/config.example.yaml
[build-server]   lib/identity.example.md
[build-server]   lib/agents.example.md
[build-server]   lib/identity-templates/
[build-server]   lib/agents-templates/
[build-server]   lib/agents-public-templates/
[build-server]   lib/yuan/
[build-server-open] resource files copied
[build-server] derived external deps: @node-rs/jieba, better-sqlite3, node-pty, @firecrawl/anydoc, ws, @earendil-works/pi-agent-core, @earendil-works/pi-ai, @earendil-works/pi-coding-agent, @silvia-odwyer/photon-node, @larksuiteoapi/node-sdk, node-telegram-bot-api, proxy-agent, undici, exceljs, mammoth, jsdom, qrcode, usearch
[build-server] pinned server deps: @node-rs/jieba@2.0.1, better-sqlite3@12.6.2, node-pty@1.1.0, @firecrawl/anydoc@0.1.2, ws@8.21.0, @earendil-works/pi-agent-core@0.86.0, @earendil-works/pi-ai@0.86.0, @earendil-works/pi-coding-agent@0.86.0, @silvia-odwyer/photon-node@0.3.4, @larksuiteoapi/node-sdk@1.72.0, node-telegram-bot-api@0.67.0, proxy-agent@6.5.0, undici@7.29.0, exceljs@4.4.0, mammoth@1.11.0, jsdom@29.0.2, qrcode@1.5.4, usearch@2.26.0, lru-cache@11.5.1, underscore@1.13.8, node-gyp-build@4.8.4, bindings@1.5.0
[build-server] installing external dependencies...
