VERIFIED  s2-page-css-true-old: MediaBox=[0, 0, 594.96, 420] expect≈[0,0,595.3,419.5] (A5 landscape, CSS 优先)
VERIFIED  s2-page-css-true-new: MediaBox=[0, 0, 594.96, 420] expect≈[0,0,595.3,419.5] (A5 landscape, CSS 优先)
VERIFIED  s2-page-css-false-old: MediaBox=[0, 0, 842.88, 595.92] expect≈[0,0,842.88,595.92]（old 链实测语义；两链差异=KNOWN-DIFF，见 spike 报告）
VERIFIED  s2-page-css-false-new: MediaBox=[0, 0, 594.96, 420] expect≈[0,0,594.96,420.0]（new 链实测语义；两链差异=KNOWN-DIFF，见 spike 报告）
VERIFIED  s2-break-before-old: pages=4 marker_on_pages=[2]
VERIFIED  s2-break-before-new: pages=4 marker_on_pages=[2]
VERIFIED  s3-letter-landscape-old: MediaBox=[0, 0, 792, 612] expect≈792x612
VERIFIED  s3-margins-old: inkBBox=[217, 151, 880, 398] expect top≈144 left≈216 (px@2x)
VERIFIED  s3-letter-landscape-new: MediaBox=[0, 0, 792, 612] expect≈792x612
VERIFIED  s3-margins-new: inkBBox=[217, 151, 880, 398] expect top≈144 left≈216 (px@2x)
VERIFIED  s3-margins-parity: old bbox=[217, 151, 880, 398] new bbox=[217, 151, 880, 398]
VERIFIED  s4-js-off-old: static=Y jsmarker=N
VERIFIED  s4-js-on-old: jsmarker=Y
VERIFIED  s4-js-off-new: static=Y jsmarker=N
VERIFIED  s4-js-on-new: jsmarker=Y
VERIFIED  font-negative-control: fonts embedded without injection: ['AAAAAA+STSongti-SC-Bold', 'BAAAAA+STSongti-SC-Regular', 'CAAAAA+STSongti-SC-Bold', 'DAAAAA+STSongti-SC-Bold', 'EAAAAA+PingFangSC-Semibold', 'FAA
VERIFIED  font-injection-old: {'EBGaramond': True, 'NotoSerifSC': True, 'JetBrainsMono': True} fonts=['AAAAAA+NotoSerifSC-Bold', 'ABAAAA+NotoSerifSC-Bold', 'ACAAAA+NotoSerifSC-Regular', 'BAAAAA+NotoSerifSC-Bold
VERIFIED  font-injection-new: {'EBGaramond': True, 'NotoSerifSC': True, 'JetBrainsMono': True} fonts=['AAAAAA+NotoSerifSC-Bold', 'ABAAAA+NotoSerifSC-Bold', 'ACAAAA+NotoSerifSC-Regular', 'BAAAAA+NotoSerifSC-Bold
VERIFIED  a10-cand-unauthorized-denied: fetch DENIED count=7（passwd iframe+img+master.passwd+远端+loopback canary 全部非 allowlist）
VERIFIED  a10-cand-no-leak-in-output: outcome=ok passwd-in-text=no
VERIFIED  a10-cand-canary-denied-at-fetch-layer: 候选链 fetch-log 含 loopback canary DENY=True；canary.log 命中经时间戳归属旧链窗口（旧链无拦截层，实测会真实抓取 loopback 资源——RECORD-ONLY）
VERIFIED  a10-old-canary-hit-recorded: RECORD-ONLY canary.log 行数=2（含 curl 自验 /selftest 与旧链 loopback-canary GET；时间戳归属见 R01-T05_REPORT）
VERIFIED  a10-old-reference-behavior: RECORD-ONLY old exit=0 decoy-leak-in-text=YES (生产 helper 无资源拦截层；file:// 越权内容会进入 PDF——本证据用合成诱饵，真实 /etc/passwd 泄漏已另行确认并记录于 PDF_SPIKE_REPORT)
VERIFIED  a10-cand-timeout-kill: outcome={'error': 'loadURL timed out after 5000ms', 'status': 'error'}
VERIFIED  a10-cand-no-false-artifact: s6.pdf exists=False
VERIFIED  a10-cand-cleanup: cleanup={'leftover_processes_after': [], 'leftover_processes_before_profile_rm': [], 'profile_removed': True}
VERIFIED  a10-jsoff-inert-script-ok: outcome=ok（JS 关闭时死循环惰性化，应正常产出）
VERIFIED  a10-old-infinite-reference: RECORD-ONLY old: {"job":"/tmp/r01t05-replay/job-a10i-old.json","exit_code":1,"signal":null,"spawn_error":null,"wall_ms":5321,"timed_out":false,"output_exists":false,"output_size":0
== 28 VERIFIED / 0 FAILED ==
