== building lingxi-service (rustup 1.98.1, /tmp/rust-target-r02-t03, --locked) ==
== service up addr=127.0.0.1:63251 home=/tmp/lingxi-r02t03-home-5DyjO8 ==
== A05: forged identity is ineffective ==
PASS a05-no-credential-read (http=401)
PASS a05-no-credential-read-reason (body contains 'missing_credential')
PASS a05-no-credential-execute (http=401)
PASS a05-no-credential-ws-ticket (http=401)
PASS a05-no-credential-me (http=401)
PASS a05-forged-principal-headers (http=401)
PASS a05-me-with-forged-header (http=200)
PASS a05-me-server-computed (body contains '"kind":"local_user"')
PASS a05-me-never-echoes-forged-values
PASS a05-identity-shaped-body-rejected (http=400)
PASS a05-identity-shaped-body-reason (body contains 'invalid_message')
PASS a05-forged-session-id (http=404)
PASS a05-forged-session-id-reason (body contains 'not_found')
PASS a05-forged-session-id-execute (http=404)
PASS a05-wrong-token (http=401)
PASS a05-wrong-token-reason (body contains 'invalid_credential')
PASS a05-issue-expired-credential (http=201)
PASS a05-issue-foreign-credential (http=201)
PASS a05-foreign-credential-authenticates (http=200)
PASS a05-foreign-principal-kind (body contains '"kind":"device"')
a7eb1786e78247bfa233e98bf5564e6c955df3dfc4e121c417249d5fb78aa4c2  devices.json
8b618407a015d7168057f7a9eb5c1ded80fb718eeb6c1b2d7822dd465ffb6ed5  device-credentials.json
2c13db24794be3b2930e87c516279f13015e4ae453dba475638436f48ab06263  local-token.json
state before negatives: runCounts=0 0
PASS a05-expired-credential (http=401)
PASS a05-expired-credential-reason (body contains 'invalid_credential')
PASS a05-expired-credential-execute (http=401)
a7eb1786e78247bfa233e98bf5564e6c955df3dfc4e121c417249d5fb78aa4c2  devices.json
8b618407a015d7168057f7a9eb5c1ded80fb718eeb6c1b2d7822dd465ffb6ed5  device-credentials.json
2c13db24794be3b2930e87c516279f13015e4ae453dba475638436f48ab06263  local-token.json
PASS a05-authn-failures-registry-files-byte-identical
a7eb1786e78247bfa233e98bf5564e6c955df3dfc4e121c417249d5fb78aa4c2  devices.json
8b618407a015d7168057f7a9eb5c1ded80fb718eeb6c1b2d7822dd465ffb6ed5  device-credentials.json
2c13db24794be3b2930e87c516279f13015e4ae453dba475638436f48ab06263  local-token.json
PASS a05-cross-principal-read (http=403)
PASS a05-cross-principal-read-reason (body contains 'cross_principal_access')
PASS a05-cross-principal-execute (http=403)
27545b61e1d46ac53b7fad5d977557c926d74bf12a18058771e27921d943ea04  devices.json
50a5c0730becee45b9757d52aeb469ded3f4b6a2c57bb19bf5ec0d27d2abd0cb  device-credentials.json
2c13db24794be3b2930e87c516279f13015e4ae453dba475638436f48ab06263  local-token.json
PASS a05-authz-negatives-audit-only-changes (devices-before-authz.json vs devices-after-authz.json)
PASS a05-authz-negatives-audit-only-changes (creds-before-authz.json vs creds-after-authz.json)
state after negatives:  runCounts=0 0
PASS a05-no-observable-business-state-change (runCounts stable)
PASS a05-positive-control-owner-execute (http=200)
PASS a05-positive-control-run-id (body contains '"runId":"run_')
PASS a05-positive-control-advanced-run-count (owner execute works, denied ones did not)
== A06: malicious web page cannot ride loopback ==
PASS a06-evil-origin-health (http=403)
PASS a06-evil-origin-health-reason (body contains 'bad_origin')
PASS a06-evil-origin-with-valid-token (http=403)
PASS a06-allowed-origin-http://localhost:63251 (http=200)
PASS a06-allowed-origin-http://127.0.0.1:63251 (http=200)
PASS a06-allowed-origin-file:// (http=200)
PASS a06-allowed-origin-null (http=200)
PASS a06-rebinding-origin-http://sub.localhost:1 (http=403)
PASS a06-rebinding-origin-http://127.0.0.1.evil.example (http=403)
PASS a06-foreign-host-health (http=403)
PASS a06-foreign-host-with-token (http=403)
PASS a06-localhost-host-ok (http=200)
PASS a06-rate-limit-live (429 observed)
rate window expired; continuing
PASS a06-body-limit-live (413 observed)
== WS matrix (includes a real 30s ticket-TTL wait) ==
PASS ws-evil-origin (expected=403 actual=403)
PASS ws-foreign-host (expected=403 actual=403)
PASS ws-no-credential (expected=401 actual=401)
PASS ws-ticket-legit-origin-upgrade (expected=101 actual=101)
PASS ws-server-hello (expected=True actual=True)
PASS ws-session-read-owner (expected=True actual=True)
PASS ws-ticket-replay (expected=401 actual=401)
PASS ws-no-origin-cli-bearer (expected=101 actual=101)
PASS ws-cli-server-hello (expected=True actual=True)
PASS ws-ticket-expired (expected=401 actual=401)
PASS a06-cli-no-origin-owner-read (http=200)
PASS a06-cli-query-token-local (http=200)
PASS a06-non-loopback-bind-requires-explicit-lan-mode (exit 2)
negative protocol log markers on stderr: 20 lines
== ALL CASES PASSED ==
