2026-10-01T21:17:27.519962Z  INFO lingxi_service: data root resolved effective_home=/var/folders/5r/wq54gtms21gfjgr5v94ynfyh0000gn/T//lingxi-r02t08-a15-home.oU8sJu source=cli ignored_sources=none
2026-10-01T21:17:27.521112Z  INFO lingxi_service: data root prepared (canonicalized; runtime dir private 0700) canonical_home=/private/var/folders/5r/wq54gtms21gfjgr5v94ynfyh0000gn/T/lingxi-r02t08-a15-home.oU8sJu runtime_dir=/private/var/folders/5r/wq54gtms21gfjgr5v94ynfyh0000gn/T/lingxi-r02t08-a15-home.oU8sJu/lingxi-service
2026-10-01T21:17:27.521607Z  INFO lingxi_service: single-writer lock acquired instance_id=8f5f99ec452e5997a5bdad260da212eb start_nonce=5756366bfcbdf34c pid=565 entropy="os-random-device" lock=/private/var/folders/5r/wq54gtms21gfjgr5v94ynfyh0000gn/T/lingxi-r02t08-a15-home.oU8sJu/lingxi-service/instance.lock network_mode=loopback
2026-10-01T21:17:27.536070Z  INFO lingxi_service: data-epoch gate passed home=/private/var/folders/5r/wq54gtms21gfjgr5v94ynfyh0000gn/T/lingxi-r02t08-a15-home.oU8sJu decision=ProceedStampedNew(EpochStamp { format: V2, minimum_reader_epoch: 1, committed_data_epoch: 1, last_version: Some("0.0.0") })
2026-10-01T21:17:27.587413Z  INFO lingxi_adapters::storage::run_store: run database migrated db=/private/var/folders/5r/wq54gtms21gfjgr5v94ynfyh0000gn/T/lingxi-r02t08-a15-home.oU8sJu/lingxi-service/data/runs.db applied=[1, 2, 3, 4] version=4
2026-10-01T21:17:27.588441Z  INFO lingxi_service: auth service bootstrapped (per-start loopback token, owner-only); run database migrated and seeded local_token_file=/private/var/folders/5r/wq54gtms21gfjgr5v94ynfyh0000gn/T/lingxi-r02t08-a15-home.oU8sJu/lingxi-service/local-token.json run_database=/private/var/folders/5r/wq54gtms21gfjgr5v94ynfyh0000gn/T/lingxi-r02t08-a15-home.oU8sJu/lingxi-service/data/runs.db
2026-10-01T21:17:27.599029Z  INFO lingxi_service: instance record published (atomic write) record=/private/var/folders/5r/wq54gtms21gfjgr5v94ynfyh0000gn/T/lingxi-r02t08-a15-home.oU8sJu/lingxi-service/instance.json bind_addr=127.0.0.1:63601
LINGXI_AUTH_REJECTED request_id=req-d4f0018cb3e0efabb2c12324089b1200 method=GET path=/lingxi/v1/me status=401 Unauthorized reason=missing_credential remote=127.0.0.1:63603
2026-10-01T21:17:27.883105Z  INFO lingxi_service: request handled request_id=req-d4f0018cb3e0efabb2c12324089b1200 method=GET path=/lingxi/v1/me status=401
2026-10-01T21:17:27.884394Z  INFO lingxi_service: request handled request_id=req-02a1a75c97194b2dc22c4f4bd97b98f0 method=GET path=/lingxi/v1/me status=200
2026-10-01T21:17:27.886809Z  INFO lingxi_service::sessions: run settled through the single finalize path run_id=run_000001a0f95451cd_000001 session_id="sess_local_alpha" outcome=completed.no_final.no_provider_configured input_chars=23 input_bytes=23
2026-10-01T21:17:27.886987Z  INFO lingxi_service: request handled request_id=req-9503204e3fa301fd063ce130f4dacd15 method=POST path=/lingxi/v1/sessions/sess_local_alpha/execute status=200
2026-10-01T21:17:27.887635Z  INFO lingxi_service: request handled request_id=req-f185e01c7663a1e68414e9022e151913 method=GET path=/lingxi/v1/ws status=101
2026-10-01T21:17:27.890024Z  INFO lingxi_service::sessions: run settled through the single finalize path run_id=run_000001a0f95451d1_000002 session_id="sess_local_alpha" outcome=completed.no_final.no_provider_configured input_chars=26 input_bytes=26
2026-10-01T21:17:27.890176Z  INFO lingxi_service: request handled request_id=req-186a31f6c8dc70dd94f6d8c1089b3eda method=POST path=/lingxi/v1/sessions/sess_local_alpha/execute status=200
2026-10-01T21:17:27.891017Z  INFO lingxi_service: request handled request_id=req-21feb3bad8bf266a3b03d2362e81d8cf method=GET path=/lingxi/v1/sessions/sess_local_alpha status=200
2026-10-01T21:17:27.891996Z  INFO lingxi_service: request handled request_id=req-93d7d24d2146a5c18a0fef35a6905b3d method=GET path=/lingxi/v1/sessions/sess_local_alpha/events status=200
2026-10-01T21:17:27.892578Z  INFO lingxi_service: request handled request_id=req-43fa6cb9bf88867eb17485a598e10bbd method=GET path=/lingxi/v1/ws status=101
2026-10-01T21:17:27.893911Z  WARN lingxi_service: ws session read failed err=Connection reset by peer (os error 54)
2026-10-01T21:17:27.918745Z  INFO lingxi_service: shutdown signal: SIGTERM
2026-10-01T21:17:27.919816Z  INFO lingxi_service::shutdown: run database closed (drained, WAL truncated) phase=storage_close
2026-10-01T21:17:27.920037Z  INFO lingxi_service::shutdown: own instance record removed, lock released phase=record_cleanup
2026-10-01T21:17:27.920108Z  INFO lingxi_service: lingxi-service stopped cleanly (run database closed, own record removed, lock released)
