Trying to load the allocator multiple times. This is *not* supported.
[12100:24799327:0925/125004.382788:ERROR:google_apis/gcm/engine/registration_request.cc:291] Registration response error message: DEPRECATED_ENDPOINT
Created TensorFlow Lite XNNPACK delegate for CPU.
[12175:24800318:0925/125020.381605:VERBOSE1:chrome/updater/updater.cc:374] Version: 152.0.7933.0, opt, ARM_64, command line: /Users/study_superior/Library/Application Support/Google/GoogleUpdater/152.0.7933.0/GoogleUpdater.app/Contents/MacOS/GoogleUpdater --wake-all --enable-logging --vmodule=*/components/update_client/*=2,*/chrome/enterprise_companion/*=2,*/chrome/updater/*=2
[12175:24800318:0925/125020.382278:VERBOSE1:chrome/updater/updater.cc:377] OS version: 27.0.0, arch: arm64, System uptime (seconds): 866257, parent pid: 12100
[12175:24800318:0925/125020.384344:VERBOSE1:chrome/updater/updater.cc:382] Available disk space in install directory (/Users/study_superior/Library/Application Support/Google/GoogleUpdater): 627943063552B (584.818GiB) / 994662584320B (926.352GiB)
[12175:24800318:0925/125020.384364:VERBOSE1:chrome/updater/updater.cc:386] Available disk space in temporary directory (/var/folders/5r/wq54gtms21gfjgr5v94ynfyh0000gn/T/): 627943063552B (584.818GiB) / 994662584320B (926.352GiB)
[12175:24800318:0925/125020.384441:VERBOSE2:chrome/updater/event_history.cc:265] Emitted a UPDATER_PROCESS START event to the history log
[12177:24800322:0925/125020.393842:VERBOSE1:chrome/updater/updater.cc:374] Version: 152.0.7933.0, opt, ARM_64, command line: /Users/study_superior/Library/Application Support/Google/GoogleUpdater/152.0.7933.0/GoogleUpdater.app/Contents/MacOS/GoogleUpdater --crash-handler --database=/Users/study_superior/Library/Application Support/Google/GoogleUpdater/152.0.7933.0/Crashpad --url=https://clients2.google.com/cr/report --annotation=prod=Update4 --annotation=ver=152.0.7933.0 --handshake-fd=6 --enable-logging --vmodule=*/components/update_client/*=2,*/chrome/enterprise_companion/*=2,*/chrome/updater/*=2
[12177:24800322:0925/125020.394377:VERBOSE1:chrome/updater/updater.cc:377] OS version: 27.0.0, arch: arm64, System uptime (seconds): 866257, parent pid: 1
[12177:24800322:0925/125020.396378:VERBOSE1:chrome/updater/updater.cc:382] Available disk space in install directory (/Users/study_superior/Library/Application Support/Google/GoogleUpdater): 627943055360B (584.818GiB) / 994662584320B (926.352GiB)
[12177:24800322:0925/125020.396397:VERBOSE1:chrome/updater/updater.cc:386] Available disk space in temporary directory (/var/folders/5r/wq54gtms21gfjgr5v94ynfyh0000gn/T/): 627943055360B (584.818GiB) / 994662584320B (926.352GiB)
[12177:24800322:0925/125020.396472:VERBOSE2:chrome/updater/event_history.cc:265] Emitted a UPDATER_PROCESS START event to the history log
[12175:24800318:0925/125020.397011:VERBOSE1:chrome/updater/crash_reporter.cc:124] Crash handler launched and ready.
[12175:24800318:0925/125020.397614:VERBOSE1:chrome/updater/crash_client.cc:108] Found 0 completed crash reports
[12175:24800318:0925/125020.397699:VERBOSE1:chrome/updater/crash_client.cc:132] Found 0 pending crash reports
[12175:24800318:0925/125020.397780:ERROR:third_party/crashpad/crashpad/util/file/file_io_posix.cc:145] open /Users/study_superior/Library/Application Support/Google/RLZ/Crashpad/settings.dat: No such file or directory (2)
[12175:24800318:0925/125020.397795:ERROR:third_party/crashpad/crashpad/util/file/file_io_posix.cc:145] open /Users/study_superior/Library/Application Support/Google/Measurement/Crashpad/settings.dat: No such file or directory (2)
[12175:24800318:0925/125020.397810:ERROR:third_party/crashpad/crashpad/util/file/file_io_posix.cc:145] open /Users/study_superior/Library/Application Support/Google/Chrome for Testing/Crashpad/settings.dat: No such file or directory (2)
[12175:24800318:0925/125020.397849:ERROR:third_party/crashpad/crashpad/util/file/file_io_posix.cc:145] open /Users/study_superior/Library/Application Support/Google/ChromeForTesting/Crashpad/settings.dat: No such file or directory (2)
[12175:24800318:0925/125020.397862:ERROR:third_party/crashpad/crashpad/util/file/file_io_posix.cc:145] open /Users/study_superior/Library/Application Support/Google/Chrome-headless/Crashpad/settings.dat: No such file or directory (2)
[12175:24800318:0925/125020.397889:VERBOSE1:chrome/updater/updater.cc:105] Crash reporting initialized.
[12175:24800330:0925/125020.398212:VERBOSE1:chrome/updater/app/app_wakeall.cc:58] Launching `/Users/study_superior/Library/Application Support/Google/GoogleUpdater/152.0.7933.0/GoogleUpdater.app/Contents/MacOS/GoogleUpdater --wake`
[12178:24800334:0925/125020.405433:VERBOSE1:chrome/updater/updater.cc:374] Version: 152.0.7933.0, opt, ARM_64, command line: /Users/study_superior/Library/Application Support/Google/GoogleUpdater/152.0.7933.0/GoogleUpdater.app/Contents/MacOS/GoogleUpdater --wake --enable-logging --vmodule=*/components/update_client/*=2,*/chrome/enterprise_companion/*=2,*/chrome/updater/*=2
[12178:24800334:0925/125020.406035:VERBOSE1:chrome/updater/updater.cc:377] OS version: 27.0.0, arch: arm64, System uptime (seconds): 866257, parent pid: 12175
[12178:24800334:0925/125020.407686:VERBOSE1:chrome/updater/updater.cc:382] Available disk space in install directory (/Users/study_superior/Library/Application Support/Google/GoogleUpdater): 627943047168B (584.818GiB) / 994662584320B (926.352GiB)
[12178:24800334:0925/125020.407703:VERBOSE1:chrome/updater/updater.cc:386] Available disk space in temporary directory (/var/folders/5r/wq54gtms21gfjgr5v94ynfyh0000gn/T/): 627943047168B (584.818GiB) / 994662584320B (926.352GiB)
[12178:24800334:0925/125020.407766:VERBOSE2:chrome/updater/event_history.cc:265] Emitted a UPDATER_PROCESS START event to the history log
[12180:24800338:0925/125020.416933:VERBOSE1:chrome/updater/updater.cc:374] Version: 152.0.7933.0, opt, ARM_64, command line: /Users/study_superior/Library/Application Support/Google/GoogleUpdater/152.0.7933.0/GoogleUpdater.app/Contents/MacOS/GoogleUpdater --crash-handler --database=/Users/study_superior/Library/Application Support/Google/GoogleUpdater/152.0.7933.0/Crashpad --url=https://clients2.google.com/cr/report --annotation=prod=Update4 --annotation=ver=152.0.7933.0 --handshake-fd=6 --enable-logging --vmodule=*/components/update_client/*=2,*/chrome/enterprise_companion/*=2,*/chrome/updater/*=2
[12180:24800338:0925/125020.417457:VERBOSE1:chrome/updater/updater.cc:377] OS version: 27.0.0, arch: arm64, System uptime (seconds): 866257, parent pid: 1
[12180:24800338:0925/125020.419178:VERBOSE1:chrome/updater/updater.cc:382] Available disk space in install directory (/Users/study_superior/Library/Application Support/Google/GoogleUpdater): 627943047168B (584.818GiB) / 994662584320B (926.352GiB)
[12180:24800338:0925/125020.419194:VERBOSE1:chrome/updater/updater.cc:386] Available disk space in temporary directory (/var/folders/5r/wq54gtms21gfjgr5v94ynfyh0000gn/T/): 627943047168B (584.818GiB) / 994662584320B (926.352GiB)
[12180:24800338:0925/125020.419274:VERBOSE2:chrome/updater/event_history.cc:265] Emitted a UPDATER_PROCESS START event to the history log
[12178:24800334:0925/125020.419896:VERBOSE1:chrome/updater/crash_reporter.cc:124] Crash handler launched and ready.
[12178:24800334:0925/125020.420472:VERBOSE1:chrome/updater/crash_client.cc:108] Found 0 completed crash reports
[12178:24800334:0925/125020.420540:VERBOSE1:chrome/updater/crash_client.cc:132] Found 0 pending crash reports
[12178:24800334:0925/125020.420612:ERROR:third_party/crashpad/crashpad/util/file/file_io_posix.cc:145] open /Users/study_superior/Library/Application Support/Google/RLZ/Crashpad/settings.dat: No such file or directory (2)
[12178:24800334:0925/125020.420626:ERROR:third_party/crashpad/crashpad/util/file/file_io_posix.cc:145] open /Users/study_superior/Library/Application Support/Google/Measurement/Crashpad/settings.dat: No such file or directory (2)
[12178:24800334:0925/125020.420639:ERROR:third_party/crashpad/crashpad/util/file/file_io_posix.cc:145] open /Users/study_superior/Library/Application Support/Google/Chrome for Testing/Crashpad/settings.dat: No such file or directory (2)
[12178:24800334:0925/125020.420676:ERROR:third_party/crashpad/crashpad/util/file/file_io_posix.cc:145] open /Users/study_superior/Library/Application Support/Google/ChromeForTesting/Crashpad/settings.dat: No such file or directory (2)
[12178:24800334:0925/125020.420694:ERROR:third_party/crashpad/crashpad/util/file/file_io_posix.cc:145] open /Users/study_superior/Library/Application Support/Google/Chrome-headless/Crashpad/settings.dat: No such file or directory (2)
[12178:24800334:0925/125020.420708:VERBOSE1:chrome/updater/updater.cc:105] Crash reporting initialized.
[12178:24800334:0925/125020.420856:VERBOSE1:chrome/updater/ipc/update_service_internal_proxy_mojo.cc:61] Run
[12100:24799327:0925/125025.123421:ERROR:google_apis/gcm/engine/registration_request.cc:291] Registration response error message: QUOTA_EXCEEDED
[12178:24800334:0925/125037.324584:VERBOSE1:chrome/updater/app/app.cc:52] Shutdown: 0
[12178:24800334:0925/125037.324907:VERBOSE2:chrome/updater/event_history.cc:265] Emitted a UPDATER_PROCESS END event to the history log
[12178:24800334:0925/125037.324943:VERBOSE1:chrome/updater/updater.cc:419] UpdaterMain (--wake) returned 0.
[12175:24800330:0925/125037.581184:VERBOSE1:chrome/updater/app/app_wakeall.cc:68] `/Users/study_superior/Library/Application Support/Google/GoogleUpdater/152.0.7933.0/GoogleUpdater.app/Contents/MacOS/GoogleUpdater --wake` exited 0
[12175:24800318:0925/125037.581296:VERBOSE1:chrome/updater/app/app.cc:52] Shutdown: 0
[12175:24800318:0925/125037.581626:VERBOSE2:chrome/updater/event_history.cc:265] Emitted a UPDATER_PROCESS END event to the history log
[12175:24800318:0925/125037.581653:VERBOSE1:chrome/updater/updater.cc:419] UpdaterMain (--wake-all) returned 0.
[12180:24800338:0925/125047.341724:VERBOSE2:chrome/updater/event_history.cc:265] Emitted a UPDATER_PROCESS END event to the history log
[12180:24800338:0925/125047.341815:VERBOSE1:chrome/updater/updater.cc:419] UpdaterMain (--crash-handler) returned 0.
[12177:24800322:0925/125047.343581:VERBOSE2:chrome/updater/event_history.cc:265] Emitted a UPDATER_PROCESS END event to the history log
[12177:24800322:0925/125047.343837:VERBOSE1:chrome/updater/updater.cc:419] UpdaterMain (--crash-handler) returned 0.
[12100:24799327:0925/125110.351354:ERROR:google_apis/gcm/engine/connection_factory_impl.cc:484] ConnectionHandler failed with net error: -2
