Trying to load the allocator multiple times. This is *not* supported.
[12281:24801330:0925/125127.466182:ERROR:google_apis/gcm/engine/registration_request.cc:291] Registration response error message: DEPRECATED_ENDPOINT
Created TensorFlow Lite XNNPACK delegate for CPU.
[12392:24802335:0925/125143.156184:VERBOSE1:chrome/updater/updater.cc:374] Version: 152.0.7933.0, opt, ARM_64, command line: /Users/study_superior/Library/Application Support/Google/GoogleUpdater/152.0.7933.0/GoogleUpdater.app/Contents/MacOS/GoogleUpdater --wake-all --enable-logging --vmodule=*/components/update_client/*=2,*/chrome/enterprise_companion/*=2,*/chrome/updater/*=2
[12392:24802335:0925/125143.156920:VERBOSE1:chrome/updater/updater.cc:377] OS version: 27.0.0, arch: arm64, System uptime (seconds): 866340, parent pid: 12281
[12392:24802335:0925/125143.159196:VERBOSE1:chrome/updater/updater.cc:382] Available disk space in install directory (/Users/study_superior/Library/Application Support/Google/GoogleUpdater): 627900190720B (584.778GiB) / 994662584320B (926.352GiB)
[12392:24802335:0925/125143.159264:VERBOSE1:chrome/updater/updater.cc:386] Available disk space in temporary directory (/var/folders/5r/wq54gtms21gfjgr5v94ynfyh0000gn/T/): 627900190720B (584.778GiB) / 994662584320B (926.352GiB)
[12392:24802335:0925/125143.159376:VERBOSE2:chrome/updater/event_history.cc:265] Emitted a UPDATER_PROCESS START event to the history log
[12394:24802340:0925/125143.170446:VERBOSE1:chrome/updater/updater.cc:374] Version: 152.0.7933.0, opt, ARM_64, command line: /Users/study_superior/Library/Application Support/Google/GoogleUpdater/152.0.7933.0/GoogleUpdater.app/Contents/MacOS/GoogleUpdater --crash-handler --database=/Users/study_superior/Library/Application Support/Google/GoogleUpdater/152.0.7933.0/Crashpad --url=https://clients2.google.com/cr/report --annotation=prod=Update4 --annotation=ver=152.0.7933.0 --handshake-fd=6 --enable-logging --vmodule=*/components/update_client/*=2,*/chrome/enterprise_companion/*=2,*/chrome/updater/*=2
[12394:24802340:0925/125143.171076:VERBOSE1:chrome/updater/updater.cc:377] OS version: 27.0.0, arch: arm64, System uptime (seconds): 866340, parent pid: 1
[12394:24802340:0925/125143.172915:VERBOSE1:chrome/updater/updater.cc:382] Available disk space in install directory (/Users/study_superior/Library/Application Support/Google/GoogleUpdater): 627900182528B (584.778GiB) / 994662584320B (926.352GiB)
[12394:24802340:0925/125143.172938:VERBOSE1:chrome/updater/updater.cc:386] Available disk space in temporary directory (/var/folders/5r/wq54gtms21gfjgr5v94ynfyh0000gn/T/): 627900182528B (584.778GiB) / 994662584320B (926.352GiB)
[12394:24802340:0925/125143.173062:VERBOSE2:chrome/updater/event_history.cc:265] Emitted a UPDATER_PROCESS START event to the history log
[12392:24802335:0925/125143.173631:VERBOSE1:chrome/updater/crash_reporter.cc:124] Crash handler launched and ready.
[12392:24802335:0925/125143.174339:VERBOSE1:chrome/updater/crash_client.cc:108] Found 0 completed crash reports
[12392:24802335:0925/125143.174445:VERBOSE1:chrome/updater/crash_client.cc:132] Found 0 pending crash reports
[12392:24802335:0925/125143.174544:ERROR:third_party/crashpad/crashpad/util/file/file_io_posix.cc:145] open /Users/study_superior/Library/Application Support/Google/RLZ/Crashpad/settings.dat: No such file or directory (2)
[12392:24802335:0925/125143.174565:ERROR:third_party/crashpad/crashpad/util/file/file_io_posix.cc:145] open /Users/study_superior/Library/Application Support/Google/Measurement/Crashpad/settings.dat: No such file or directory (2)
[12392:24802335:0925/125143.174588:ERROR:third_party/crashpad/crashpad/util/file/file_io_posix.cc:145] open /Users/study_superior/Library/Application Support/Google/Chrome for Testing/Crashpad/settings.dat: No such file or directory (2)
[12392:24802335:0925/125143.174642:ERROR:third_party/crashpad/crashpad/util/file/file_io_posix.cc:145] open /Users/study_superior/Library/Application Support/Google/ChromeForTesting/Crashpad/settings.dat: No such file or directory (2)
[12392:24802335:0925/125143.174661:ERROR:third_party/crashpad/crashpad/util/file/file_io_posix.cc:145] open /Users/study_superior/Library/Application Support/Google/Chrome-headless/Crashpad/settings.dat: No such file or directory (2)
[12392:24802335:0925/125143.174702:VERBOSE1:chrome/updater/updater.cc:105] Crash reporting initialized.
[12392:24802348:0925/125143.174989:VERBOSE1:chrome/updater/app/app_wakeall.cc:58] Launching `/Users/study_superior/Library/Application Support/Google/GoogleUpdater/152.0.7933.0/GoogleUpdater.app/Contents/MacOS/GoogleUpdater --wake`
[12395:24802352:0925/125143.183379:VERBOSE1:chrome/updater/updater.cc:374] Version: 152.0.7933.0, opt, ARM_64, command line: /Users/study_superior/Library/Application Support/Google/GoogleUpdater/152.0.7933.0/GoogleUpdater.app/Contents/MacOS/GoogleUpdater --wake --enable-logging --vmodule=*/components/update_client/*=2,*/chrome/enterprise_companion/*=2,*/chrome/updater/*=2
[12395:24802352:0925/125143.184040:VERBOSE1:chrome/updater/updater.cc:377] OS version: 27.0.0, arch: arm64, System uptime (seconds): 866340, parent pid: 12392
[12395:24802352:0925/125143.186013:VERBOSE1:chrome/updater/updater.cc:382] Available disk space in install directory (/Users/study_superior/Library/Application Support/Google/GoogleUpdater): 627900178432B (584.778GiB) / 994662584320B (926.352GiB)
[12395:24802352:0925/125143.186032:VERBOSE1:chrome/updater/updater.cc:386] Available disk space in temporary directory (/var/folders/5r/wq54gtms21gfjgr5v94ynfyh0000gn/T/): 627900178432B (584.778GiB) / 994662584320B (926.352GiB)
[12395:24802352:0925/125143.186126:VERBOSE2:chrome/updater/event_history.cc:265] Emitted a UPDATER_PROCESS START event to the history log
[12397:24802356:0925/125143.195951:VERBOSE1:chrome/updater/updater.cc:374] Version: 152.0.7933.0, opt, ARM_64, command line: /Users/study_superior/Library/Application Support/Google/GoogleUpdater/152.0.7933.0/GoogleUpdater.app/Contents/MacOS/GoogleUpdater --crash-handler --database=/Users/study_superior/Library/Application Support/Google/GoogleUpdater/152.0.7933.0/Crashpad --url=https://clients2.google.com/cr/report --annotation=prod=Update4 --annotation=ver=152.0.7933.0 --handshake-fd=6 --enable-logging --vmodule=*/components/update_client/*=2,*/chrome/enterprise_companion/*=2,*/chrome/updater/*=2
[12397:24802356:0925/125143.196597:VERBOSE1:chrome/updater/updater.cc:377] OS version: 27.0.0, arch: arm64, System uptime (seconds): 866340, parent pid: 1
[12397:24802356:0925/125143.198446:VERBOSE1:chrome/updater/updater.cc:382] Available disk space in install directory (/Users/study_superior/Library/Application Support/Google/GoogleUpdater): 627900178432B (584.778GiB) / 994662584320B (926.352GiB)
[12397:24802356:0925/125143.198478:VERBOSE1:chrome/updater/updater.cc:386] Available disk space in temporary directory (/var/folders/5r/wq54gtms21gfjgr5v94ynfyh0000gn/T/): 627900178432B (584.778GiB) / 994662584320B (926.352GiB)
[12397:24802356:0925/125143.198597:VERBOSE2:chrome/updater/event_history.cc:265] Emitted a UPDATER_PROCESS START event to the history log
[12395:24802352:0925/125143.199226:VERBOSE1:chrome/updater/crash_reporter.cc:124] Crash handler launched and ready.
[12395:24802352:0925/125143.199917:VERBOSE1:chrome/updater/crash_client.cc:108] Found 0 completed crash reports
[12395:24802352:0925/125143.200014:VERBOSE1:chrome/updater/crash_client.cc:132] Found 0 pending crash reports
[12395:24802352:0925/125143.200096:ERROR:third_party/crashpad/crashpad/util/file/file_io_posix.cc:145] open /Users/study_superior/Library/Application Support/Google/RLZ/Crashpad/settings.dat: No such file or directory (2)
[12395:24802352:0925/125143.200112:ERROR:third_party/crashpad/crashpad/util/file/file_io_posix.cc:145] open /Users/study_superior/Library/Application Support/Google/Measurement/Crashpad/settings.dat: No such file or directory (2)
[12395:24802352:0925/125143.200127:ERROR:third_party/crashpad/crashpad/util/file/file_io_posix.cc:145] open /Users/study_superior/Library/Application Support/Google/Chrome for Testing/Crashpad/settings.dat: No such file or directory (2)
[12395:24802352:0925/125143.200166:ERROR:third_party/crashpad/crashpad/util/file/file_io_posix.cc:145] open /Users/study_superior/Library/Application Support/Google/ChromeForTesting/Crashpad/settings.dat: No such file or directory (2)
[12395:24802352:0925/125143.200187:ERROR:third_party/crashpad/crashpad/util/file/file_io_posix.cc:145] open /Users/study_superior/Library/Application Support/Google/Chrome-headless/Crashpad/settings.dat: No such file or directory (2)
[12395:24802352:0925/125143.200203:VERBOSE1:chrome/updater/updater.cc:105] Crash reporting initialized.
[12395:24802352:0925/125143.200357:VERBOSE1:chrome/updater/ipc/update_service_internal_proxy_mojo.cc:61] Run
[12281:24801330:0925/125152.081745:ERROR:google_apis/gcm/engine/registration_request.cc:291] Registration response error message: DEPRECATED_ENDPOINT
[12395:24802352:0925/125159.634058:VERBOSE1:chrome/updater/app/app.cc:52] Shutdown: 0
[12395:24802352:0925/125159.634344:VERBOSE2:chrome/updater/event_history.cc:265] Emitted a UPDATER_PROCESS END event to the history log
[12395:24802352:0925/125159.634374:VERBOSE1:chrome/updater/updater.cc:419] UpdaterMain (--wake) returned 0.
[12392:24802348:0925/125159.884783:VERBOSE1:chrome/updater/app/app_wakeall.cc:68] `/Users/study_superior/Library/Application Support/Google/GoogleUpdater/152.0.7933.0/GoogleUpdater.app/Contents/MacOS/GoogleUpdater --wake` exited 0
[12392:24802335:0925/125159.884922:VERBOSE1:chrome/updater/app/app.cc:52] Shutdown: 0
[12392:24802335:0925/125159.885243:VERBOSE2:chrome/updater/event_history.cc:265] Emitted a UPDATER_PROCESS END event to the history log
[12392:24802335:0925/125159.885286:VERBOSE1:chrome/updater/updater.cc:419] UpdaterMain (--wake-all) returned 0.
[12397:24802356:0925/125209.649586:VERBOSE2:chrome/updater/event_history.cc:265] Emitted a UPDATER_PROCESS END event to the history log
[12397:24802356:0925/125209.649633:VERBOSE1:chrome/updater/updater.cc:419] UpdaterMain (--crash-handler) returned 0.
[12394:24802340:0925/125209.650963:VERBOSE2:chrome/updater/event_history.cc:265] Emitted a UPDATER_PROCESS END event to the history log
[12394:24802340:0925/125209.651223:VERBOSE1:chrome/updater/updater.cc:419] UpdaterMain (--crash-handler) returned 0.
[12281:24801330:0925/125233.799279:ERROR:google_apis/gcm/engine/connection_factory_impl.cc:484] ConnectionHandler failed with net error: -2
[12281:24801330:0925/125235.925901:ERROR:google_apis/gcm/engine/registration_request.cc:291] Registration response error message: QUOTA_EXCEEDED
