R03-T02-E01 — verification commands (all via rustup-pinned toolchain 1.98.1 + --locked; CARGO_TARGET_DIR=/tmp/r03-t02-target)
Working tree candidate on HEAD 8b2f2cd59 (= TASK_BASE_SHA, no commit).

cargo fmt --manifest-path rust/Cargo.toml --all -- --check                    exit 0  (fmt-check.log: empty = no diff)
cargo clippy --manifest-path rust/Cargo.toml --workspace --all-targets --locked -- -D warnings   exit 0  (clippy.log: 0 errors/warnings)
cargo test --manifest-path rust/Cargo.toml --locked --workspace               exit 0  (workspace-test.log: 499 passed / 0 failed / 48 suites ok)
cargo run --manifest-path rust/Cargo.toml --locked -p xtask -- check-contracts   exit 0  (check-contracts.log: 56 generated files + API_COMPAT_MATRIX 626 entries drift-free)
cargo run --manifest-path rust/Cargo.toml --locked -p xtask -- check-boundaries  exit 0  (check-boundaries.log: DEP-07/08/D5 PASS)
R03_T02_EVIDENCE=<abs path> cargo test -p lingxi-service --test session_serialization -- --nocapture   exit 0  (a03-a04-session-serialization.log: 5 passed + R03_A03/A04_TRACE lines; r03-t02-evidence.json)
verify-stage R03: NOT registered (R03-T08 duty) — not run, not claimed.

Targeted filters (see filters.log; every filter has non-zero hits):
  -p lingxi-service --lib -- quotas                     => 6 passed
  -p lingxi-service --lib -- session_supervisor          => 5 passed
  -p lingxi-service --test session_serialization         => 5 passed
  -p lingxi-service --lib -- sessions::                  => 8 passed
  -p lingxi-service --test execute_concurrency           => 3 passed
  -p lingxi-service --test run_lifecycle                 => 12 passed
  -p lingxi-service --test event_subscription            => 12 passed
  -p lingxi-service --test service_persistence           => 2 passed
  -p lingxi-kernel --lib                                  => 22 passed
  -p lingxi-adapters --test run_finalize_property        => 2 passed
  -p lingxi-adapters --test storage_transactions         => 7 passed
  -p lingxi-adapters --test run_id_allocator             => 5 passed
  -p lingxi-adapters --test event_store_reads            => 3 passed
  -p lingxi-adapters --test backup_restore               => 11 passed

Environment-interference control experiment (documented in report §8):
  Baseline (git stash) -p lingxi-service --test r00_management_leaves => 1 passed (3/3 runs)
  Baseline + ONLY tokio dev-dep feature test-util (same test source)  => FAILED: LAN self-connect stall (1/1 run)
  Final candidate (no tokio feature change): 1 passed, inside workspace-test.log.
