=== check-contracts ===
   Compiling serde_core v1.0.229
   Compiling serde_json v1.0.151
   Compiling memchr v2.8.3
   Compiling digest v0.11.3
   Compiling sha2 v0.11.0
   Compiling xtask v0.1.0 (/Users/study_superior/Desktop/Code/LingxiAgent/rust/crates/xtask)
    Finished `dev` profile [unoptimized + debuginfo] target(s) in 3.86s
     Running `/tmp/r03-t05-target/debug/xtask check-contracts`
xtask: running [bash scripts/rust-tauri/r01-t02-check-generated.sh] in /Users/study_superior/Desktop/Code/LingxiAgent
== toolchain: rustup run 1.98.1 (rustc 1.98.1 (48a229cea 2026-09-01))
== [1/2] contracts/generated (lingxi-protocol-gen --check)
OK: 56 generated files match regeneration (no diff) under /Users/study_superior/Desktop/Code/LingxiAgent/contracts/generated
== [2/2] API_COMPAT_MATRIX.json (extract --check)
OK: API_COMPAT_MATRIX.json matches regeneration (626 entries)
OK: all generated artifacts are drift-free
xtask: [bash scripts/rust-tauri/r01-t02-check-generated.sh] exit 0 (OK)
CONTRACTS_EXIT=0
=== check-boundaries ===
    Finished `dev` profile [unoptimized + debuginfo] target(s) in 0.04s
     Running `/tmp/r03-t05-target/debug/xtask check-boundaries`
xtask: running [python3 -B docs/rust-tauri/R01/r01_t01_check_ownership.py] in /Users/study_superior/Desktop/Code/LingxiAgent
PASS O1 OK: 736 features, exactly one assignment each
PASS O3/O6 OK: every feature owner exists and is an authority kind
PASS O2 OK: 69 stores, exactly one owner each
PASS O8 OK: authoritative stores owned by authority kinds, written by rust-service only
PASS O4/O5 OK: 11 critical facts, single authority-kind owner each
PASS O7 OK: counts coherent
PASS O7-drift OK: OWNERSHIP_TARGET_UP_TO_DATE features=736 stores=69
PASS D5 OK: module registry matches disk and cargo metadata (exists modules present, planned modules absent)
PASS rule DEP-01 OK for module lingxi-protocol
PASS rule DEP-02 OK for module lingxi-kernel
PASS rule DEP-03 OK for module lingxi-kernel
PASS rule DEP-04 OK for module lingxi-protocol
PASS rule DEP-09 OK for module lingxi-adapters
PASS rule DEP-06 OK for module lingxi-kernel
PASS rule DEP-07 OK for module lingxi-protocol
PASS rule DEP-07 OK for module lingxi-kernel
PASS rule DEP-07 OK for module lingxi-adapters
PASS rule DEP-07 OK for module lingxi-service
PASS rule DEP-07 OK for module xtask
PASS rule DEP-07 OK for module lingxi-spike
PASS rule DEP-07 OK for module lingxi-browser-spike
PASS rule DEP-08 OK for module lingxi-kernel
PASS D5-reverse OK: every cargo workspace member is a registered module
RESULT: OK (ownership contract + dependency rules + negative battery)
xtask: [python3 -B docs/rust-tauri/R01/r01_t01_check_ownership.py] exit 0 (OK)
BOUNDARIES_EXIT=0
