
 RUN  v4.1.10 /Users/study_superior/Desktop/Code/LingxiAgent

 ✓ tests/round3-delivery-evidence.test.ts > round3 C01-C03 候选交付证据契约 > C03-回归守卫: round2 交付日志全部存在且哈希可复算（缺一即失败） 52ms
 ✓ tests/round3-delivery-evidence.test.ts > round3 C01-C03 候选交付证据契约 > round3: 每条命令记录的日志存在、哈希可复算、manifest 齐备 18ms
 × tests/round3-delivery-evidence.test.ts > round3 C01-C03 候选交付证据契约 > round3: 源码 manifest 可复算，且覆盖本轮新增源码与测试 100ms
   → Command failed: node /Users/study_superior/Desktop/Code/LingxiAgent/.sync-audit/verify-post-verification-diff.mjs
✗ VERIFIED_SOURCE_SHA 之后出现非审计文件改动（禁止修改生产代码/测试逻辑/runtime artifacts）:
  - BLOCKED.md
  - CONTRIBUTING.md
  - README.md
  - README_EN.md
  - RELEASE_VERSIONING.md
  - docs/README.md
  - git-ui-relocation-mockup.html

 ✓ tests/round3-delivery-evidence.test.ts > round3 C01-C03 候选交付证据契约 > round3: 存在与最终源码摘要一致、执行期间无漂移的绿色门禁 1ms
 ✓ tests/round3-delivery-evidence.test.ts > round3 C01-C03 候选交付证据契约 > round3: 增量补丁存在且重放验证通过（生成脚本输出 VERIFIED 并入库为记录） 44ms
 ✓ tests/round2-delivery-evidence.test.ts > R10 round2 交付证据契约 > R10-01: 旧 F7/D 系列明确 superseded，当前无语音输入组件要求与保留能力写清 38ms
 ✓ tests/round2-delivery-evidence.test.ts > R10 round2 交付证据契约 > R10-02: COMMAND_RESULTS 的日志与源码 manifest 均存在且 SHA-256 可复算 228ms
 × tests/round2-delivery-evidence.test.ts > R10 round2 交付证据契约 > R10-03: 当前源码摘要可复算，且存在同摘要、执行期间未漂移的绿色门禁 97ms
   → Command failed: node /Users/study_superior/Desktop/Code/LingxiAgent/.sync-audit/verify-post-verification-diff.mjs
✗ VERIFIED_SOURCE_SHA 之后出现非审计文件改动（禁止修改生产代码/测试逻辑/runtime artifacts）:
  - BLOCKED.md
  - CONTRIBUTING.md
  - README.md
  - README_EN.md
  - RELEASE_VERSIONING.md
  - docs/README.md
  - git-ui-relocation-mockup.html

 × tests/round2-delivery-evidence.test.ts > R10 round2 交付证据契约 > R10-04: tracked 与 untracked 源文件全部进入 manifest，证据/报告/补丁排除规则明示 88ms
   → Command failed: node /Users/study_superior/Desktop/Code/LingxiAgent/.sync-audit/verify-post-verification-diff.mjs
✗ VERIFIED_SOURCE_SHA 之后出现非审计文件改动（禁止修改生产代码/测试逻辑/runtime artifacts）:
  - BLOCKED.md
  - CONTRIBUTING.md
  - README.md
  - README_EN.md
  - RELEASE_VERSIONING.md
  - docs/README.md
  - git-ui-relocation-mockup.html

 ✓ tests/round2-delivery-evidence.test.ts > R10 round2 交付证据契约 > R10-05: R01-R09 每项均绑定存在的真实测试文件、runner 标题、日志与源码摘要 16ms
 ✓ tests/round2-delivery-evidence.test.ts > R10 round2 交付证据契约 > S11-X2: X2-01 至 X2-12 均绑定最终联合回归的真实测试、日志与源码摘要 3ms
 ✓ tests/round2-delivery-evidence.test.ts > R10 round2 交付证据契约 > R10-06: 真机权限、真实供应商和其他平台只标 BLOCKED，不伪装成本地通过 0ms
 ✓ tests/round2-delivery-evidence.test.ts > R10 round2 交付证据契约 > R10-07/08: 失败与成功记录并存且 exit 未改写，历史缺失日志明确 unavailable 0ms
 ✓ tests/round2-delivery-evidence.test.ts > R10 round2 交付证据契约 > R10-09: 增量补丁从干净 89bc0b64 重放后，源码摘要与当前工作树完全一致 4911ms
 ✓ tests/round2-delivery-evidence.test.ts > R10 round2 交付证据契约 > R10-10: 本轮日志不泄漏真实用户路径，旧听写流程只以历史/superseded 身份出现 16ms

 Test Files  2 failed (2)
      Tests  3 failed | 12 passed (15)
   Start at  20:49:42
   Duration  5.51s (transform 56ms, setup 40ms, import 29ms, tests 5.62s, environment 0ms)

