?? Lingxi_Refactor_Taskbooks_2026-09-21/
?? artifacts/refactor-2026/
---untracked-detail---
?? "Lingxi_Refactor_Taskbooks_2026-09-21/00_README_\346\200\273\345\205\245\345\217\243.md"
?? "Lingxi_Refactor_Taskbooks_2026-09-21/01_\351\200\232\347\224\250\346\211\247\350\241\214\347\272\246\346\235\237.md"
?? "Lingxi_Refactor_Taskbooks_2026-09-21/90_\346\272\220\347\240\201\344\276\235\346\215\256\344\270\216\345\217\202\350\200\203\350\265\204\346\226\231.md"
?? "Lingxi_Refactor_Taskbooks_2026-09-21/91_\346\211\247\350\241\214\346\217\220\347\244\272\350\257\215.md"
?? "Lingxi_Refactor_Taskbooks_2026-09-21/92_\344\272\244\344\273\230\344\270\216\351\252\214\346\224\266\346\250\241\346\235\277.md"
?? "Lingxi_Refactor_Taskbooks_2026-09-21/93_\344\273\273\345\212\241\344\271\246\350\264\250\351\207\217\346\243\200\346\237\245\346\212\245\345\221\212.md"
?? Lingxi_Refactor_Taskbooks_2026-09-21/MANIFEST.sha256
?? "Lingxi_Refactor_Taskbooks_2026-09-21/P00_\345\237\272\347\272\277\343\200\201\350\214\203\345\233\264\344\270\216\351\252\214\346\224\266\345\234\260\345\233\276.md"
?? "Lingxi_Refactor_Taskbooks_2026-09-21/P01_\346\250\241\345\235\227\350\276\271\347\225\214\343\200\201Pi\351\200\202\351\205\215\344\270\216\344\270\245\346\240\274\347\261\273\345\236\213\345\205\245\345\217\243.md"
?? "Lingxi_Refactor_Taskbooks_2026-09-21/P02_\350\277\220\350\241\214\350\272\253\344\273\275\343\200\201\347\224\237\345\221\275\345\221\250\346\234\237\343\200\201\345\217\226\346\266\210\344\270\216\346\201\242\345\244\215.md"
?? "Lingxi_Refactor_Taskbooks_2026-09-21/P03_\345\267\245\345\205\267\347\233\256\345\275\225\343\200\201\345\217\202\346\225\260\345\245\221\347\272\246\344\270\216\347\273\237\344\270\200\346\211\247\350\241\214\350\276\271\347\225\214.md"
?? "Lingxi_Refactor_Taskbooks_2026-09-21/P04_\346\250\241\345\236\213\343\200\201\345\207\255\350\257\201\343\200\201\346\265\201\345\274\217\350\257\267\346\261\202\344\270\216\347\224\250\351\207\217\350\247\202\346\265\213.md"
?? "Lingxi_Refactor_Taskbooks_2026-09-21/P05_\346\266\210\346\201\257\350\257\255\344\271\211\343\200\201\345\216\206\345\217\262\346\201\242\345\244\215\343\200\201\350\265\204\346\272\220\344\270\216\346\225\260\346\215\256\345\205\274\345\256\271.md"
?? "Lingxi_Refactor_Taskbooks_2026-09-21/P06_\344\270\212\344\270\213\346\226\207\343\200\201\346\217\220\347\244\272\350\257\215\343\200\201\350\256\260\345\277\206\344\270\216\350\203\275\345\212\233\351\233\206\346\210\220.md"
?? "Lingxi_Refactor_Taskbooks_2026-09-21/P07_\345\217\257\346\265\213\351\207\217\347\232\204\345\220\257\345\212\250\343\200\201\350\277\220\350\241\214\344\270\216\347\225\214\351\235\242\346\200\247\350\203\275\344\274\230\345\214\226.md"
?? "Lingxi_Refactor_Taskbooks_2026-09-21/P08_\346\227\247\350\267\257\345\276\204\351\200\200\345\207\272\343\200\201\345\205\250\344\272\247\345\223\201\345\233\236\345\275\222\344\270\216\345\217\221\345\270\203\345\207\206\345\244\207.md"
?? Lingxi_Refactor_Taskbooks_2026-09-21/acceptance-catalog.json
?? artifacts/refactor-2026/P00/tools/run-logged.mjs
