   Compiling lingxi-service v0.0.0 (/Users/study_superior/r05t08-work/negcopy/rust/crates/lingxi-service)
    Finished `test` profile [unoptimized + debuginfo] target(s) in 2.64s
     Running unittests src/lib.rs (/Users/study_superior/.cache/lingxi-r05-neg-target/debug/deps/lingxi_service-e3bc4c3de2485d8f)

running 350 tests
test auth::tests::constant_time_eq_basics ... ok
test auth::tests::scope_namespace_expansion ... ok
test auth::tests::bearer_parsing_mirrors_incumbent ... ok
test approval_service::tests::approval_policy_resolution_follows_the_incumbent ... ok
test auth::tests::route_policy_table ... ok
test approval_service::tests::answer_surface_is_ownership_checked_and_deterministic ... ok
test approval_service::tests::degenerate_grants_are_refused_loudly ... ok
test approval_service::tests::sup01_ask_subagent_write_is_the_structured_refusal ... ok
test artifactverify::tests::uri_extraction_and_gateway_audit_shape ... ok
test approval_service::tests::user_mode_matrix_matches_the_incumbent ... ok
test approval_service::tests::preauthorization_key_discrimination_and_use_budget ... ok
test cancel::tests::degenerate_policy_refuses_validation ... ok
test cancel::tests::late_children_of_a_cancelled_scope_inherit_without_new_reason ... ok
test cancel::tests::a_child_scope_never_cancels_its_parent ... ok
test cancel::tests::budget_counts_from_the_request_moment ... ok
test cancel::tests::is_cancelled_walks_the_ancestor_chain ... ok
test cancel::tests::claim_honors_a_parent_tree_cancellation_the_phase_has_not_seen ... ok
test cancel::tests::registry_fire_tracks_the_first_reason_and_is_idempotent ... ok
test cancel::tests::fire_landing_after_the_cleaning_leg_writes_nothing_back ... ok
test cancel::tests::claim_after_an_accepted_cancel_diverts_with_the_first_reason ... ok
test cancel::tests::cancelling_a_parent_eagerly_cancels_the_whole_tree ... ok
test cancel::tests::fire_after_the_terminal_claim_is_too_late_and_never_fires_the_tree ... ok
test cancel::tests::register_linked_under_cancelled_parent_inherits ... ok
test cancel::tests::linked_run_root_receives_the_parent_cancellation ... ok
test cancel::tests::settled_verdicts_stay_queryable_and_normal_settles_leave_none ... ok
test config::tests::cli_parses_all_flags ... ok
test config::tests::cli_network_mode_strictness ... ok
test config::tests::cli_empty_is_no_flags_not_an_error ... ok
test config::tests::cli_rejects_duplicate_bind_and_config_and_test_mode ... ok
test config::tests::cli_rejects_duplicate_home ... ok
test config::tests::cli_rejects_equals_form_and_unknown_tokens ... ok
test config::tests::cli_rejects_flag_shaped_values_instead_of_consuming_them ... ok
test config::tests::cli_rejects_missing_values ... ok
test config::tests::cli_shutdown_timeout_strictness ... ok
test config::tests::config_file_missing_is_loud ... ok
test config::tests::limit_flag_ranges_accept_native_maxima_losslessly ... ok
test config::tests::limit_flag_ranges_reject_above_the_documented_maxima ... ok
test config::tests::limit_flag_ranges_accept_the_documented_boundaries ... ok
test config::tests::limit_flag_ranges_reject_below_the_documented_minima ... ok
test config::tests::limit_flags_parse_strictly ... ok
test config::tests::limit_flags_reject_garbage_zero_and_flag_shaped_values ... ok
test config::tests::log_flag_range_violations_are_parse_time_errors ... ok
test config::tests::precedence_cli_wins_but_broken_config_is_still_loud ... ok
test artifactverify::tests::directory_claims_are_not_file_deliverables ... ok
test config::tests::service_config_reads_workspace_and_embedded_model_plane ... ok
test cancel::tests::claim_and_fire_serialize_consistently_under_real_concurrency ... ok
test config::tests::test_mode_home_name_is_unique_and_prefixed ... ok
test config::tests::config_file_reads_absolute_home ... ok
test config::tests::precedence_env_wins_over_config ... ok
test artifactverify::tests::out_of_scope_and_missing_claims_are_refused ... ok
test config::tests::precedence_cli_wins_over_env_and_config ... ok
test config::tests::precedence_only_cli_only_env_only_config_and_none ... ok
test config::tests::tls_certificate_and_key_are_explicit_absolute_pairs ... ok
test config::tests::service_config_without_optional_sections_keeps_them_none ... ok
test config::tests::resolve_model_plane_sources_and_conflicts ... ok
test credentials::store::tests::a_failed_write_keeps_the_previous_state_and_reports ... ok
test artifactverify::tests::content_conditions_are_enforced_bounded ... ok
test config::tests::test_mode_overrides_all_sources_and_is_unique_per_call ... ok
test config::tests::service_config_rejects_bad_workspace_and_bad_plane_loudly ... ok
test credentials::store::tests::a_version_conflict_is_loud ... ok
test config::tests::config_file_rejects_unknown_keys_missing_home_and_bad_types ... ok
test credentials::store::tests::missing_file_loads_empty_and_round_trips ... ok
test credentials::store::tests::unknown_fields_survive_a_write ... ok
test credentials::tests::a_cancelled_waiter_does_not_disturb_the_flight ... ok
test credentials::tests::a_rotated_credential_is_reused_without_a_second_refresh ... ok
test credentials::tests::an_expired_handle_is_refused ... ok
test credentials::tests::a_reload_replacing_the_cell_discards_the_late_writeback ... ok
test credentials::tests::handle_refusal_texts_carry_no_material ... ok
test credentials::tests::forged_handles_and_provider_references_are_refused ... ok
test credentials::tests::concurrent_401s_merge_into_one_refresh ... ok
test auth::tests::local_token_roundtrip_and_owner_principal ... ok
test credentials::tests::resolve_refreshes_at_most_once_when_a_one_second_grant_dies_in_transit ... ok
test credentials::tests::resolve_refreshes_at_most_once_when_every_mint_is_already_expired ... ok
test dedup::tests::a_stale_binding_cannot_touch_a_replaced_entry ... ok
test dedup::tests::committed_binding_is_never_released_or_unmarked ... ok
test dedup::tests::different_principal_or_session_shares_no_namespace ... ok
test dedup::tests::digest_normalizes_line_endings_but_not_content ... ok
test credentials::tests::revoke_fences_a_late_writeback ... ok
test dedup::tests::dropped_owner_without_verdict_is_kept_and_resolved_lazily ... ok
test dedup::tests::provably_absent_unverified_reservation_is_safely_re_admitted ... ok
test dedup::tests::rejected_admission_records_nothing_and_cap_is_loud ... ok
test dedup::tests::request_id_validation_is_loud ... ok
test dedup::tests::same_id_different_digest_is_an_explicit_conflict ... ok
test dedup::tests::same_id_same_digest_replays_only_the_committed_run ... ok
test epoch::tests::barrier_stamp_without_journal_is_inconsistent ... ok
test epoch::tests::corrupt_stamp_without_journal_refuses_without_claiming_absence ... ok
test epoch::tests::timestamps_round_trip_and_validate ... ok
test epoch::tests::higher_stamp_refuses_startup ... ok
test events::tests::control_frames_carry_the_control_marker_and_string_seqs ... ok
test events::tests::cursor_codec_roundtrip_and_strict_rejection ... ok
test events::tests::delta_overflow_drops_the_delta_but_keeps_key_events ... ok
test epoch::tests::corrupt_journal_refuses ... ok
test events::tests::drop_guard_unregisters_and_prunes_on_publish ... ok
test events::tests::event_limits_validation_is_loud ... ok
test epoch::tests::stamp_write_failure_is_a_loud_refusal_without_partial_stamp ... ok
test epoch::tests::missing_stamp_with_readable_higher_epoch_journal_refuses_with_truthful_evidence ... ok
test events::tests::held_delta_above_the_cut_is_delivered_not_counted_lost ... ok
test epoch::tests::missing_stamp_with_prepared_higher_epoch_journal_refuses ... ok
test events::tests::held_event_above_the_cut_flushes_after_the_hold_advanced_the_watermark ... ok
test epoch::tests::interrupted_epoch_metadata_tmp_write_is_ambiguous ... ok
test events::tests::hold_buffers_events_and_releases_at_the_cut ... ok
test epoch::tests::corrupt_stamp_with_readable_higher_epoch_journal_refuses_with_truthful_evidence ... ok
test events::tests::hub_dedups_duplicate_publication_by_seq_and_event_id ... ok
test epoch::tests::unstamped_home_with_foreign_data_refuses_without_stamping ... ok
test events::tests::hub_delivers_in_seq_order_despite_out_of_order_publish ... ok
test epoch::tests::committed_tail_is_cleaned_and_gate_continues ... ok
test events::tests::hub_resumes_mid_stream_after_restart_baseline ... ok
test events::tests::idle_stream_eviction_keeps_live_and_parked_streams ... ok
test events::tests::key_event_overflow_detaches_with_explicit_signal ... ok
test events::tests::hub_storm_is_explicit_at_every_subscriber ... ok
test events::tests::reorder_bound_overflow_breaks_the_stream_loudly ... ok
test epoch::tests::symlink_in_unstamped_home_is_ambiguous ... ok
test events::tests::restart_baseline_drains_a_parked_chain_above_the_head ... ok
test events::tests::restart_baseline_drains_the_parked_event_at_the_new_next_seq ... ok
test epoch::tests::fresh_home_is_stamped_and_subsequent_run_is_steady ... ok
test events::tests::subscriber_stream_cap_rejects_but_other_streams_still_subscribe ... ok
test events::tests::subscriber_total_cap_rejects_explicitly ... ok
test exectools::tests::assemble_retained_output_evicted_middle_is_counted_and_marked ... ok
test auth::tests::token_file_is_owner_only_and_instance_bound ... ok
test exectools::tests::assemble_retained_output_small_stream_is_whole_and_exact ... ok
test exectools::tests::full_output_claim_vocabulary_is_state_exclusive ... ok
test epoch::tests::unstamped_home_with_own_runtime_scaffolding_is_provably_new ... ok
test exectools::tests::spill_resource_ref_never_claims_full_when_capped_or_failed ... ok
test exectools::tests::transcript_spill_claim_vocabulary_is_state_exclusive ... ok
test exectools::tests::truncate_head_tail_multibyte_line_cuts_on_char_boundaries ... ok
test exectools::tests::truncate_head_tail_newline_only_at_end_keeps_both_markers ... ok
test exectools::tests::truncate_head_tail_small_output_stays_whole ... ok
test exectools::tests::truncate_head_tail_single_huge_ascii_line_keeps_head_and_tail ... ok
test inject::tests::manual_clock_drives_time_without_sleeps ... ok
test inject::tests::random_ids_carry_the_request_prefix_and_are_unique ... ok
test inject::tests::sequential_ids_are_deterministic_ordering_witnesses ... ok
test inject::tests::system_clock_reads_unix_milliseconds ... ok
test instance::tests::identity_is_unique_and_well_formed ... ok
test instance::tests::record_handshake_mismatch_is_reported ... ok
test instance::tests::probe_peer_reports_unreachable_for_dead_port ... ok
test instance::tests::record_json_round_trips_camel_case ... ok
test limits::tests::connection_admission_enforces_cap_and_frees_on_drop ... ok
test epoch::tests::the_incumbent_lie_string_never_appears_in_rendered_refusals ... ok
test limits::tests::http_admission_enforces_cap_and_frees_on_drop ... ok
test limits::tests::rate_limiter_fixed_window_behavior ... ok
test limits::tests::rate_limiter_peer_registry_has_a_hard_cap_with_eviction ... ok
test limits::tests::ws_connection_counter_enforces_ceiling_and_frees ... ok
test logging::tests::rotation_config_validation_is_loud ... ok
test management::tests::lan_address_filter_covers_multiple_interfaces_without_default_route ... ok
test management::tests::public_base_url_is_a_single_http_origin ... ok
test mcpbridge::tests::mcp_target_ids_are_origin_namespaced ... ok
test mcpbridge::tests::remote_resource_uris_never_map_to_local_refs ... ok
test mcpbridge::tests::server_annotations_never_soften_the_permission_or_recovery ... ok
test mcpbridge::tests::structured_output_validation_uses_the_catalog_rules ... ok
test logging::tests::log_files_are_owner_only ... ok
test logging::tests::router_redacts_lines_and_fans_out_to_file ... ok
test auth::tests::failed_authentication_never_touches_registry_files ... ok
test logging::tests::reopened_sequence_continues_and_never_truncates_old_files ... ok
test instance::tests::held_lock_with_live_foreign_pid_still_rejects ... ok
test instance::tests::second_acquire_in_process_is_rejected_with_diagnostics ... ok
test auth::tests::invalid_device_kind_never_issues_or_creates_pairing ... ok
test procsupervisor::tests::decode_prefix_utf8_boundary_variants ... ok
test paths::tests::layout_rejects_relative_and_root_and_file_as_home ... ok
test instance::tests::release_never_deletes_a_foreign_record ... ok
test procsupervisor::tests::drain_observes_an_already_finished_task_without_waiting_the_grace ... ok
test procsupervisor::tests::drain_records_a_panicked_task_honestly ... ok
test instance::tests::stale_record_with_nonexistent_pid_is_still_taken_over ... ok
test procsupervisor::tests::exit_fact_status_codes_follow_the_shell_convention ... ok
test instance::tests::unreadable_leftover_record_is_replaced_not_fatal ... ok
test paths::tests::layout_tightens_wide_runtime_dir ... ok
test procsupervisor::tests::group_signal_is_skipped_when_the_kernel_identity_disagrees ... ok
test procsupervisor::tests::group_signal_is_skipped_once_the_child_reap_is_published ... ok
test management::tests::persisted_network_read_is_strict_and_read_only ... ok
test procsupervisor::tests::minted_handles_parse_and_forged_ones_do_not ... ok
test instance::tests::stale_record_is_archived_and_taken_over_regardless_of_pid ... ok
test procsupervisor::tests::live_slot_commit_transfers_release_to_settle_exactly_once ... ok
test procsupervisor::tests::terminal_facts_never_fabricate_an_exit_for_unconfirmed_or_live_phases ... ok
test paths::tests::layout_creates_normalized_dirs_with_private_mode ... ok
test procsupervisor::tests::transcript_boundary_across_many_chunks_with_interleaved_polls ... ok
test procsupervisor::tests::transcript_delivers_split_multibyte_characters_intact ... ok
test procsupervisor::tests::transcript_force_delivery_flushes_a_dangling_partial ... ok
test procsupervisor::tests::transcript_idle_polls_after_a_partial_delivery_hold_back_without_loss ... ok
test procsupervisor::tests::live_slot_drop_after_panic_style_abandon_still_releases ... ok
test procsupervisor::tests::drain_aborts_a_never_ending_task_and_observes_its_end ... ok
test procsupervisor::tests::live_slot_reservation_enforces_the_cap_atomically ... ok
test procsupervisor::tests::transcript_mixed_chunk_prefix_is_consumed_byte_exactly_r04_rr1_f04_c01 ... ok
test paths::tests::atomic_write_replaces_content_and_leaves_no_tmp ... ok
test procsupervisor::tests::transcript_property_eviction_accounting_counts_only_real_loss ... ok
test procsupervisor::tests::transcript_ring_drop_of_undelivered_is_counted_honestly ... ok
test procsupervisor::tests::transcript_ring_overflow_while_holding_back_counts_only_real_evictions ... ok
test quotas::tests::bounded_waiter_queue_rejects_instead_of_growing ... ok
test procsupervisor::tests::transcript_property_invalid_bytes_replaced_exactly_once ... ok
test procsupervisor::tests::transcript_property_valid_input_reassembles_exactly ... ok
test quotas::tests::degenerate_quota_limits_refuse_validation ... ok
test quotas::tests::cancelled_waiter_releases_its_queue_place_and_racing_grant ... ok
test quotas::tests::global_limit_queues_fifo_and_releases_on_drop ... ok
test quotas::tests::per_agent_layer_is_independent_of_the_global_one ... ok
test redaction::tests::a13_api_key_shape_is_redacted_anywhere ... ok
test redaction::tests::a13_bearer_authorization_header_value_is_redacted ... ok
test procsupervisor::tests::verify_group_admits_a_reaped_child_of_ours_and_the_live_leader ... ok
test redaction::tests::a13_cookie_header_is_redacted ... ok
test redaction::tests::a13_data_uri_base64_is_redacted ... ok
test redaction::tests::a13_device_secret_shape_is_redacted_anywhere ... ok
test logging::tests::rotation_respects_max_bytes_and_files_are_complete_lines ... ok
test redaction::tests::a13_local_secret_path_is_replaced_with_home_marker ... ok
test redaction::tests::a13_long_random_tokens_are_redacted_but_correlation_ids_survive ... ok
test redaction::tests::a13_normal_diagnostics_are_untouched ... ok
test redaction::tests::a13_secret_assignment_is_redacted_with_key_kept ... ok
test redaction::tests::a13_synthetic_marker_line_passes_through_redaction_intact ... ok
test redaction::tests::a13_url_query_token_is_redacted ... ok
test redaction::tests::a13_user_path_segments_are_redacted ... ok
test redaction::tests::a13_ws_ticket_shape_is_redacted ... ok
test redaction::tests::multiple_secret_assignments_on_one_line_are_all_redacted ... ok
test redaction::tests::ordinary_words_are_not_mangled_by_the_credential_rule ... ok
test redaction::tests::r05_provider_api_key_shapes_are_redacted ... ok
test redaction::tests::r05_t02_base64_tokens_with_slash_and_padding_are_redacted ... ok
test redaction::tests::r05_secret_key_words_match_case_insensitively ... ok
test redaction::tests::redact_text_with_empty_home_is_identity ... ok
test redaction::tests::unicode_adjacent_word_boundaries_do_not_split_chars ... ok
test redaction::tests::unicode_diagnostics_never_panic_and_pass_through_intact ... ok
test redaction::tests::url_credentials_are_redacted ... ok
test runs::tests::every_unobserved_tool_exit_variant_journals_unknown_diagnosably ... ok
test runs::tests::journal_receipt_maps_outcomes_onto_the_durable_receipt ... ok
test runs::tests::fence_verdict_requires_identity_and_no_cancellation ... ok
test runs::tests::limits_validation_rejects_degenerate_bounds ... ok
test runs::tests::no_final_cause_priority_is_tool_failure_over_process_over_empty ... ok
test runs::tests::tool_outcome_maps_onto_wire_status_one_to_one ... ok
test runs::tests::without_provider_is_explicit_not_fabricated ... ok
test runs::tests::success_receipt_keeps_digest_dedup_and_status_detail ... ok
test sandbox::tests::bwrap_version_probe_parses_the_official_line ... ok
test sandbox::tests::capabilities_matrix_names_the_frozen_guarantees ... ok
test sandbox::tests::policy_derivation_ports_the_incumbent_sets ... ok
test resourceaccess::tests::missing_target_resolves_through_its_real_parent ... ok
test sandbox::tests::policy_derivation_refuses_unusable_config ... ok
test resourceaccess::tests::case_insensitive_filesystems_resolve_to_the_real_casing ... ok
test sandbox::tests::unsupported_backend_refuses_every_request ... ok
test sandbox::tests::seatbelt_profile_orders_denies_after_allows_and_refuses_injection ... ok
test resourceaccess::tests::similar_string_prefix_is_not_component_containment ... ok
test resourceaccess::tests::workspace_authorizes_read_and_write_by_components ... ok
test resourceaccess::tests::unresolvable_root_is_a_loud_construction_error ... ok
test resourceaccess::tests::per_principal_grants_scoped_and_leveled ... ok
test session_supervisor::tests::degenerate_session_limits_refuse_validation ... ok
test session_supervisor::tests::busy_gate_admits_one_owner_and_rejects_the_rest ... ok
test session_supervisor::tests::leftover_steering_survives_the_run_for_the_session_next_turn ... ok
test serve::tls_tests::tls_startup_rejects_missing_or_mismatched_key ... ok
test session_supervisor::tests::registry_cap_evicts_idle_slots_and_refuses_at_the_cap ... ok
test session_supervisor::tests::steering_is_accepted_while_busy_misses_while_idle_and_is_bounded ... ok
test sessions::tests::execute_request_rejects_identity_shaped_payload_fields ... ok
test sandbox::tests::bwrap_args_port_the_incumbent_shape ... ok
test quotas::tests::waiter_times_out_loudly_and_leaks_nothing ... ok
test sessions::tests::seed_rows_cover_both_synthetic_sessions_for_the_local_owner ... ok
test resourceaccess::tests::symlink_is_judged_by_its_real_target ... ok
test sessions::tests::same_user_device_principal_can_access ... ok
test shutdown::tests::budget_remaining_is_anchored_at_the_signal_moment ... ok
test shutdown::tests::exit_code_precedence_is_deterministic ... ok
test serve::tls_tests::secure_marker_requires_a_real_tls_handshake ... ok
test shutdown::tests::submission_intake_closes_one_way ... ok
test security_audit::tests::replay_is_idempotent_and_never_writes_secret ... ok
test shutdown::tests::ws_session_guard_covers_all_drop_paths ... ok
test static_web::tests::resource_path_rejects_traversal_and_unknown_roots ... ok
test streaming_norm::tests::comments_cdata_and_declarations_pass_verbatim ... ok
test streaming_norm::tests::escapes_and_code_spans_are_literal ... ok
test streaming_norm::tests::half_tags_pend_across_feeds ... ok
test streaming_norm::tests::in_vocabulary_orphan_closers_pass_literally ... ok
test management::tests::web_cookie_expires_and_requires_original_transport ... ok
test streaming_norm::tests::known_tags_structure_wherever_they_appear ... ok
test streaming_norm::tests::layer_flush_closes_an_unclosed_block ... ok
test streaming_norm::tests::layer_trims_the_layout_newline_after_a_block ... ok
test streaming_norm::tests::normalizer_routes_native_reasoning_without_scanning ... ok
test security_audit::tests::log_and_directory_symlinks_are_rejected_without_touching_target ... ok
test streaming_norm::tests::normalizer_separates_think_mood_and_body ... ok
test streaming_norm::tests::out_of_vocabulary_orphan_closers_drop_only_at_the_final_boundary ... ok
test streaming_norm::tests::quoted_attributes_do_not_end_tags_and_unknown_markup_is_preserved ... ok
test streaming_norm::tests::split_segments_replays_the_stream_structure ... ok
test security_audit::tests::malformed_and_oversized_logs_fail_without_appending ... ok
test streaming_norm::tests::the_unknown_stack_depth_cap_switches_to_conservative_passthrough ... ok
test streaming_norm::tests::the_pending_tag_bound_falls_back_to_literal ... ok
test task_supervisor::tests::drain_confirms_exited_children_within_the_budget ... ok
test task_supervisor::tests::linked_child_is_aborted_by_the_tree_and_returns_its_exit ... ok
test static_web::tests::serves_entry_and_asset_with_correct_content_type ... ok
test task_supervisor::tests::panicking_child_is_contained_and_returned_as_panicked ... ok
test logging::tests::prune_keeps_only_max_files ... ok
test task_supervisor::tests::registry_cap_refuses_loudly_and_reaps_ended_entries ... ok
test tests::config_defaults_to_loopback_ephemeral ... ok
test task_supervisor::tests::tree_firing_before_the_first_poll_still_records_the_abort ... ok
test tests::config_network_mode_is_explicit_only ... ok
test tests::config_parses_bind_and_home ... ok
test tests::config_rejects_garbage_bind ... ok
test tests::config_rejects_relative_home ... ok
test tests::config_rejects_unknown_and_missing_values ... ok
test tests::config_requires_explicit_home ... ok
test shutdown::tests::ws_drain_times_out_loudly_with_open_sessions ... ok
test tests::health_response_serializes_minimal_camel_case ... ok
test tests::health_response_sources_versions_from_protocol ... ok
test tests::resource_deps_validation_is_loud_for_degenerate_knobs ... ok
test tests::storage_http_errors_keep_status_reason_and_retryability ... ok
test task_supervisor::tests::detached_background_survives_a_run_cancellation_and_reaps_cleanly ... ok
test toolgateway::tests::delegation_and_subagent_surfaces_record_their_entries ... ok
test toolgateway::tests::consumed_records_are_reclaimed_under_cap_pressure ... ok
test toolgateway::tests::entropy_failure_refusal_carries_its_own_code ... ok
test toolgateway::tests::expired_and_foreign_handles_are_refused ... ok
test toolgateway::tests::fail_closed_policy_allows_read_and_demands_approval_for_execute ... ok
test toolgateway::tests::prepared_handles_are_unique_and_single_use ... ok
test transport::tests::host_loopback_detection_covers_v4_v6_and_ports ... ok
test transport::tests::lan_browser_origin_matches_real_interface_scheme_and_port ... ok
test toolgateway::tests::schema_defaults_fill_without_digest_forgery_and_reach_the_executor ... ok
test task_supervisor::tests::drain_expiry_branch_really_aborts_a_yielding_child ... ok
test transport::tests::lan_mode_still_recognizes_local_connections ... ok
test transport::tests::loopback_mode_requires_loopback_host_and_remote ... ok
test transport::tests::network_mode_parses_strictly ... ok
test transport::tests::origin_policy_allowlist ... ok
test workerrpc::tests::bounded_model_enforces_the_callback_budget_host_side ... ok
test workerrpc::tests::bounded_model_keys_budgets_per_invocation_and_reclaims_on_end ... ok
test workerrpc::tests::bounded_model_refuses_zero_tokens_and_oversized_prompts ... ok
test workerrpc::tests::bounded_model_without_inner_still_refuses_not_configured ... ok
test workerrpc::tests::request_envelope_serializes_with_every_enforced_field ... ok
test workerrpc::tests::unconfigured_model_refuses_every_callback_honestly ... ok
test ws::tests::client_frames_require_mask_for_text_and_control_opcodes ... ok
test ws::tests::frame_codec_roundtrip_through_memory ... ok
test ws::tests::malformed_client_frames_fail_closed ... ok
test ws::tests::oversized_frame_is_rejected_not_buffered ... ok
test ws::tests::query_pair_parsing ... ok
test ws::tests::query_pair_parsing_unicode_and_bad_escapes_never_panic ... ok
test ws::tests::ticket_lifecycle_single_use_expiry_and_binding ... ok
test ws::tests::ticket_table_is_bounded_and_prunes_expired ... ok
test ws::tests::upgrade_rejection_preserves_its_status ... ok
test sessions::tests::concurrent_executes_serialize_one_accepted_and_no_run_id_collapse ... ok
test sessions::tests::cross_principal_access_is_forbidden_not_found ... ok
test ws::tests::websocket_accept_known_vector ... ok
test ws::tests::client_reader_keeps_partial_frame_across_other_select_branches ... ok
test tests::ws_drain_ends_on_shutdown_broadcast_and_peer_eof ... ok
test sessions::tests::same_key_duplicate_in_the_start_window_is_in_flight_not_a_ghost ... ok
test ws::tests::ws_credential_extraction_order ... ok
test ws::tests::ws_request_vocabulary_parses_and_rejects_unknown ... ok
test sessions::tests::busy_rejection_writes_nothing_and_steering_is_distinct ... ok
test sessions::tests::owner_sees_everything_and_execute_records_runs ... ok
test sessions::tests::failed_commit_is_a_storage_error_not_a_success ... ok
test sessions::tests::start_failure_under_request_id_re_admits_the_same_key_fresh ... ok
test task_supervisor::tests::run_level_child_finishes_its_own_cancellation_within_the_window ... ok
test tests::ws_drain_consumes_late_frames_and_ends_on_client_close ... ok
test task_supervisor::tests::run_level_child_ignoring_the_window_is_dropped_at_expiry ... ok
test task_supervisor::tests::noncooperating_child_is_reported_unconfirmed_never_fake_quiet ... ok
test paths::tests::atomic_write_many_rounds_do_not_collide ... ok
test auth::tests::expired_pairing_records_expiry_without_issuing_credential ... ok
test auth::tests::live_device_revocation_is_visible_to_another_auth_instance ... ok
test auth::tests::security_audit_log_failure_rejects_before_issuing_and_replay_is_idempotent ... ok
test auth::tests::registries_reload_across_bootstrap ... ok
test auth::tests::device_secret_hash_matches_node_and_accepts_earlier_rust_hashes ... ok
test auth::tests::revoking_device_cascades_to_its_credentials_only ... ok
test auth::tests::concurrent_pairing_approval_issues_once ... ok
test management::tests::password_scrypt_matches_node_and_upgrades_legacy_record ... ok
test auth::tests::pairing_and_issued_device_survive_restart ... ok
test auth::tests::authorize_order_and_denials ... ok
test auth::tests::device_credential_lifecycle_create_auth_expire_revoke ... ok
test auth::tests::failed_device_registry_write_keeps_live_memory_and_disk_unchanged ... ok

test result: ok. 350 passed; 0 failed; 0 ignored; 0 measured; 0 filtered out; finished in 7.69s

