   Compiling stable_deref_trait v1.2.1
   Compiling slab v0.4.12
   Compiling writeable v0.6.4
   Compiling litemap v0.8.3
   Compiling icu_properties_data v2.3.0
   Compiling utf8_iter v1.0.4
   Compiling icu_normalizer_data v2.3.0
   Compiling system-configuration-sys v0.6.0
   Compiling fnv v1.0.7
   Compiling try-lock v0.2.5
   Compiling rustversion v1.0.23
   Compiling syn v3.0.6
   Compiling core-foundation v0.9.4
   Compiling sync_wrapper v1.0.2
   Compiling ipnet v2.12.2
   Compiling core-foundation v0.10.1
   Compiling security-framework-sys v2.17.0
   Compiling scopeguard v1.2.0
   Compiling simdutf8 v0.1.5
   Compiling multiversion_no_op v1.0.0
   Compiling want v0.3.1
   Compiling axum-core v0.5.6
   Compiling security-framework v3.7.0
   Compiling system-configuration v0.7.0
   Compiling rustls-platform-verifier v0.7.1
   Compiling encoding_rs v0.8.42
   Compiling synstructure v0.14.0
   Compiling serde_derive_internals v0.30.0
   Compiling zerovec-derive v0.11.6
   Compiling tokio-macros v2.7.2
   Compiling displaydoc v0.2.7
   Compiling futures-macro v0.3.34
   Compiling serde_derive v1.0.229
   Compiling ref-cast-impl v1.0.27
   Compiling thiserror-impl v2.0.21
   Compiling zerofrom-derive v0.1.8
   Compiling yoke-derive v0.8.3
   Compiling schemars_derive v1.2.2
   Compiling ref-cast v1.0.27
   Compiling tokio v1.53.1
   Compiling futures-util v0.3.34
   Compiling zerofrom v0.1.8
   Compiling thiserror v2.0.21
   Compiling yoke v0.8.3
   Compiling serde v1.0.229
   Compiling zerovec v0.11.8
   Compiling zerotrie v0.2.5
   Compiling chrono v0.4.45
   Compiling serde_urlencoded v0.7.1
   Compiling futures-executor v0.3.34
   Compiling futures v0.3.34
   Compiling tinystr v0.8.4
   Compiling potential_utf v0.1.6
   Compiling icu_collections v2.3.0
   Compiling icu_locale_core v2.3.0
   Compiling schemars v1.2.2
   Compiling tokio-util v0.7.19
   Compiling tower v0.5.3
   Compiling tokio-rustls v0.26.5
   Compiling tokio-stream v0.1.19
   Compiling icu_provider v2.3.1
   Compiling icu_normalizer v2.3.0
   Compiling icu_properties v2.3.0
   Compiling h2 v0.4.19
   Compiling lingxi-protocol v0.0.0 (/Users/study_superior/Desktop/Code/LingxiAgent/rust/crates/lingxi-protocol)
   Compiling rmcp v3.4.1
   Compiling idna_adapter v1.2.2
   Compiling idna v1.1.0
   Compiling url v2.5.8
   Compiling tower-http v0.6.11
   Compiling lingxi-kernel v0.0.0 (/Users/study_superior/Desktop/Code/LingxiAgent/rust/crates/lingxi-kernel)
   Compiling hyper v1.11.1
   Compiling hyper-util v0.1.21
   Compiling hyper-rustls v0.27.10
   Compiling axum v0.8.9
   Compiling reqwest v0.13.5
   Compiling lingxi-adapters v0.0.0 (/Users/study_superior/Desktop/Code/LingxiAgent/rust/crates/lingxi-adapters)
   Compiling lingxi-service v0.0.0 (/Users/study_superior/Desktop/Code/LingxiAgent/rust/crates/lingxi-service)
    Finished `test` profile [unoptimized + debuginfo] target(s) in 16.91s
  Executable tests/r04_t08_tool_matrix.rs (/var/folders/5r/wq54gtms21gfjgr5v94ynfyh0000gn/T//rust-target-r04-t08-matrix/debug/deps/r04_t08_tool_matrix-eda6f8b36f6a84fa)
