2026-09-28T15:13:50.479442Z  INFO lingxi_service: data-epoch gate passed home=/private/var/folders/5r/wq54gtms21gfjgr5v94ynfyh0000gn/T/lingxi-r02t07-a13.TkjEke decision=ProceedStampedNew(EpochStamp { format: V2, minimum_reader_epoch: 1, committed_data_epoch: 1, last_version: Some("0.0.0") })
2026-09-28T15:13:50.519970Z  INFO lingxi_adapters::storage::run_store: run database migrated db=/private/var/folders/5r/wq54gtms21gfjgr5v94ynfyh0000gn/T/lingxi-r02t07-a13.TkjEke/lingxi-service/data/runs.db applied=[1] version=1
2026-09-28T15:13:50.520457Z  INFO lingxi_service: auth service bootstrapped (per-start loopback token, owner-only); run database migrated and seeded local_token_file=/private/var/folders/5r/wq54gtms21gfjgr5v94ynfyh0000gn/T/lingxi-r02t07-a13.TkjEke/lingxi-service/local-token.json run_database=/private/var/folders/5r/wq54gtms21gfjgr5v94ynfyh0000gn/T/lingxi-r02t07-a13.TkjEke/lingxi-service/data/runs.db
2026-09-28T15:13:50.528334Z  INFO lingxi_service: instance record published (atomic write) record=/private/var/folders/5r/wq54gtms21gfjgr5v94ynfyh0000gn/T/lingxi-r02t07-a13.TkjEke/lingxi-service/instance.json bind_addr=127.0.0.1:49417
2026-09-28T15:13:50.607111Z  INFO lingxi_service: request handled request_id=req-5af7dd320a61d442928c49e4d90aa90e method=GET path=/lingxi/v1/me status=200
2026-09-28T15:13:50.643478Z  INFO lingxi_service::sessions: run committed and published (post-commit) run_id=run_000001a0e8945632_000001 session_id=sess_local_alpha events=run_000001a0e8945632_000001-done input_chars=212
2026-09-28T15:13:50.643660Z  INFO lingxi_service: request handled request_id=req-44f616778b86894615cea960327ac33c method=POST path=/lingxi/v1/sessions/sess_local_alpha/execute status=200
2026-09-28T15:13:51.895393Z  INFO lingxi_service: request handled request_id=req-a910435256fba13d70a38cca15dc793e method=POST path=/lingxi/v1/devices/credentials status=201
2026-09-28T15:13:51.931615Z  INFO lingxi_service: request handled request_id=req-10f4df4ea879977aed160c0cb1892817 method=POST path=/lingxi/v1/ws-ticket status=200
2026-09-28T15:13:51.967291Z  INFO lingxi_service: request handled request_id=req-4744080185d0d6868fc5b7707fd58937 method=GET path=/lingxi/v1/me status=401
2026-09-28T15:13:51.980086Z  INFO lingxi_service: request handled request_id=req-3221e6b6394ca2a16951a50f767430fd method=GET path=/lingxi/v1/me status=401
2026-09-28T15:13:51.993542Z  INFO lingxi_service: request handled request_id=req-5b787c8ad04e7204eae4c2e3f5938b5c method=GET path=/lingxi/v1/ws status=401
2026-09-28T15:13:53.233754Z  INFO lingxi_service: request handled request_id=req-b12702fa6fdabcb878aa203dccad5055 method=GET path=/lingxi/v1/sessions/sess_local_alpha status=403
2026-09-28T15:13:53.249431Z  INFO lingxi_service: request handled request_id=req-b609c103a82fcf68e0409d1619883f8e method=GET path=/lingxi/v1/sessions/sess_unknown_a13 status=404
2026-09-28T15:13:53.279561Z  INFO lingxi_service: request handled request_id=req-fefe7d42df3fce4b9a60a7af549b6a35 method=GET path=/lingxi/v1/ws status=401
2026-09-28T15:13:53.280350Z  INFO lingxi_service: request handled request_id=req-9544945bde4d1284a4153b9fe44a0096 method=GET path=/lingxi/v1/ws status=101
2026-09-28T15:13:53.300557Z  INFO lingxi_service: shutdown signal: SIGTERM
2026-09-28T15:13:53.301442Z  INFO lingxi_service::shutdown: run database closed (drained, WAL truncated) phase=storage_close
2026-09-28T15:13:53.301669Z  INFO lingxi_service::shutdown: own instance record removed, lock released phase=record_cleanup
2026-09-28T15:13:53.301732Z  INFO lingxi_service: lingxi-service stopped cleanly (run database closed, own record removed, lock released)
