2026-10-01T04:51:18.306212Z  INFO lingxi_service: data root resolved effective_home=/var/folders/5r/wq54gtms21gfjgr5v94ynfyh0000gn/T//lingxi-r02t08-a15-home.3ZNstk source=cli ignored_sources=none
2026-10-01T04:51:18.307429Z  INFO lingxi_service: data root prepared (canonicalized; runtime dir private 0700) canonical_home=/private/var/folders/5r/wq54gtms21gfjgr5v94ynfyh0000gn/T/lingxi-r02t08-a15-home.3ZNstk runtime_dir=/private/var/folders/5r/wq54gtms21gfjgr5v94ynfyh0000gn/T/lingxi-r02t08-a15-home.3ZNstk/lingxi-service
2026-10-01T04:51:18.307927Z  INFO lingxi_service: single-writer lock acquired instance_id=b2b4759149f2d75d76cc2de3ccd733fb start_nonce=7e8de94204a52d7c pid=26258 entropy="os-random-device" lock=/private/var/folders/5r/wq54gtms21gfjgr5v94ynfyh0000gn/T/lingxi-r02t08-a15-home.3ZNstk/lingxi-service/instance.lock network_mode=loopback
2026-10-01T04:51:18.322409Z  INFO lingxi_service: data-epoch gate passed home=/private/var/folders/5r/wq54gtms21gfjgr5v94ynfyh0000gn/T/lingxi-r02t08-a15-home.3ZNstk decision=ProceedStampedNew(EpochStamp { format: V2, minimum_reader_epoch: 1, committed_data_epoch: 1, last_version: Some("0.0.0") })
2026-10-01T04:51:18.371743Z  INFO lingxi_adapters::storage::run_store: run database migrated db=/private/var/folders/5r/wq54gtms21gfjgr5v94ynfyh0000gn/T/lingxi-r02t08-a15-home.3ZNstk/lingxi-service/data/runs.db applied=[1, 2, 3, 4] version=4
2026-10-01T04:51:18.372910Z  INFO lingxi_service: auth service bootstrapped (per-start loopback token, owner-only); run database migrated and seeded local_token_file=/private/var/folders/5r/wq54gtms21gfjgr5v94ynfyh0000gn/T/lingxi-r02t08-a15-home.3ZNstk/lingxi-service/local-token.json run_database=/private/var/folders/5r/wq54gtms21gfjgr5v94ynfyh0000gn/T/lingxi-r02t08-a15-home.3ZNstk/lingxi-service/data/runs.db
2026-10-01T04:51:18.383437Z  INFO lingxi_service: instance record published (atomic write) record=/private/var/folders/5r/wq54gtms21gfjgr5v94ynfyh0000gn/T/lingxi-r02t08-a15-home.3ZNstk/lingxi-service/instance.json bind_addr=127.0.0.1:64124
LINGXI_AUTH_REJECTED request_id=req-12fecf71942d94059c6356ab5d16cf3d method=GET path=/lingxi/v1/me status=401 Unauthorized reason=missing_credential remote=127.0.0.1:64126
2026-10-01T04:51:18.594855Z  INFO lingxi_service: request handled request_id=req-12fecf71942d94059c6356ab5d16cf3d method=GET path=/lingxi/v1/me status=401
2026-10-01T04:51:18.595908Z  INFO lingxi_service: request handled request_id=req-6a6d1731a756d46e15f4cad6e9de3666 method=GET path=/lingxi/v1/me status=200
2026-10-01T04:51:18.597717Z  INFO lingxi_service::sessions: run settled through the single finalize path run_id=run_000001a0f5cd77c4_000001 session_id="sess_local_alpha" outcome=completed.no_final.no_provider_configured input_chars=23 input_bytes=23
2026-10-01T04:51:18.597865Z  INFO lingxi_service: request handled request_id=req-609f1df7eabd3501a19d779a527f868a method=POST path=/lingxi/v1/sessions/sess_local_alpha/execute status=200
2026-10-01T04:51:18.598370Z  INFO lingxi_service: request handled request_id=req-1048e4e47ecba8eb58f54cab174033de method=GET path=/lingxi/v1/ws status=101
2026-10-01T04:51:18.600355Z  INFO lingxi_service::sessions: run settled through the single finalize path run_id=run_000001a0f5cd77c7_000002 session_id="sess_local_alpha" outcome=completed.no_final.no_provider_configured input_chars=26 input_bytes=26
2026-10-01T04:51:18.600509Z  INFO lingxi_service: request handled request_id=req-ee19389202858a836f5afed492386573 method=POST path=/lingxi/v1/sessions/sess_local_alpha/execute status=200
2026-10-01T04:51:18.601208Z  INFO lingxi_service: request handled request_id=req-ff4d00c99177da42825b433756200a30 method=GET path=/lingxi/v1/sessions/sess_local_alpha status=200
2026-10-01T04:51:18.602095Z  INFO lingxi_service: request handled request_id=req-7ed61551aabe18c3ef8834474546e4fd method=GET path=/lingxi/v1/sessions/sess_local_alpha/events status=200
2026-10-01T04:51:18.602533Z  INFO lingxi_service: request handled request_id=req-2a5386510ec81fd19787b82ecea019f3 method=GET path=/lingxi/v1/ws status=101
2026-10-01T04:51:18.603692Z  WARN lingxi_service: ws session read failed err=Connection reset by peer (os error 54)
2026-10-01T04:51:18.633418Z  INFO lingxi_service: shutdown signal: SIGTERM
2026-10-01T04:51:18.636064Z  INFO lingxi_service::shutdown: run database closed (drained, WAL truncated) phase=storage_close
2026-10-01T04:51:18.636501Z  INFO lingxi_service::shutdown: own instance record removed, lock released phase=record_cleanup
2026-10-01T04:51:18.636719Z  INFO lingxi_service: lingxi-service stopped cleanly (run database closed, own record removed, lock released)
