    Checking typenum v1.20.1
    Checking itoa v1.0.18
    Checking windows-link v0.2.1
    Checking pin-project-lite v0.2.17
    Checking bytes v1.12.1
    Checking once_cell v1.21.4
    Checking cmov v0.5.4
    Checking cfg-if v1.0.5
    Checking log v0.4.34
    Checking const-oid v0.10.2
    Checking futures-core v0.3.34
    Checking memchr v2.8.3
    Checking cpufeatures v0.3.1
   Compiling proc-macro2 v1.0.107
    Checking smallvec v1.16.1
    Checking zeroize v1.9.0
    Checking tower-service v0.3.3
    Checking dyn-clone v1.0.20
   Compiling libc v0.2.189
    Checking serde_core v1.0.229
    Checking zmij v1.0.23
   Compiling httparse v1.10.1
    Checking foldhash v0.2.0
   Compiling num-traits v0.2.19
    Checking base64 v0.23.1
   Compiling rustls v0.23.45
    Checking percent-encoding v2.3.2
    Checking untrusted v0.9.0
error[E0463]: can't find crate for `core`
  |
  = note: the `x86_64-pc-windows-msvc` target may not be installed
  = help: consider downloading the target with `rustup target add x86_64-pc-windows-msvc`

For more information about this error, try `rustc --explain E0463`.
error: could not compile `windows-link` (lib) due to 1 previous error
warning: build failed, waiting for other jobs to finish...
error: could not compile `itoa` (lib) due to 1 previous error
error: could not compile `cmov` (lib) due to 1 previous error
error: could not compile `typenum` (lib) due to 1 previous error
error: could not compile `pin-project-lite` (lib) due to 1 previous error
error: could not compile `bytes` (lib) due to 1 previous error
error: could not compile `cfg-if` (lib) due to 1 previous error
error[E0463]: can't find crate for `std`
  |
  = note: the `x86_64-pc-windows-msvc` target may not be installed
  = help: consider downloading the target with `rustup target add x86_64-pc-windows-msvc`

error: could not compile `log` (lib) due to 1 previous error
error: could not compile `tower-service` (lib) due to 1 previous error
error: could not compile `once_cell` (lib) due to 1 previous error
error: could not compile `zeroize` (lib) due to 1 previous error
error: could not compile `const-oid` (lib) due to 1 previous error
error: could not compile `percent-encoding` (lib) due to 1 previous error
error: could not compile `futures-core` (lib) due to 1 previous error
error: could not compile `untrusted` (lib) due to 1 previous error
error: could not compile `serde_core` (lib) due to 1 previous error
error: could not compile `cpufeatures` (lib) due to 1 previous error
error: could not compile `smallvec` (lib) due to 1 previous error
error: could not compile `foldhash` (lib) due to 1 previous error
error: could not compile `dyn-clone` (lib) due to 1 previous error
error: could not compile `zmij` (lib) due to 1 previous error
error: could not compile `memchr` (lib) due to 1 previous error
error: could not compile `base64` (lib) due to 1 previous error
error: could not compile `httparse` (lib) due to 1 previous error
