2026-10-07T08:27:53.851265+08:00
COMMAND ['/bin/ps', '-axo', 'pid,ppid,lstart,comm'] EXIT 0

COMMAND ['/usr/sbin/lsof', '-nP', '-iTCP', '-sTCP:LISTEN'] EXIT 0

2026-10-07T08:27:55.004134+08:00
COMMAND ['/bin/ps', '-axo', 'pid,ppid,lstart,comm'] EXIT 0
60881 60876 Wed Oct  7 08:27:53 2026     /Users/study_superior/Desktop/Code/LingxiAgent/rust/target/debug/deps/r00_management_leaves-294787929158efb0
COMMAND ['/usr/sbin/lsof', '-nP', '-iTCP', '-sTCP:LISTEN'] EXIT 0

2026-10-07T08:27:56.142124+08:00
COMMAND ['/bin/ps', '-axo', 'pid,ppid,lstart,comm'] EXIT 0
60881 60876 Wed Oct  7 08:27:53 2026     /Users/study_superior/Desktop/Code/LingxiAgent/rust/target/debug/deps/r00_management_leaves-294787929158efb0
COMMAND ['/usr/sbin/lsof', '-nP', '-iTCP', '-sTCP:LISTEN'] EXIT 0

2026-10-07T08:27:57.292018+08:00
COMMAND ['/bin/ps', '-axo', 'pid,ppid,lstart,comm'] EXIT 0
60881 60876 Wed Oct  7 08:27:53 2026     /Users/study_superior/Desktop/Code/LingxiAgent/rust/target/debug/deps/r00_management_leaves-294787929158efb0
COMMAND ['/usr/sbin/lsof', '-nP', '-iTCP', '-sTCP:LISTEN'] EXIT 0

2026-10-07T08:27:58.444367+08:00
COMMAND ['/bin/ps', '-axo', 'pid,ppid,lstart,comm'] EXIT 0
60881 60876 Wed Oct  7 08:27:53 2026     /Users/study_superior/Desktop/Code/LingxiAgent/rust/target/debug/deps/r00_management_leaves-294787929158efb0
COMMAND ['/usr/sbin/lsof', '-nP', '-iTCP', '-sTCP:LISTEN'] EXIT 0

2026-10-07T08:27:59.595547+08:00
COMMAND ['/bin/ps', '-axo', 'pid,ppid,lstart,comm'] EXIT 0
60881 60876 Wed Oct  7 08:27:53 2026     /Users/study_superior/Desktop/Code/LingxiAgent/rust/target/debug/deps/r00_management_leaves-294787929158efb0
COMMAND ['/usr/sbin/lsof', '-nP', '-iTCP', '-sTCP:LISTEN'] EXIT 0

2026-10-07T08:28:00.752334+08:00
COMMAND ['/bin/ps', '-axo', 'pid,ppid,lstart,comm'] EXIT 0
60881 60876 Wed Oct  7 08:27:53 2026     /Users/study_superior/Desktop/Code/LingxiAgent/rust/target/debug/deps/r00_management_leaves-294787929158efb0
COMMAND ['/usr/sbin/lsof', '-nP', '-iTCP', '-sTCP:LISTEN'] EXIT 0

2026-10-07T08:28:01.898081+08:00
COMMAND ['/bin/ps', '-axo', 'pid,ppid,lstart,comm'] EXIT 0
60881 60876 Wed Oct  7 08:27:53 2026     /Users/study_superior/Desktop/Code/LingxiAgent/rust/target/debug/deps/r00_management_leaves-294787929158efb0
COMMAND ['/usr/sbin/lsof', '-nP', '-iTCP', '-sTCP:LISTEN'] EXIT 0

2026-10-07T08:28:03.058017+08:00
COMMAND ['/bin/ps', '-axo', 'pid,ppid,lstart,comm'] EXIT 0
60881 60876 Wed Oct  7 08:27:53 2026     /Users/study_superior/Desktop/Code/LingxiAgent/rust/target/debug/deps/r00_management_leaves-294787929158efb0
COMMAND ['/usr/sbin/lsof', '-nP', '-iTCP', '-sTCP:LISTEN'] EXIT 0

2026-10-07T08:28:04.213889+08:00
COMMAND ['/bin/ps', '-axo', 'pid,ppid,lstart,comm'] EXIT 0
60881 60876 Wed Oct  7 08:27:53 2026     /Users/study_superior/Desktop/Code/LingxiAgent/rust/target/debug/deps/r00_management_leaves-294787929158efb0
COMMAND ['/usr/sbin/lsof', '-nP', '-iTCP', '-sTCP:LISTEN'] EXIT 0

2026-10-07T08:28:05.367142+08:00
COMMAND ['/bin/ps', '-axo', 'pid,ppid,lstart,comm'] EXIT 0
60881 60876 Wed Oct  7 08:27:53 2026     /Users/study_superior/Desktop/Code/LingxiAgent/rust/target/debug/deps/r00_management_leaves-294787929158efb0
COMMAND ['/usr/sbin/lsof', '-nP', '-iTCP', '-sTCP:LISTEN'] EXIT 0

2026-10-07T08:28:06.522851+08:00
COMMAND ['/bin/ps', '-axo', 'pid,ppid,lstart,comm'] EXIT 0
60881 60876 Wed Oct  7 08:27:53 2026     /Users/study_superior/Desktop/Code/LingxiAgent/rust/target/debug/deps/r00_management_leaves-294787929158efb0
COMMAND ['/usr/sbin/lsof', '-nP', '-iTCP', '-sTCP:LISTEN'] EXIT 0

2026-10-07T08:28:07.667559+08:00
COMMAND ['/bin/ps', '-axo', 'pid,ppid,lstart,comm'] EXIT 0
60881 60876 Wed Oct  7 08:27:53 2026     /Users/study_superior/Desktop/Code/LingxiAgent/rust/target/debug/deps/r00_management_leaves-294787929158efb0
COMMAND ['/usr/sbin/lsof', '-nP', '-iTCP', '-sTCP:LISTEN'] EXIT 0

2026-10-07T08:28:08.817322+08:00
COMMAND ['/bin/ps', '-axo', 'pid,ppid,lstart,comm'] EXIT 0
60881 60876 Wed Oct  7 08:27:53 2026     /Users/study_superior/Desktop/Code/LingxiAgent/rust/target/debug/deps/r00_management_leaves-294787929158efb0
COMMAND ['/usr/sbin/lsof', '-nP', '-iTCP', '-sTCP:LISTEN'] EXIT 0

2026-10-07T08:28:09.971159+08:00
COMMAND ['/bin/ps', '-axo', 'pid,ppid,lstart,comm'] EXIT 0
60881 60876 Wed Oct  7 08:27:53 2026     /Users/study_superior/Desktop/Code/LingxiAgent/rust/target/debug/deps/r00_management_leaves-294787929158efb0
COMMAND ['/usr/sbin/lsof', '-nP', '-iTCP', '-sTCP:LISTEN'] EXIT 0

2026-10-07T08:28:11.109175+08:00
COMMAND ['/bin/ps', '-axo', 'pid,ppid,lstart,comm'] EXIT 0
60881 60876 Wed Oct  7 08:27:53 2026     /Users/study_superior/Desktop/Code/LingxiAgent/rust/target/debug/deps/r00_management_leaves-294787929158efb0
COMMAND ['/usr/sbin/lsof', '-nP', '-iTCP', '-sTCP:LISTEN'] EXIT 0
r00_manag 60881 study_superior   12u  IPv4 0xd4086eee95fc0b23      0t0  TCP 127.0.0.1:50043 (LISTEN)
2026-10-07T08:28:12.258097+08:00
COMMAND ['/bin/ps', '-axo', 'pid,ppid,lstart,comm'] EXIT 0
60881 60876 Wed Oct  7 08:27:53 2026     /Users/study_superior/Desktop/Code/LingxiAgent/rust/target/debug/deps/r00_management_leaves-294787929158efb0
COMMAND ['/usr/sbin/lsof', '-nP', '-iTCP', '-sTCP:LISTEN'] EXIT 0
r00_manag 60881 study_superior   12u  IPv4 0xd4086eee95fc0b23      0t0  TCP 127.0.0.1:50043 (LISTEN)
2026-10-07T08:28:13.405016+08:00
COMMAND ['/bin/ps', '-axo', 'pid,ppid,lstart,comm'] EXIT 0
60881 60876 Wed Oct  7 08:27:53 2026     /Users/study_superior/Desktop/Code/LingxiAgent/rust/target/debug/deps/r00_management_leaves-294787929158efb0
COMMAND ['/usr/sbin/lsof', '-nP', '-iTCP', '-sTCP:LISTEN'] EXIT 0
r00_manag 60881 study_superior   12u  IPv4 0xd4086eee95fc0b23      0t0  TCP 127.0.0.1:50043 (LISTEN)
2026-10-07T08:28:14.531471+08:00
COMMAND ['/bin/ps', '-axo', 'pid,ppid,lstart,comm'] EXIT 0
60881 60876 Wed Oct  7 08:27:53 2026     /Users/study_superior/Desktop/Code/LingxiAgent/rust/target/debug/deps/r00_management_leaves-294787929158efb0
COMMAND ['/usr/sbin/lsof', '-nP', '-iTCP', '-sTCP:LISTEN'] EXIT 0
r00_manag 60881 study_superior   12u  IPv4 0xd4086eee95fc0b23      0t0  TCP 127.0.0.1:50043 (LISTEN)
2026-10-07T08:28:15.679925+08:00
COMMAND ['/bin/ps', '-axo', 'pid,ppid,lstart,comm'] EXIT 0
60881 60876 Wed Oct  7 08:27:53 2026     /Users/study_superior/Desktop/Code/LingxiAgent/rust/target/debug/deps/r00_management_leaves-294787929158efb0
COMMAND ['/usr/sbin/lsof', '-nP', '-iTCP', '-sTCP:LISTEN'] EXIT 0
r00_manag 60881 study_superior   12u  IPv4 0xd4086eee95fc0b23      0t0  TCP 127.0.0.1:50043 (LISTEN)
2026-10-07T08:28:16.819880+08:00
COMMAND ['/bin/ps', '-axo', 'pid,ppid,lstart,comm'] EXIT 0
60881 60876 Wed Oct  7 08:27:53 2026     /Users/study_superior/Desktop/Code/LingxiAgent/rust/target/debug/deps/r00_management_leaves-294787929158efb0
COMMAND ['/usr/sbin/lsof', '-nP', '-iTCP', '-sTCP:LISTEN'] EXIT 0
r00_manag 60881 study_superior   12u  IPv4 0xd4086eee95fc0b23      0t0  TCP 127.0.0.1:50043 (LISTEN)
2026-10-07T08:28:17.960515+08:00
COMMAND ['/bin/ps', '-axo', 'pid,ppid,lstart,comm'] EXIT 0
60881 60876 Wed Oct  7 08:27:53 2026     /Users/study_superior/Desktop/Code/LingxiAgent/rust/target/debug/deps/r00_management_leaves-294787929158efb0
COMMAND ['/usr/sbin/lsof', '-nP', '-iTCP', '-sTCP:LISTEN'] EXIT 0
r00_manag 60881 study_superior   12u  IPv4 0xd4086eee95fc0b23      0t0  TCP 127.0.0.1:50043 (LISTEN)
2026-10-07T08:28:19.121139+08:00
COMMAND ['/bin/ps', '-axo', 'pid,ppid,lstart,comm'] EXIT 0
60881 60876 Wed Oct  7 08:27:53 2026     /Users/study_superior/Desktop/Code/LingxiAgent/rust/target/debug/deps/r00_management_leaves-294787929158efb0
COMMAND ['/usr/sbin/lsof', '-nP', '-iTCP', '-sTCP:LISTEN'] EXIT 0
r00_manag 60881 study_superior   12u  IPv4 0xd4086eee95fc0b23      0t0  TCP 127.0.0.1:50043 (LISTEN)
2026-10-07T08:28:20.272521+08:00
COMMAND ['/bin/ps', '-axo', 'pid,ppid,lstart,comm'] EXIT 0
60881 60876 Wed Oct  7 08:27:53 2026     /Users/study_superior/Desktop/Code/LingxiAgent/rust/target/debug/deps/r00_management_leaves-294787929158efb0
COMMAND ['/usr/sbin/lsof', '-nP', '-iTCP', '-sTCP:LISTEN'] EXIT 0
r00_manag 60881 study_superior   12u  IPv4 0xd4086eee95fc0b23      0t0  TCP 127.0.0.1:50043 (LISTEN)
2026-10-07T08:28:21.431760+08:00
COMMAND ['/bin/ps', '-axo', 'pid,ppid,lstart,comm'] EXIT 0
60881 60876 Wed Oct  7 08:27:53 2026     /Users/study_superior/Desktop/Code/LingxiAgent/rust/target/debug/deps/r00_management_leaves-294787929158efb0
COMMAND ['/usr/sbin/lsof', '-nP', '-iTCP', '-sTCP:LISTEN'] EXIT 0
r00_manag 60881 study_superior   12u  IPv4 0xd4086eee95fc0b23      0t0  TCP 127.0.0.1:50043 (LISTEN)
2026-10-07T08:28:22.593323+08:00
COMMAND ['/bin/ps', '-axo', 'pid,ppid,lstart,comm'] EXIT 0
60881 60876 Wed Oct  7 08:27:53 2026     /Users/study_superior/Desktop/Code/LingxiAgent/rust/target/debug/deps/r00_management_leaves-294787929158efb0
COMMAND ['/usr/sbin/lsof', '-nP', '-iTCP', '-sTCP:LISTEN'] EXIT 0
r00_manag 60881 study_superior   12u  IPv4 0xd4086eee95fc0b23      0t0  TCP 127.0.0.1:50043 (LISTEN)
2026-10-07T08:28:23.754817+08:00
COMMAND ['/bin/ps', '-axo', 'pid,ppid,lstart,comm'] EXIT 0
60881 60876 Wed Oct  7 08:27:53 2026     /Users/study_superior/Desktop/Code/LingxiAgent/rust/target/debug/deps/r00_management_leaves-294787929158efb0
COMMAND ['/usr/sbin/lsof', '-nP', '-iTCP', '-sTCP:LISTEN'] EXIT 0
r00_manag 60881 study_superior   12u  IPv4 0xd4086eee95fc0b23      0t0  TCP 127.0.0.1:50043 (LISTEN)
2026-10-07T08:28:24.909352+08:00
COMMAND ['/bin/ps', '-axo', 'pid,ppid,lstart,comm'] EXIT 0
60881 60876 Wed Oct  7 08:27:53 2026     /Users/study_superior/Desktop/Code/LingxiAgent/rust/target/debug/deps/r00_management_leaves-294787929158efb0
COMMAND ['/usr/sbin/lsof', '-nP', '-iTCP', '-sTCP:LISTEN'] EXIT 0
r00_manag 60881 study_superior   12u  IPv4 0xd4086eee95fc0b23      0t0  TCP 127.0.0.1:50043 (LISTEN)
2026-10-07T08:28:26.056872+08:00
COMMAND ['/bin/ps', '-axo', 'pid,ppid,lstart,comm'] EXIT 0
60881 60876 Wed Oct  7 08:27:53 2026     /Users/study_superior/Desktop/Code/LingxiAgent/rust/target/debug/deps/r00_management_leaves-294787929158efb0
COMMAND ['/usr/sbin/lsof', '-nP', '-iTCP', '-sTCP:LISTEN'] EXIT 0
r00_manag 60881 study_superior   12u  IPv4 0xd4086eee95fc0b23      0t0  TCP 127.0.0.1:50043 (LISTEN)
2026-10-07T08:28:27.195251+08:00
COMMAND ['/bin/ps', '-axo', 'pid,ppid,lstart,comm'] EXIT 0
60881 60876 Wed Oct  7 08:27:53 2026     /Users/study_superior/Desktop/Code/LingxiAgent/rust/target/debug/deps/r00_management_leaves-294787929158efb0
COMMAND ['/usr/sbin/lsof', '-nP', '-iTCP', '-sTCP:LISTEN'] EXIT 0
r00_manag 60881 study_superior   12u  IPv4 0xd4086eee95fc0b23      0t0  TCP 127.0.0.1:50043 (LISTEN)
2026-10-07T08:28:28.336833+08:00
COMMAND ['/bin/ps', '-axo', 'pid,ppid,lstart,comm'] EXIT 0
60881 60876 Wed Oct  7 08:27:53 2026     /Users/study_superior/Desktop/Code/LingxiAgent/rust/target/debug/deps/r00_management_leaves-294787929158efb0
COMMAND ['/usr/sbin/lsof', '-nP', '-iTCP', '-sTCP:LISTEN'] EXIT 0
r00_manag 60881 study_superior   12u  IPv4 0xd4086eee95fc0b23      0t0  TCP 127.0.0.1:50043 (LISTEN)
2026-10-07T08:28:29.474086+08:00
COMMAND ['/bin/ps', '-axo', 'pid,ppid,lstart,comm'] EXIT 0
60881 60876 Wed Oct  7 08:27:53 2026     /Users/study_superior/Desktop/Code/LingxiAgent/rust/target/debug/deps/r00_management_leaves-294787929158efb0
COMMAND ['/usr/sbin/lsof', '-nP', '-iTCP', '-sTCP:LISTEN'] EXIT 0
r00_manag 60881 study_superior   12u  IPv4 0xd4086eee95fc0b23      0t0  TCP 127.0.0.1:50043 (LISTEN)
2026-10-07T08:28:30.622522+08:00
COMMAND ['/bin/ps', '-axo', 'pid,ppid,lstart,comm'] EXIT 0
60881 60876 Wed Oct  7 08:27:53 2026     /Users/study_superior/Desktop/Code/LingxiAgent/rust/target/debug/deps/r00_management_leaves-294787929158efb0
COMMAND ['/usr/sbin/lsof', '-nP', '-iTCP', '-sTCP:LISTEN'] EXIT 0
r00_manag 60881 study_superior   12u  IPv4 0xd4086eee95fc0b23      0t0  TCP 127.0.0.1:50043 (LISTEN)
2026-10-07T08:28:31.765763+08:00
COMMAND ['/bin/ps', '-axo', 'pid,ppid,lstart,comm'] EXIT 0
60881 60876 Wed Oct  7 08:27:53 2026     /Users/study_superior/Desktop/Code/LingxiAgent/rust/target/debug/deps/r00_management_leaves-294787929158efb0
COMMAND ['/usr/sbin/lsof', '-nP', '-iTCP', '-sTCP:LISTEN'] EXIT 0
r00_manag 60881 study_superior   12u  IPv4 0xd4086eee95fc0b23      0t0  TCP 127.0.0.1:50043 (LISTEN)
2026-10-07T08:28:32.922154+08:00
COMMAND ['/bin/ps', '-axo', 'pid,ppid,lstart,comm'] EXIT 0
60881 60876 Wed Oct  7 08:27:53 2026     /Users/study_superior/Desktop/Code/LingxiAgent/rust/target/debug/deps/r00_management_leaves-294787929158efb0
COMMAND ['/usr/sbin/lsof', '-nP', '-iTCP', '-sTCP:LISTEN'] EXIT 0
r00_manag 60881 study_superior   12u  IPv4 0xd4086eee95fc0b23      0t0  TCP 127.0.0.1:50043 (LISTEN)
2026-10-07T08:28:34.108442+08:00
COMMAND ['/bin/ps', '-axo', 'pid,ppid,lstart,comm'] EXIT 0
60881 60876 Wed Oct  7 08:27:53 2026     /Users/study_superior/Desktop/Code/LingxiAgent/rust/target/debug/deps/r00_management_leaves-294787929158efb0
COMMAND ['/usr/sbin/lsof', '-nP', '-iTCP', '-sTCP:LISTEN'] EXIT 0
r00_manag 60881 study_superior   12u  IPv4 0xd4086eee95fc0b23      0t0  TCP 127.0.0.1:50043 (LISTEN)
2026-10-07T08:28:35.270003+08:00
COMMAND ['/bin/ps', '-axo', 'pid,ppid,lstart,comm'] EXIT 0
60881 60876 Wed Oct  7 08:27:53 2026     /Users/study_superior/Desktop/Code/LingxiAgent/rust/target/debug/deps/r00_management_leaves-294787929158efb0
COMMAND ['/usr/sbin/lsof', '-nP', '-iTCP', '-sTCP:LISTEN'] EXIT 0
r00_manag 60881 study_superior   12u  IPv4 0xd4086eee95fc0b23      0t0  TCP 127.0.0.1:50043 (LISTEN)
2026-10-07T08:28:36.413293+08:00
COMMAND ['/bin/ps', '-axo', 'pid,ppid,lstart,comm'] EXIT 0
60881 60876 Wed Oct  7 08:27:53 2026     /Users/study_superior/Desktop/Code/LingxiAgent/rust/target/debug/deps/r00_management_leaves-294787929158efb0
COMMAND ['/usr/sbin/lsof', '-nP', '-iTCP', '-sTCP:LISTEN'] EXIT 0
r00_manag 60881 study_superior   12u  IPv4 0xd4086eee95fc0b23      0t0  TCP 127.0.0.1:50043 (LISTEN)
2026-10-07T08:28:37.574851+08:00
COMMAND ['/bin/ps', '-axo', 'pid,ppid,lstart,comm'] EXIT 0
60881 60876 Wed Oct  7 08:27:53 2026     /Users/study_superior/Desktop/Code/LingxiAgent/rust/target/debug/deps/r00_management_leaves-294787929158efb0
COMMAND ['/usr/sbin/lsof', '-nP', '-iTCP', '-sTCP:LISTEN'] EXIT 0
r00_manag 60881 study_superior   12u  IPv4 0xd4086eee95fc0b23      0t0  TCP 127.0.0.1:50043 (LISTEN)
2026-10-07T08:28:38.736687+08:00
COMMAND ['/bin/ps', '-axo', 'pid,ppid,lstart,comm'] EXIT 0
60881 60876 Wed Oct  7 08:27:53 2026     /Users/study_superior/Desktop/Code/LingxiAgent/rust/target/debug/deps/r00_management_leaves-294787929158efb0
COMMAND ['/usr/sbin/lsof', '-nP', '-iTCP', '-sTCP:LISTEN'] EXIT 0
r00_manag 60881 study_superior   12u  IPv4 0xd4086eee95fc0b23      0t0  TCP 127.0.0.1:50043 (LISTEN)
2026-10-07T08:28:39.901848+08:00
COMMAND ['/bin/ps', '-axo', 'pid,ppid,lstart,comm'] EXIT 0
60881 60876 Wed Oct  7 08:27:53 2026     /Users/study_superior/Desktop/Code/LingxiAgent/rust/target/debug/deps/r00_management_leaves-294787929158efb0
COMMAND ['/usr/sbin/lsof', '-nP', '-iTCP', '-sTCP:LISTEN'] EXIT 0
r00_manag 60881 study_superior   12u  IPv4 0xd4086eee95fc0b23      0t0  TCP 127.0.0.1:50043 (LISTEN)
2026-10-07T08:28:41.060309+08:00
COMMAND ['/bin/ps', '-axo', 'pid,ppid,lstart,comm'] EXIT 0
60881 60876 Wed Oct  7 08:27:53 2026     /Users/study_superior/Desktop/Code/LingxiAgent/rust/target/debug/deps/r00_management_leaves-294787929158efb0
COMMAND ['/usr/sbin/lsof', '-nP', '-iTCP', '-sTCP:LISTEN'] EXIT 0
r00_manag 60881 study_superior   12u  IPv4 0xd4086eee95fc0b23      0t0  TCP 127.0.0.1:50043 (LISTEN)
2026-10-07T08:28:42.223544+08:00
COMMAND ['/bin/ps', '-axo', 'pid,ppid,lstart,comm'] EXIT 0
60881 60876 Wed Oct  7 08:27:53 2026     /Users/study_superior/Desktop/Code/LingxiAgent/rust/target/debug/deps/r00_management_leaves-294787929158efb0
COMMAND ['/usr/sbin/lsof', '-nP', '-iTCP', '-sTCP:LISTEN'] EXIT 0
r00_manag 60881 study_superior   12u  IPv4 0xd4086eee95fc0b23      0t0  TCP 127.0.0.1:50043 (LISTEN)
2026-10-07T08:28:43.385337+08:00
COMMAND ['/bin/ps', '-axo', 'pid,ppid,lstart,comm'] EXIT 0
60881 60876 Wed Oct  7 08:27:53 2026     /Users/study_superior/Desktop/Code/LingxiAgent/rust/target/debug/deps/r00_management_leaves-294787929158efb0
COMMAND ['/usr/sbin/lsof', '-nP', '-iTCP', '-sTCP:LISTEN'] EXIT 0
r00_manag 60881 study_superior   12u  IPv4 0xd4086eee95fc0b23      0t0  TCP 127.0.0.1:50043 (LISTEN)
2026-10-07T08:28:44.548119+08:00
COMMAND ['/bin/ps', '-axo', 'pid,ppid,lstart,comm'] EXIT 0
60881 60876 Wed Oct  7 08:27:53 2026     /Users/study_superior/Desktop/Code/LingxiAgent/rust/target/debug/deps/r00_management_leaves-294787929158efb0
COMMAND ['/usr/sbin/lsof', '-nP', '-iTCP', '-sTCP:LISTEN'] EXIT 0
r00_manag 60881 study_superior   12u  IPv4 0x8b270e8fe5e078a5      0t0  TCP *:50220 (LISTEN)
2026-10-07T08:28:45.695421+08:00
COMMAND ['/bin/ps', '-axo', 'pid,ppid,lstart,comm'] EXIT 0
60881 60876 Wed Oct  7 08:27:53 2026     /Users/study_superior/Desktop/Code/LingxiAgent/rust/target/debug/deps/r00_management_leaves-294787929158efb0
COMMAND ['/usr/sbin/lsof', '-nP', '-iTCP', '-sTCP:LISTEN'] EXIT 0
r00_manag 60881 study_superior   12u  IPv4 0x8b270e8fe5e078a5      0t0  TCP *:50220 (LISTEN)
2026-10-07T08:28:46.844860+08:00
COMMAND ['/bin/ps', '-axo', 'pid,ppid,lstart,comm'] EXIT 0
60881 60876 Wed Oct  7 08:27:53 2026     /Users/study_superior/Desktop/Code/LingxiAgent/rust/target/debug/deps/r00_management_leaves-294787929158efb0
COMMAND ['/usr/sbin/lsof', '-nP', '-iTCP', '-sTCP:LISTEN'] EXIT 0
r00_manag 60881 study_superior   12u  IPv4 0x8b270e8fe5e078a5      0t0  TCP *:50220 (LISTEN)
2026-10-07T08:28:47.991281+08:00
COMMAND ['/bin/ps', '-axo', 'pid,ppid,lstart,comm'] EXIT 0
60881 60876 Wed Oct  7 08:27:53 2026     /Users/study_superior/Desktop/Code/LingxiAgent/rust/target/debug/deps/r00_management_leaves-294787929158efb0
COMMAND ['/usr/sbin/lsof', '-nP', '-iTCP', '-sTCP:LISTEN'] EXIT 0
r00_manag 60881 study_superior   12u  IPv4 0x8b270e8fe5e078a5      0t0  TCP *:50220 (LISTEN)
2026-10-07T08:28:49.122170+08:00
COMMAND ['/bin/ps', '-axo', 'pid,ppid,lstart,comm'] EXIT 0
60881 60876 Wed Oct  7 08:27:53 2026     /Users/study_superior/Desktop/Code/LingxiAgent/rust/target/debug/deps/r00_management_leaves-294787929158efb0
COMMAND ['/usr/sbin/lsof', '-nP', '-iTCP', '-sTCP:LISTEN'] EXIT 0
r00_manag 60881 study_superior   12u  IPv4 0x8b270e8fe5e078a5      0t0  TCP *:50220 (LISTEN)
2026-10-07T08:28:50.281558+08:00
COMMAND ['/bin/ps', '-axo', 'pid,ppid,lstart,comm'] EXIT 0
60881 60876 Wed Oct  7 08:27:53 2026     /Users/study_superior/Desktop/Code/LingxiAgent/rust/target/debug/deps/r00_management_leaves-294787929158efb0
COMMAND ['/usr/sbin/lsof', '-nP', '-iTCP', '-sTCP:LISTEN'] EXIT 0
r00_manag 60881 study_superior   12u  IPv4 0x8b270e8fe5e078a5      0t0  TCP *:50220 (LISTEN)
2026-10-07T08:28:51.446008+08:00
COMMAND ['/bin/ps', '-axo', 'pid,ppid,lstart,comm'] EXIT 0
60881 60876 Wed Oct  7 08:27:53 2026     /Users/study_superior/Desktop/Code/LingxiAgent/rust/target/debug/deps/r00_management_leaves-294787929158efb0
COMMAND ['/usr/sbin/lsof', '-nP', '-iTCP', '-sTCP:LISTEN'] EXIT 0
r00_manag 60881 study_superior   12u  IPv4 0x8b270e8fe5e078a5      0t0  TCP *:50220 (LISTEN)
2026-10-07T08:28:52.602063+08:00
COMMAND ['/bin/ps', '-axo', 'pid,ppid,lstart,comm'] EXIT 0
60881 60876 Wed Oct  7 08:27:53 2026     /Users/study_superior/Desktop/Code/LingxiAgent/rust/target/debug/deps/r00_management_leaves-294787929158efb0
COMMAND ['/usr/sbin/lsof', '-nP', '-iTCP', '-sTCP:LISTEN'] EXIT 0
r00_manag 60881 study_superior   12u  IPv4 0x8b270e8fe5e078a5      0t0  TCP *:50220 (LISTEN)
2026-10-07T08:28:53.763510+08:00
COMMAND ['/bin/ps', '-axo', 'pid,ppid,lstart,comm'] EXIT 0
60881 60876 Wed Oct  7 08:27:53 2026     /Users/study_superior/Desktop/Code/LingxiAgent/rust/target/debug/deps/r00_management_leaves-294787929158efb0
COMMAND ['/usr/sbin/lsof', '-nP', '-iTCP', '-sTCP:LISTEN'] EXIT 0
r00_manag 60881 study_superior   12u  IPv4 0x8b270e8fe5e078a5      0t0  TCP *:50220 (LISTEN)
2026-10-07T08:28:54.926941+08:00
COMMAND ['/bin/ps', '-axo', 'pid,ppid,lstart,comm'] EXIT 0
60881 60876 Wed Oct  7 08:27:53 2026     /Users/study_superior/Desktop/Code/LingxiAgent/rust/target/debug/deps/r00_management_leaves-294787929158efb0
COMMAND ['/usr/sbin/lsof', '-nP', '-iTCP', '-sTCP:LISTEN'] EXIT 0
r00_manag 60881 study_superior   12u  IPv4 0x8b270e8fe5e078a5      0t0  TCP *:50220 (LISTEN)
2026-10-07T08:28:56.078549+08:00
COMMAND ['/bin/ps', '-axo', 'pid,ppid,lstart,comm'] EXIT 0
60881 60876 Wed Oct  7 08:27:53 2026     /Users/study_superior/Desktop/Code/LingxiAgent/rust/target/debug/deps/r00_management_leaves-294787929158efb0
COMMAND ['/usr/sbin/lsof', '-nP', '-iTCP', '-sTCP:LISTEN'] EXIT 0
r00_manag 60881 study_superior   12u  IPv4 0x8b270e8fe5e078a5      0t0  TCP *:50220 (LISTEN)
2026-10-07T08:28:57.229886+08:00
COMMAND ['/bin/ps', '-axo', 'pid,ppid,lstart,comm'] EXIT 0
60881 60876 Wed Oct  7 08:27:53 2026     /Users/study_superior/Desktop/Code/LingxiAgent/rust/target/debug/deps/r00_management_leaves-294787929158efb0
COMMAND ['/usr/sbin/lsof', '-nP', '-iTCP', '-sTCP:LISTEN'] EXIT 0
r00_manag 60881 study_superior   12u  IPv4 0x8b270e8fe5e078a5      0t0  TCP *:50220 (LISTEN)
2026-10-07T08:28:58.392275+08:00
COMMAND ['/bin/ps', '-axo', 'pid,ppid,lstart,comm'] EXIT 0
60881 60876 Wed Oct  7 08:27:53 2026     /Users/study_superior/Desktop/Code/LingxiAgent/rust/target/debug/deps/r00_management_leaves-294787929158efb0
COMMAND ['/usr/sbin/lsof', '-nP', '-iTCP', '-sTCP:LISTEN'] EXIT 0
r00_manag 60881 study_superior   12u  IPv4 0x8b270e8fe5e078a5      0t0  TCP *:50220 (LISTEN)
2026-10-07T08:28:59.545504+08:00
COMMAND ['/bin/ps', '-axo', 'pid,ppid,lstart,comm'] EXIT 0
60881 60876 Wed Oct  7 08:27:53 2026     /Users/study_superior/Desktop/Code/LingxiAgent/rust/target/debug/deps/r00_management_leaves-294787929158efb0
COMMAND ['/usr/sbin/lsof', '-nP', '-iTCP', '-sTCP:LISTEN'] EXIT 0
r00_manag 60881 study_superior   12u  IPv4 0x8b270e8fe5e078a5      0t0  TCP *:50220 (LISTEN)
2026-10-07T08:29:00.705010+08:00
COMMAND ['/bin/ps', '-axo', 'pid,ppid,lstart,comm'] EXIT 0
60881 60876 Wed Oct  7 08:27:53 2026     /Users/study_superior/Desktop/Code/LingxiAgent/rust/target/debug/deps/r00_management_leaves-294787929158efb0
COMMAND ['/usr/sbin/lsof', '-nP', '-iTCP', '-sTCP:LISTEN'] EXIT 0
r00_manag 60881 study_superior   12u  IPv4 0x8b270e8fe5e078a5      0t0  TCP *:50220 (LISTEN)
2026-10-07T08:29:01.863642+08:00
COMMAND ['/bin/ps', '-axo', 'pid,ppid,lstart,comm'] EXIT 0
60881 60876 Wed Oct  7 08:27:53 2026     /Users/study_superior/Desktop/Code/LingxiAgent/rust/target/debug/deps/r00_management_leaves-294787929158efb0
COMMAND ['/usr/sbin/lsof', '-nP', '-iTCP', '-sTCP:LISTEN'] EXIT 0
r00_manag 60881 study_superior   12u  IPv4 0x8b270e8fe5e078a5      0t0  TCP *:50220 (LISTEN)
2026-10-07T08:29:03.023671+08:00
COMMAND ['/bin/ps', '-axo', 'pid,ppid,lstart,comm'] EXIT 0
60881 60876 Wed Oct  7 08:27:53 2026     /Users/study_superior/Desktop/Code/LingxiAgent/rust/target/debug/deps/r00_management_leaves-294787929158efb0
COMMAND ['/usr/sbin/lsof', '-nP', '-iTCP', '-sTCP:LISTEN'] EXIT 0
r00_manag 60881 study_superior   12u  IPv4 0x8b270e8fe5e078a5      0t0  TCP *:50220 (LISTEN)
2026-10-07T08:29:04.180048+08:00
COMMAND ['/bin/ps', '-axo', 'pid,ppid,lstart,comm'] EXIT 0
60881 60876 Wed Oct  7 08:27:53 2026     /Users/study_superior/Desktop/Code/LingxiAgent/rust/target/debug/deps/r00_management_leaves-294787929158efb0
COMMAND ['/usr/sbin/lsof', '-nP', '-iTCP', '-sTCP:LISTEN'] EXIT 0
r00_manag 60881 study_superior   12u  IPv4 0x8b270e8fe5e078a5      0t0  TCP *:50220 (LISTEN)
