   Compiling proc-macro2 v1.0.107
   Compiling quote v1.0.47
   Compiling unicode-ident v1.0.26
   Compiling libc v0.2.189
   Compiling serde_core v1.0.229
    Checking memchr v2.8.3
    Checking itoa v1.0.18
    Checking cfg-if v1.0.5
   Compiling serde v1.0.229
   Compiling autocfg v1.5.1
   Compiling zmij v1.0.23
   Compiling serde_json v1.0.151
    Checking once_cell v1.21.4
    Checking pin-project-lite v0.2.17
    Checking base64 v0.23.1
    Checking futures-core v0.3.34
   Compiling find-msvc-tools v0.1.13
   Compiling shlex v2.0.1
    Checking bytes v1.12.1
   Compiling ref-cast v1.0.27
   Compiling pkg-config v0.3.34
    Checking stable_deref_trait v1.2.1
    Checking smallvec v1.16.1
    Checking log v0.4.34
    Checking futures-sink v0.3.34
    Checking slab v0.4.12
    Checking allocator-api2 v0.2.21
   Compiling dunce v1.0.5
    Checking foldhash v0.2.0
    Checking equivalent v1.0.2
   Compiling fs_extra v1.3.0
    Checking futures-channel v0.3.34
    Checking core-foundation-sys v0.8.7
    Checking dyn-clone v1.0.20
    Checking futures-task v0.3.34
    Checking futures-io v0.3.34
    Checking tracing-core v0.1.36
    Checking bitflags v2.13.2
   Compiling aws-lc-rs v1.18.1
    Checking writeable v0.6.4
    Checking litemap v0.8.3
    Checking percent-encoding v2.3.2
    Checking zeroize v1.9.0
   Compiling icu_normalizer_data v2.3.0
   Compiling icu_properties_data v2.3.0
    Checking utf8_iter v1.0.4
   Compiling httparse v1.10.1
   Compiling system-configuration-sys v0.6.0
    Checking tower-service v0.3.3
    Checking hashbrown v0.17.1
   Compiling num-traits v0.2.19
    Checking try-lock v0.2.5
    Checking untrusted v0.9.0
    Checking rustls-pki-types v1.15.1
    Checking http v1.5.0
   Compiling rustversion v1.0.23
    Checking fnv v1.0.7
    Checking regex-syntax v0.8.11
    Checking atomic-waker v1.1.2
   Compiling rustls v0.23.45
    Checking aho-corasick v1.1.5
    Checking form_urlencoded v1.2.2
    Checking sync_wrapper v1.0.2
    Checking want v0.3.1
    Checking subtle v2.6.1
   Compiling version_check v0.9.5
    Checking scopeguard v1.2.0
    Checking httpdate v1.0.3
    Checking typenum v1.20.1
    Checking tower-layer v0.3.3
   Compiling getrandom v0.3.4
   Compiling zerocopy v0.8.58
   Compiling parking_lot_core v0.9.12
    Checking ipnet v2.12.2
    Checking mime v0.3.17
   Compiling vcpkg v0.2.15
   Compiling getrandom v0.4.3
    Checking lock_api v0.4.14
   Compiling ahash v0.8.12
    Checking const-oid v0.10.2
    Checking simdutf8 v0.1.5
   Compiling multiversion_no_op v1.0.0
   Compiling thiserror v2.0.21
    Checking borrow-or-share v0.2.4
   Compiling unicode-general-category v1.1.0
   Compiling heck v0.5.0
    Checking bit-vec v0.8.0
    Checking http-body v1.1.0
    Checking outref v0.5.2
   Compiling rmcp v3.4.1
    Checking ryu v1.0.23
    Checking vsimd v0.8.0
    Checking http-body-util v0.1.5
    Checking micromap v0.3.0
    Checking bit-set v0.8.0
    Checking bytecount v0.6.9
    Checking num-cmp v0.1.0
    Checking lazy_static v1.5.0
    Checking hashlink v0.12.2
    Checking tracing-log v0.2.0
    Checking thread_local v1.1.10
    Checking sharded-slab v0.1.7
    Checking fallible-streaming-iterator v0.1.9
    Checking fallible-iterator v0.3.0
    Checking hybrid-array v0.4.15
    Checking nu-ansi-term v0.50.3
    Checking data-encoding v2.11.1
   Compiling pastey v0.2.3
    Checking matchit v0.8.4
    Checking uuid-simd v0.8.0
    Checking mio v1.2.3
    Checking socket2 v0.6.5
    Checking core-foundation v0.9.4
    Checking security-framework-sys v2.17.0
    Checking core-foundation v0.10.1
   Compiling jobserver v0.1.35
    Checking cpufeatures v0.3.1
    Checking uuid v1.26.1
    Checking parking_lot v0.12.5
   Compiling syn v3.0.6
   Compiling syn v2.0.119
    Checking system-configuration v0.7.0
    Checking regex-automata v0.4.18
    Checking jsonschema-regex v0.57.0
   Compiling cc v1.4.7
    Checking security-framework v3.7.0
    Checking crypto-common v0.2.2
    Checking block-buffer v0.12.1
   Compiling encoding_rs v0.8.42
    Checking num-integer v0.1.47
    Checking num-complex v0.4.6
    Checking num-bigint v0.4.8
    Checking num-iter v0.1.46
    Checking digest v0.11.3
    Checking sha2 v0.11.0
    Checking sha1 v0.11.0
   Compiling cmake v0.1.58
    Checking indexmap v2.14.2
    Checking serde_path_to_error v0.1.20
   Compiling libsqlite3-sys v0.38.2
   Compiling aws-lc-sys v0.45.0
    Checking num-rational v0.4.2
    Checking num v0.4.3
    Checking fraction v0.17.0
    Checking matchers v0.2.0
    Checking regex v1.13.1
    Checking fancy-regex v0.19.2
   Compiling synstructure v0.14.0
   Compiling serde_derive_internals v0.30.0
   Compiling tracing-attributes v0.1.31
   Compiling strum_macros v0.28.0
   Compiling serde_derive v1.0.229
   Compiling ref-cast-impl v1.0.27
   Compiling zerovec-derive v0.11.6
   Compiling tokio-macros v2.7.2
   Compiling displaydoc v0.2.7
   Compiling futures-macro v0.3.34
   Compiling thiserror-impl v2.0.21
   Compiling zerofrom-derive v0.1.8
   Compiling yoke-derive v0.8.3
   Compiling schemars_derive v1.2.2
    Checking tokio v1.53.1
    Checking tracing v0.1.44
    Checking futures-util v0.3.34
    Checking zerofrom v0.1.8
    Checking strum v0.28.0
    Checking axum-core v0.5.6
    Checking tracing-subscriber v0.3.23
    Checking yoke v0.8.3
    Checking zerovec v0.11.8
    Checking zerotrie v0.2.5
    Checking rusqlite v0.40.2
    Checking chrono v0.4.45
    Checking fluent-uri v0.4.1
    Checking serde_urlencoded v0.7.1
    Checking email_address v0.2.9
    Checking lingxi-browser-spike v0.0.0 (/Users/study_superior/Desktop/Code/LingxiAgent/rust/crates/lingxi-browser-spike)
    Checking jsonschema-value v0.57.0
    Checking futures-executor v0.3.34
    Checking tinystr v0.8.4
    Checking potential_utf v0.1.6
    Checking futures v0.3.34
    Checking referencing v0.57.0
    Checking icu_collections v2.3.0
    Checking icu_locale_core v2.3.0
    Checking schemars v1.2.2
    Checking tokio-util v0.7.19
    Checking tower v0.5.3
    Checking tokio-stream v0.1.19
    Checking icu_provider v2.3.1
    Checking h2 v0.4.19
    Checking icu_normalizer v2.3.0
    Checking icu_properties v2.3.0
    Checking lingxi-protocol v0.0.0 (/Users/study_superior/Desktop/Code/LingxiAgent/rust/crates/lingxi-protocol)
    Checking idna_adapter v1.2.2
    Checking idna v1.1.0
    Checking url v2.5.8
    Checking tower-http v0.6.11
    Checking lingxi-kernel v0.0.0 (/Users/study_superior/Desktop/Code/LingxiAgent/rust/crates/lingxi-kernel)
    Checking hyper v1.11.1
    Checking hyper-util v0.1.21
    Checking axum v0.8.9
    Checking rustls-webpki v0.103.15
    Checking tokio-rustls v0.26.5
    Checking rustls-platform-verifier v0.7.1
    Checking hyper-rustls v0.27.10
    Checking reqwest v0.13.5
    Checking jsonschema v0.57.0
    Checking lingxi-spike v0.0.0 (/Users/study_superior/Desktop/Code/LingxiAgent/rust/crates/lingxi-spike)
    Finished `dev` profile [unoptimized + debuginfo] target(s) in 10.84s
