2026-10-02T03:29:02.870907Z  INFO lingxi_service: data root resolved effective_home=/var/folders/5r/wq54gtms21gfjgr5v94ynfyh0000gn/T//lingxi-r02t08-a15-home.ptJggM source=cli ignored_sources=none
2026-10-02T03:29:02.872204Z  INFO lingxi_service: data root prepared (canonicalized; runtime dir private 0700) canonical_home=/private/var/folders/5r/wq54gtms21gfjgr5v94ynfyh0000gn/T/lingxi-r02t08-a15-home.ptJggM runtime_dir=/private/var/folders/5r/wq54gtms21gfjgr5v94ynfyh0000gn/T/lingxi-r02t08-a15-home.ptJggM/lingxi-service
2026-10-02T03:29:02.872807Z  INFO lingxi_service: single-writer lock acquired instance_id=8d3a028d94b140f83abd78ae9ee1741d start_nonce=fac041d74e562a25 pid=71701 entropy="os-random-device" lock=/private/var/folders/5r/wq54gtms21gfjgr5v94ynfyh0000gn/T/lingxi-r02t08-a15-home.ptJggM/lingxi-service/instance.lock network_mode=loopback
2026-10-02T03:29:02.885618Z  INFO lingxi_service: data-epoch gate passed home=/private/var/folders/5r/wq54gtms21gfjgr5v94ynfyh0000gn/T/lingxi-r02t08-a15-home.ptJggM decision=ProceedStampedNew(EpochStamp { format: V2, minimum_reader_epoch: 1, committed_data_epoch: 1, last_version: Some("0.0.0") })
2026-10-02T03:29:02.929741Z  INFO lingxi_adapters::storage::run_store: run database migrated db=/private/var/folders/5r/wq54gtms21gfjgr5v94ynfyh0000gn/T/lingxi-r02t08-a15-home.ptJggM/lingxi-service/data/runs.db applied=[1, 2, 3, 4] version=4
2026-10-02T03:29:02.930371Z  INFO lingxi_service: auth service bootstrapped (per-start loopback token, owner-only); run database migrated and seeded local_token_file=/private/var/folders/5r/wq54gtms21gfjgr5v94ynfyh0000gn/T/lingxi-r02t08-a15-home.ptJggM/lingxi-service/local-token.json run_database=/private/var/folders/5r/wq54gtms21gfjgr5v94ynfyh0000gn/T/lingxi-r02t08-a15-home.ptJggM/lingxi-service/data/runs.db
2026-10-02T03:29:02.939600Z  INFO lingxi_service: instance record published (atomic write) record=/private/var/folders/5r/wq54gtms21gfjgr5v94ynfyh0000gn/T/lingxi-r02t08-a15-home.ptJggM/lingxi-service/instance.json bind_addr=127.0.0.1:50375
LINGXI_AUTH_REJECTED request_id=req-b7fb3c731bcada8d22f20b3d69fdb96c method=GET path=/lingxi/v1/me status=401 Unauthorized reason=missing_credential remote=127.0.0.1:50377
2026-10-02T03:29:03.302438Z  INFO lingxi_service: request handled request_id=req-b7fb3c731bcada8d22f20b3d69fdb96c method=GET path=/lingxi/v1/me status=401
2026-10-02T03:29:03.303581Z  INFO lingxi_service: request handled request_id=req-d1710f4dc352974b25cfc168fd0b4bf4 method=GET path=/lingxi/v1/me status=200
2026-10-02T03:29:03.305666Z  INFO lingxi_service::sessions: run settled through the single finalize path run_id=run_000001a0faa88548_000001 session_id="sess_local_alpha" outcome=completed.no_final.no_provider_configured input_chars=23 input_bytes=23
2026-10-02T03:29:03.305840Z  INFO lingxi_service: request handled request_id=req-7a57db7e1e87ecbe8e48db710da25fb6 method=POST path=/lingxi/v1/sessions/sess_local_alpha/execute status=200
2026-10-02T03:29:03.306418Z  INFO lingxi_service: request handled request_id=req-dbaabb9d5af2c658102deef605571126 method=GET path=/lingxi/v1/ws status=101
2026-10-02T03:29:03.308503Z  INFO lingxi_service::sessions: run settled through the single finalize path run_id=run_000001a0faa8854b_000002 session_id="sess_local_alpha" outcome=completed.no_final.no_provider_configured input_chars=26 input_bytes=26
2026-10-02T03:29:03.308624Z  INFO lingxi_service: request handled request_id=req-a9027dddd1f9daa9cdb59c4862a06da9 method=POST path=/lingxi/v1/sessions/sess_local_alpha/execute status=200
2026-10-02T03:29:03.309595Z  INFO lingxi_service: request handled request_id=req-ceb2d04db6b4c678d17c163076e7aaae method=GET path=/lingxi/v1/sessions/sess_local_alpha status=200
2026-10-02T03:29:03.310483Z  INFO lingxi_service: request handled request_id=req-f3048f1cfd29b49323a8589fe7f2ea83 method=GET path=/lingxi/v1/sessions/sess_local_alpha/events status=200
2026-10-02T03:29:03.310901Z  INFO lingxi_service: request handled request_id=req-cadefa3da512f2fca4bee6182b797c28 method=GET path=/lingxi/v1/ws status=101
2026-10-02T03:29:03.311998Z  WARN lingxi_service: ws session read failed err=Connection reset by peer (os error 54)
2026-10-02T03:29:03.334170Z  INFO lingxi_service: shutdown signal: SIGTERM
2026-10-02T03:29:03.335126Z  INFO lingxi_service::shutdown: run database closed (drained, WAL truncated) phase=storage_close
2026-10-02T03:29:03.335462Z  INFO lingxi_service::shutdown: own instance record removed, lock released phase=record_cleanup
2026-10-02T03:29:03.335519Z  INFO lingxi_service: lingxi-service stopped cleanly (run database closed, own record removed, lock released)
