{
  "head": "b0e9118427e16206dcd25ecfb566d766ed476727",
  "node": "v24.16.0",
  "sha256": {
    "package-lock.json": "a9735825cea1d018c2a42ae04f875368a003c386ca68fc86503bc8acbcd79d3c",
    "desktop/src/react/services/stream-admission.ts": "32c1de426b003e8baecd9740e75089247599a0e162dbdd15564f54b5c97df25e",
    "desktop/src/react/services/stream-resume.ts": "a73b9b6961810831100be94a55d1cc121f2d23b2e6d03f42f4861538e5e56379",
    "desktop/src/react/services/ws-message-handler.ts": "6d7511ad1b64783ab554b3c61f4c84add41d91c59719564fffc506c8a9ba32ed",
    "desktop/src/react/hooks/use-stream-buffer.ts": "db55602b22d14a7f690290928079c9edea7ea6b82e7e3eb3606a112280108801",
    "tests/stream-route-consumer-isolation.test.ts": "b6e923bebaaaacca2fff1f26dc272d030a42cf48bbb1b1b71500ed1f85a08f97",
    "artifacts/refactor-2026/P05/logs/P05-ACCEPTANCE-counterexample.test.ts": "fddcc88fb1e6708d55150ad88adfbb78649597a544007f375b5c4237c927dd56"
  }
}

SOURCE server/routes/chat.ts
776:   function emitStreamEvent(sessionPath, ss, event) {
882:     // 一个用户 Run = 一个 streamId。若 session_user_message 已提前开启流则复用；
997:    * 这里只切 Run 语义层：不动 stream 连接（isStreaming 保持、复用 streamId）、
1001:   function splitAssistantRunForSteeredInput(sessionPath, ss, userMessage) {

SOURCE server/routes/channels.ts
37: import { buildConversationMarkdownExport } from "../../lib/channels/conversation-export.ts";
192: export function createChannelsRoute(engine: any, hub: any) {
233:   route.get("/conversations/:id/export", async (c) => {
246:         archive = await buildConversationMarkdownExport({
259:         archive = await buildConversationMarkdownExport({

SOURCE lib/channels/conversation-export.ts
52: export async function buildConversationMarkdownExport(options: ConversationExportOptions): Promise<ConversationExportResult> {
73:   lines.push("", "## Conversation record", "", ensureTrailingNewline(content));

DESKTOP STRUCTURED EXPORT ROUTE SEARCH
desktop/src/react ["desktop/src/react/settings/tabs/observability/ObservabilityExportDialog.tsx:2:  * ObservabilityExportDialog.tsx — 导出对话框（Phase 9 §一百零九～一百一十八）。"]
server/routes []
