2026-09-28T17:57:09.708963Z  INFO lingxi_service: data root resolved effective_home=/var/folders/5r/wq54gtms21gfjgr5v94ynfyh0000gn/T//lingxi-r02t08-a15-home.rcZqWF source=cli ignored_sources=none
2026-09-28T17:57:09.709886Z  INFO lingxi_service: data root prepared (canonicalized; runtime dir private 0700) canonical_home=/private/var/folders/5r/wq54gtms21gfjgr5v94ynfyh0000gn/T/lingxi-r02t08-a15-home.rcZqWF runtime_dir=/private/var/folders/5r/wq54gtms21gfjgr5v94ynfyh0000gn/T/lingxi-r02t08-a15-home.rcZqWF/lingxi-service
2026-09-28T17:57:09.710248Z  INFO lingxi_service: single-writer lock acquired instance_id=858400501bf85896cb77777091a1c74c start_nonce=e4f4a991436de930 pid=47160 entropy="os-random-device" lock=/private/var/folders/5r/wq54gtms21gfjgr5v94ynfyh0000gn/T/lingxi-r02t08-a15-home.rcZqWF/lingxi-service/instance.lock network_mode=loopback
2026-09-28T17:57:09.725688Z  INFO lingxi_service: data-epoch gate passed home=/private/var/folders/5r/wq54gtms21gfjgr5v94ynfyh0000gn/T/lingxi-r02t08-a15-home.rcZqWF decision=ProceedStampedNew(EpochStamp { format: V2, minimum_reader_epoch: 1, committed_data_epoch: 1, last_version: Some("0.0.0") })
2026-09-28T17:57:09.770122Z  INFO lingxi_adapters::storage::run_store: run database migrated db=/private/var/folders/5r/wq54gtms21gfjgr5v94ynfyh0000gn/T/lingxi-r02t08-a15-home.rcZqWF/lingxi-service/data/runs.db applied=[1] version=1
2026-09-28T17:57:09.770547Z  INFO lingxi_service: auth service bootstrapped (per-start loopback token, owner-only); run database migrated and seeded local_token_file=/private/var/folders/5r/wq54gtms21gfjgr5v94ynfyh0000gn/T/lingxi-r02t08-a15-home.rcZqWF/lingxi-service/local-token.json run_database=/private/var/folders/5r/wq54gtms21gfjgr5v94ynfyh0000gn/T/lingxi-r02t08-a15-home.rcZqWF/lingxi-service/data/runs.db
2026-09-28T17:57:09.780545Z  INFO lingxi_service: instance record published (atomic write) record=/private/var/folders/5r/wq54gtms21gfjgr5v94ynfyh0000gn/T/lingxi-r02t08-a15-home.rcZqWF/lingxi-service/instance.json bind_addr=127.0.0.1:54524
LINGXI_AUTH_REJECTED request_id=req-9fa9a065e87fb4b38684c282bf452aa2 method=GET path=/lingxi/v1/me status=401 Unauthorized reason=missing_credential remote=127.0.0.1:54526
2026-09-28T17:57:09.951590Z  INFO lingxi_service: request handled request_id=req-9fa9a065e87fb4b38684c282bf452aa2 method=GET path=/lingxi/v1/me status=401
2026-09-28T17:57:09.952440Z  INFO lingxi_service: request handled request_id=req-f4398a298226530cc301fd8ccd0efbd9 method=GET path=/lingxi/v1/me status=200
2026-09-28T17:57:09.954214Z  INFO lingxi_service::sessions: run committed and published (post-commit) run_id=run_000001a0e929dcc1_000001 session_id=sess_local_alpha events=run_000001a0e929dcc1_000001-done input_chars=23
2026-09-28T17:57:09.954354Z  INFO lingxi_service: request handled request_id=req-819b4e9c818bd33f868cf0254238e1a1 method=POST path=/lingxi/v1/sessions/sess_local_alpha/execute status=200
2026-09-28T17:57:09.954858Z  INFO lingxi_service: request handled request_id=req-8d57f945647549fcae896366c6d531a2 method=GET path=/lingxi/v1/ws status=101
2026-09-28T17:57:09.956799Z  INFO lingxi_service::sessions: run committed and published (post-commit) run_id=run_000001a0e929dcc4_000002 session_id=sess_local_alpha events=run_000001a0e929dcc4_000002-done input_chars=26
2026-09-28T17:57:09.956936Z  INFO lingxi_service: request handled request_id=req-15c99a0346f3d07507659a342186a0da method=POST path=/lingxi/v1/sessions/sess_local_alpha/execute status=200
2026-09-28T17:57:09.957624Z  INFO lingxi_service: request handled request_id=req-87f74133c0a080e47814a3ed8c3f2727 method=GET path=/lingxi/v1/sessions/sess_local_alpha status=200
2026-09-28T17:57:09.958427Z  INFO lingxi_service: request handled request_id=req-eb001adccb1c36d9e534e70a4be8a703 method=GET path=/lingxi/v1/sessions/sess_local_alpha/events status=200
2026-09-28T17:57:09.958900Z  INFO lingxi_service: request handled request_id=req-ce6316c85b6bc518cbd75a9d9085e9c3 method=GET path=/lingxi/v1/ws status=101
2026-09-28T17:57:09.960018Z  WARN lingxi_service: ws session read failed err=Connection reset by peer (os error 54)
2026-09-28T17:57:09.980852Z  INFO lingxi_service: shutdown signal: SIGTERM
2026-09-28T17:57:09.981603Z  INFO lingxi_service::shutdown: run database closed (drained, WAL truncated) phase=storage_close
2026-09-28T17:57:09.981829Z  INFO lingxi_service::shutdown: own instance record removed, lock released phase=record_cleanup
2026-09-28T17:57:09.981894Z  INFO lingxi_service: lingxi-service stopped cleanly (run database closed, own record removed, lock released)
