    Finished `test` profile [unoptimized + debuginfo] target(s) in 0.08s
     Running unittests src/lib.rs (rust/target/debug/deps/lingxi_service-8c78af55f7759b0c)

running 5 tests
test procsupervisor::tests::transcript_delivers_split_multibyte_characters_intact ... ok
test procsupervisor::tests::transcript_force_delivery_flushes_a_dangling_partial ... ok
test procsupervisor::tests::transcript_ring_drop_of_undelivered_is_counted_honestly ... ok
test procsupervisor::tests::transcript_idle_polls_after_a_partial_delivery_hold_back_without_loss ... FAILED
test procsupervisor::tests::transcript_mixed_chunk_prefix_is_consumed_byte_exactly_r04_rr1_f04_c01 ... FAILED

failures:

---- procsupervisor::tests::transcript_idle_polls_after_a_partial_delivery_hold_back_without_loss stdout ----

thread 'procsupervisor::tests::transcript_idle_polls_after_a_partial_delivery_hold_back_without_loss' (3392752) panicked at crates/lingxi-service/src/procsupervisor.rs:2992:9:
assertion `left == right` failed: bytes held back for completion are NOT dropped
  left: 2
 right: 0
note: run with `RUST_BACKTRACE=1` environment variable to display a backtrace

---- procsupervisor::tests::transcript_mixed_chunk_prefix_is_consumed_byte_exactly_r04_rr1_f04_c01 stdout ----

thread 'procsupervisor::tests::transcript_mixed_chunk_prefix_is_consumed_byte_exactly_r04_rr1_f04_c01' (3392753) panicked at crates/lingxi-service/src/procsupervisor.rs:2973:9:
assertion `left == right` failed: no duplication on an idle re-poll
  left: "a"
 right: ""


failures:
    procsupervisor::tests::transcript_idle_polls_after_a_partial_delivery_hold_back_without_loss
    procsupervisor::tests::transcript_mixed_chunk_prefix_is_consumed_byte_exactly_r04_rr1_f04_c01

test result: FAILED. 3 passed; 2 failed; 0 ignored; 0 measured; 294 filtered out; finished in 0.00s

error: test failed, to rerun pass `-p lingxi-service --lib`
EXIT_CODE=101
