2026-09-29T14:02:45.759130Z  INFO lingxi_service: data root resolved effective_home=/var/folders/5r/wq54gtms21gfjgr5v94ynfyh0000gn/T//lingxi-r02t05-home-aT0K1c source=cli ignored_sources=none
2026-09-29T14:02:45.760289Z  INFO lingxi_service: data root prepared (canonicalized; runtime dir private 0700) canonical_home=/private/var/folders/5r/wq54gtms21gfjgr5v94ynfyh0000gn/T/lingxi-r02t05-home-aT0K1c runtime_dir=/private/var/folders/5r/wq54gtms21gfjgr5v94ynfyh0000gn/T/lingxi-r02t05-home-aT0K1c/lingxi-service
2026-09-29T14:02:45.760843Z  INFO lingxi_service: single-writer lock acquired instance_id=3e224d475b3970f265a0a3a70705aee4 start_nonce=ac05cce7b9454709 pid=56663 entropy="os-random-device" lock=/private/var/folders/5r/wq54gtms21gfjgr5v94ynfyh0000gn/T/lingxi-r02t05-home-aT0K1c/lingxi-service/instance.lock network_mode=loopback
2026-09-29T14:02:45.783921Z  INFO lingxi_service: data-epoch gate passed home=/private/var/folders/5r/wq54gtms21gfjgr5v94ynfyh0000gn/T/lingxi-r02t05-home-aT0K1c decision=ProceedStampedNew(EpochStamp { format: V2, minimum_reader_epoch: 1, committed_data_epoch: 1, last_version: Some("0.0.0") })
2026-09-29T14:02:45.834889Z  INFO lingxi_adapters::storage::run_store: run database migrated db=/private/var/folders/5r/wq54gtms21gfjgr5v94ynfyh0000gn/T/lingxi-r02t05-home-aT0K1c/lingxi-service/data/runs.db applied=[1, 2, 3, 4] version=4
2026-09-29T14:02:45.835976Z  INFO lingxi_service: auth service bootstrapped (per-start loopback token, owner-only); run database migrated and seeded local_token_file=/private/var/folders/5r/wq54gtms21gfjgr5v94ynfyh0000gn/T/lingxi-r02t05-home-aT0K1c/lingxi-service/local-token.json run_database=/private/var/folders/5r/wq54gtms21gfjgr5v94ynfyh0000gn/T/lingxi-r02t05-home-aT0K1c/lingxi-service/data/runs.db
2026-09-29T14:02:45.845922Z  INFO lingxi_service: instance record published (atomic write) record=/private/var/folders/5r/wq54gtms21gfjgr5v94ynfyh0000gn/T/lingxi-r02t05-home-aT0K1c/lingxi-service/instance.json bind_addr=127.0.0.1:51666
2026-09-29T14:02:46.156522Z  INFO lingxi_service::sessions: run settled through the single finalize path run_id=run_000001a0ed79a00a_000001 session_id="sess_local_alpha" outcome=completed.no_final.no_provider_configured input_chars=10
2026-09-29T14:02:46.156771Z  INFO lingxi_service: request handled request_id=req-e90607008938e4264e45ac4e9e533dc7 method=POST path=/lingxi/v1/sessions/sess_local_alpha/execute status=200
2026-09-29T14:02:46.158188Z  INFO lingxi_service::sessions: run settled through the single finalize path run_id=run_000001a0ed79a00d_000002 session_id="sess_local_alpha" outcome=completed.no_final.no_provider_configured input_chars=10
2026-09-29T14:02:46.158365Z  INFO lingxi_service: request handled request_id=req-70427d2edb173bf531115501a0785fd4 method=POST path=/lingxi/v1/sessions/sess_local_alpha/execute status=200
2026-09-29T14:02:46.158990Z  INFO lingxi_service: request handled request_id=req-8a1a06abb900f1fecde6390de2146316 method=GET path=/lingxi/v1/ws status=101
2026-09-29T14:02:46.161143Z  INFO lingxi_service::sessions: run settled through the single finalize path run_id=run_000001a0ed79a010_000003 session_id="sess_local_alpha" outcome=completed.no_final.no_provider_configured input_chars=12
2026-09-29T14:02:46.161292Z  INFO lingxi_service: request handled request_id=req-22b6ca82b157e42cd820b71717b9da11 method=POST path=/lingxi/v1/sessions/sess_local_alpha/execute status=200
2026-09-29T14:02:46.162454Z  INFO lingxi_service::sessions: run settled through the single finalize path run_id=run_000001a0ed79a011_000004 session_id="sess_local_alpha" outcome=completed.no_final.no_provider_configured input_chars=12
2026-09-29T14:02:46.162607Z  INFO lingxi_service: request handled request_id=req-85ca80f1df418273c7133002f1a4f136 method=POST path=/lingxi/v1/sessions/sess_local_alpha/execute status=200
2026-09-29T14:02:46.163737Z  INFO lingxi_service::sessions: run settled through the single finalize path run_id=run_000001a0ed79a013_000005 session_id="sess_local_alpha" outcome=completed.no_final.no_provider_configured input_chars=12
2026-09-29T14:02:46.163874Z  INFO lingxi_service: request handled request_id=req-7cfac591f119ee91c720797fcf23bd38 method=POST path=/lingxi/v1/sessions/sess_local_alpha/execute status=200
2026-09-29T14:02:46.164955Z  INFO lingxi_service::sessions: run settled through the single finalize path run_id=run_000001a0ed79a014_000006 session_id="sess_local_alpha" outcome=completed.no_final.no_provider_configured input_chars=12
2026-09-29T14:02:46.165074Z  INFO lingxi_service: request handled request_id=req-eae30502ff31ce8ef857e0d483c8bd64 method=POST path=/lingxi/v1/sessions/sess_local_alpha/execute status=200
2026-09-29T14:02:47.176743Z  INFO lingxi_service::sessions: run settled through the single finalize path run_id=run_000001a0ed79a406_000007 session_id="sess_local_alpha" outcome=completed.no_final.no_provider_configured input_chars=8
2026-09-29T14:02:47.177218Z  INFO lingxi_service: request handled request_id=req-61739eabf26aff8ee7b931bcbc286616 method=POST path=/lingxi/v1/sessions/sess_local_alpha/execute status=200
2026-09-29T14:02:47.179460Z  INFO lingxi_service: request handled request_id=req-2605d105b15f9e3a5b5d67c509497119 method=GET path=/lingxi/v1/sessions/sess_local_alpha/events status=200
2026-09-29T14:02:47.182898Z  INFO lingxi_service: request handled request_id=req-d8c20e505918dc48e642647158647ed4 method=GET path=/lingxi/v1/sessions/sess_local_alpha/events status=409
2026-09-29T14:02:47.183753Z  INFO lingxi_service: request handled request_id=req-fc4ab5cfa142a211ab453840ba787ff4 method=GET path=/lingxi/v1/ws status=101
2026-09-29T14:02:47.187812Z  INFO lingxi_service: request handled request_id=req-6bf90c27c2737574438defc03bcc0bbb method=GET path=/lingxi/v1/sessions/sess_local_alpha/events status=200
2026-09-29T14:02:47.189955Z  INFO lingxi_service::sessions: run settled through the single finalize path run_id=run_000001a0ed79a414_000008 session_id="sess_local_beta" outcome=completed.no_final.no_provider_configured input_chars=8
2026-09-29T14:02:47.190169Z  INFO lingxi_service: request handled request_id=req-173cfacaea5f14caed1ef4e86fa41d1c method=POST path=/lingxi/v1/sessions/sess_local_beta/execute status=200
2026-09-29T14:02:47.191180Z  INFO lingxi_service: request handled request_id=req-499908cec3fcc821bb4e8366b2ef408a method=GET path=/lingxi/v1/sessions/sess_local_beta/events status=200
2026-09-29T14:02:47.192852Z  INFO lingxi_service: request handled request_id=req-5b36f4b29a568c898dd1f789db0e7f56 method=GET path=/lingxi/v1/sessions/sess_local_beta/events status=409
2026-09-29T14:02:47.193510Z  INFO lingxi_service: request handled request_id=req-4140943b09f7220b12cac42b1fe36994 method=GET path=/lingxi/v1/ws status=101
2026-09-29T14:02:47.195787Z  INFO lingxi_service: request handled request_id=req-4c46b59b07cca36b10fff025587e018e method=GET path=/lingxi/v1/ws status=101
2026-09-29T14:02:50.201905Z  INFO lingxi_service: request handled request_id=req-ee50cbdc166d7c725df3d14a74e86822 method=GET path=/lingxi/v1/sessions/stream_never_existed/events status=404
2026-09-29T14:02:50.204096Z  INFO lingxi_service: request handled request_id=req-bcb3ffd9b0e6410b8869a1912d437253 method=GET path=/lingxi/v1/ws status=101
2026-09-29T14:02:53.211536Z  INFO lingxi_service: request handled request_id=req-41c70d63225c4b92230084b8e8b330c3 method=GET path=/lingxi/v1/ws status=101
2026-09-29T14:02:56.217458Z  INFO lingxi_service: request handled request_id=req-76637ae22de2089c02d6ba4557a2a4e9 method=GET path=/lingxi/v1/ws status=101
2026-09-29T14:03:00.450740Z  INFO lingxi_service: request handled request_id=req-d4bce350395594cbff5a4cc572040d04 method=POST path=/lingxi/v1/devices/credentials status=201
2026-09-29T14:03:01.671866Z  INFO lingxi_service: request handled request_id=req-c30236518ee1d4d686ed8cae54a46ec6 method=GET path=/lingxi/v1/sessions/sess_local_alpha/events status=403
2026-09-29T14:03:02.411200Z  INFO lingxi_service: shutdown signal: SIGTERM
2026-09-29T14:03:02.412617Z  INFO lingxi_service::shutdown: run database closed (drained, WAL truncated) phase=storage_close
2026-09-29T14:03:02.412962Z  INFO lingxi_service::shutdown: own instance record removed, lock released phase=record_cleanup
2026-09-29T14:03:02.413059Z  INFO lingxi_service: lingxi-service stopped cleanly (run database closed, own record removed, lock released)
