2026-09-29T12:58:07.050818Z  INFO lingxi_service: data root resolved effective_home=/var/folders/5r/wq54gtms21gfjgr5v94ynfyh0000gn/T//lingxi-r02t08-a15-home.OtCIhC source=cli ignored_sources=none
2026-09-29T12:58:07.052082Z  INFO lingxi_service: data root prepared (canonicalized; runtime dir private 0700) canonical_home=/private/var/folders/5r/wq54gtms21gfjgr5v94ynfyh0000gn/T/lingxi-r02t08-a15-home.OtCIhC runtime_dir=/private/var/folders/5r/wq54gtms21gfjgr5v94ynfyh0000gn/T/lingxi-r02t08-a15-home.OtCIhC/lingxi-service
2026-09-29T12:58:07.052597Z  INFO lingxi_service: single-writer lock acquired instance_id=be14c85f6186c966a5597f287fd99f4f start_nonce=4bbf14aab3272021 pid=87662 entropy="os-random-device" lock=/private/var/folders/5r/wq54gtms21gfjgr5v94ynfyh0000gn/T/lingxi-r02t08-a15-home.OtCIhC/lingxi-service/instance.lock network_mode=loopback
2026-09-29T12:58:07.079878Z  INFO lingxi_service: data-epoch gate passed home=/private/var/folders/5r/wq54gtms21gfjgr5v94ynfyh0000gn/T/lingxi-r02t08-a15-home.OtCIhC decision=ProceedStampedNew(EpochStamp { format: V2, minimum_reader_epoch: 1, committed_data_epoch: 1, last_version: Some("0.0.0") })
2026-09-29T12:58:07.134518Z  INFO lingxi_adapters::storage::run_store: run database migrated db=/private/var/folders/5r/wq54gtms21gfjgr5v94ynfyh0000gn/T/lingxi-r02t08-a15-home.OtCIhC/lingxi-service/data/runs.db applied=[1, 2, 3, 4] version=4
2026-09-29T12:58:07.135367Z  INFO lingxi_service: auth service bootstrapped (per-start loopback token, owner-only); run database migrated and seeded local_token_file=/private/var/folders/5r/wq54gtms21gfjgr5v94ynfyh0000gn/T/lingxi-r02t08-a15-home.OtCIhC/lingxi-service/local-token.json run_database=/private/var/folders/5r/wq54gtms21gfjgr5v94ynfyh0000gn/T/lingxi-r02t08-a15-home.OtCIhC/lingxi-service/data/runs.db
2026-09-29T12:58:07.145849Z  INFO lingxi_service: instance record published (atomic write) record=/private/var/folders/5r/wq54gtms21gfjgr5v94ynfyh0000gn/T/lingxi-r02t08-a15-home.OtCIhC/lingxi-service/instance.json bind_addr=127.0.0.1:56349
LINGXI_AUTH_REJECTED request_id=req-a5bc8cbcb93bd448047519448676cfe5 method=GET path=/lingxi/v1/me status=401 Unauthorized reason=missing_credential remote=127.0.0.1:56351
2026-09-29T12:58:07.333085Z  INFO lingxi_service: request handled request_id=req-a5bc8cbcb93bd448047519448676cfe5 method=GET path=/lingxi/v1/me status=401
2026-09-29T12:58:07.333896Z  INFO lingxi_service: request handled request_id=req-0e42fdcd8a98a2e586f76d5b70d36c92 method=GET path=/lingxi/v1/me status=200
2026-09-29T12:58:07.335914Z  INFO lingxi_service::sessions: run settled through the single finalize path run_id=run_000001a0ed3e7066_000001 session_id="sess_local_alpha" outcome=completed.no_final.no_provider_configured input_chars=23
2026-09-29T12:58:07.336058Z  INFO lingxi_service: request handled request_id=req-02141fef885f9adfaf8f02f693092ce0 method=POST path=/lingxi/v1/sessions/sess_local_alpha/execute status=200
2026-09-29T12:58:07.336549Z  INFO lingxi_service: request handled request_id=req-7bbafcd954751c14b164733361c2fc57 method=GET path=/lingxi/v1/ws status=101
2026-09-29T12:58:07.338508Z  INFO lingxi_service::sessions: run settled through the single finalize path run_id=run_000001a0ed3e7069_000002 session_id="sess_local_alpha" outcome=completed.no_final.no_provider_configured input_chars=26
2026-09-29T12:58:07.338645Z  INFO lingxi_service: request handled request_id=req-7f40cc54751766684019a3f17894e030 method=POST path=/lingxi/v1/sessions/sess_local_alpha/execute status=200
2026-09-29T12:58:07.339337Z  INFO lingxi_service: request handled request_id=req-e17dee3006033fe63d9b4524f06c55e2 method=GET path=/lingxi/v1/sessions/sess_local_alpha status=200
2026-09-29T12:58:07.340101Z  INFO lingxi_service: request handled request_id=req-dc207dd4d5f4aa8aa6ee33ee42140901 method=GET path=/lingxi/v1/sessions/sess_local_alpha/events status=200
2026-09-29T12:58:07.340509Z  INFO lingxi_service: request handled request_id=req-d467143345183d1574ee4b3c69768332 method=GET path=/lingxi/v1/ws status=101
2026-09-29T12:58:07.341554Z  WARN lingxi_service: ws session read failed err=Connection reset by peer (os error 54)
2026-09-29T12:58:07.362880Z  INFO lingxi_service: shutdown signal: SIGTERM
2026-09-29T12:58:07.363782Z  INFO lingxi_service::shutdown: run database closed (drained, WAL truncated) phase=storage_close
2026-09-29T12:58:07.364012Z  INFO lingxi_service::shutdown: own instance record removed, lock released phase=record_cleanup
2026-09-29T12:58:07.364076Z  INFO lingxi_service: lingxi-service stopped cleanly (run database closed, own record removed, lock released)
