   Compiling hashbrown v0.17.1
   Compiling serde_json v1.0.151
   Compiling num-traits v0.2.19
   Compiling syn v2.0.119
   Compiling regex-syntax v0.8.11
   Compiling ring v0.17.14
   Compiling idna v1.1.0
   Compiling indexmap v2.14.2
   Compiling hashlink v0.12.2
   Compiling rusqlite v0.40.2
   Compiling regex-automata v0.4.18
   Compiling url v2.5.8
   Compiling matchers v0.2.0
   Compiling tracing-attributes v0.1.31
   Compiling rcgen v0.14.10
   Compiling tracing v0.1.44
   Compiling chrono v0.4.45
   Compiling h2 v0.4.19
   Compiling tower v0.5.3
   Compiling axum-core v0.5.6
   Compiling tracing-subscriber v0.3.23
   Compiling schemars v1.2.2
   Compiling tower-http v0.6.11
   Compiling lingxi-protocol v0.0.0 (/Users/study_superior/Desktop/Code/LingxiAgent/rust/crates/lingxi-protocol)
   Compiling rmcp v3.4.1
   Compiling lingxi-kernel v0.0.0 (/Users/study_superior/Desktop/Code/LingxiAgent/rust/crates/lingxi-kernel)
   Compiling hyper v1.11.1
   Compiling hyper-util v0.1.21
   Compiling hyper-rustls v0.27.10
   Compiling axum v0.8.9
   Compiling reqwest v0.13.5
   Compiling lingxi-adapters v0.0.0 (/Users/study_superior/Desktop/Code/LingxiAgent/rust/crates/lingxi-adapters)
   Compiling lingxi-service v0.0.0 (/Users/study_superior/Desktop/Code/LingxiAgent/rust/crates/lingxi-service)
    Finished `test` profile [unoptimized + debuginfo] target(s) in 20.20s
     Running tests/r04_t08_tool_matrix.rs (rust/target/debug/deps/r04_t08_tool_matrix-94e01f57d41763de)
