2026-10-01T20:30:01.115978Z  INFO lingxi_service: data root resolved effective_home=/var/folders/5r/wq54gtms21gfjgr5v94ynfyh0000gn/T//lingxi-r02t08-a15-home.meKTOB source=cli ignored_sources=none
2026-10-01T20:30:01.117168Z  INFO lingxi_service: data root prepared (canonicalized; runtime dir private 0700) canonical_home=/private/var/folders/5r/wq54gtms21gfjgr5v94ynfyh0000gn/T/lingxi-r02t08-a15-home.meKTOB runtime_dir=/private/var/folders/5r/wq54gtms21gfjgr5v94ynfyh0000gn/T/lingxi-r02t08-a15-home.meKTOB/lingxi-service
2026-10-01T20:30:01.117723Z  INFO lingxi_service: single-writer lock acquired instance_id=39266360477aa9d16e2f5afb2769c036 start_nonce=f632245a74fb50fd pid=86781 entropy="os-random-device" lock=/private/var/folders/5r/wq54gtms21gfjgr5v94ynfyh0000gn/T/lingxi-r02t08-a15-home.meKTOB/lingxi-service/instance.lock network_mode=loopback
2026-10-01T20:30:01.131344Z  INFO lingxi_service: data-epoch gate passed home=/private/var/folders/5r/wq54gtms21gfjgr5v94ynfyh0000gn/T/lingxi-r02t08-a15-home.meKTOB decision=ProceedStampedNew(EpochStamp { format: V2, minimum_reader_epoch: 1, committed_data_epoch: 1, last_version: Some("0.0.0") })
2026-10-01T20:30:01.185444Z  INFO lingxi_adapters::storage::run_store: run database migrated db=/private/var/folders/5r/wq54gtms21gfjgr5v94ynfyh0000gn/T/lingxi-r02t08-a15-home.meKTOB/lingxi-service/data/runs.db applied=[1, 2, 3, 4] version=4
2026-10-01T20:30:01.186294Z  INFO lingxi_service: auth service bootstrapped (per-start loopback token, owner-only); run database migrated and seeded local_token_file=/private/var/folders/5r/wq54gtms21gfjgr5v94ynfyh0000gn/T/lingxi-r02t08-a15-home.meKTOB/lingxi-service/local-token.json run_database=/private/var/folders/5r/wq54gtms21gfjgr5v94ynfyh0000gn/T/lingxi-r02t08-a15-home.meKTOB/lingxi-service/data/runs.db
2026-10-01T20:30:01.197274Z  INFO lingxi_service: instance record published (atomic write) record=/private/var/folders/5r/wq54gtms21gfjgr5v94ynfyh0000gn/T/lingxi-r02t08-a15-home.meKTOB/lingxi-service/instance.json bind_addr=127.0.0.1:50147
LINGXI_AUTH_REJECTED request_id=req-8b26a7abeef9ee076bb5f539eeea93b8 method=GET path=/lingxi/v1/me status=401 Unauthorized reason=missing_credential remote=127.0.0.1:50149
2026-10-01T20:30:01.445844Z  INFO lingxi_service: request handled request_id=req-8b26a7abeef9ee076bb5f539eeea93b8 method=GET path=/lingxi/v1/me status=401
2026-10-01T20:30:01.447165Z  INFO lingxi_service: request handled request_id=req-045fdae033c529a8bc7abfc872803122 method=GET path=/lingxi/v1/me status=200
2026-10-01T20:30:01.449684Z  INFO lingxi_service::sessions: run settled through the single finalize path run_id=run_000001a0f928e2e8_000001 session_id="sess_local_alpha" outcome=completed.no_final.no_provider_configured input_chars=23 input_bytes=23
2026-10-01T20:30:01.449857Z  INFO lingxi_service: request handled request_id=req-89ba13b5b0a5dcd5a63bbe027bb07a34 method=POST path=/lingxi/v1/sessions/sess_local_alpha/execute status=200
2026-10-01T20:30:01.450656Z  INFO lingxi_service: request handled request_id=req-ea87283a7833fb317d4075d8dae32eb5 method=GET path=/lingxi/v1/ws status=101
2026-10-01T20:30:01.452850Z  INFO lingxi_service::sessions: run settled through the single finalize path run_id=run_000001a0f928e2ec_000002 session_id="sess_local_alpha" outcome=completed.no_final.no_provider_configured input_chars=26 input_bytes=26
2026-10-01T20:30:01.452979Z  INFO lingxi_service: request handled request_id=req-b86c15ec27fa7bcf58700432441a7ffc method=POST path=/lingxi/v1/sessions/sess_local_alpha/execute status=200
2026-10-01T20:30:01.453888Z  INFO lingxi_service: request handled request_id=req-d9ae08f4a43be7f27244b813f2b2297e method=GET path=/lingxi/v1/sessions/sess_local_alpha status=200
2026-10-01T20:30:01.454880Z  INFO lingxi_service: request handled request_id=req-6f6df34376db798fb12ed6c0ea339e67 method=GET path=/lingxi/v1/sessions/sess_local_alpha/events status=200
2026-10-01T20:30:01.455435Z  INFO lingxi_service: request handled request_id=req-585fa943e03446ee6824338c0ca6c465 method=GET path=/lingxi/v1/ws status=101
2026-10-01T20:30:01.456825Z  WARN lingxi_service: ws session read failed err=Connection reset by peer (os error 54)
2026-10-01T20:30:01.481850Z  INFO lingxi_service: shutdown signal: SIGTERM
2026-10-01T20:30:01.482778Z  INFO lingxi_service::shutdown: run database closed (drained, WAL truncated) phase=storage_close
2026-10-01T20:30:01.483035Z  INFO lingxi_service::shutdown: own instance record removed, lock released phase=record_cleanup
2026-10-01T20:30:01.483100Z  INFO lingxi_service: lingxi-service stopped cleanly (run database closed, own record removed, lock released)
