COMMAND   PID           USER   FD      TYPE             DEVICE  SIZE/OFF                NODE NAME
Electron 2697 study_superior  cwd       DIR               1,14      2528            27408592 /Users/study_superior/Desktop/Code/LingxiAgent
Electron 2697 study_superior  txt       REG               1,14     33968            70257077 /Users/study_superior/Desktop/Code/LingxiAgent/node_modules/electron/dist/Electron.app/Contents/MacOS/Electron
Electron 2697 study_superior  txt       REG               1,14    145008            70257321 /Users/study_superior/Desktop/Code/LingxiAgent/node_modules/electron/dist/Electron.app/Contents/Frameworks/Squirrel.framework/Versions/A/Squirrel
Electron 2697 study_superior  txt       REG               1,14    126448            70257322 /Users/study_superior/Desktop/Code/LingxiAgent/node_modules/electron/dist/Electron.app/Contents/Frameworks/Mantle.framework/Versions/A/Mantle
Electron 2697 study_superior  txt       REG               1,14     77368            87595210 /private/var/db/diagnostics/logd/.plist-cache.ufRkAW5n
Electron 2697 study_superior  txt       REG               1,14    352544            70257318 /Users/study_superior/Desktop/Code/LingxiAgent/node_modules/electron/dist/Electron.app/Contents/Frameworks/ReactiveObjC.framework/Versions/A/ReactiveObjC
Electron 2697 study_superior  txt       REG               1,14       119 1152921500312109405 /System/Library/CoreServices/SystemVersion.bundle/zh_CN.lproj/SystemVersion.strings
Electron 2697 study_superior  txt       REG               1,14    234224            17269435 /private/var/db/timezone/tz/2026c.1.0/icutz/icutz44l.dat
Electron 2697 study_superior  txt       REG               1,14    163746            99013975 /private/var/db/analyticsd/events.allowlist
Electron 2697 study_superior  txt       REG               1,14   4129840 1152921500312609216 /usr/lib/dyld
Electron 2697 study_superior  txt       REG               1,14    721176            70257209 /Users/study_superior/Desktop/Code/LingxiAgent/node_modules/electron/dist/Electron.app/Contents/Frameworks/Electron Framework.framework/Versions/A/Resources/v8_context_snapshot.arm64.bin
Electron 2697 study_superior  txt       REG               1,14    137016 1152921500312109011 /System/Library/CoreServices/SystemAppearance.bundle/Contents/Resources/SystemAppearance.car
Electron 2697 study_superior  txt       REG               1,14     32768            87602118 /private/var/db/mds/messages/501/se_SecurityMessages
Electron 2697 study_superior  txt       REG               1,14   2213616            70257315 /Users/study_superior/Desktop/Code/LingxiAgent/node_modules/electron/dist/Electron.app/Contents/Frameworks/Electron Framework.framework/Versions/A/Libraries/libffmpeg.dylib
Electron 2697 study_superior  txt       REG               1,14    330112 1152921500312609234 /usr/lib/libobjc-trampolines.dylib
Electron 2697 study_superior  txt       REG               1,14  36103568 1152921500312619766 /usr/share/icu/icudt78l.dat
Electron 2697 study_superior  txt       REG               1,14  10876560            70257164 /Users/study_superior/Desktop/Code/LingxiAgent/node_modules/electron/dist/Electron.app/Contents/Frameworks/Electron Framework.framework/Versions/A/Resources/icudtl.dat
Electron 2697 study_superior  txt       REG               1,14  11042816           100694910 /private/var/folders/5r/wq54gtms21gfjgr5v94ynfyh0000gn/0/com.apple.LaunchServices.dv/com.apple.LaunchServices-33554481-v2.csstore
Electron 2697 study_superior  txt       REG               1,14   7916504 1152921500312108972 /System/Library/CoreServices/SystemAppearance.bundle/Contents/Resources/Aqua.car
Electron 2697 study_superior  txt       REG               1,14   2976648 1152921500312109000 /System/Library/CoreServices/SystemAppearance.bundle/Contents/Resources/FauxVibrantLight.car
Electron 2697 study_superior  txt       REG               1,14   6223976 1152921500312109025 /System/Library/CoreServices/SystemAppearance.bundle/Contents/Resources/VibrantLight.car
Electron 2697 study_superior  txt       REG               1,14  24825080 1152921500312374771 /System/Library/PrivateFrameworks/SFSymbols.framework/Versions/A/Resources/CoreGlyphsPrivate.bundle/Contents/Resources/Assets.car
Electron 2697 study_superior  txt       REG               1,14    119827            70257131 /Users/study_superior/Desktop/Code/LingxiAgent/node_modules/electron/dist/Electron.app/Contents/Frameworks/Electron Framework.framework/Versions/A/Resources/chrome_100_percent.pak
Electron 2697 study_superior  txt       REG               1,14    196919            70257115 /Users/study_superior/Desktop/Code/LingxiAgent/node_modules/electron/dist/Electron.app/Contents/Frameworks/Electron Framework.framework/Versions/A/Resources/chrome_200_percent.pak
Electron 2697 study_superior  txt       REG               1,14    575292            70257122 /Users/study_superior/Desktop/Code/LingxiAgent/node_modules/electron/dist/Electron.app/Contents/Frameworks/Electron Framework.framework/Versions/A/Resources/zh_CN.lproj/locale.pak
Electron 2697 study_superior  txt       REG               1,14      7023 1152921500312150926 /System/Library/Frameworks/AppKit.framework/Versions/C/Resources/InputManager.loctable
Electron 2697 study_superior  txt       REG               1,14    186898 1152921500312150934 /System/Library/Frameworks/AppKit.framework/Versions/C/Resources/MenuCommands.loctable
Electron 2697 study_superior  txt       REG               1,14   1631720 1152921500312220745 /System/Library/Keyboard Layouts/AppleKeyboardLayouts.bundle/Contents/Resources/AppleKeyboardLayouts-L.dat
Electron 2697 study_superior  txt       REG               1,14    139636            87630908 /private/var/folders/5r/wq54gtms21gfjgr5v94ynfyh0000gn/C/com.apple.IntlDataCache.le.kbdx
Electron 2697 study_superior  txt       REG               1,14     20470 1152921500312219223 /System/Library/Input Methods/SCIM.app/Contents/PlugIns/SCIM_Extension.appex/Contents/Resources/InfoPlist.loctable
Electron 2697 study_superior  txt       REG               1,14    258762 1152921500312220747 /System/Library/Keyboard Layouts/AppleKeyboardLayouts.bundle/Contents/Resources/InfoPlist.loctable
Electron 2697 study_superior  txt       REG               1,14      5050 1152921500312150898 /System/Library/Frameworks/AppKit.framework/Versions/C/Resources/DictationManager.loctable
Electron 2697 study_superior  txt       REG               1,14     72407 1152921500312150841 /System/Library/Frameworks/AppKit.framework/Versions/C/Resources/Common.loctable
Electron 2697 study_superior  txt       REG               1,14 189136528            70257083 /Users/study_superior/Desktop/Code/LingxiAgent/node_modules/electron/dist/Electron.app/Contents/Frameworks/Electron Framework.framework/Versions/A/Electron Framework
Electron 2697 study_superior  txt       REG               1,14    273496 1152921500312297252 /System/Library/PrivateFrameworks/DesignLibrary.framework/Versions/A/Resources/Assets.car
Electron 2697 study_superior  txt       REG               1,14    262512           100740002 /Users/study_superior/Library/Application Support/Lingxi-c26-extended-q0CwEM-data/GPUCache/index
Electron 2697 study_superior  txt       REG               1,14      8192           100740003 /Users/study_superior/Library/Application Support/Lingxi-c26-extended-q0CwEM-data/GPUCache/data_0
Electron 2697 study_superior  txt       REG               1,14    270336           100740004 /Users/study_superior/Library/Application Support/Lingxi-c26-extended-q0CwEM-data/GPUCache/data_1
Electron 2697 study_superior  txt       REG               1,14      8192           100740005 /Users/study_superior/Library/Application Support/Lingxi-c26-extended-q0CwEM-data/GPUCache/data_2
Electron 2697 study_superior  txt       REG               1,14      8192           100740006 /Users/study_superior/Library/Application Support/Lingxi-c26-extended-q0CwEM-data/GPUCache/data_3
Electron 2697 study_superior  txt       REG               1,14    262512           100740008 /Users/study_superior/Library/Application Support/Lingxi-c26-extended-q0CwEM-data/DawnWebGPUCache/index
Electron 2697 study_superior  txt       REG               1,14      8192           100740009 /Users/study_superior/Library/Application Support/Lingxi-c26-extended-q0CwEM-data/DawnWebGPUCache/data_0
Electron 2697 study_superior  txt       REG               1,14    270336           100740010 /Users/study_superior/Library/Application Support/Lingxi-c26-extended-q0CwEM-data/DawnWebGPUCache/data_1
Electron 2697 study_superior  txt       REG               1,14      8192           100740011 /Users/study_superior/Library/Application Support/Lingxi-c26-extended-q0CwEM-data/DawnWebGPUCache/data_2
Electron 2697 study_superior  txt       REG               1,14      8192           100740012 /Users/study_superior/Library/Application Support/Lingxi-c26-extended-q0CwEM-data/DawnWebGPUCache/data_3
Electron 2697 study_superior  txt       REG               1,14    262512           100740014 /Users/study_superior/Library/Application Support/Lingxi-c26-extended-q0CwEM-data/DawnGraphiteCache/index
Electron 2697 study_superior  txt       REG               1,14      8192           100740015 /Users/study_superior/Library/Application Support/Lingxi-c26-extended-q0CwEM-data/DawnGraphiteCache/data_0
Electron 2697 study_superior  txt       REG               1,14    270336           100740016 /Users/study_superior/Library/Application Support/Lingxi-c26-extended-q0CwEM-data/DawnGraphiteCache/data_1
Electron 2697 study_superior  txt       REG               1,14      8192           100740017 /Users/study_superior/Library/Application Support/Lingxi-c26-extended-q0CwEM-data/DawnGraphiteCache/data_2
Electron 2697 study_superior  txt       REG               1,14      8192           100740018 /Users/study_superior/Library/Application Support/Lingxi-c26-extended-q0CwEM-data/DawnGraphiteCache/data_3
Electron 2697 study_superior  txt       REG               1,14   6868234            70257230 /Users/study_superior/Desktop/Code/LingxiAgent/node_modules/electron/dist/Electron.app/Contents/Frameworks/Electron Framework.framework/Versions/A/Resources/resources.pak
Electron 2697 study_superior  txt       REG               1,14   7795064 1152921500312108984 /System/Library/CoreServices/SystemAppearance.bundle/Contents/Resources/DarkAqua.car
Electron 2697 study_superior  txt       REG               1,14   7872432 1152921500312148546 /System/Library/Fonts/SFNS.ttf
Electron 2697 study_superior  txt       REG               1,14   2338064 1152921500312148470 /System/Library/Fonts/Helvetica.ttc
Electron 2697 study_superior  txt       REG               1,14      8192           100742668 /Users/study_superior/Library/Application Support/Lingxi-c26-extended-q0CwEM-data/Partitions/hana-browser-a78e56d7d0a470c77f13fe1846e66a42/GPUCache/data_0
Electron 2697 study_superior  txt       REG               1,14      8192           100742762 /Users/study_superior/Library/Application Support/Lingxi-c26-extended-q0CwEM-data/Partitions/hana-browser-dc38071a296abe35db312be9db35dfb6/GPUCache/data_0
Electron 2697 study_superior  txt       REG               1,14    270336           100742763 /Users/study_superior/Library/Application Support/Lingxi-c26-extended-q0CwEM-data/Partitions/hana-browser-dc38071a296abe35db312be9db35dfb6/GPUCache/data_1
Electron 2697 study_superior  txt       REG               1,14      8192           100742764 /Users/study_superior/Library/Application Support/Lingxi-c26-extended-q0CwEM-data/Partitions/hana-browser-dc38071a296abe35db312be9db35dfb6/GPUCache/data_2
Electron 2697 study_superior  txt       REG               1,14      8192           100742765 /Users/study_superior/Library/Application Support/Lingxi-c26-extended-q0CwEM-data/Partitions/hana-browser-dc38071a296abe35db312be9db35dfb6/GPUCache/data_3
Electron 2697 study_superior  txt       REG               1,14      8192           100742770 /Users/study_superior/Library/Application Support/Lingxi-c26-extended-q0CwEM-data/Partitions/hana-browser-dc38071a296abe35db312be9db35dfb6/DawnWebGPUCache/data_0
Electron 2697 study_superior  txt       REG               1,14    262512           100742761 /Users/study_superior/Library/Application Support/Lingxi-c26-extended-q0CwEM-data/Partitions/hana-browser-dc38071a296abe35db312be9db35dfb6/GPUCache/index
Electron 2697 study_superior  txt       REG               1,14    262512           100742767 /Users/study_superior/Library/Application Support/Lingxi-c26-extended-q0CwEM-data/Partitions/hana-browser-dc38071a296abe35db312be9db35dfb6/DawnWebGPUCache/index
Electron 2697 study_superior  txt       REG               1,14    270336           100742771 /Users/study_superior/Library/Application Support/Lingxi-c26-extended-q0CwEM-data/Partitions/hana-browser-dc38071a296abe35db312be9db35dfb6/DawnWebGPUCache/data_1
Electron 2697 study_superior  txt       REG               1,14      8192           100742772 /Users/study_superior/Library/Application Support/Lingxi-c26-extended-q0CwEM-data/Partitions/hana-browser-dc38071a296abe35db312be9db35dfb6/DawnWebGPUCache/data_2
Electron 2697 study_superior  txt       REG               1,14      8192           100742773 /Users/study_superior/Library/Application Support/Lingxi-c26-extended-q0CwEM-data/Partitions/hana-browser-dc38071a296abe35db312be9db35dfb6/DawnWebGPUCache/data_3
Electron 2697 study_superior  txt       REG               1,14    262512           100742775 /Users/study_superior/Library/Application Support/Lingxi-c26-extended-q0CwEM-data/Partitions/hana-browser-dc38071a296abe35db312be9db35dfb6/DawnGraphiteCache/index
Electron 2697 study_superior  txt       REG               1,14      8192           100742776 /Users/study_superior/Library/Application Support/Lingxi-c26-extended-q0CwEM-data/Partitions/hana-browser-dc38071a296abe35db312be9db35dfb6/DawnGraphiteCache/data_0
Electron 2697 study_superior  txt       REG               1,14    270336           100742777 /Users/study_superior/Library/Application Support/Lingxi-c26-extended-q0CwEM-data/Partitions/hana-browser-dc38071a296abe35db312be9db35dfb6/DawnGraphiteCache/data_1
Electron 2697 study_superior  txt       REG               1,14      8192           100742778 /Users/study_superior/Library/Application Support/Lingxi-c26-extended-q0CwEM-data/Partitions/hana-browser-dc38071a296abe35db312be9db35dfb6/DawnGraphiteCache/data_2
Electron 2697 study_superior  txt       REG               1,14      8192           100742779 /Users/study_superior/Library/Application Support/Lingxi-c26-extended-q0CwEM-data/Partitions/hana-browser-dc38071a296abe35db312be9db35dfb6/DawnGraphiteCache/data_3
Electron 2697 study_superior  txt       REG               1,14      8192           100742842 /Users/study_superior/Library/Application Support/Lingxi-c26-extended-q0CwEM-data/Partitions/hana-browser-767db6b12a0ac4d82afe367a6e97e056/GPUCache/data_0
Electron 2697 study_superior  txt       REG               1,14    270336           100742843 /Users/study_superior/Library/Application Support/Lingxi-c26-extended-q0CwEM-data/Partitions/hana-browser-767db6b12a0ac4d82afe367a6e97e056/GPUCache/data_1
Electron 2697 study_superior  txt       REG               1,14      8192           100742844 /Users/study_superior/Library/Application Support/Lingxi-c26-extended-q0CwEM-data/Partitions/hana-browser-767db6b12a0ac4d82afe367a6e97e056/GPUCache/data_2
Electron 2697 study_superior  txt       REG               1,14      8192           100742845 /Users/study_superior/Library/Application Support/Lingxi-c26-extended-q0CwEM-data/Partitions/hana-browser-767db6b12a0ac4d82afe367a6e97e056/GPUCache/data_3
Electron 2697 study_superior  txt       REG               1,14      8192           100742849 /Users/study_superior/Library/Application Support/Lingxi-c26-extended-q0CwEM-data/Partitions/hana-browser-767db6b12a0ac4d82afe367a6e97e056/DawnWebGPUCache/data_0
Electron 2697 study_superior  txt       REG               1,14    270336           100742851 /Users/study_superior/Library/Application Support/Lingxi-c26-extended-q0CwEM-data/Partitions/hana-browser-767db6b12a0ac4d82afe367a6e97e056/DawnWebGPUCache/data_1
Electron 2697 study_superior  txt       REG               1,14      8192           100742852 /Users/study_superior/Library/Application Support/Lingxi-c26-extended-q0CwEM-data/Partitions/hana-browser-767db6b12a0ac4d82afe367a6e97e056/DawnWebGPUCache/data_2
Electron 2697 study_superior  txt       REG               1,14      8192           100742853 /Users/study_superior/Library/Application Support/Lingxi-c26-extended-q0CwEM-data/Partitions/hana-browser-767db6b12a0ac4d82afe367a6e97e056/DawnWebGPUCache/data_3
Electron 2697 study_superior  txt       REG               1,14      8192           100742856 /Users/study_superior/Library/Application Support/Lingxi-c26-extended-q0CwEM-data/Partitions/hana-browser-767db6b12a0ac4d82afe367a6e97e056/DawnGraphiteCache/data_0
Electron 2697 study_superior  txt       REG               1,14    270336           100742857 /Users/study_superior/Library/Application Support/Lingxi-c26-extended-q0CwEM-data/Partitions/hana-browser-767db6b12a0ac4d82afe367a6e97e056/DawnGraphiteCache/data_1
Electron 2697 study_superior  txt       REG               1,14      8192           100742858 /Users/study_superior/Library/Application Support/Lingxi-c26-extended-q0CwEM-data/Partitions/hana-browser-767db6b12a0ac4d82afe367a6e97e056/DawnGraphiteCache/data_2
Electron 2697 study_superior  txt       REG               1,14      8192           100742859 /Users/study_superior/Library/Application Support/Lingxi-c26-extended-q0CwEM-data/Partitions/hana-browser-767db6b12a0ac4d82afe367a6e97e056/DawnGraphiteCache/data_3
Electron 2697 study_superior  txt       REG               1,14    262512           100742667 /Users/study_superior/Library/Application Support/Lingxi-c26-extended-q0CwEM-data/Partitions/hana-browser-a78e56d7d0a470c77f13fe1846e66a42/GPUCache/index
Electron 2697 study_superior  txt       REG               1,14    270336           100742669 /Users/study_superior/Library/Application Support/Lingxi-c26-extended-q0CwEM-data/Partitions/hana-browser-a78e56d7d0a470c77f13fe1846e66a42/GPUCache/data_1
Electron 2697 study_superior  txt       REG               1,14      8192           100742670 /Users/study_superior/Library/Application Support/Lingxi-c26-extended-q0CwEM-data/Partitions/hana-browser-a78e56d7d0a470c77f13fe1846e66a42/GPUCache/data_2
Electron 2697 study_superior  txt       REG               1,14      8192           100742671 /Users/study_superior/Library/Application Support/Lingxi-c26-extended-q0CwEM-data/Partitions/hana-browser-a78e56d7d0a470c77f13fe1846e66a42/GPUCache/data_3
Electron 2697 study_superior  txt       REG               1,14    262512           100742673 /Users/study_superior/Library/Application Support/Lingxi-c26-extended-q0CwEM-data/Partitions/hana-browser-a78e56d7d0a470c77f13fe1846e66a42/DawnWebGPUCache/index
Electron 2697 study_superior  txt       REG               1,14      8192           100742674 /Users/study_superior/Library/Application Support/Lingxi-c26-extended-q0CwEM-data/Partitions/hana-browser-a78e56d7d0a470c77f13fe1846e66a42/DawnWebGPUCache/data_0
Electron 2697 study_superior  txt       REG               1,14    270336           100742676 /Users/study_superior/Library/Application Support/Lingxi-c26-extended-q0CwEM-data/Partitions/hana-browser-a78e56d7d0a470c77f13fe1846e66a42/DawnWebGPUCache/data_1
Electron 2697 study_superior  txt       REG               1,14      8192           100742678 /Users/study_superior/Library/Application Support/Lingxi-c26-extended-q0CwEM-data/Partitions/hana-browser-a78e56d7d0a470c77f13fe1846e66a42/DawnWebGPUCache/data_2
Electron 2697 study_superior  txt       REG               1,14      8192           100742679 /Users/study_superior/Library/Application Support/Lingxi-c26-extended-q0CwEM-data/Partitions/hana-browser-a78e56d7d0a470c77f13fe1846e66a42/DawnWebGPUCache/data_3
Electron 2697 study_superior  txt       REG               1,14    262512           100742681 /Users/study_superior/Library/Application Support/Lingxi-c26-extended-q0CwEM-data/Partitions/hana-browser-a78e56d7d0a470c77f13fe1846e66a42/DawnGraphiteCache/index
Electron 2697 study_superior  txt       REG               1,14      8192           100742682 /Users/study_superior/Library/Application Support/Lingxi-c26-extended-q0CwEM-data/Partitions/hana-browser-a78e56d7d0a470c77f13fe1846e66a42/DawnGraphiteCache/data_0
Electron 2697 study_superior  txt       REG               1,14    270336           100742683 /Users/study_superior/Library/Application Support/Lingxi-c26-extended-q0CwEM-data/Partitions/hana-browser-a78e56d7d0a470c77f13fe1846e66a42/DawnGraphiteCache/data_1
Electron 2697 study_superior  txt       REG               1,14      8192           100742684 /Users/study_superior/Library/Application Support/Lingxi-c26-extended-q0CwEM-data/Partitions/hana-browser-a78e56d7d0a470c77f13fe1846e66a42/DawnGraphiteCache/data_2
Electron 2697 study_superior  txt       REG               1,14      8192           100742685 /Users/study_superior/Library/Application Support/Lingxi-c26-extended-q0CwEM-data/Partitions/hana-browser-a78e56d7d0a470c77f13fe1846e66a42/DawnGraphiteCache/data_3
Electron 2697 study_superior  txt       REG               1,14    262512           100742841 /Users/study_superior/Library/Application Support/Lingxi-c26-extended-q0CwEM-data/Partitions/hana-browser-767db6b12a0ac4d82afe367a6e97e056/GPUCache/index
Electron 2697 study_superior  txt       REG               1,14    262512           100742847 /Users/study_superior/Library/Application Support/Lingxi-c26-extended-q0CwEM-data/Partitions/hana-browser-767db6b12a0ac4d82afe367a6e97e056/DawnWebGPUCache/index
Electron 2697 study_superior  txt       REG               1,14    262512           100742855 /Users/study_superior/Library/Application Support/Lingxi-c26-extended-q0CwEM-data/Partitions/hana-browser-767db6b12a0ac4d82afe367a6e97e056/DawnGraphiteCache/index
Electron 2697 study_superior  txt       REG               1,14    262512           100742921 /Users/study_superior/Library/Application Support/Lingxi-c26-extended-q0CwEM-data/Partitions/hana-browser-af7e299a34e4a2b49340a71c2d7725cb/GPUCache/index
Electron 2697 study_superior  txt       REG               1,14      8192           100742922 /Users/study_superior/Library/Application Support/Lingxi-c26-extended-q0CwEM-data/Partitions/hana-browser-af7e299a34e4a2b49340a71c2d7725cb/GPUCache/data_0
Electron 2697 study_superior  txt       REG               1,14    270336           100742923 /Users/study_superior/Library/Application Support/Lingxi-c26-extended-q0CwEM-data/Partitions/hana-browser-af7e299a34e4a2b49340a71c2d7725cb/GPUCache/data_1
Electron 2697 study_superior  txt       REG               1,14      8192           100742924 /Users/study_superior/Library/Application Support/Lingxi-c26-extended-q0CwEM-data/Partitions/hana-browser-af7e299a34e4a2b49340a71c2d7725cb/GPUCache/data_2
Electron 2697 study_superior  txt       REG               1,14      8192           100742925 /Users/study_superior/Library/Application Support/Lingxi-c26-extended-q0CwEM-data/Partitions/hana-browser-af7e299a34e4a2b49340a71c2d7725cb/GPUCache/data_3
Electron 2697 study_superior  txt       REG               1,14      8192           100742929 /Users/study_superior/Library/Application Support/Lingxi-c26-extended-q0CwEM-data/Partitions/hana-browser-af7e299a34e4a2b49340a71c2d7725cb/DawnWebGPUCache/data_0
Electron 2697 study_superior  txt       REG               1,14    270336           100742931 /Users/study_superior/Library/Application Support/Lingxi-c26-extended-q0CwEM-data/Partitions/hana-browser-af7e299a34e4a2b49340a71c2d7725cb/DawnWebGPUCache/data_1
Electron 2697 study_superior  txt       REG               1,14      8192           100742932 /Users/study_superior/Library/Application Support/Lingxi-c26-extended-q0CwEM-data/Partitions/hana-browser-af7e299a34e4a2b49340a71c2d7725cb/DawnWebGPUCache/data_2
Electron 2697 study_superior  txt       REG               1,14      8192           100742933 /Users/study_superior/Library/Application Support/Lingxi-c26-extended-q0CwEM-data/Partitions/hana-browser-af7e299a34e4a2b49340a71c2d7725cb/DawnWebGPUCache/data_3
Electron 2697 study_superior  txt       REG               1,14      8192           100742936 /Users/study_superior/Library/Application Support/Lingxi-c26-extended-q0CwEM-data/Partitions/hana-browser-af7e299a34e4a2b49340a71c2d7725cb/DawnGraphiteCache/data_0
Electron 2697 study_superior  txt       REG               1,14    270336           100742937 /Users/study_superior/Library/Application Support/Lingxi-c26-extended-q0CwEM-data/Partitions/hana-browser-af7e299a34e4a2b49340a71c2d7725cb/DawnGraphiteCache/data_1
Electron 2697 study_superior  txt       REG               1,14      8192           100742938 /Users/study_superior/Library/Application Support/Lingxi-c26-extended-q0CwEM-data/Partitions/hana-browser-af7e299a34e4a2b49340a71c2d7725cb/DawnGraphiteCache/data_2
Electron 2697 study_superior  txt       REG               1,14      8192           100742939 /Users/study_superior/Library/Application Support/Lingxi-c26-extended-q0CwEM-data/Partitions/hana-browser-af7e299a34e4a2b49340a71c2d7725cb/DawnGraphiteCache/data_3
Electron 2697 study_superior  txt       REG               1,14    262512           100742927 /Users/study_superior/Library/Application Support/Lingxi-c26-extended-q0CwEM-data/Partitions/hana-browser-af7e299a34e4a2b49340a71c2d7725cb/DawnWebGPUCache/index
Electron 2697 study_superior  txt       REG               1,14    262512           100742935 /Users/study_superior/Library/Application Support/Lingxi-c26-extended-q0CwEM-data/Partitions/hana-browser-af7e299a34e4a2b49340a71c2d7725cb/DawnGraphiteCache/index
Electron 2697 study_superior  txt       REG               1,14      8192           100743010 /Users/study_superior/Library/Application Support/Lingxi-c26-extended-q0CwEM-data/Partitions/hana-browser-a999e238accbd5d45a1e7bb3ae6ef754/GPUCache/data_0
Electron 2697 study_superior  txt       REG               1,14    270336           100743011 /Users/study_superior/Library/Application Support/Lingxi-c26-extended-q0CwEM-data/Partitions/hana-browser-a999e238accbd5d45a1e7bb3ae6ef754/GPUCache/data_1
Electron 2697 study_superior  txt       REG               1,14      8192           100743012 /Users/study_superior/Library/Application Support/Lingxi-c26-extended-q0CwEM-data/Partitions/hana-browser-a999e238accbd5d45a1e7bb3ae6ef754/GPUCache/data_2
Electron 2697 study_superior  txt       REG               1,14      8192           100743013 /Users/study_superior/Library/Application Support/Lingxi-c26-extended-q0CwEM-data/Partitions/hana-browser-a999e238accbd5d45a1e7bb3ae6ef754/GPUCache/data_3
Electron 2697 study_superior  txt       REG               1,14      8192           100743017 /Users/study_superior/Library/Application Support/Lingxi-c26-extended-q0CwEM-data/Partitions/hana-browser-a999e238accbd5d45a1e7bb3ae6ef754/DawnWebGPUCache/data_0
Electron 2697 study_superior  txt       REG               1,14    262512           100743009 /Users/study_superior/Library/Application Support/Lingxi-c26-extended-q0CwEM-data/Partitions/hana-browser-a999e238accbd5d45a1e7bb3ae6ef754/GPUCache/index
Electron 2697 study_superior  txt       REG               1,14    262512           100743015 /Users/study_superior/Library/Application Support/Lingxi-c26-extended-q0CwEM-data/Partitions/hana-browser-a999e238accbd5d45a1e7bb3ae6ef754/DawnWebGPUCache/index
Electron 2697 study_superior  txt       REG               1,14    270336           100743019 /Users/study_superior/Library/Application Support/Lingxi-c26-extended-q0CwEM-data/Partitions/hana-browser-a999e238accbd5d45a1e7bb3ae6ef754/DawnWebGPUCache/data_1
Electron 2697 study_superior  txt       REG               1,14      8192           100743020 /Users/study_superior/Library/Application Support/Lingxi-c26-extended-q0CwEM-data/Partitions/hana-browser-a999e238accbd5d45a1e7bb3ae6ef754/DawnWebGPUCache/data_2
Electron 2697 study_superior  txt       REG               1,14      8192           100743021 /Users/study_superior/Library/Application Support/Lingxi-c26-extended-q0CwEM-data/Partitions/hana-browser-a999e238accbd5d45a1e7bb3ae6ef754/DawnWebGPUCache/data_3
Electron 2697 study_superior  txt       REG               1,14    262512           100743023 /Users/study_superior/Library/Application Support/Lingxi-c26-extended-q0CwEM-data/Partitions/hana-browser-a999e238accbd5d45a1e7bb3ae6ef754/DawnGraphiteCache/index
Electron 2697 study_superior  txt       REG               1,14      8192           100743024 /Users/study_superior/Library/Application Support/Lingxi-c26-extended-q0CwEM-data/Partitions/hana-browser-a999e238accbd5d45a1e7bb3ae6ef754/DawnGraphiteCache/data_0
Electron 2697 study_superior  txt       REG               1,14    270336           100743025 /Users/study_superior/Library/Application Support/Lingxi-c26-extended-q0CwEM-data/Partitions/hana-browser-a999e238accbd5d45a1e7bb3ae6ef754/DawnGraphiteCache/data_1
Electron 2697 study_superior  txt       REG               1,14      8192           100743026 /Users/study_superior/Library/Application Support/Lingxi-c26-extended-q0CwEM-data/Partitions/hana-browser-a999e238accbd5d45a1e7bb3ae6ef754/DawnGraphiteCache/data_2
Electron 2697 study_superior  txt       REG               1,14      8192           100743027 /Users/study_superior/Library/Application Support/Lingxi-c26-extended-q0CwEM-data/Partitions/hana-browser-a999e238accbd5d45a1e7bb3ae6ef754/DawnGraphiteCache/data_3
Electron 2697 study_superior  txt       REG               1,14      8192           100743095 /Users/study_superior/Library/Application Support/Lingxi-c26-extended-q0CwEM-data/Partitions/hana-browser-ac4da82560e5cdba1a839d550c7c09e9/GPUCache/data_0
Electron 2697 study_superior  txt       REG               1,14    270336           100743096 /Users/study_superior/Library/Application Support/Lingxi-c26-extended-q0CwEM-data/Partitions/hana-browser-ac4da82560e5cdba1a839d550c7c09e9/GPUCache/data_1
Electron 2697 study_superior  txt       REG               1,14      8192           100743097 /Users/study_superior/Library/Application Support/Lingxi-c26-extended-q0CwEM-data/Partitions/hana-browser-ac4da82560e5cdba1a839d550c7c09e9/GPUCache/data_2
Electron 2697 study_superior  txt       REG               1,14      8192           100743098 /Users/study_superior/Library/Application Support/Lingxi-c26-extended-q0CwEM-data/Partitions/hana-browser-ac4da82560e5cdba1a839d550c7c09e9/GPUCache/data_3
Electron 2697 study_superior  txt       REG               1,14      8192           100743103 /Users/study_superior/Library/Application Support/Lingxi-c26-extended-q0CwEM-data/Partitions/hana-browser-ac4da82560e5cdba1a839d550c7c09e9/DawnWebGPUCache/data_0
Electron 2697 study_superior  txt       REG               1,14    262512           100743094 /Users/study_superior/Library/Application Support/Lingxi-c26-extended-q0CwEM-data/Partitions/hana-browser-ac4da82560e5cdba1a839d550c7c09e9/GPUCache/index
Electron 2697 study_superior  txt       REG               1,14    262512           100743100 /Users/study_superior/Library/Application Support/Lingxi-c26-extended-q0CwEM-data/Partitions/hana-browser-ac4da82560e5cdba1a839d550c7c09e9/DawnWebGPUCache/index
Electron 2697 study_superior  txt       REG               1,14    270336           100743104 /Users/study_superior/Library/Application Support/Lingxi-c26-extended-q0CwEM-data/Partitions/hana-browser-ac4da82560e5cdba1a839d550c7c09e9/DawnWebGPUCache/data_1
Electron 2697 study_superior  txt       REG               1,14      8192           100743105 /Users/study_superior/Library/Application Support/Lingxi-c26-extended-q0CwEM-data/Partitions/hana-browser-ac4da82560e5cdba1a839d550c7c09e9/DawnWebGPUCache/data_2
Electron 2697 study_superior  txt       REG               1,14      8192           100743106 /Users/study_superior/Library/Application Support/Lingxi-c26-extended-q0CwEM-data/Partitions/hana-browser-ac4da82560e5cdba1a839d550c7c09e9/DawnWebGPUCache/data_3
Electron 2697 study_superior  txt       REG               1,14    262512           100743108 /Users/study_superior/Library/Application Support/Lingxi-c26-extended-q0CwEM-data/Partitions/hana-browser-ac4da82560e5cdba1a839d550c7c09e9/DawnGraphiteCache/index
Electron 2697 study_superior  txt       REG               1,14      8192           100743109 /Users/study_superior/Library/Application Support/Lingxi-c26-extended-q0CwEM-data/Partitions/hana-browser-ac4da82560e5cdba1a839d550c7c09e9/DawnGraphiteCache/data_0
Electron 2697 study_superior  txt       REG               1,14    270336           100743110 /Users/study_superior/Library/Application Support/Lingxi-c26-extended-q0CwEM-data/Partitions/hana-browser-ac4da82560e5cdba1a839d550c7c09e9/DawnGraphiteCache/data_1
Electron 2697 study_superior  txt       REG               1,14      8192           100743111 /Users/study_superior/Library/Application Support/Lingxi-c26-extended-q0CwEM-data/Partitions/hana-browser-ac4da82560e5cdba1a839d550c7c09e9/DawnGraphiteCache/data_2
Electron 2697 study_superior  txt       REG               1,14      8192           100743112 /Users/study_superior/Library/Application Support/Lingxi-c26-extended-q0CwEM-data/Partitions/hana-browser-ac4da82560e5cdba1a839d550c7c09e9/DawnGraphiteCache/data_3
Electron 2697 study_superior  txt       REG               1,14  19809872 1152921500312136260 /System/Library/Extensions/AGXMetalG15X_M2.bundle/Contents/Resources/ds.binary.metallib.g15d-b0
Electron 2697 study_superior  txt       REG               1,14 117215048 1152921500312374732 /System/Library/PrivateFrameworks/SFSymbols.framework/Versions/A/Resources/CoreGlyphs.bundle/Contents/Resources/Assets.car
Electron 2697 study_superior    0r      CHR                3,2       0t0                 336 /dev/null
Electron 2697 study_superior    1w      REG               1,14     15620           100739962 /private/var/folders/5r/wq54gtms21gfjgr5v94ynfyh0000gn/T/lingxi-c26-extended-4omn4nwg/electron.log
Electron 2697 study_superior    2w      REG               1,14     15620           100739962 /private/var/folders/5r/wq54gtms21gfjgr5v94ynfyh0000gn/T/lingxi-c26-extended-4omn4nwg/electron.log
Electron 2697 study_superior    3r      REG               1,14  10876560            70257164 /Users/study_superior/Desktop/Code/LingxiAgent/node_modules/electron/dist/Electron.app/Contents/Frameworks/Electron Framework.framework/Versions/A/Resources/icudtl.dat
Electron 2697 study_superior    4r      REG               1,14    721176            70257209 /Users/study_superior/Desktop/Code/LingxiAgent/node_modules/electron/dist/Electron.app/Contents/Frameworks/Electron Framework.framework/Versions/A/Resources/v8_context_snapshot.arm64.bin
Electron 2697 study_superior    5u   KQUEUE                                                  count=0, state=0x12
Electron 2697 study_superior    6u   KQUEUE                                                  count=0, state=0x12
Electron 2697 study_superior    7u   KQUEUE                                                  count=0, state=0x12
Electron 2697 study_superior    8u   KQUEUE                                                  count=0, state=0xa
Electron 2697 study_superior    9      PIPE 0x6faa7dcecfa75c42     16384                     ->0x503f04918a636e1
Electron 2697 study_superior   10      PIPE  0x503f04918a636e1     16384                     ->0x6faa7dcecfa75c42
Electron 2697 study_superior   11r      DIR               1,14       736                   2 /
Electron 2697 study_superior   12u   KQUEUE                                                  count=0, state=0x8
Electron 2697 study_superior   13r      DIR               1,14       736                   2 /
Electron 2697 study_superior   14u   KQUEUE                                                  count=0, state=0xa
Electron 2697 study_superior   15r      DIR               1,14       736                   2 /
Electron 2697 study_superior   16r      REG               1,14    111073            70257079 /Users/study_superior/Desktop/Code/LingxiAgent/node_modules/electron/dist/Electron.app/Contents/Resources/default_app.asar
Electron 2697 study_superior   17u     unix 0x54b2bc5341dcaa16       0t0                     /var/folders/5r/wq54gtms21gfjgr5v94ynfyh0000gn/T/scoped_dir5FQV3X/SingletonSocket
Electron 2697 study_superior   18   NPOLICY                                                  
Electron 2697 study_superior   19      PIPE 0x1dda9bacf71b7969     16384                     ->0x248c23f25a1064ad
Electron 2697 study_superior   20      PIPE 0x248c23f25a1064ad     16384                     ->0x1dda9bacf71b7969
Electron 2697 study_superior   21r      REG               1,14    119827            70257131 /Users/study_superior/Desktop/Code/LingxiAgent/node_modules/electron/dist/Electron.app/Contents/Frameworks/Electron Framework.framework/Versions/A/Resources/chrome_100_percent.pak
Electron 2697 study_superior   22r      REG               1,14    196919            70257115 /Users/study_superior/Desktop/Code/LingxiAgent/node_modules/electron/dist/Electron.app/Contents/Frameworks/Electron Framework.framework/Versions/A/Resources/chrome_200_percent.pak
Electron 2697 study_superior   23r      REG               1,14    575292            70257122 /Users/study_superior/Desktop/Code/LingxiAgent/node_modules/electron/dist/Electron.app/Contents/Frameworks/Electron Framework.framework/Versions/A/Resources/zh_CN.lproj/locale.pak
Electron 2697 study_superior   24r      REG               1,14   6868234            70257230 /Users/study_superior/Desktop/Code/LingxiAgent/node_modules/electron/dist/Electron.app/Contents/Frameworks/Electron Framework.framework/Versions/A/Resources/resources.pak
Electron 2697 study_superior   25w      REG               1,14       339           100739982 /Users/study_superior/Library/Application Support/Lingxi-c26-extended-q0CwEM-data/Local Storage/leveldb/LOG
Electron 2697 study_superior   26      PIPE 0x53fbc5332f7d3caa     16384                     ->0x4329657427367baf
Electron 2697 study_superior   27      PIPE 0x4329657427367baf     16384                     ->0x53fbc5332f7d3caa
Electron 2697 study_superior   28u   KQUEUE                                                  count=0, state=0x8
Electron 2697 study_superior   29r      DIR               1,14       736                   2 /
Electron 2697 study_superior   30r      DIR               1,14      2528            87579299 /private/etc
Electron 2697 study_superior   31r      REG               1,14       213            87594109 /private/etc/hosts
Electron 2697 study_superior   32u      REG               1,14         0           100739983 /Users/study_superior/Library/Application Support/Lingxi-c26-extended-q0CwEM-data/Local Storage/leveldb/LOCK
Electron 2697 study_superior   33w      REG               1,14        41           100739997 /Users/study_superior/Library/Application Support/Lingxi-c26-extended-q0CwEM-data/Local Storage/leveldb/MANIFEST-000001
Electron 2697 study_superior   34w      REG               1,14       531           100740000 /Users/study_superior/Library/Application Support/Lingxi-c26-extended-q0CwEM-data/Local Storage/leveldb/000003.log
Electron 2697 study_superior   35u   KQUEUE                                                  count=0, state=0x12
Electron 2697 study_superior   36u      REG               1,14    262512           100740002 /Users/study_superior/Library/Application Support/Lingxi-c26-extended-q0CwEM-data/GPUCache/index
Electron 2697 study_superior   37u      REG               1,14      8192           100740003 /Users/study_superior/Library/Application Support/Lingxi-c26-extended-q0CwEM-data/GPUCache/data_0
Electron 2697 study_superior   38u      REG               1,14    270336           100740004 /Users/study_superior/Library/Application Support/Lingxi-c26-extended-q0CwEM-data/GPUCache/data_1
Electron 2697 study_superior   39u      REG               1,14      8192           100740005 /Users/study_superior/Library/Application Support/Lingxi-c26-extended-q0CwEM-data/GPUCache/data_2
Electron 2697 study_superior   40u      REG               1,14      8192           100740006 /Users/study_superior/Library/Application Support/Lingxi-c26-extended-q0CwEM-data/GPUCache/data_3
Electron 2697 study_superior   41u      REG               1,14    262512           100740008 /Users/study_superior/Library/Application Support/Lingxi-c26-extended-q0CwEM-data/DawnWebGPUCache/index
Electron 2697 study_superior   42u      REG               1,14      8192           100740009 /Users/study_superior/Library/Application Support/Lingxi-c26-extended-q0CwEM-data/DawnWebGPUCache/data_0
Electron 2697 study_superior   43u      REG               1,14    270336           100740010 /Users/study_superior/Library/Application Support/Lingxi-c26-extended-q0CwEM-data/DawnWebGPUCache/data_1
Electron 2697 study_superior   44u      REG               1,14      8192           100740011 /Users/study_superior/Library/Application Support/Lingxi-c26-extended-q0CwEM-data/DawnWebGPUCache/data_2
Electron 2697 study_superior   45u      REG               1,14      8192           100740012 /Users/study_superior/Library/Application Support/Lingxi-c26-extended-q0CwEM-data/DawnWebGPUCache/data_3
Electron 2697 study_superior   46u      REG               1,14    262512           100740014 /Users/study_superior/Library/Application Support/Lingxi-c26-extended-q0CwEM-data/DawnGraphiteCache/index
Electron 2697 study_superior   47u      REG               1,14      8192           100740015 /Users/study_superior/Library/Application Support/Lingxi-c26-extended-q0CwEM-data/DawnGraphiteCache/data_0
Electron 2697 study_superior   48u      REG               1,14    270336           100740016 /Users/study_superior/Library/Application Support/Lingxi-c26-extended-q0CwEM-data/DawnGraphiteCache/data_1
Electron 2697 study_superior   49r      CHR                3,2       0t0                 336 /dev/null
Electron 2697 study_superior   50u      REG               1,14      8192           100740017 /Users/study_superior/Library/Application Support/Lingxi-c26-extended-q0CwEM-data/DawnGraphiteCache/data_2
Electron 2697 study_superior   51u      REG               1,14     53592           100740033 /Users/study_superior/Library/Application Support/Lingxi-c26-extended-q0CwEM-data/DIPS-wal
Electron 2697 study_superior   52u      REG               1,14      4096           100740021 /Users/study_superior/Library/Application Support/Lingxi-c26-extended-q0CwEM-data/DIPS
Electron 2697 study_superior   53u     unix 0x84dc33270607e911       0t0                     ->0x28f3a87d6c58ab3f
Electron 2697 study_superior   54w      REG               1,14       327           100740042 /Users/study_superior/Library/Application Support/Lingxi-c26-extended-q0CwEM-data/Session Storage/LOG
Electron 2697 study_superior   55u     unix 0x418a393af924504d       0t0                     ->0x86e8ba22a447c02e
Electron 2697 study_superior   56u      REG               1,14         0           100740043 /Users/study_superior/Library/Application Support/Lingxi-c26-extended-q0CwEM-data/Session Storage/LOCK
Electron 2697 study_superior   57u      REG               1,14      8192           100740018 /Users/study_superior/Library/Application Support/Lingxi-c26-extended-q0CwEM-data/DawnGraphiteCache/data_3
Electron 2697 study_superior   58u     unix   0x51fbb007c01be2       0t0                     ->0x5fa2f6895d576554
Electron 2697 study_superior   59w      REG               1,14        41           100740044 /Users/study_superior/Library/Application Support/Lingxi-c26-extended-q0CwEM-data/Session Storage/MANIFEST-000001
Electron 2697 study_superior   60w      REG               1,14       445           100740046 /Users/study_superior/Library/Application Support/Lingxi-c26-extended-q0CwEM-data/Session Storage/000003.log
Electron 2697 study_superior   61u     IPv4 0xd503e15c5f67c5fb       0t0                 TCP localhost:52252->localhost:52250 (ESTABLISHED)
Electron 2697 study_superior   62w      REG               1,14       453           100742636 /Users/study_superior/Library/Application Support/Lingxi-c26-extended-q0CwEM-data/Partitions/hana-browser-a78e56d7d0a470c77f13fe1846e66a42/Local Storage/leveldb/LOG
Electron 2697 study_superior   63u      REG               1,14         0           100742638 /Users/study_superior/Library/Application Support/Lingxi-c26-extended-q0CwEM-data/Partitions/hana-browser-a78e56d7d0a470c77f13fe1846e66a42/Local Storage/leveldb/LOCK
Electron 2697 study_superior   64w      REG               1,14        41           100742644 /Users/study_superior/Library/Application Support/Lingxi-c26-extended-q0CwEM-data/Partitions/hana-browser-a78e56d7d0a470c77f13fe1846e66a42/Local Storage/leveldb/MANIFEST-000001
Electron 2697 study_superior   65w      REG               1,14        30           100742655 /Users/study_superior/Library/Application Support/Lingxi-c26-extended-q0CwEM-data/Partitions/hana-browser-a78e56d7d0a470c77f13fe1846e66a42/Local Storage/leveldb/000003.log
Electron 2697 study_superior   66u      REG               1,14      4096           100742648 /Users/study_superior/Library/Application Support/Lingxi-c26-extended-q0CwEM-data/Partitions/hana-browser-a78e56d7d0a470c77f13fe1846e66a42/DIPS
Electron 2697 study_superior   67u      REG               1,14     45352           100742653 /Users/study_superior/Library/Application Support/Lingxi-c26-extended-q0CwEM-data/Partitions/hana-browser-a78e56d7d0a470c77f13fe1846e66a42/DIPS-wal
Electron 2697 study_superior   68u      REG               1,14    262512           100742667 /Users/study_superior/Library/Application Support/Lingxi-c26-extended-q0CwEM-data/Partitions/hana-browser-a78e56d7d0a470c77f13fe1846e66a42/GPUCache/index
Electron 2697 study_superior   69u      REG               1,14      8192           100742668 /Users/study_superior/Library/Application Support/Lingxi-c26-extended-q0CwEM-data/Partitions/hana-browser-a78e56d7d0a470c77f13fe1846e66a42/GPUCache/data_0
Electron 2697 study_superior   70u      REG               1,14    270336           100742669 /Users/study_superior/Library/Application Support/Lingxi-c26-extended-q0CwEM-data/Partitions/hana-browser-a78e56d7d0a470c77f13fe1846e66a42/GPUCache/data_1
Electron 2697 study_superior   71u      REG               1,14      8192           100742670 /Users/study_superior/Library/Application Support/Lingxi-c26-extended-q0CwEM-data/Partitions/hana-browser-a78e56d7d0a470c77f13fe1846e66a42/GPUCache/data_2
Electron 2697 study_superior   72u      REG               1,14      8192           100742671 /Users/study_superior/Library/Application Support/Lingxi-c26-extended-q0CwEM-data/Partitions/hana-browser-a78e56d7d0a470c77f13fe1846e66a42/GPUCache/data_3
Electron 2697 study_superior   73u      REG               1,14    262512           100742673 /Users/study_superior/Library/Application Support/Lingxi-c26-extended-q0CwEM-data/Partitions/hana-browser-a78e56d7d0a470c77f13fe1846e66a42/DawnWebGPUCache/index
Electron 2697 study_superior   74u      REG               1,14      8192           100742674 /Users/study_superior/Library/Application Support/Lingxi-c26-extended-q0CwEM-data/Partitions/hana-browser-a78e56d7d0a470c77f13fe1846e66a42/DawnWebGPUCache/data_0
Electron 2697 study_superior   75u      REG               1,14    270336           100742676 /Users/study_superior/Library/Application Support/Lingxi-c26-extended-q0CwEM-data/Partitions/hana-browser-a78e56d7d0a470c77f13fe1846e66a42/DawnWebGPUCache/data_1
Electron 2697 study_superior   76u      REG               1,14      8192           100742678 /Users/study_superior/Library/Application Support/Lingxi-c26-extended-q0CwEM-data/Partitions/hana-browser-a78e56d7d0a470c77f13fe1846e66a42/DawnWebGPUCache/data_2
Electron 2697 study_superior   77u      REG               1,14      8192           100742679 /Users/study_superior/Library/Application Support/Lingxi-c26-extended-q0CwEM-data/Partitions/hana-browser-a78e56d7d0a470c77f13fe1846e66a42/DawnWebGPUCache/data_3
Electron 2697 study_superior   78u      REG               1,14    262512           100742681 /Users/study_superior/Library/Application Support/Lingxi-c26-extended-q0CwEM-data/Partitions/hana-browser-a78e56d7d0a470c77f13fe1846e66a42/DawnGraphiteCache/index
Electron 2697 study_superior   79u      REG               1,14      8192           100742682 /Users/study_superior/Library/Application Support/Lingxi-c26-extended-q0CwEM-data/Partitions/hana-browser-a78e56d7d0a470c77f13fe1846e66a42/DawnGraphiteCache/data_0
Electron 2697 study_superior   80u      REG               1,14    270336           100742683 /Users/study_superior/Library/Application Support/Lingxi-c26-extended-q0CwEM-data/Partitions/hana-browser-a78e56d7d0a470c77f13fe1846e66a42/DawnGraphiteCache/data_1
Electron 2697 study_superior   81u      REG               1,14      8192           100742684 /Users/study_superior/Library/Application Support/Lingxi-c26-extended-q0CwEM-data/Partitions/hana-browser-a78e56d7d0a470c77f13fe1846e66a42/DawnGraphiteCache/data_2
Electron 2697 study_superior   82u      REG               1,14      8192           100742685 /Users/study_superior/Library/Application Support/Lingxi-c26-extended-q0CwEM-data/Partitions/hana-browser-a78e56d7d0a470c77f13fe1846e66a42/DawnGraphiteCache/data_3
Electron 2697 study_superior   83w      REG               1,14       441           100742693 /Users/study_superior/Library/Application Support/Lingxi-c26-extended-q0CwEM-data/Partitions/hana-browser-a78e56d7d0a470c77f13fe1846e66a42/Session Storage/LOG
Electron 2697 study_superior   84u      REG               1,14         0           100742694 /Users/study_superior/Library/Application Support/Lingxi-c26-extended-q0CwEM-data/Partitions/hana-browser-a78e56d7d0a470c77f13fe1846e66a42/Session Storage/LOCK
Electron 2697 study_superior   85w      REG               1,14        41           100742695 /Users/study_superior/Library/Application Support/Lingxi-c26-extended-q0CwEM-data/Partitions/hana-browser-a78e56d7d0a470c77f13fe1846e66a42/Session Storage/MANIFEST-000001
Electron 2697 study_superior   86w      REG               1,14       138           100742697 /Users/study_superior/Library/Application Support/Lingxi-c26-extended-q0CwEM-data/Partitions/hana-browser-a78e56d7d0a470c77f13fe1846e66a42/Session Storage/000003.log
Electron 2697 study_superior   87w      REG               1,14       453           100742730 /Users/study_superior/Library/Application Support/Lingxi-c26-extended-q0CwEM-data/Partitions/hana-browser-dc38071a296abe35db312be9db35dfb6/Local Storage/leveldb/LOG
Electron 2697 study_superior   88u      REG               1,14         0           100742732 /Users/study_superior/Library/Application Support/Lingxi-c26-extended-q0CwEM-data/Partitions/hana-browser-dc38071a296abe35db312be9db35dfb6/Local Storage/leveldb/LOCK
Electron 2697 study_superior   89w      REG               1,14        41           100742738 /Users/study_superior/Library/Application Support/Lingxi-c26-extended-q0CwEM-data/Partitions/hana-browser-dc38071a296abe35db312be9db35dfb6/Local Storage/leveldb/MANIFEST-000001
Electron 2697 study_superior   90u      REG               1,14      4096           100742742 /Users/study_superior/Library/Application Support/Lingxi-c26-extended-q0CwEM-data/Partitions/hana-browser-dc38071a296abe35db312be9db35dfb6/DIPS
Electron 2697 study_superior   91u      REG               1,14     45352           100742757 /Users/study_superior/Library/Application Support/Lingxi-c26-extended-q0CwEM-data/Partitions/hana-browser-dc38071a296abe35db312be9db35dfb6/DIPS-wal
Electron 2697 study_superior   92w      REG               1,14        30           100742758 /Users/study_superior/Library/Application Support/Lingxi-c26-extended-q0CwEM-data/Partitions/hana-browser-dc38071a296abe35db312be9db35dfb6/Local Storage/leveldb/000003.log
Electron 2697 study_superior   93u      REG               1,14    262512           100742761 /Users/study_superior/Library/Application Support/Lingxi-c26-extended-q0CwEM-data/Partitions/hana-browser-dc38071a296abe35db312be9db35dfb6/GPUCache/index
Electron 2697 study_superior   94u      REG               1,14      8192           100742762 /Users/study_superior/Library/Application Support/Lingxi-c26-extended-q0CwEM-data/Partitions/hana-browser-dc38071a296abe35db312be9db35dfb6/GPUCache/data_0
Electron 2697 study_superior   95u      REG               1,14    270336           100742763 /Users/study_superior/Library/Application Support/Lingxi-c26-extended-q0CwEM-data/Partitions/hana-browser-dc38071a296abe35db312be9db35dfb6/GPUCache/data_1
Electron 2697 study_superior   96u      REG               1,14      8192           100742764 /Users/study_superior/Library/Application Support/Lingxi-c26-extended-q0CwEM-data/Partitions/hana-browser-dc38071a296abe35db312be9db35dfb6/GPUCache/data_2
Electron 2697 study_superior   97u      REG               1,14      8192           100742765 /Users/study_superior/Library/Application Support/Lingxi-c26-extended-q0CwEM-data/Partitions/hana-browser-dc38071a296abe35db312be9db35dfb6/GPUCache/data_3
Electron 2697 study_superior   98u      REG               1,14    262512           100742767 /Users/study_superior/Library/Application Support/Lingxi-c26-extended-q0CwEM-data/Partitions/hana-browser-dc38071a296abe35db312be9db35dfb6/DawnWebGPUCache/index
Electron 2697 study_superior   99u      REG               1,14      8192           100742770 /Users/study_superior/Library/Application Support/Lingxi-c26-extended-q0CwEM-data/Partitions/hana-browser-dc38071a296abe35db312be9db35dfb6/DawnWebGPUCache/data_0
Electron 2697 study_superior  100u      REG               1,14    270336           100742771 /Users/study_superior/Library/Application Support/Lingxi-c26-extended-q0CwEM-data/Partitions/hana-browser-dc38071a296abe35db312be9db35dfb6/DawnWebGPUCache/data_1
Electron 2697 study_superior  101u      REG               1,14      8192           100742772 /Users/study_superior/Library/Application Support/Lingxi-c26-extended-q0CwEM-data/Partitions/hana-browser-dc38071a296abe35db312be9db35dfb6/DawnWebGPUCache/data_2
Electron 2697 study_superior  102u      REG               1,14      8192           100742773 /Users/study_superior/Library/Application Support/Lingxi-c26-extended-q0CwEM-data/Partitions/hana-browser-dc38071a296abe35db312be9db35dfb6/DawnWebGPUCache/data_3
Electron 2697 study_superior  103u      REG               1,14    262512           100742775 /Users/study_superior/Library/Application Support/Lingxi-c26-extended-q0CwEM-data/Partitions/hana-browser-dc38071a296abe35db312be9db35dfb6/DawnGraphiteCache/index
Electron 2697 study_superior  104u      REG               1,14      8192           100742776 /Users/study_superior/Library/Application Support/Lingxi-c26-extended-q0CwEM-data/Partitions/hana-browser-dc38071a296abe35db312be9db35dfb6/DawnGraphiteCache/data_0
Electron 2697 study_superior  105u      REG               1,14    270336           100742777 /Users/study_superior/Library/Application Support/Lingxi-c26-extended-q0CwEM-data/Partitions/hana-browser-dc38071a296abe35db312be9db35dfb6/DawnGraphiteCache/data_1
Electron 2697 study_superior  106u      REG               1,14      8192           100742778 /Users/study_superior/Library/Application Support/Lingxi-c26-extended-q0CwEM-data/Partitions/hana-browser-dc38071a296abe35db312be9db35dfb6/DawnGraphiteCache/data_2
Electron 2697 study_superior  107u      REG               1,14      8192           100742779 /Users/study_superior/Library/Application Support/Lingxi-c26-extended-q0CwEM-data/Partitions/hana-browser-dc38071a296abe35db312be9db35dfb6/DawnGraphiteCache/data_3
Electron 2697 study_superior  108w      REG               1,14       441           100742787 /Users/study_superior/Library/Application Support/Lingxi-c26-extended-q0CwEM-data/Partitions/hana-browser-dc38071a296abe35db312be9db35dfb6/Session Storage/LOG
Electron 2697 study_superior  109u      REG               1,14         0           100742788 /Users/study_superior/Library/Application Support/Lingxi-c26-extended-q0CwEM-data/Partitions/hana-browser-dc38071a296abe35db312be9db35dfb6/Session Storage/LOCK
Electron 2697 study_superior  110w      REG               1,14        41           100742789 /Users/study_superior/Library/Application Support/Lingxi-c26-extended-q0CwEM-data/Partitions/hana-browser-dc38071a296abe35db312be9db35dfb6/Session Storage/MANIFEST-000001
Electron 2697 study_superior  111w      REG               1,14       138           100742791 /Users/study_superior/Library/Application Support/Lingxi-c26-extended-q0CwEM-data/Partitions/hana-browser-dc38071a296abe35db312be9db35dfb6/Session Storage/000003.log
Electron 2697 study_superior  112w      REG               1,14       453           100742812 /Users/study_superior/Library/Application Support/Lingxi-c26-extended-q0CwEM-data/Partitions/hana-browser-767db6b12a0ac4d82afe367a6e97e056/Local Storage/leveldb/LOG
Electron 2697 study_superior  113u      REG               1,14         0           100742817 /Users/study_superior/Library/Application Support/Lingxi-c26-extended-q0CwEM-data/Partitions/hana-browser-767db6b12a0ac4d82afe367a6e97e056/Local Storage/leveldb/LOCK
Electron 2697 study_superior  114u      REG               1,14      4096           100742824 /Users/study_superior/Library/Application Support/Lingxi-c26-extended-q0CwEM-data/Partitions/hana-browser-767db6b12a0ac4d82afe367a6e97e056/DIPS
Electron 2697 study_superior  115w      REG               1,14        41           100742821 /Users/study_superior/Library/Application Support/Lingxi-c26-extended-q0CwEM-data/Partitions/hana-browser-767db6b12a0ac4d82afe367a6e97e056/Local Storage/leveldb/MANIFEST-000001
Electron 2697 study_superior  116u      REG               1,14     45352           100742837 /Users/study_superior/Library/Application Support/Lingxi-c26-extended-q0CwEM-data/Partitions/hana-browser-767db6b12a0ac4d82afe367a6e97e056/DIPS-wal
Electron 2697 study_superior  117w      REG               1,14        30           100742838 /Users/study_superior/Library/Application Support/Lingxi-c26-extended-q0CwEM-data/Partitions/hana-browser-767db6b12a0ac4d82afe367a6e97e056/Local Storage/leveldb/000003.log
Electron 2697 study_superior  118u      REG               1,14    262512           100742841 /Users/study_superior/Library/Application Support/Lingxi-c26-extended-q0CwEM-data/Partitions/hana-browser-767db6b12a0ac4d82afe367a6e97e056/GPUCache/index
Electron 2697 study_superior  119u      REG               1,14      8192           100742842 /Users/study_superior/Library/Application Support/Lingxi-c26-extended-q0CwEM-data/Partitions/hana-browser-767db6b12a0ac4d82afe367a6e97e056/GPUCache/data_0
Electron 2697 study_superior  120u      REG               1,14    270336           100742843 /Users/study_superior/Library/Application Support/Lingxi-c26-extended-q0CwEM-data/Partitions/hana-browser-767db6b12a0ac4d82afe367a6e97e056/GPUCache/data_1
Electron 2697 study_superior  121u      REG               1,14      8192           100742844 /Users/study_superior/Library/Application Support/Lingxi-c26-extended-q0CwEM-data/Partitions/hana-browser-767db6b12a0ac4d82afe367a6e97e056/GPUCache/data_2
Electron 2697 study_superior  122u      REG               1,14      8192           100742845 /Users/study_superior/Library/Application Support/Lingxi-c26-extended-q0CwEM-data/Partitions/hana-browser-767db6b12a0ac4d82afe367a6e97e056/GPUCache/data_3
Electron 2697 study_superior  123u      REG               1,14    262512           100742847 /Users/study_superior/Library/Application Support/Lingxi-c26-extended-q0CwEM-data/Partitions/hana-browser-767db6b12a0ac4d82afe367a6e97e056/DawnWebGPUCache/index
Electron 2697 study_superior  124u      REG               1,14      8192           100742849 /Users/study_superior/Library/Application Support/Lingxi-c26-extended-q0CwEM-data/Partitions/hana-browser-767db6b12a0ac4d82afe367a6e97e056/DawnWebGPUCache/data_0
Electron 2697 study_superior  125u      REG               1,14    270336           100742851 /Users/study_superior/Library/Application Support/Lingxi-c26-extended-q0CwEM-data/Partitions/hana-browser-767db6b12a0ac4d82afe367a6e97e056/DawnWebGPUCache/data_1
Electron 2697 study_superior  126u      REG               1,14      8192           100742852 /Users/study_superior/Library/Application Support/Lingxi-c26-extended-q0CwEM-data/Partitions/hana-browser-767db6b12a0ac4d82afe367a6e97e056/DawnWebGPUCache/data_2
Electron 2697 study_superior  127u      REG               1,14      8192           100742853 /Users/study_superior/Library/Application Support/Lingxi-c26-extended-q0CwEM-data/Partitions/hana-browser-767db6b12a0ac4d82afe367a6e97e056/DawnWebGPUCache/data_3
Electron 2697 study_superior  128u      REG               1,14    262512           100742855 /Users/study_superior/Library/Application Support/Lingxi-c26-extended-q0CwEM-data/Partitions/hana-browser-767db6b12a0ac4d82afe367a6e97e056/DawnGraphiteCache/index
Electron 2697 study_superior  129u      REG               1,14      8192           100742856 /Users/study_superior/Library/Application Support/Lingxi-c26-extended-q0CwEM-data/Partitions/hana-browser-767db6b12a0ac4d82afe367a6e97e056/DawnGraphiteCache/data_0
Electron 2697 study_superior  130u      REG               1,14    270336           100742857 /Users/study_superior/Library/Application Support/Lingxi-c26-extended-q0CwEM-data/Partitions/hana-browser-767db6b12a0ac4d82afe367a6e97e056/DawnGraphiteCache/data_1
Electron 2697 study_superior  131u      REG               1,14      8192           100742858 /Users/study_superior/Library/Application Support/Lingxi-c26-extended-q0CwEM-data/Partitions/hana-browser-767db6b12a0ac4d82afe367a6e97e056/DawnGraphiteCache/data_2
Electron 2697 study_superior  132u      REG               1,14      8192           100742859 /Users/study_superior/Library/Application Support/Lingxi-c26-extended-q0CwEM-data/Partitions/hana-browser-767db6b12a0ac4d82afe367a6e97e056/DawnGraphiteCache/data_3
Electron 2697 study_superior  133w      REG               1,14       441           100742867 /Users/study_superior/Library/Application Support/Lingxi-c26-extended-q0CwEM-data/Partitions/hana-browser-767db6b12a0ac4d82afe367a6e97e056/Session Storage/LOG
Electron 2697 study_superior  134u      REG               1,14         0           100742868 /Users/study_superior/Library/Application Support/Lingxi-c26-extended-q0CwEM-data/Partitions/hana-browser-767db6b12a0ac4d82afe367a6e97e056/Session Storage/LOCK
Electron 2697 study_superior  135w      REG               1,14        41           100742869 /Users/study_superior/Library/Application Support/Lingxi-c26-extended-q0CwEM-data/Partitions/hana-browser-767db6b12a0ac4d82afe367a6e97e056/Session Storage/MANIFEST-000001
Electron 2697 study_superior  136w      REG               1,14       138           100742871 /Users/study_superior/Library/Application Support/Lingxi-c26-extended-q0CwEM-data/Partitions/hana-browser-767db6b12a0ac4d82afe367a6e97e056/Session Storage/000003.log
Electron 2697 study_superior  137w      REG               1,14       453           100742891 /Users/study_superior/Library/Application Support/Lingxi-c26-extended-q0CwEM-data/Partitions/hana-browser-af7e299a34e4a2b49340a71c2d7725cb/Local Storage/leveldb/LOG
Electron 2697 study_superior  138u      REG               1,14         0           100742894 /Users/study_superior/Library/Application Support/Lingxi-c26-extended-q0CwEM-data/Partitions/hana-browser-af7e299a34e4a2b49340a71c2d7725cb/Local Storage/leveldb/LOCK
Electron 2697 study_superior  139u      REG               1,14      4096           100742904 /Users/study_superior/Library/Application Support/Lingxi-c26-extended-q0CwEM-data/Partitions/hana-browser-af7e299a34e4a2b49340a71c2d7725cb/DIPS
Electron 2697 study_superior  140w      REG               1,14        41           100742901 /Users/study_superior/Library/Application Support/Lingxi-c26-extended-q0CwEM-data/Partitions/hana-browser-af7e299a34e4a2b49340a71c2d7725cb/Local Storage/leveldb/MANIFEST-000001
Electron 2697 study_superior  141u      REG               1,14     45352           100742917 /Users/study_superior/Library/Application Support/Lingxi-c26-extended-q0CwEM-data/Partitions/hana-browser-af7e299a34e4a2b49340a71c2d7725cb/DIPS-wal
Electron 2697 study_superior  142w      REG               1,14        30           100742918 /Users/study_superior/Library/Application Support/Lingxi-c26-extended-q0CwEM-data/Partitions/hana-browser-af7e299a34e4a2b49340a71c2d7725cb/Local Storage/leveldb/000003.log
Electron 2697 study_superior  143u      REG               1,14    262512           100742921 /Users/study_superior/Library/Application Support/Lingxi-c26-extended-q0CwEM-data/Partitions/hana-browser-af7e299a34e4a2b49340a71c2d7725cb/GPUCache/index
Electron 2697 study_superior  144u      REG               1,14      8192           100742922 /Users/study_superior/Library/Application Support/Lingxi-c26-extended-q0CwEM-data/Partitions/hana-browser-af7e299a34e4a2b49340a71c2d7725cb/GPUCache/data_0
Electron 2697 study_superior  145u      REG               1,14    270336           100742923 /Users/study_superior/Library/Application Support/Lingxi-c26-extended-q0CwEM-data/Partitions/hana-browser-af7e299a34e4a2b49340a71c2d7725cb/GPUCache/data_1
Electron 2697 study_superior  146u      REG               1,14      8192           100742924 /Users/study_superior/Library/Application Support/Lingxi-c26-extended-q0CwEM-data/Partitions/hana-browser-af7e299a34e4a2b49340a71c2d7725cb/GPUCache/data_2
Electron 2697 study_superior  147u      REG               1,14      8192           100742925 /Users/study_superior/Library/Application Support/Lingxi-c26-extended-q0CwEM-data/Partitions/hana-browser-af7e299a34e4a2b49340a71c2d7725cb/GPUCache/data_3
Electron 2697 study_superior  148u      REG               1,14    262512           100742927 /Users/study_superior/Library/Application Support/Lingxi-c26-extended-q0CwEM-data/Partitions/hana-browser-af7e299a34e4a2b49340a71c2d7725cb/DawnWebGPUCache/index
Electron 2697 study_superior  149u      REG               1,14      8192           100742929 /Users/study_superior/Library/Application Support/Lingxi-c26-extended-q0CwEM-data/Partitions/hana-browser-af7e299a34e4a2b49340a71c2d7725cb/DawnWebGPUCache/data_0
Electron 2697 study_superior  150u      REG               1,14    270336           100742931 /Users/study_superior/Library/Application Support/Lingxi-c26-extended-q0CwEM-data/Partitions/hana-browser-af7e299a34e4a2b49340a71c2d7725cb/DawnWebGPUCache/data_1
Electron 2697 study_superior  151u      REG               1,14      8192           100742932 /Users/study_superior/Library/Application Support/Lingxi-c26-extended-q0CwEM-data/Partitions/hana-browser-af7e299a34e4a2b49340a71c2d7725cb/DawnWebGPUCache/data_2
Electron 2697 study_superior  152u      REG               1,14      8192           100742933 /Users/study_superior/Library/Application Support/Lingxi-c26-extended-q0CwEM-data/Partitions/hana-browser-af7e299a34e4a2b49340a71c2d7725cb/DawnWebGPUCache/data_3
Electron 2697 study_superior  153u      REG               1,14    262512           100742935 /Users/study_superior/Library/Application Support/Lingxi-c26-extended-q0CwEM-data/Partitions/hana-browser-af7e299a34e4a2b49340a71c2d7725cb/DawnGraphiteCache/index
Electron 2697 study_superior  154u      REG               1,14      8192           100742936 /Users/study_superior/Library/Application Support/Lingxi-c26-extended-q0CwEM-data/Partitions/hana-browser-af7e299a34e4a2b49340a71c2d7725cb/DawnGraphiteCache/data_0
Electron 2697 study_superior  155u      REG               1,14    270336           100742937 /Users/study_superior/Library/Application Support/Lingxi-c26-extended-q0CwEM-data/Partitions/hana-browser-af7e299a34e4a2b49340a71c2d7725cb/DawnGraphiteCache/data_1
Electron 2697 study_superior  156u      REG               1,14      8192           100742938 /Users/study_superior/Library/Application Support/Lingxi-c26-extended-q0CwEM-data/Partitions/hana-browser-af7e299a34e4a2b49340a71c2d7725cb/DawnGraphiteCache/data_2
Electron 2697 study_superior  157u      REG               1,14      8192           100742939 /Users/study_superior/Library/Application Support/Lingxi-c26-extended-q0CwEM-data/Partitions/hana-browser-af7e299a34e4a2b49340a71c2d7725cb/DawnGraphiteCache/data_3
Electron 2697 study_superior  158w      REG               1,14       441           100742947 /Users/study_superior/Library/Application Support/Lingxi-c26-extended-q0CwEM-data/Partitions/hana-browser-af7e299a34e4a2b49340a71c2d7725cb/Session Storage/LOG
Electron 2697 study_superior  159u      REG               1,14         0           100742948 /Users/study_superior/Library/Application Support/Lingxi-c26-extended-q0CwEM-data/Partitions/hana-browser-af7e299a34e4a2b49340a71c2d7725cb/Session Storage/LOCK
Electron 2697 study_superior  160w      REG               1,14        41           100742949 /Users/study_superior/Library/Application Support/Lingxi-c26-extended-q0CwEM-data/Partitions/hana-browser-af7e299a34e4a2b49340a71c2d7725cb/Session Storage/MANIFEST-000001
Electron 2697 study_superior  161w      REG               1,14       138           100742951 /Users/study_superior/Library/Application Support/Lingxi-c26-extended-q0CwEM-data/Partitions/hana-browser-af7e299a34e4a2b49340a71c2d7725cb/Session Storage/000003.log
Electron 2697 study_superior  162w      REG               1,14       453           100742979 /Users/study_superior/Library/Application Support/Lingxi-c26-extended-q0CwEM-data/Partitions/hana-browser-a999e238accbd5d45a1e7bb3ae6ef754/Local Storage/leveldb/LOG
Electron 2697 study_superior  163u      REG               1,14         0           100742983 /Users/study_superior/Library/Application Support/Lingxi-c26-extended-q0CwEM-data/Partitions/hana-browser-a999e238accbd5d45a1e7bb3ae6ef754/Local Storage/leveldb/LOCK
Electron 2697 study_superior  164u      REG               1,14      4096           100742991 /Users/study_superior/Library/Application Support/Lingxi-c26-extended-q0CwEM-data/Partitions/hana-browser-a999e238accbd5d45a1e7bb3ae6ef754/DIPS
Electron 2697 study_superior  165w      REG               1,14        41           100742989 /Users/study_superior/Library/Application Support/Lingxi-c26-extended-q0CwEM-data/Partitions/hana-browser-a999e238accbd5d45a1e7bb3ae6ef754/Local Storage/leveldb/MANIFEST-000001
Electron 2697 study_superior  166u      REG               1,14     45352           100743005 /Users/study_superior/Library/Application Support/Lingxi-c26-extended-q0CwEM-data/Partitions/hana-browser-a999e238accbd5d45a1e7bb3ae6ef754/DIPS-wal
Electron 2697 study_superior  167w      REG               1,14        30           100743006 /Users/study_superior/Library/Application Support/Lingxi-c26-extended-q0CwEM-data/Partitions/hana-browser-a999e238accbd5d45a1e7bb3ae6ef754/Local Storage/leveldb/000003.log
Electron 2697 study_superior  168u      REG               1,14    262512           100743009 /Users/study_superior/Library/Application Support/Lingxi-c26-extended-q0CwEM-data/Partitions/hana-browser-a999e238accbd5d45a1e7bb3ae6ef754/GPUCache/index
Electron 2697 study_superior  169u      REG               1,14      8192           100743010 /Users/study_superior/Library/Application Support/Lingxi-c26-extended-q0CwEM-data/Partitions/hana-browser-a999e238accbd5d45a1e7bb3ae6ef754/GPUCache/data_0
Electron 2697 study_superior  170u      REG               1,14    270336           100743011 /Users/study_superior/Library/Application Support/Lingxi-c26-extended-q0CwEM-data/Partitions/hana-browser-a999e238accbd5d45a1e7bb3ae6ef754/GPUCache/data_1
Electron 2697 study_superior  171u      REG               1,14      8192           100743012 /Users/study_superior/Library/Application Support/Lingxi-c26-extended-q0CwEM-data/Partitions/hana-browser-a999e238accbd5d45a1e7bb3ae6ef754/GPUCache/data_2
Electron 2697 study_superior  172u      REG               1,14      8192           100743013 /Users/study_superior/Library/Application Support/Lingxi-c26-extended-q0CwEM-data/Partitions/hana-browser-a999e238accbd5d45a1e7bb3ae6ef754/GPUCache/data_3
Electron 2697 study_superior  173u      REG               1,14    262512           100743015 /Users/study_superior/Library/Application Support/Lingxi-c26-extended-q0CwEM-data/Partitions/hana-browser-a999e238accbd5d45a1e7bb3ae6ef754/DawnWebGPUCache/index
Electron 2697 study_superior  174u      REG               1,14      8192           100743017 /Users/study_superior/Library/Application Support/Lingxi-c26-extended-q0CwEM-data/Partitions/hana-browser-a999e238accbd5d45a1e7bb3ae6ef754/DawnWebGPUCache/data_0
Electron 2697 study_superior  175u      REG               1,14    270336           100743019 /Users/study_superior/Library/Application Support/Lingxi-c26-extended-q0CwEM-data/Partitions/hana-browser-a999e238accbd5d45a1e7bb3ae6ef754/DawnWebGPUCache/data_1
Electron 2697 study_superior  176u      REG               1,14      8192           100743020 /Users/study_superior/Library/Application Support/Lingxi-c26-extended-q0CwEM-data/Partitions/hana-browser-a999e238accbd5d45a1e7bb3ae6ef754/DawnWebGPUCache/data_2
Electron 2697 study_superior  177u      REG               1,14      8192           100743021 /Users/study_superior/Library/Application Support/Lingxi-c26-extended-q0CwEM-data/Partitions/hana-browser-a999e238accbd5d45a1e7bb3ae6ef754/DawnWebGPUCache/data_3
Electron 2697 study_superior  178u      REG               1,14    262512           100743023 /Users/study_superior/Library/Application Support/Lingxi-c26-extended-q0CwEM-data/Partitions/hana-browser-a999e238accbd5d45a1e7bb3ae6ef754/DawnGraphiteCache/index
Electron 2697 study_superior  179u      REG               1,14      8192           100743024 /Users/study_superior/Library/Application Support/Lingxi-c26-extended-q0CwEM-data/Partitions/hana-browser-a999e238accbd5d45a1e7bb3ae6ef754/DawnGraphiteCache/data_0
Electron 2697 study_superior  180u      REG               1,14    270336           100743025 /Users/study_superior/Library/Application Support/Lingxi-c26-extended-q0CwEM-data/Partitions/hana-browser-a999e238accbd5d45a1e7bb3ae6ef754/DawnGraphiteCache/data_1
Electron 2697 study_superior  181u      REG               1,14      8192           100743026 /Users/study_superior/Library/Application Support/Lingxi-c26-extended-q0CwEM-data/Partitions/hana-browser-a999e238accbd5d45a1e7bb3ae6ef754/DawnGraphiteCache/data_2
Electron 2697 study_superior  182u      REG               1,14      8192           100743027 /Users/study_superior/Library/Application Support/Lingxi-c26-extended-q0CwEM-data/Partitions/hana-browser-a999e238accbd5d45a1e7bb3ae6ef754/DawnGraphiteCache/data_3
Electron 2697 study_superior  183w      REG               1,14       441           100743035 /Users/study_superior/Library/Application Support/Lingxi-c26-extended-q0CwEM-data/Partitions/hana-browser-a999e238accbd5d45a1e7bb3ae6ef754/Session Storage/LOG
Electron 2697 study_superior  184u      REG               1,14         0           100743036 /Users/study_superior/Library/Application Support/Lingxi-c26-extended-q0CwEM-data/Partitions/hana-browser-a999e238accbd5d45a1e7bb3ae6ef754/Session Storage/LOCK
Electron 2697 study_superior  185w      REG               1,14        41           100743037 /Users/study_superior/Library/Application Support/Lingxi-c26-extended-q0CwEM-data/Partitions/hana-browser-a999e238accbd5d45a1e7bb3ae6ef754/Session Storage/MANIFEST-000001
Electron 2697 study_superior  186w      REG               1,14       138           100743039 /Users/study_superior/Library/Application Support/Lingxi-c26-extended-q0CwEM-data/Partitions/hana-browser-a999e238accbd5d45a1e7bb3ae6ef754/Session Storage/000003.log
Electron 2697 study_superior  187w      REG               1,14       453           100743063 /Users/study_superior/Library/Application Support/Lingxi-c26-extended-q0CwEM-data/Partitions/hana-browser-ac4da82560e5cdba1a839d550c7c09e9/Local Storage/leveldb/LOG
Electron 2697 study_superior  188u      REG               1,14         0           100743064 /Users/study_superior/Library/Application Support/Lingxi-c26-extended-q0CwEM-data/Partitions/hana-browser-ac4da82560e5cdba1a839d550c7c09e9/Local Storage/leveldb/LOCK
Electron 2697 study_superior  189w      REG               1,14        41           100743067 /Users/study_superior/Library/Application Support/Lingxi-c26-extended-q0CwEM-data/Partitions/hana-browser-ac4da82560e5cdba1a839d550c7c09e9/Local Storage/leveldb/MANIFEST-000001
Electron 2697 study_superior  190u      REG               1,14     45352           100743090 /Users/study_superior/Library/Application Support/Lingxi-c26-extended-q0CwEM-data/Partitions/hana-browser-ac4da82560e5cdba1a839d550c7c09e9/DIPS-wal
Electron 2697 study_superior  191w      REG               1,14        30           100743091 /Users/study_superior/Library/Application Support/Lingxi-c26-extended-q0CwEM-data/Partitions/hana-browser-ac4da82560e5cdba1a839d550c7c09e9/Local Storage/leveldb/000003.log
Electron 2697 study_superior  192u      REG               1,14    262512           100743094 /Users/study_superior/Library/Application Support/Lingxi-c26-extended-q0CwEM-data/Partitions/hana-browser-ac4da82560e5cdba1a839d550c7c09e9/GPUCache/index
Electron 2697 study_superior  193u      REG               1,14      4096           100743075 /Users/study_superior/Library/Application Support/Lingxi-c26-extended-q0CwEM-data/Partitions/hana-browser-ac4da82560e5cdba1a839d550c7c09e9/DIPS
Electron 2697 study_superior  194u      REG               1,14      8192           100743095 /Users/study_superior/Library/Application Support/Lingxi-c26-extended-q0CwEM-data/Partitions/hana-browser-ac4da82560e5cdba1a839d550c7c09e9/GPUCache/data_0
Electron 2697 study_superior  195u      REG               1,14    270336           100743096 /Users/study_superior/Library/Application Support/Lingxi-c26-extended-q0CwEM-data/Partitions/hana-browser-ac4da82560e5cdba1a839d550c7c09e9/GPUCache/data_1
Electron 2697 study_superior  196u      REG               1,14      8192           100743097 /Users/study_superior/Library/Application Support/Lingxi-c26-extended-q0CwEM-data/Partitions/hana-browser-ac4da82560e5cdba1a839d550c7c09e9/GPUCache/data_2
Electron 2697 study_superior  197u      REG               1,14      8192           100743098 /Users/study_superior/Library/Application Support/Lingxi-c26-extended-q0CwEM-data/Partitions/hana-browser-ac4da82560e5cdba1a839d550c7c09e9/GPUCache/data_3
Electron 2697 study_superior  198u      REG               1,14    262512           100743100 /Users/study_superior/Library/Application Support/Lingxi-c26-extended-q0CwEM-data/Partitions/hana-browser-ac4da82560e5cdba1a839d550c7c09e9/DawnWebGPUCache/index
Electron 2697 study_superior  199u      REG               1,14      8192           100743103 /Users/study_superior/Library/Application Support/Lingxi-c26-extended-q0CwEM-data/Partitions/hana-browser-ac4da82560e5cdba1a839d550c7c09e9/DawnWebGPUCache/data_0
Electron 2697 study_superior  200u      REG               1,14    270336           100743104 /Users/study_superior/Library/Application Support/Lingxi-c26-extended-q0CwEM-data/Partitions/hana-browser-ac4da82560e5cdba1a839d550c7c09e9/DawnWebGPUCache/data_1
Electron 2697 study_superior  201u      REG               1,14      8192           100743105 /Users/study_superior/Library/Application Support/Lingxi-c26-extended-q0CwEM-data/Partitions/hana-browser-ac4da82560e5cdba1a839d550c7c09e9/DawnWebGPUCache/data_2
Electron 2697 study_superior  202u      REG               1,14      8192           100743106 /Users/study_superior/Library/Application Support/Lingxi-c26-extended-q0CwEM-data/Partitions/hana-browser-ac4da82560e5cdba1a839d550c7c09e9/DawnWebGPUCache/data_3
Electron 2697 study_superior  203u      REG               1,14    262512           100743108 /Users/study_superior/Library/Application Support/Lingxi-c26-extended-q0CwEM-data/Partitions/hana-browser-ac4da82560e5cdba1a839d550c7c09e9/DawnGraphiteCache/index
Electron 2697 study_superior  204u      REG               1,14      8192           100743109 /Users/study_superior/Library/Application Support/Lingxi-c26-extended-q0CwEM-data/Partitions/hana-browser-ac4da82560e5cdba1a839d550c7c09e9/DawnGraphiteCache/data_0
Electron 2697 study_superior  205u      REG               1,14    270336           100743110 /Users/study_superior/Library/Application Support/Lingxi-c26-extended-q0CwEM-data/Partitions/hana-browser-ac4da82560e5cdba1a839d550c7c09e9/DawnGraphiteCache/data_1
Electron 2697 study_superior  206u      REG               1,14      8192           100743111 /Users/study_superior/Library/Application Support/Lingxi-c26-extended-q0CwEM-data/Partitions/hana-browser-ac4da82560e5cdba1a839d550c7c09e9/DawnGraphiteCache/data_2
Electron 2697 study_superior  207u      REG               1,14      8192           100743112 /Users/study_superior/Library/Application Support/Lingxi-c26-extended-q0CwEM-data/Partitions/hana-browser-ac4da82560e5cdba1a839d550c7c09e9/DawnGraphiteCache/data_3
Electron 2697 study_superior  208w      REG               1,14       441           100743120 /Users/study_superior/Library/Application Support/Lingxi-c26-extended-q0CwEM-data/Partitions/hana-browser-ac4da82560e5cdba1a839d550c7c09e9/Session Storage/LOG
Electron 2697 study_superior  209u      REG               1,14         0           100743121 /Users/study_superior/Library/Application Support/Lingxi-c26-extended-q0CwEM-data/Partitions/hana-browser-ac4da82560e5cdba1a839d550c7c09e9/Session Storage/LOCK
Electron 2697 study_superior  210w      REG               1,14        41           100743122 /Users/study_superior/Library/Application Support/Lingxi-c26-extended-q0CwEM-data/Partitions/hana-browser-ac4da82560e5cdba1a839d550c7c09e9/Session Storage/MANIFEST-000001
Electron 2697 study_superior  211w      REG               1,14       138           100743124 /Users/study_superior/Library/Application Support/Lingxi-c26-extended-q0CwEM-data/Partitions/hana-browser-ac4da82560e5cdba1a839d550c7c09e9/Session Storage/000003.log
