== building lingxi-service (rustup 1.98.1, /var/folders/5r/wq54gtms21gfjgr5v94ynfyh0000gn/T//rust-target-r02-t03, --locked) ==
== service up addr=127.0.0.1:53784 home=/var/folders/5r/wq54gtms21gfjgr5v94ynfyh0000gn/T//lingxi-r02t03-home-5gjzgs ==
== A05: forged identity is ineffective ==
PASS a05-no-credential-read (http=401)
PASS a05-no-credential-read-reason (body contains 'missing_credential')
PASS a05-no-credential-execute (http=401)
PASS a05-no-credential-ws-ticket (http=403)
PASS a05-no-credential-ws-ticket-reason (body contains 'missing_credential')
43b559bba1efb3835349a953afcdc5794c5e6795af4fa35ce2c2de1f58ec9aac  devices.json
4c5907a22b749f871176f60dba2d0b91cacbfb37c112789911a7306897f09c8b  device-credentials.json
c7f29946a917f7fc4f277f439838ecdf7d99b6e56535eae2df708b36600df251  local-token.json
PASS a05-no-credential-me (http=401)
43b559bba1efb3835349a953afcdc5794c5e6795af4fa35ce2c2de1f58ec9aac  devices.json
4c5907a22b749f871176f60dba2d0b91cacbfb37c112789911a7306897f09c8b  device-credentials.json
c7f29946a917f7fc4f277f439838ecdf7d99b6e56535eae2df708b36600df251  local-token.json
PASS a05-forged-principal-headers (http=401)
PASS a05-me-with-forged-header (http=200)
PASS a05-me-server-computed (body contains '"kind":"local_user"')
PASS a05-me-owner-full-projection (version, identity, scoped capabilities)
PASS a05-me-never-echoes-forged-values
PASS a05-identity-shaped-body-rejected (http=400)
PASS a05-identity-shaped-body-reason (body contains 'invalid_message')
PASS a05-forged-session-id (http=404)
PASS a05-forged-session-id-reason (body contains 'not_found')
PASS a05-forged-session-id-execute (http=404)
PASS a05-wrong-token (http=401)
PASS a05-wrong-token-reason (body contains 'invalid_credential')
PASS a05-issue-expired-credential (http=201)
PASS a05-ws-ticket-issue-owner (http=200)
PASS a05-ws-ticket-issue-owner-shape (body contains '"ticket":"')
PASS a05-devices-credentials-empty-user-id (http=400)
PASS a05-devices-credentials-invalid-json (http=400)
PASS a05-devices-credentials-invalid-json-reason (body contains 'invalid_message')
PASS a05-issue-foreign-credential (http=201)
PASS a05-foreign-credential-authenticates (http=200)
PASS a05-foreign-principal-kind (body contains '"kind":"device"')
PASS a05-me-device-full-projection (version, identity, scoped capabilities)
PASS a05-issue-no-chat-credential (http=201)
PASS a05-ws-ticket-insufficient-scope (http=403)
PASS a05-ws-ticket-insufficient-scope-reason (body contains 'insufficient_scope')
cf9f2b6b48306b830e2a2e99b23eb8ed3186f49ab1830f313a152703c95b137a  devices.json
c838b11cd51fe570000bd13e9e45851964952c048840a14b8681b4f5360d3146  device-credentials.json
c7f29946a917f7fc4f277f439838ecdf7d99b6e56535eae2df708b36600df251  local-token.json
state before negatives: runCounts=0 0
PASS a05-expired-credential (http=401)
PASS a05-expired-credential-reason (body contains 'invalid_credential')
PASS a05-expired-credential-execute (http=401)
cf9f2b6b48306b830e2a2e99b23eb8ed3186f49ab1830f313a152703c95b137a  devices.json
c838b11cd51fe570000bd13e9e45851964952c048840a14b8681b4f5360d3146  device-credentials.json
c7f29946a917f7fc4f277f439838ecdf7d99b6e56535eae2df708b36600df251  local-token.json
PASS a05-authn-failures-registry-files-byte-identical
cf9f2b6b48306b830e2a2e99b23eb8ed3186f49ab1830f313a152703c95b137a  devices.json
c838b11cd51fe570000bd13e9e45851964952c048840a14b8681b4f5360d3146  device-credentials.json
c7f29946a917f7fc4f277f439838ecdf7d99b6e56535eae2df708b36600df251  local-token.json
PASS a05-cross-principal-read (http=403)
PASS a05-cross-principal-read-reason (body contains 'cross_principal_access')
PASS a05-cross-principal-execute (http=403)
20659ea78cf6e0f275b034cbd668c2962e547393f1ffd9bf5ab21dc0d8071a79  devices.json
71e16208e272c3f90ec068aedad6346fc58241f94b8c0a5ed3e4005aa00685de  device-credentials.json
c7f29946a917f7fc4f277f439838ecdf7d99b6e56535eae2df708b36600df251  local-token.json
PASS a05-authz-negatives-audit-only-changes (devices-before-authz.json vs devices-after-authz.json)
PASS a05-authz-negatives-audit-only-changes (creds-before-authz.json vs creds-after-authz.json)
state after negatives:  runCounts=0 0
PASS a05-no-observable-business-state-change (runCounts stable)
PASS a05-positive-control-owner-execute (http=200)
PASS a05-positive-control-run-id (body contains '"runId":"run_')
PASS a05-positive-control-advanced-run-count (owner execute works, denied ones did not)
PASS a05-sessions-list-owner (http=200)
PASS a05-sessions-list-owner-contains-own-session
PASS a05-sessions-list-foreign-principal (http=200)
PASS a05-sessions-list-foreign-excludes-owner-sessions
PASS a05-sessions-list-empty-shape
PASS a05-sessions-list-no-credential (http=401)
PASS a05-sessions-list-no-credential-reason (body contains 'missing_credential')
sessions-list-matrix.json: 6 cases
PASS a05-cli-sessions-owner-list
PASS a05-cli-sessions-foreign-empty
PASS a05-cli-sessions-unauthorized-error
== A06: malicious web page cannot ride loopback ==
PASS a06-evil-origin-health (http=403)
PASS a06-evil-origin-health-reason (body contains 'bad_origin')
PASS a06-evil-origin-with-valid-token (http=403)
PASS a06-allowed-origin-http://localhost:53784 (http=200)
PASS a06-allowed-origin-http://127.0.0.1:53784 (http=200)
PASS a06-allowed-origin-file:// (http=200)
PASS a06-allowed-origin-null (http=200)
PASS a06-rebinding-origin-http://sub.localhost:1 (http=403)
PASS a06-rebinding-origin-http://127.0.0.1.evil.example (http=403)
PASS a06-foreign-host-health (http=403)
PASS a06-foreign-host-with-token (http=403)
PASS a06-localhost-host-ok (http=200)
PASS a06-rate-limit-live (429 observed)
rate window expired; continuing
PASS a06-body-limit-live (413 observed)
== WS matrix (includes a real 30s ticket-TTL wait) ==
PASS ws-evil-origin (expected=403 actual=403)
PASS ws-foreign-host (expected=403 actual=403)
PASS ws-no-credential (expected=401 actual=401)
PASS ws-ticket-legit-origin-upgrade (expected=101 actual=101)
PASS ws-server-hello (expected=True actual=True)
PASS ws-session-read-owner (expected=True actual=True)
PASS ws-ticket-replay (expected=401 actual=401)
PASS ws-no-origin-cli-bearer (expected=101 actual=101)
PASS ws-cli-server-hello (expected=True actual=True)
PASS ws-unmasked-text-upgrade (expected=101 actual=101)
PASS ws-unmasked-text-hello (expected=text actual=text)
PASS ws-unmasked-text-protocol-close (expected=['close', 1002] actual=['close', 1002])
PASS ws-unmasked-close-upgrade (expected=101 actual=101)
PASS ws-unmasked-close-hello (expected=text actual=text)
PASS ws-unmasked-close-protocol-close (expected=['close', 1002] actual=['close', 1002])
PASS ws-unmasked-ping-upgrade (expected=101 actual=101)
PASS ws-unmasked-ping-hello (expected=text actual=text)
PASS ws-unmasked-ping-protocol-close (expected=['close', 1002] actual=['close', 1002])
PASS ws-unmasked-pong-upgrade (expected=101 actual=101)
PASS ws-unmasked-pong-hello (expected=text actual=text)
PASS ws-unmasked-pong-protocol-close (expected=['close', 1002] actual=['close', 1002])
PASS ws-invalid-upgrade-missing-version (expected=400 actual=400)
PASS ws-invalid-upgrade-missing-key (expected=400 actual=400)
PASS ws-invalid-upgrade-malformed-key (expected=400 actual=400)
PASS ws-invalid-upgrade-wrong-upgrade (expected=400 actual=400)
PASS ws-invalid-upgrade-substring-connection (expected=400 actual=400)
PASS unknown-trailing-slash-/lingxi/v1/health/ (expected=401 actual=401)
PASS unknown-trailing-slash-/lingxi/v1/web-auth/session/ (expected=401 actual=401)
PASS ws-live-revoke-issue (expected=201 actual=201)
PASS ws-live-revoke-upgrade (expected=101 actual=101)
PASS ws-live-revoke-hello (expected=text actual=text)
PASS ws-live-revoke-action (expected=200 actual=200)
PASS ws-live-revoke-denial-frame (expected=True actual=True)
PASS ws-live-revoke-idle-close (expected=['close', 4401] actual=['close', 4401])
PASS ws-web-logout-password-setup (expected=200 actual=200)
PASS ws-web-logout-login (expected=200 actual=200)
PASS ws-web-logout-cookie-issued (expected=True actual=True)
PASS ws-web-logout-ticket (expected=200 actual=200)
PASS ws-web-logout-upgrade (expected=101 actual=101)
PASS ws-web-logout-hello (expected=text actual=text)
PASS ws-web-logout-action (expected=200 actual=200)
PASS ws-web-logout-denial-frame (expected=True actual=True)
PASS ws-web-logout-idle-close (expected=['close', 4401] actual=['close', 4401])
PASS ws-ticket-expired (expected=401 actual=401)
PASS a06-cli-no-origin-owner-read (http=200)
PASS a06-cli-query-token-local (http=200)
PASS a06-non-loopback-bind-requires-explicit-lan-mode (exit 2)
leaf-cases.json: 93 cases, 0 failing
PASS leaf-cases-json-assembled
negative protocol log markers on stderr: 30 lines
== ALL CASES PASSED ==
