
> lingxi@0.1.35 build:client
> npm run build:main && npm run build:preload && npm run build:renderer && npm run build:splash && npm run build:theme


> lingxi@0.1.35 build:main
> vite build --config vite.config.main.js

vite v7.3.6 building client environment for production...
transforming...
"Stats" is imported from external module "node:fs" but never used in "node_modules/chokidar/index.js".
✓ 453 modules transformed.
rendering chunks...
computing gzip size...
desktop/main.bundle.cjs  1,044.25 kB │ gzip: 342.66 kB
✓ built in 1.23s

> lingxi@0.1.35 build:preload
> vite build --config vite.config.preload.js

vite v7.3.6 building client environment for production...
transforming...
✓ 9 modules transformed.
rendering chunks...
computing gzip size...
desktop/preload.bundle.cjs  10.77 kB │ gzip: 3.36 kB
✓ built in 46ms

> lingxi@0.1.35 build:renderer
> vite build --config vite.config.ts

▲ [WARNING] The "assert" keyword is not supported in the configured target environment ("node24.16.0") [assert-to-with]

    vite.config.ts:7:33:
      7 │ import pkg from './package.json' assert { type: 'json' };
        │                                  ~~~~~~
        ╵                                  with

  Did you mean to use "with" instead of "assert"?

vite v7.3.6 building client environment for production...
<script src="lib/i18n.js"> in "/mobile.html" can't be bundled without type="module" attribute
<script src="lib/theme.js"> in "/mobile.html" can't be bundled without type="module" attribute
<script src="modules/connection-csp.js"> in "/index.html" can't be bundled without type="module" attribute
<script src="lib/i18n.js"> in "/index.html" can't be bundled without type="module" attribute
<script src="lib/theme.js"> in "/index.html" can't be bundled without type="module" attribute
<script src="modules/platform.js"> in "/index.html" can't be bundled without type="module" attribute
<script src="lib/i18n.js"> in "/onboarding.html" can't be bundled without type="module" attribute
<script src="lib/theme.js"> in "/onboarding.html" can't be bundled without type="module" attribute
<script src="modules/platform.js"> in "/onboarding.html" can't be bundled without type="module" attribute
<script src="lib/i18n.js"> in "/browser-viewer.html" can't be bundled without type="module" attribute
<script src="lib/theme.js"> in "/browser-viewer.html" can't be bundled without type="module" attribute
<script src="modules/platform.js"> in "/browser-viewer.html" can't be bundled without type="module" attribute
<script src="modules/connection-csp.js"> in "/settings.html" can't be bundled without type="module" attribute
<script src="lib/i18n.js"> in "/settings.html" can't be bundled without type="module" attribute
<script src="lib/theme.js"> in "/settings.html" can't be bundled without type="module" attribute
<script src="modules/platform.js"> in "/settings.html" can't be bundled without type="module" attribute
<script src="lib/i18n.js"> in "/quick-chat.html" can't be bundled without type="module" attribute
<script src="lib/theme.js"> in "/quick-chat.html" can't be bundled without type="module" attribute
<script src="modules/platform.js"> in "/quick-chat.html" can't be bundled without type="module" attribute
transforming...
✓ 3506 modules transformed.
rendering chunks...
[plugin vite:reporter] 
(!) <WORKTREE>/desktop/src/react/utils/screenshot.ts is dynamically imported by <WORKTREE>/desktop/src/react/components/chat/AssistantMessage.tsx, <WORKTREE>/desktop/src/react/components/chat/UserMessage.tsx, <WORKTREE>/desktop/src/react/components/preview/FloatingActions.tsx but also statically imported by <WORKTREE>/desktop/src/react/components/chat/FileOutputActions.tsx, <WORKTREE>/desktop/src/react/components/desk/DeskTree.tsx, <WORKTREE>/desktop/src/react/components/right-workspace/SessionRegistryFilesPanel.tsx, dynamic import will not move module into another chunk.

[plugin vite:reporter] 
(!) <WORKTREE>/desktop/src/react/stores/index.ts is dynamically imported by <WORKTREE>/desktop/src/react/stores/sidebar-ui-slice.ts but also statically imported by <WORKTREE>/desktop/src/react/App.tsx, <WORKTREE>/desktop/src/react/MainContent.tsx, <WORKTREE>/desktop/src/react/app-init.ts, <WORKTREE>/desktop/src/react/components/ActivityPanel.tsx, <WORKTREE>/desktop/src/react/components/ArchivedSessionsModal.tsx, <WORKTREE>/desktop/src/react/components/AutomationPanel.tsx, <WORKTREE>/desktop/src/react/components/BridgePanel.tsx, <WORKTREE>/desktop/src/react/components/BrowserCard.tsx, <WORKTREE>/desktop/src/react/components/ChannelsPanel.tsx, <WORKTREE>/desktop/src/react/components/ComputerUseOverlay.tsx, <WORKTREE>/desktop/src/react/components/DeskSection.tsx, <WORKTREE>/desktop/src/react/components/FloatSidebar.tsx, <WORKTREE>/desktop/src/react/components/InputArea.tsx, <WORKTREE>/desktop/src/react/components/InputContextMenu.tsx, <WORKTREE>/desktop/src/react/components/PreviewPanel.tsx, <WORKTREE>/desktop/src/react/components/SessionList.tsx, <WORKTREE>/desktop/src/react/components/SettingsModalShell.tsx, <WORKTREE>/desktop/src/react/components/SidebarLayout.tsx, <WORKTREE>/desktop/src/react/components/SkillViewerOverlay.tsx, <WORKTREE>/desktop/src/react/components/SkillsPanel.tsx, <WORKTREE>/desktop/src/react/components/StatusBar.tsx, <WORKTREE>/desktop/src/react/components/ToastContainer.tsx, <WORKTREE>/desktop/src/react/components/WelcomeScreen.tsx, <WORKTREE>/desktop/src/react/components/app/AppPages.tsx, <WORKTREE>/desktop/src/react/components/app/ChatPage.tsx, <WORKTREE>/desktop/src/react/components/app/ChatSidebar.tsx, <WORKTREE>/desktop/src/react/components/app/OpenPreviewDocumentWatchBridge.tsx, <WORKTREE>/desktop/src/react/components/app/WorkspaceCompanionRail.tsx, <WORKTREE>/desktop/src/react/components/app/WorkspaceFileChangeBridge.tsx, <WORKTREE>/desktop/src/react/components/automation/AutomationCard.tsx, <WORKTREE>/desktop/src/react/components/channels/ChannelCreateOverlay.tsx, <WORKTREE>/desktop/src/react/components/channels/ChannelHeader.tsx, <WORKTREE>/desktop/src/react/components/channels/ChannelList.tsx, <WORKTREE>/desktop/src/react/components/channels/ChannelTabBar.tsx, <WORKTREE>/desktop/src/react/components/chat/AgentOriginMessage.tsx, <WORKTREE>/desktop/src/react/components/chat/AgentReviewCard.tsx, <WORKTREE>/desktop/src/react/components/chat/AgentReviewRequestCard.tsx, <WORKTREE>/desktop/src/react/components/chat/AssistantMessage.tsx, <WORKTREE>/desktop/src/react/components/chat/ChatArea.tsx, <WORKTREE>/desktop/src/react/components/chat/ChatFindBar.tsx, <WORKTREE>/desktop/src/react/components/chat/ChatMessageSurface.tsx, <WORKTREE>/desktop/src/react/components/chat/ChatTranscript.tsx, <WORKTREE>/desktop/src/react/components/chat/InteractiveCard.tsx, <WORKTREE>/desktop/src/react/components/chat/InterludeBlock.tsx, <WORKTREE>/desktop/src/react/components/chat/MessageActions.tsx, <WORKTREE>/desktop/src/react/components/chat/SessionCollabDraftCard.tsx, <WORKTREE>/desktop/src/react/components/chat/SessionNodeActions.tsx, <WORKTREE>/desktop/src/react/components/chat/SubagentCard.tsx, <WORKTREE>/desktop/src/react/components/chat/SubagentSessionPreview.tsx, <WORKTREE>/desktop/src/react/components/chat/ToolGroupBlock.tsx, <WORKTREE>/desktop/src/react/components/chat/UserMessage.tsx, <WORKTREE>/desktop/src/react/components/chat/WorkflowInlineCard.tsx, <WORKTREE>/desktop/src/react/components/chat/knowledge-citation-scope.tsx, <WORKTREE>/desktop/src/react/components/desk/DeskCwdSkills.tsx, <WORKTREE>/desktop/src/react/components/desk/DeskDropZone.tsx, <WORKTREE>/desktop/src/react/components/desk/DeskEditor.tsx, <WORKTREE>/desktop/src/react/components/desk/DeskEmptyOverlay.tsx, <WORKTREE>/desktop/src/react/components/desk/DeskToolbar.tsx, <WORKTREE>/desktop/src/react/components/desk/DeskTree.tsx, <WORKTREE>/desktop/src/react/components/file-history/FileHistoryModal.tsx, <WORKTREE>/desktop/src/react/components/input/ContextRing.tsx, <WORKTREE>/desktop/src/react/components/input/InputContextRow.tsx, <WORKTREE>/desktop/src/react/components/input/KnowledgeReferenceBar.tsx, <WORKTREE>/desktop/src/react/components/input/KnowledgeReferenceButton.tsx, <WORKTREE>/desktop/src/react/components/input/MentionBadgeView.tsx, <WORKTREE>/desktop/src/react/components/input/ModelSelector.tsx, <WORKTREE>/desktop/src/react/components/input/PlanModeButton.tsx, <WORKTREE>/desktop/src/react/components/input/QuotedSelectionCard.tsx, <WORKTREE>/desktop/src/react/components/input/SessionConfirmationPrompt.tsx, <WORKTREE>/desktop/src/react/components/input/TenetApprovalBanner.tsx, <WORKTREE>/desktop/src/react/components/input/ThinkingLevelButton.tsx, <WORKTREE>/desktop/src/react/components/input/composer-send.ts, <WORKTREE>/desktop/src/react/components/input/slash-commands.ts, <WORKTREE>/desktop/src/react/components/knowledge/KnowledgePage.tsx, <WORKTREE>/desktop/src/react/components/notices/SidebarNoticeSlot.tsx, <WORKTREE>/desktop/src/react/components/preview/EditorContextMenu.tsx, <WORKTREE>/desktop/src/react/components/preview/FloatingActions.tsx, <WORKTREE>/desktop/src/react/components/preview/MarkdownChrome.tsx, <WORKTREE>/desktop/src/react/components/preview/PreviewRenderer.tsx, <WORKTREE>/desktop/src/react/components/preview/TabBar.tsx, <WORKTREE>/desktop/src/react/components/right-workspace/AgentActivityCard.tsx, <WORKTREE>/desktop/src/react/components/right-workspace/RightWorkspacePanel.tsx, <WORKTREE>/desktop/src/react/components/right-workspace/SessionRegistryFilesPanel.tsx, <WORKTREE>/desktop/src/react/components/right-workspace/SessionStatusCard.tsx, <WORKTREE>/desktop/src/react/components/right-workspace/SessionTodoCard.tsx, <WORKTREE>/desktop/src/react/components/right-workspace/TerminalCard.tsx, <WORKTREE>/desktop/src/react/components/right-workspace/WorkflowCard.tsx, <WORKTREE>/desktop/src/react/components/right-workspace/WorkspaceStableBody.tsx, <WORKTREE>/desktop/src/react/components/right-workspace/WorkspaceSwitcher.tsx, <WORKTREE>/desktop/src/react/components/runtime/GitCommitModal.tsx, <WORKTREE>/desktop/src/react/components/runtime/GitEnvironmentCard.tsx, <WORKTREE>/desktop/src/react/components/runtime/GitHistoryModal.tsx, <WORKTREE>/desktop/src/react/components/runtime/RuntimeInfoCapsule.tsx, <WORKTREE>/desktop/src/react/components/search/ChatSearchOverlay.tsx, <WORKTREE>/desktop/src/react/components/selection/SelectionQuoteActionSurface.tsx, <WORKTREE>/desktop/src/react/components/shared/MediaViewer/MediaViewer.tsx, <WORKTREE>/desktop/src/react/components/shared/MediaViewer/media-source.ts, <WORKTREE>/desktop/src/react/errors/error-bus-bridge.ts, <WORKTREE>/desktop/src/react/hooks/use-box-selection.ts, <WORKTREE>/desktop/src/react/hooks/use-hana-fetch.ts, <WORKTREE>/desktop/src/react/hooks/use-i18n.ts, <WORKTREE>/desktop/src/react/hooks/use-panel.ts, <WORKTREE>/desktop/src/react/hooks/use-session-search.ts, <WORKTREE>/desktop/src/react/hooks/use-sidebar-resize.ts, <WORKTREE>/desktop/src/react/hooks/use-slash-items.ts, <WORKTREE>/desktop/src/react/hooks/use-stream-buffer.ts, <WORKTREE>/desktop/src/react/mobile/MobileApp.tsx, <WORKTREE>/desktop/src/react/mobile/mobile-init.ts, <WORKTREE>/desktop/src/react/quick-chat/QuickChatApp.tsx, <WORKTREE>/desktop/src/react/services/app-event-actions.ts, <WORKTREE>/desktop/src/react/services/chat-card-navigation.ts, <WORKTREE>/desktop/src/react/services/composer-send-coordinator.ts, <WORKTREE>/desktop/src/react/services/stream-resume.ts, <WORKTREE>/desktop/src/react/services/websocket.ts, <WORKTREE>/desktop/src/react/services/ws-message-handler.ts, <WORKTREE>/desktop/src/react/stores/agent-actions.ts, <WORKTREE>/desktop/src/react/stores/browser-slice.ts, <WORKTREE>/desktop/src/react/stores/channel-actions.ts, <WORKTREE>/desktop/src/react/stores/chat-find-actions.ts, <WORKTREE>/desktop/src/react/stores/create-keyed-slice.ts, <WORKTREE>/desktop/src/react/stores/desk-actions.ts, <WORKTREE>/desktop/src/react/stores/input-draft-persistence.ts, <WORKTREE>/desktop/src/react/stores/message-turn-actions.ts, <WORKTREE>/desktop/src/react/stores/preview-actions.ts, <WORKTREE>/desktop/src/react/stores/selection-actions.ts, <WORKTREE>/desktop/src/react/stores/session-actions.ts, <WORKTREE>/desktop/src/react/stores/session-project-actions.ts, <WORKTREE>/desktop/src/react/stores/settings-modal-actions.ts, <WORKTREE>/desktop/src/react/stores/workspace-ui-state-actions.ts, <WORKTREE>/desktop/src/react/utils/agent-helpers.ts, <WORKTREE>/desktop/src/react/utils/message-text.ts, <WORKTREE>/desktop/src/react/utils/open-media-viewer.ts, <WORKTREE>/desktop/src/react/utils/preview-document-refresh.ts, <WORKTREE>/desktop/src/react/utils/preview-file-refresh.ts, <WORKTREE>/desktop/src/react/utils/remote-file-preview.ts, <WORKTREE>/desktop/src/react/utils/screenshot.ts, <WORKTREE>/desktop/src/react/utils/ui-helpers.ts, <WORKTREE>/desktop/src/react/utils/workspace-switch.ts, dynamic import will not move module into another chunk.

computing gzip size...
../dist-renderer/mobile.html                                             1.24 kB │ gzip:   0.56 kB
../dist-renderer/onboarding.html                                         1.71 kB │ gzip:   0.76 kB
../dist-renderer/quick-chat.html                                         2.58 kB │ gzip:   0.86 kB
../dist-renderer/index.html                                              3.56 kB │ gzip:   0.92 kB
../dist-renderer/viewer-window.html                                      3.56 kB │ gzip:   1.20 kB
../dist-renderer/assets/notoserifsc-7edfe6d77834-DgcOD5Gk.woff2          4.31 kB
../dist-renderer/assets/KaTeX_Size3-Regular-CTq5MqoE.woff                4.42 kB
../dist-renderer/assets/notoserifsc-bf14121917e9-BdieFRag.woff2          4.60 kB
../dist-renderer/assets/KaTeX_Size4-Regular-Dl5lxZxV.woff2               4.93 kB
../dist-renderer/assets/KaTeX_Size2-Regular-Dy4dx90m.woff2               5.21 kB
../dist-renderer/settings.html                                           5.33 kB │ gzip:   1.96 kB
../dist-renderer/assets/KaTeX_Size1-Regular-mCD8mA8B.woff2               5.47 kB
../dist-renderer/assets/KaTeX_Size4-Regular-BF-4gkZK.woff                5.98 kB
../dist-renderer/assets/KaTeX_Size2-Regular-oD1tc_U0.woff                6.19 kB
../dist-renderer/assets/KaTeX_Size1-Regular-C195tn64.woff                6.50 kB
../dist-renderer/assets/KaTeX_Caligraphic-Regular-Di6jR-x-.woff2         6.91 kB
../dist-renderer/assets/notoserifsc-27a0f60856fd-CW0DmeUz.woff2          6.91 kB
../dist-renderer/assets/KaTeX_Caligraphic-Bold-Dq_IR9rO.woff2            6.91 kB
../dist-renderer/assets/notoserifsc-c1e9e2e9d350-BrvFI2Dm.woff2          7.38 kB
../dist-renderer/assets/KaTeX_Size3-Regular-DgpXs0kz.ttf                 7.59 kB
../dist-renderer/assets/KaTeX_Caligraphic-Regular-CTRA-rTL.woff          7.66 kB
../dist-renderer/assets/KaTeX_Caligraphic-Bold-BEiXGLvX.woff             7.72 kB
../dist-renderer/browser-viewer.html                                     7.92 kB │ gzip:   1.95 kB
../dist-renderer/assets/KaTeX_Script-Regular-D3wIWfF6.woff2              9.64 kB
../dist-renderer/assets/notoserifsc-aed56436e8a4-v69Q45Hq.woff2          9.77 kB
../dist-renderer/assets/KaTeX_SansSerif-Regular-DDBCnlJ7.woff2          10.34 kB
../dist-renderer/assets/notoserifsc-86f085af9be6-zZPAzzfH.woff2         10.35 kB
../dist-renderer/assets/KaTeX_Size4-Regular-DWFBv043.ttf                10.36 kB
../dist-renderer/assets/notoserifsc-81323d079a9a-BoMw1WPP.woff2         10.54 kB
../dist-renderer/assets/KaTeX_Script-Regular-D5yQViql.woff              10.59 kB
../dist-renderer/assets/KaTeX_Fraktur-Regular-CTYiF6lA.woff2            11.32 kB
../dist-renderer/assets/KaTeX_Fraktur-Bold-CL6g_b3V.woff2               11.35 kB
../dist-renderer/assets/KaTeX_Size2-Regular-B7gKUWhC.ttf                11.51 kB
../dist-renderer/assets/jetbrainsmono-9326b4c9bf1d-Bnd2h4Br.woff2       11.60 kB
../dist-renderer/assets/KaTeX_SansSerif-Italic-C3H0VqGB.woff2           12.03 kB
../dist-renderer/assets/KaTeX_SansSerif-Bold-D1sUS0GD.woff2             12.22 kB
../dist-renderer/assets/KaTeX_Size1-Regular-Dbsnue_I.ttf                12.23 kB
../dist-renderer/assets/notoserifsc-1914ad003732-BUMl0SMN.woff2         12.27 kB
../dist-renderer/assets/notoserifsc-cfe56591799a-CNQP8_f5.woff2         12.32 kB
../dist-renderer/assets/KaTeX_SansSerif-Regular-CS6fqUqJ.woff           12.32 kB
../dist-renderer/assets/KaTeX_Caligraphic-Regular-wX97UBjC.ttf          12.34 kB
../dist-renderer/assets/KaTeX_Caligraphic-Bold-ATXxdsX0.ttf             12.37 kB
../dist-renderer/assets/KaTeX_Fraktur-Regular-Dxdc4cR9.woff             13.21 kB
../dist-renderer/assets/KaTeX_Fraktur-Bold-BsDP51OF.woff                13.30 kB
../dist-renderer/assets/KaTeX_Typewriter-Regular-CO6r4hn1.woff2         13.57 kB
../dist-renderer/assets/KaTeX_SansSerif-Italic-DN2j7dab.woff            14.11 kB
../dist-renderer/assets/KaTeX_SansSerif-Bold-DbIhKOiC.woff              14.41 kB
../dist-renderer/assets/notoserifsc-abf820f52f82-DWEdeAOH.woff2         15.63 kB
../dist-renderer/assets/KaTeX_Typewriter-Regular-C0xS9mPB.woff          16.03 kB
../dist-renderer/assets/KaTeX_Math-BoldItalic-CZnvNsCZ.woff2            16.40 kB
../dist-renderer/assets/KaTeX_Math-Italic-t53AETM-.woff2                16.44 kB
../dist-renderer/assets/KaTeX_Script-Regular-C5JkGWo-.ttf               16.65 kB
../dist-renderer/assets/KaTeX_Main-BoldItalic-DxDJ3AOS.woff2            16.78 kB
../dist-renderer/assets/KaTeX_Main-Italic-NWA7e6Wa.woff2                16.99 kB
../dist-renderer/assets/KaTeX_Math-BoldItalic-iY-2wyZ7.woff             18.67 kB
../dist-renderer/assets/KaTeX_Math-Italic-DA0__PXp.woff                 18.75 kB
../dist-renderer/assets/KaTeX_Main-BoldItalic-SpSLRI95.woff             19.41 kB
../dist-renderer/assets/KaTeX_SansSerif-Regular-BNo7hRIc.ttf            19.44 kB
../dist-renderer/assets/KaTeX_Fraktur-Regular-CB_wures.ttf              19.57 kB
../dist-renderer/assets/KaTeX_Fraktur-Bold-BdnERNNW.ttf                 19.58 kB
../dist-renderer/assets/KaTeX_Main-Italic-BMLOBm91.woff                 19.68 kB
../dist-renderer/assets/ebgaramond-34b1bfba6955-CdJs288I.woff2          22.22 kB
../dist-renderer/assets/KaTeX_SansSerif-Italic-YYjJ1zSn.ttf             22.36 kB
../dist-renderer/assets/KaTeX_SansSerif-Bold-CFMepnvq.ttf               24.50 kB
../dist-renderer/assets/KaTeX_Main-Bold-Cx986IdX.woff2                  25.32 kB
../dist-renderer/assets/notoserifsc-f82e85c61f90--UOi5Q_h.woff2         26.05 kB
../dist-renderer/assets/KaTeX_Main-Regular-B22Nviop.woff2               26.27 kB
../dist-renderer/assets/notoserifsc-7defc4186128-D40SqE86.woff2         26.79 kB
../dist-renderer/assets/KaTeX_Typewriter-Regular-D3Ib7_Hf.ttf           27.56 kB
../dist-renderer/assets/KaTeX_AMS-Regular-BQhdFMY1.woff2                28.08 kB
../dist-renderer/assets/pt-serif-v11-latin-700italic-DYZzHVUi.woff2     28.39 kB
../dist-renderer/assets/pt-serif-v11-latin-700-I0dYHjsp.woff2           29.40 kB
../dist-renderer/assets/KaTeX_Main-Bold-Jm3AIy58.woff                   29.91 kB
../dist-renderer/assets/KaTeX_Main-Regular-Dr94JaBh.woff                30.77 kB
../dist-renderer/assets/KaTeX_Math-BoldItalic-B3XSjfu4.ttf              31.20 kB
../dist-renderer/assets/KaTeX_Math-Italic-flOr_0UB.ttf                  31.31 kB
../dist-renderer/assets/jetbrainsmono-b87346fdc77f-Db4Uuiha.woff2       31.34 kB
../dist-renderer/assets/notoserifsc-f50ab6a52acf-AY3XH7OX.woff2         32.88 kB
../dist-renderer/assets/pt-serif-v11-latin-regular-DXlWFzIq.woff2       32.96 kB
../dist-renderer/assets/KaTeX_Main-BoldItalic-DzxPMmG6.ttf              32.97 kB
../dist-renderer/assets/KaTeX_AMS-Regular-DMm9YOAa.woff                 33.52 kB
../dist-renderer/assets/KaTeX_Main-Italic-3WenGoN9.ttf                  33.58 kB
../dist-renderer/assets/pt-serif-v11-latin-italic-CEtjl2Xq.woff2        34.73 kB
../dist-renderer/assets/notoserifsc-458b4ea6bede-Cbi9mu-9.woff2         40.39 kB
../dist-renderer/assets/ebgaramond-9947e6f6e128-DJEpPxNl.woff2          41.24 kB
../dist-renderer/assets/notoserifsc-947e30fba0b9-B21I0vV4.woff2         42.62 kB
../dist-renderer/assets/notoserifsc-c58e73e29360-D6QDc2Ub.woff2         45.13 kB
../dist-renderer/assets/ebgaramond-dcf7f6fa2702-CYvOc2FV.woff2          46.00 kB
../dist-renderer/assets/notoserifsc-9bd4092a33fb-DVGQb5q5.woff2         47.30 kB
../dist-renderer/assets/inter-bec94a4daf06-8kRkwJBP.woff2               48.43 kB
../dist-renderer/assets/notoserifsc-49ed372fb213-BcAFbsNn.woff2         51.05 kB
../dist-renderer/assets/KaTeX_Main-Bold-waoOVXN0.ttf                    51.34 kB
../dist-renderer/assets/notoserifsc-f275145955ab-DVDewunY.woff2         51.54 kB
../dist-renderer/assets/notoserifsc-5274ec774f6a-D1m19SnQ.woff2         51.73 kB
../dist-renderer/assets/notoserifsc-ad640617781e-YRUD9SO3.woff2         53.10 kB
../dist-renderer/assets/KaTeX_Main-Regular-ypZvNtVU.ttf                 53.58 kB
../dist-renderer/assets/notoserifsc-b791af3a4fd9-CST-wosT.woff2         53.85 kB
../dist-renderer/assets/notoserifsc-64718129350d-BTpM1pAZ.woff2         54.20 kB
../dist-renderer/assets/notoserifsc-4a0fda035b92-BPZEtD2W.woff2         56.02 kB
../dist-renderer/assets/notoserifsc-bc4605da4006-DD19CHwv.woff2         57.28 kB
../dist-renderer/assets/notoserifsc-00551c9c8ee6-PA_g5E4w.woff2         57.82 kB
../dist-renderer/assets/notoserifsc-e99de0e215f7-CjOpyANj.woff2         57.87 kB
../dist-renderer/assets/notoserifsc-693014a08415-VJ5yaBjq.woff2         58.13 kB
../dist-renderer/assets/notoserifsc-f8c6255eb7b3-B0KMUUhR.woff2         58.38 kB
../dist-renderer/assets/notoserifsc-588f1b62c790-DW5DRof6.woff2         58.52 kB
../dist-renderer/assets/notoserifsc-4dca2c601897-BE6r3Lb4.woff2         58.75 kB
../dist-renderer/assets/notoserifsc-0701600f7996-cnN_1NYz.woff2         58.76 kB
../dist-renderer/assets/notoserifsc-0a103913f647-CQuMlsDC.woff2         60.69 kB
../dist-renderer/assets/notoserifsc-2361a25d9c5d-BIMDlG7A.woff2         61.34 kB
../dist-renderer/assets/notoserifsc-673c20cc0be0-CUqhUPCi.woff2         61.43 kB
../dist-renderer/assets/notoserifsc-b1147beae592-BrXA0D8h.woff2         61.49 kB
../dist-renderer/assets/notoserifsc-2f47f914b65f-ChPqEi51.woff2         62.15 kB
../dist-renderer/assets/notoserifsc-1c1dcf1b5233-BdrnE5zQ.woff2         62.78 kB
../dist-renderer/assets/notoserifsc-0b5a20cd55e5-CyXfzl2w.woff2         62.98 kB
../dist-renderer/assets/KaTeX_AMS-Regular-DRggAlZN.ttf                  63.63 kB
../dist-renderer/assets/notoserifsc-1355c4e2b8f4-Bikvs3-T.woff2         63.74 kB
../dist-renderer/assets/notoserifsc-9da7bc751cbc-AfeC7JBK.woff2         63.88 kB
../dist-renderer/assets/notoserifsc-6c22b14e790d-Di7KJ6RO.woff2         64.18 kB
../dist-renderer/assets/notoserifsc-baf4512e0f02-CkAzoaGU.woff2         64.20 kB
../dist-renderer/assets/notoserifsc-37c839e39cb9-x3003gEd.woff2         64.62 kB
../dist-renderer/assets/notoserifsc-852eb7d1ab3e-Bynlg3tq.woff2         64.62 kB
../dist-renderer/assets/notoserifsc-8738086c4201-LCwHHLSt.woff2         64.70 kB
../dist-renderer/assets/notoserifsc-452bfc2a7099-Bo3scZnE.woff2         65.64 kB
../dist-renderer/assets/notoserifsc-05f8cf9fbab6-LNOPy50O.woff2         65.72 kB
../dist-renderer/assets/notoserifsc-52e8ecde552b-DiyOHxWt.woff2         65.91 kB
../dist-renderer/assets/notoserifsc-703603f23e9c-Cysi8Bi_.woff2         66.14 kB
../dist-renderer/assets/notoserifsc-119da54bda94-CODiDIwp.woff2         66.58 kB
../dist-renderer/assets/notoserifsc-7f25644ebb96-rghfHuOV.woff2         67.22 kB
../dist-renderer/assets/notoserifsc-39cf261ef310-BHPX_wu_.woff2         67.66 kB
../dist-renderer/assets/notoserifsc-ee8d1b5f86ed-C0ai0E4c.woff2         67.88 kB
../dist-renderer/assets/notoserifsc-970d339b07c4-BXmpcdfC.woff2         67.91 kB
../dist-renderer/assets/notoserifsc-39696e8777d8-C5jYuwQI.woff2         67.97 kB
../dist-renderer/assets/notoserifsc-6893df85cc12-C5MZZycU.woff2         69.02 kB
../dist-renderer/assets/notoserifsc-ae9faf529fb6-C8k_qLFa.woff2         69.19 kB
../dist-renderer/assets/notoserifsc-14a8af0d052a-Ckbr6Eqg.woff2         69.56 kB
../dist-renderer/assets/notoserifsc-f0f75f7d6cc3-Dogymtyn.woff2         69.60 kB
../dist-renderer/assets/notoserifsc-5d0ae2cebbd3-KIfZT998.woff2         70.36 kB
../dist-renderer/assets/notoserifsc-29e2eaccf9e6-B8zDV4OO.woff2         71.05 kB
../dist-renderer/assets/notoserifsc-980e2eba29ea-CeuJVuxq.woff2         71.31 kB
../dist-renderer/assets/notoserifsc-bb1bf6128360-iq8DnZbm.woff2         71.72 kB
../dist-renderer/assets/notoserifsc-8e4c4d6a156f-PcsIAuB4.woff2         72.30 kB
../dist-renderer/assets/notoserifsc-6ee866c3e2ac-DIigI9PF.woff2         72.52 kB
../dist-renderer/assets/notoserifsc-10e9099bd7ee-B76Oja2x.woff2         72.58 kB
../dist-renderer/assets/notoserifsc-17c2b137692d-BgVQ_oBz.woff2         72.80 kB
../dist-renderer/assets/notoserifsc-43a71a06f59d-DkfN8W-u.woff2         73.52 kB
../dist-renderer/assets/notoserifsc-09c866380734-CDrO05nK.woff2         73.82 kB
../dist-renderer/assets/notoserifsc-491d99d2666b-DDrnzmJW.woff2         73.92 kB
../dist-renderer/assets/notoserifsc-ad7e45295d7c-CPKL0KQm.woff2         73.95 kB
../dist-renderer/assets/notoserifsc-d0696d5de749-CyyN6WaI.woff2         74.62 kB
../dist-renderer/assets/notoserifsc-20a28253a539-CasMW42f.woff2         74.75 kB
../dist-renderer/assets/notoserifsc-1e4ff3a38cc2-Bt4hCpm_.woff2         75.20 kB
../dist-renderer/assets/notoserifsc-2903b3a155b9-D2HrRQAr.woff2         75.85 kB
../dist-renderer/assets/notoserifsc-f0605f0725c5-Ddkv-0tT.woff2         76.03 kB
../dist-renderer/assets/notoserifsc-7885a1dee93b-Dhje0hsk.woff2         76.89 kB
../dist-renderer/assets/notoserifsc-b87733964a7f-B11R7jkn.woff2         77.47 kB
../dist-renderer/assets/notoserifsc-971f0defb8b3-DWOslWgF.woff2         77.71 kB
../dist-renderer/assets/notoserifsc-8d616f18e8e9-B3_0m8O1.woff2         77.95 kB
../dist-renderer/assets/notoserifsc-e97b7ba2830a-kZ4DCjFN.woff2         79.08 kB
../dist-renderer/assets/notoserifsc-70c693c26388-VPiiOlSj.woff2         79.38 kB
../dist-renderer/assets/notoserifsc-9d126fb68ebd-SMUeI1bg.woff2         79.48 kB
../dist-renderer/assets/notoserifsc-62212c5d7cd3-DGMc2Zfc.woff2         79.54 kB
../dist-renderer/assets/notoserifsc-f1fff56ea705-DgSytTm6.woff2         79.78 kB
../dist-renderer/assets/notoserifsc-f3bae039eee9-Rbj__hJv.woff2         81.00 kB
../dist-renderer/assets/notoserifsc-154f9e92b91b-_K8Bock6.woff2         81.16 kB
../dist-renderer/assets/notoserifsc-573fbe56c828-C7wk1mOb.woff2         81.53 kB
../dist-renderer/assets/notoserifsc-98c488529f4a-BVzBU6X7.woff2         81.60 kB
../dist-renderer/assets/notoserifsc-32ae389c9e2b-BTtNpg6c.woff2         82.37 kB
../dist-renderer/assets/notoserifsc-7afaced7df43-wRXWgR9_.woff2         82.69 kB
../dist-renderer/assets/notoserifsc-0a3849a51147-CGuemfeD.woff2         83.43 kB
../dist-renderer/assets/notoserifsc-3e2b58117077-DV6j7UiD.woff2         84.00 kB
../dist-renderer/assets/notoserifsc-72d07829dd10-BOeBTU1n.woff2         84.62 kB
../dist-renderer/assets/inter-367ba69ac0a2-B_-bZUTo.woff2               85.27 kB
../dist-renderer/assets/notoserifsc-522f9a92410a-CrkU_Tl4.woff2         85.38 kB
../dist-renderer/assets/notoserifsc-cb2738af0113-CkD1k5Pb.woff2         91.39 kB
../dist-renderer/assets/notoserifsc-80beb326b682-FRizZili.woff2        103.80 kB
../dist-renderer/assets/ebgaramond-9dadaee72759-DVjXSTkF.woff2         116.37 kB
../dist-renderer/assets/rice-paper-Cag6H2vS.png                        131.65 kB
../dist-renderer/assets/kong-banner-B6cdlZ4M.jpg                       184.61 kB
../dist-renderer/assets/light-desktop-BVd6O_E5.png                     256.19 kB
../dist-renderer/assets/dark-desktop-BgqqId7_.png                      257.90 kB
../dist-renderer/assets/light-mobile-CIcNIMlP.png                      278.28 kB
../dist-renderer/assets/dark-mobile-Bbda13st.png                       279.61 kB
../dist-renderer/assets/sakura-desktop-TfbbzJUH.png                    285.91 kB
../dist-renderer/assets/indigo-window-silhouette-BU0MTsCo.jpg          291.60 kB
../dist-renderer/assets/sakura-mobile-CMtQ2gOD.png                     321.01 kB
../dist-renderer/assets/blue-sky-screenprint-C6ZkN7f9.jpg              430.65 kB
../dist-renderer/assets/felt-blue-storybook-C4thRLzI.jpg               457.43 kB
../dist-renderer/assets/bamboo-shadow-minimal-C7QuuvR9.jpg             504.01 kB
../dist-renderer/assets/spring-gauze-room-Bf5WWav_.jpg                 516.64 kB
../dist-renderer/assets/blue-island-watercolor-DnVNAM28.jpg            550.90 kB
../dist-renderer/assets/story-garden-objects-Bvfa5cw6.jpg              558.00 kB
../dist-renderer/assets/scribble-black-cat-DgIL9p9K.jpg                568.72 kB
../dist-renderer/assets/hidden-ragdoll-cat-bqhuTFfN.jpg                646.49 kB
../dist-renderer/assets/summer-sea-fantasy-FXC6YBH_.jpg                698.90 kB
../dist-renderer/assets/sunlit-window-leaves-fdzYiWFe.jpg              737.08 kB
../dist-renderer/assets/grass-horizon-dream-0Ft_zPyc.jpg               749.66 kB
../dist-renderer/assets/maximalist-four-seasons-llfYIlEK.jpg           751.52 kB
../dist-renderer/assets/pink-flower-fisherman-voDGy0VM.jpg             778.77 kB
../dist-renderer/assets/misty-blossoms-DRZPoLl5.jpg                    908.88 kB
../dist-renderer/assets/pastel-spring-bookmark-BHYaXbBt.jpg            922.07 kB
../dist-renderer/assets/four-seasons-storybook-BNRFnnXC.jpg            956.96 kB
../dist-renderer/assets/nature-plate-print-CxT7qrCp.jpg              1,036.38 kB
../dist-renderer/assets/green-plain-clouds-0ZIPMWcs.jpg              1,122.23 kB
../dist-renderer/assets/rainy-street-cafe-DQYauh3o.jpg               1,139.52 kB
../dist-renderer/assets/dragon-pillar-palace-B7ZsJUTn.jpg            1,216.45 kB
../dist-renderer/assets/icon-BaVFOTDl.png                            1,301.66 kB
../dist-renderer/assets/tree-lined-path-Am98Uns8.jpg                 1,334.27 kB
../dist-renderer/assets/ochre-silhouette-4CXSB5dO.jpg                1,752.53 kB
../dist-renderer/assets/wasteland-rider-CuGmSLSQ.jpg                 1,921.78 kB
../dist-renderer/assets/white-cat-blossom-a0XCfhl-.jpg               1,959.05 kB
../dist-renderer/assets/leaves-overlay-BXWrfE3_.mp4                  2,377.06 kB
../dist-renderer/assets/Toggle-DfBzXOTj.css                              0.07 kB │ gzip:   0.09 kB
../dist-renderer/assets/WindowControls-Bffd9O75.css                      2.25 kB │ gzip:   0.96 kB
../dist-renderer/assets/SettingsModalShell-OKAPok5_.css                  2.37 kB │ gzip:   0.79 kB
../dist-renderer/assets/MediaViewer-Bfyf99kQ.css                         3.13 kB │ gzip:   1.17 kB
../dist-renderer/assets/quick-chat-CNlX-OFD.css                          4.90 kB │ gzip:   1.47 kB
../dist-renderer/assets/AnimationPrimitives-CuGKWrbS.css                 4.91 kB │ gzip:   1.53 kB
../dist-renderer/assets/SessionStatusCard-Bzt5O0cs.css                   9.64 kB │ gzip:   2.31 kB
../dist-renderer/assets/RuntimeInfoCapsule-BfZAhwqN.css                 18.19 kB │ gzip:   3.55 kB
../dist-renderer/assets/theme-registry-DLVrwanO.css                     28.93 kB │ gzip:   8.04 kB
../dist-renderer/assets/main-CN4OwQmV.css                               29.89 kB │ gzip:   5.92 kB
../dist-renderer/assets/PreviewPanel-CEL_4jpY.css                       32.35 kB │ gzip:   5.93 kB
../dist-renderer/assets/PlanModeButton-DYI0BdiW.css                     42.76 kB │ gzip:   7.86 kB
../dist-renderer/assets/warm-paper-WMgL8WU0.css                         45.76 kB │ gzip:  34.25 kB
../dist-renderer/assets/ChatPage-BMDbZmAF.css                           76.23 kB │ gzip:  13.94 kB
../dist-renderer/assets/SendButton-CQ1uT2xb.css                         89.93 kB │ gzip:  17.02 kB
../dist-renderer/assets/SettingsContent-CxKe5UCQ.css                   237.45 kB │ gzip:  40.23 kB
../dist-renderer/assets/mobile-CU4PL-pd.css                            514.32 kB │ gzip: 188.47 kB
../dist-renderer/assets/channel-Cdr8kACa.js                              0.11 kB │ gzip:   0.13 kB
../dist-renderer/assets/init-Gi6I4Gst.js                                 0.15 kB │ gzip:   0.13 kB
../dist-renderer/assets/chunk-2Q5K7J3B-BCFo7OW7.js                       0.19 kB │ gzip:   0.16 kB
../dist-renderer/assets/chunk-JWPE2WC7-piEoIvdh.js                       0.23 kB │ gzip:   0.17 kB
../dist-renderer/assets/chunk-XXDRQBXY-BDhv1MqW.js                       0.24 kB │ gzip:   0.21 kB
../dist-renderer/assets/diff-DbItnlRl.js                                 0.31 kB │ gzip:   0.24 kB
../dist-renderer/assets/bootstrap-WW70tMIY.js                            0.33 kB │ gzip:   0.18 kB
../dist-renderer/assets/chunk-5VM5RSS4-2nCYcCee.js                       0.37 kB │ gzip:   0.27 kB
../dist-renderer/assets/stateDiagram-v2-UEYNNEHI-CjY9Foc1.js             0.47 kB │ gzip:   0.32 kB
../dist-renderer/assets/classDiagram-JCYQIIEL-CdIior43.js                0.50 kB │ gzip:   0.34 kB
../dist-renderer/assets/classDiagram-v2-OCEON4UE-CdIior43.js             0.50 kB │ gzip:   0.34 kB
../dist-renderer/assets/chunk-KBJHAD2P-uwPLHTPl.js                       0.51 kB │ gzip:   0.36 kB
../dist-renderer/assets/Toggle-CYXh_jZs.js                               0.56 kB │ gzip:   0.39 kB
../dist-renderer/assets/swimlanesDiagram-ULZ7WXOC-B6T--6Gn.js            0.59 kB │ gzip:   0.39 kB
../dist-renderer/assets/brainfuck-C4LP7Hcl.js                            0.61 kB │ gzip:   0.33 kB
../dist-renderer/assets/infoDiagram-6WML65LV-CELZdTzm.js                 0.62 kB │ gzip:   0.42 kB
../dist-renderer/assets/properties-C78fOPTZ.js                           0.67 kB │ gzip:   0.35 kB
../dist-renderer/assets/cmake-BQqOBYOt.js                                0.78 kB │ gzip:   0.46 kB
../dist-renderer/assets/asciiarmor-Df11BRmG.js                           0.79 kB │ gzip:   0.41 kB
../dist-renderer/assets/settings-c6oLT_eE.js                             0.84 kB │ gzip:   0.52 kB
../dist-renderer/assets/http-DBlCnlav.js                                 0.85 kB │ gzip:   0.41 kB
../dist-renderer/assets/protobuf-ChK-085T.js                             0.86 kB │ gzip:   0.52 kB
../dist-renderer/assets/solr-DehyRSwq.js                                 0.87 kB │ gzip:   0.46 kB
../dist-renderer/assets/troff-wAsdV37c.js                                0.96 kB │ gzip:   0.44 kB
../dist-renderer/assets/sizeCapture-X5ZJPWSS-BLksUD5v.js                 0.97 kB │ gzip:   0.55 kB
../dist-renderer/assets/spreadsheet-BCZA_wO0.js                          1.14 kB │ gzip:   0.54 kB
../dist-renderer/assets/toml-Bm5Em-hy.js                                 1.14 kB │ gzip:   0.54 kB
../dist-renderer/assets/ordinal-BENe2yWM.js                              1.19 kB │ gzip:   0.57 kB
../dist-renderer/assets/preload-helper-PPVm8Dsz.js                       1.23 kB │ gzip:   0.71 kB
../dist-renderer/assets/quick-chat-preferences-CO912XiW.js               1.23 kB │ gzip:   0.63 kB
../dist-renderer/assets/mbox-CNhZ1qSd.js                                 1.40 kB │ gzip:   0.66 kB
../dist-renderer/assets/index-Vcq4gwWv.js                                1.49 kB │ gzip:   0.82 kB
../dist-renderer/assets/sieve-C3Gn_uJK.js                                1.62 kB │ gzip:   0.77 kB
../dist-renderer/assets/rpm-CTu-6PCP.js                                  1.62 kB │ gzip:   0.83 kB
../dist-renderer/assets/railroadDiagram-AXF67PYL-DqrCEjxv.js             1.64 kB │ gzip:   0.77 kB
../dist-renderer/assets/factor-kuTfRLto.js                               1.67 kB │ gzip:   0.61 kB
../dist-renderer/assets/z80-Hz9HOZM7.js                                  1.75 kB │ gzip:   0.81 kB
../dist-renderer/assets/eiffel-CnydiIhH.js                               1.81 kB │ gzip:   0.92 kB
../dist-renderer/assets/abnfDiagram-N423BO3Z-BnzVOUnx.js                 1.85 kB │ gzip:   0.91 kB
../dist-renderer/assets/chunk-2GRJ4B5K-Dp0bsSXf.js                       1.88 kB │ gzip:   0.83 kB
../dist-renderer/assets/elm-vLlmbW-K.js                                  1.89 kB │ gzip:   0.82 kB
../dist-renderer/assets/mathematica-DTrFuWx2.js                          1.92 kB │ gzip:   0.82 kB
../dist-renderer/assets/dockerfile-BKs6k2Af.js                           1.95 kB │ gzip:   0.67 kB
../dist-renderer/assets/turtle-B1tBg_DP.js                               1.98 kB │ gzip:   0.90 kB
../dist-renderer/assets/ebnf-CDyGwa7X.js                                 1.99 kB │ gzip:   0.81 kB
../dist-renderer/assets/pegDiagram-VL7TDLO6-D4XAdo0m.js                  1.99 kB │ gzip:   0.94 kB
../dist-renderer/assets/smalltalk-CnHTOXQT.js                            2.01 kB │ gzip:   0.85 kB
../dist-renderer/assets/ebnfDiagram-BXEA7PRR-_k5H_i7j.js                 2.04 kB │ gzip:   0.90 kB
../dist-renderer/assets/dtd-DF_7sFjM.js                                  2.06 kB │ gzip:   0.87 kB
../dist-renderer/assets/mumps-BT43cFF4.js                                2.07 kB │ gzip:   0.98 kB
../dist-renderer/assets/fcl-Kvtd6kyn.js                                  2.08 kB │ gzip:   0.95 kB
../dist-renderer/assets/ntriples-BfvgReVJ.js                             2.10 kB │ gzip:   0.75 kB
../dist-renderer/assets/yacas-BJ4BC0dw.js                                2.15 kB │ gzip:   1.09 kB
../dist-renderer/assets/simple-mode-GW_nhZxv.js                          2.28 kB │ gzip:   1.09 kB
../dist-renderer/assets/apl-B4CMkyY2.js                                  2.30 kB │ gzip:   1.23 kB
../dist-renderer/assets/pascal--L3eBynH.js                               2.30 kB │ gzip:   1.19 kB
../dist-renderer/assets/octave-Ck1zUtKM.js                               2.31 kB │ gzip:   1.09 kB
../dist-renderer/assets/commonlisp-DBKNyK5s.js                           2.32 kB │ gzip:   1.10 kB
../dist-renderer/assets/tcl-DVfN8rqt.js                                  2.36 kB │ gzip:   1.23 kB
../dist-renderer/assets/webidl-ZXfAyPTL.js                               2.52 kB │ gzip:   1.26 kB
../dist-renderer/assets/pig-CevX1Tat.js                                  2.53 kB │ gzip:   1.38 kB
../dist-renderer/assets/puppet-DMA9R1ak.js                               2.54 kB │ gzip:   1.20 kB
../dist-renderer/assets/forth-Ffai-XNe.js                                2.54 kB │ gzip:   1.33 kB
../dist-renderer/assets/shell-CjFT_Tl9.js                                2.57 kB │ gzip:   1.21 kB
../dist-renderer/assets/index-Ccj-2O8e.js                                2.61 kB │ gzip:   1.60 kB
../dist-renderer/assets/velocity-D8B20fx6.js                             2.67 kB │ gzip:   1.11 kB
../dist-renderer/assets/tiddlywiki-DO-Gjzrf.js                           2.78 kB │ gzip:   1.07 kB
../dist-renderer/assets/modelica-Dc1JOy9r.js                             2.79 kB │ gzip:   1.29 kB
../dist-renderer/assets/index-Dlw0Epf4.js                                2.83 kB │ gzip:   1.61 kB
../dist-renderer/assets/oz-BzwKVEFT.js                                   2.90 kB │ gzip:   1.28 kB
../dist-renderer/assets/r-B6wPVr8A.js                                    2.94 kB │ gzip:   1.36 kB
../dist-renderer/assets/stex-C3f8Ysf7.js                                 3.12 kB │ gzip:   1.20 kB
../dist-renderer/assets/SettingsModalShell-33z4_EDd.js                   3.21 kB │ gzip:   1.54 kB
../dist-renderer/assets/tiki-DGYXhP31.js                                 3.25 kB │ gzip:   1.26 kB
../dist-renderer/assets/vhdl-lSbBsy5d.js                                 3.35 kB │ gzip:   1.51 kB
../dist-renderer/assets/lua-BgMRiT3U.js                                  3.40 kB │ gzip:   1.44 kB
../dist-renderer/assets/arc-DSDAvfnP.js                                  3.43 kB │ gzip:   1.47 kB
../dist-renderer/assets/index-CU6kn_V7.js                                3.49 kB │ gzip:   1.79 kB
../dist-renderer/assets/mscgen-BA5vi2Kp.js                               3.51 kB │ gzip:   0.98 kB
../dist-renderer/assets/WorkspaceCompanionRail-CW-RFi2d.js               3.54 kB │ gzip:   1.61 kB
../dist-renderer/assets/mobile-JY_XRBSe.js                               3.54 kB │ gzip:   1.67 kB
../dist-renderer/assets/sparql-DkYu6x3z.js                               3.55 kB │ gzip:   1.63 kB
../dist-renderer/assets/cypher-C_CwsFkJ.js                               3.56 kB │ gzip:   1.52 kB
../dist-renderer/assets/d-pRatUO7H.js                                    3.72 kB │ gzip:   1.68 kB
../dist-renderer/assets/coffeescript-S37ZYGWr.js                         3.87 kB │ gzip:   1.69 kB
../dist-renderer/assets/vb-CmGdzxic.js                                   3.90 kB │ gzip:   1.79 kB
../dist-renderer/assets/swift-BzpIVaGY.js                                3.96 kB │ gzip:   1.79 kB
../dist-renderer/assets/asn1-EdZsLKOL.js                                 3.98 kB │ gzip:   1.96 kB
../dist-renderer/assets/q-pXgVlZs6.js                                    4.03 kB │ gzip:   1.67 kB
../dist-renderer/assets/ttcn-cfg-B9xdYoR4.js                             4.05 kB │ gzip:   1.71 kB
../dist-renderer/assets/dylan-DwRh75JA.js                                4.05 kB │ gzip:   1.65 kB
../dist-renderer/assets/livescript-BwQOo05w.js                           4.09 kB │ gzip:   1.64 kB
../dist-renderer/assets/groovy-D9Dt4D0W.js                               4.14 kB │ gzip:   1.77 kB
../dist-renderer/assets/haskell-Cw1EW3IL.js                              4.17 kB │ gzip:   1.89 kB
../dist-renderer/assets/diagram-LBJQPF4R-BD3RkprN.js                     4.25 kB │ gzip:   1.85 kB
../dist-renderer/assets/asterisk-B-8jnY81.js                             4.48 kB │ gzip:   1.78 kB
../dist-renderer/assets/gas-Bneqetm1.js                                  4.57 kB │ gzip:   1.28 kB
../dist-renderer/assets/fortran-DYz_wnZ1.js                              4.65 kB │ gzip:   2.01 kB
../dist-renderer/assets/defaultLocale-DX6XiGOO.js                        4.69 kB │ gzip:   2.18 kB
../dist-renderer/assets/mllike-CXdrOF99.js                               4.79 kB │ gzip:   1.53 kB
../dist-renderer/assets/ttcn-CfJYG6tj.js                                 4.80 kB │ gzip:   2.13 kB
../dist-renderer/assets/viewer-window-0yxmZPd0.js                        4.83 kB │ gzip:   2.21 kB
../dist-renderer/assets/browser-viewer-b8QS_M14.js                       4.89 kB │ gzip:   1.63 kB
../dist-renderer/assets/map-DxJ2ADlA.js                                  5.07 kB │ gzip:   2.07 kB
../dist-renderer/assets/ecl-Cabwm37j.js                                  5.13 kB │ gzip:   2.31 kB
../dist-renderer/assets/crystal-SjHAIU92.js                              5.13 kB │ gzip:   2.07 kB
../dist-renderer/assets/index-DkBnkbcG.js                                5.15 kB │ gzip:   2.47 kB
../dist-renderer/assets/ruby-B2Rjki9n.js                                 5.16 kB │ gzip:   2.15 kB
../dist-renderer/assets/julia-DuME0IfC.js                                5.39 kB │ gzip:   2.14 kB
../dist-renderer/assets/linear-C9onPyKO.js                               5.66 kB │ gzip:   2.31 kB
../dist-renderer/assets/SkillViewerOverlay-D8MZOm93.js                   5.69 kB │ gzip:   2.14 kB
../dist-renderer/assets/vbscript-BuJXcnF6.js                             5.82 kB │ gzip:   2.57 kB
../dist-renderer/assets/mirc-CjQqDB4T.js                                 5.92 kB │ gzip:   2.68 kB
../dist-renderer/assets/diagram-UB23O5K3-8v5JsFLT.js                     6.12 kB │ gzip:   2.64 kB
../dist-renderer/assets/cobol-CWcv1MsR.js                                6.20 kB │ gzip:   2.96 kB
../dist-renderer/assets/pieDiagram-7S7Q4E2Y-Bqze1LR7.js                  6.33 kB │ gzip:   2.65 kB
../dist-renderer/assets/scheme-C41bIUwD.js                               6.37 kB │ gzip:   2.39 kB
../dist-renderer/assets/python-BuPzkPfP.js                               6.48 kB │ gzip:   2.73 kB
../dist-renderer/assets/xquery-DzFWVndE.js                               6.62 kB │ gzip:   2.56 kB
../dist-renderer/assets/pug-DeIclll2.js                                  6.67 kB │ gzip:   1.94 kB
../dist-renderer/assets/textile-CnDTJFAw.js                              6.80 kB │ gzip:   2.44 kB
../dist-renderer/assets/nsis-LdVXkNf5.js                                 6.81 kB │ gzip:   2.99 kB
../dist-renderer/assets/chunk-RYQCIY6F-DtmeOc4s.js                       7.08 kB │ gzip:   2.72 kB
../dist-renderer/assets/nginx-DdIZxoE0.js                                7.34 kB │ gzip:   2.72 kB
../dist-renderer/assets/store-BRVFF9GL.js                                7.41 kB │ gzip:   2.47 kB
../dist-renderer/assets/powershell-CFHJl5sT.js                           7.77 kB │ gzip:   3.33 kB
../dist-renderer/assets/haxe-H-WmDvRZ.js                                 7.89 kB │ gzip:   2.95 kB
../dist-renderer/assets/erlang-BNw1qcRV.js                               8.10 kB │ gzip:   2.89 kB
../dist-renderer/assets/verilog-C6RDOZhf.js                              8.24 kB │ gzip:   3.52 kB
../dist-renderer/assets/diagram-7IWD3JNH-BqFiuQ4w.js                     8.37 kB │ gzip:   3.74 kB
../dist-renderer/assets/dagre-VZM6K2ZE-C1rnwW_A.js                       8.60 kB │ gzip:   3.33 kB
../dist-renderer/assets/sas-B4kiWyti.js                                  9.33 kB │ gzip:   4.11 kB
../dist-renderer/assets/MediaViewer-CoSYn8uP.js                          9.57 kB │ gzip:   3.68 kB
../dist-renderer/assets/perl-CdXCOZ3F.js                                 9.75 kB │ gzip:   3.46 kB
../dist-renderer/assets/cynefinDiagram-MW4NZA55-CuXnlxCw.js             10.13 kB │ gzip:   3.65 kB
../dist-renderer/assets/gherkin-heZmZLOM.js                             10.16 kB │ gzip:   5.09 kB
../dist-renderer/assets/stateDiagram-OKZ733FA-FZyCIn5R.js               10.46 kB │ gzip:   3.67 kB
../dist-renderer/assets/diagram-B4RE2ZJO-DZSkwL5C.js                    10.75 kB │ gzip:   4.15 kB
../dist-renderer/assets/clojure-BMjYHr_A.js                             10.82 kB │ gzip:   3.99 kB
../dist-renderer/assets/idl-BEugSyMb.js                                 11.63 kB │ gzip:   4.52 kB
../dist-renderer/assets/index-DwGi9I47.js                               12.85 kB │ gzip:   4.17 kB
../dist-renderer/assets/index-B-N4aQnz.js                               12.90 kB │ gzip:   5.70 kB
../dist-renderer/assets/index-LVHmLISt.js                               14.86 kB │ gzip:   6.05 kB
../dist-renderer/assets/chunk-6Q2QTUOP-8hxEGtFs.js                      15.74 kB │ gzip:   4.41 kB
../dist-renderer/assets/diagram-Q27KOJAE-CtRzSdPu.js                    15.99 kB │ gzip:   5.72 kB
../dist-renderer/assets/index-Dmr2r22h.js                               16.45 kB │ gzip:   7.53 kB
../dist-renderer/assets/quick-chat-Caa9OtHS.js                          16.51 kB │ gzip:   6.29 kB
../dist-renderer/assets/MobileApp-CXauQ_1u.js                           16.78 kB │ gzip:   5.79 kB
../dist-renderer/assets/javascript-iXu5QeM3.js                          17.08 kB │ gzip:   5.75 kB
../dist-renderer/assets/ishikawaDiagram-WSZJBQD7-B_ohz3q4.js            17.51 kB │ gzip:   6.67 kB
../dist-renderer/assets/SessionStatusCard-cnqRCGUz.js                   18.15 kB │ gzip:   6.11 kB
../dist-renderer/assets/kanban-definition-27J2QSJJ-HYe_cEy3.js          20.33 kB │ gzip:   7.23 kB
../dist-renderer/assets/index-BS8HvVq7.js                               21.03 kB │ gzip:   9.42 kB
../dist-renderer/assets/index-BIcFqxqB.js                               21.29 kB │ gzip:   9.81 kB
../dist-renderer/assets/PlanModeButton-Y_9AJGgv.js                      21.70 kB │ gzip:   7.34 kB
../dist-renderer/assets/clike-B9uivgTg.js                               22.30 kB │ gzip:   7.86 kB
../dist-renderer/assets/index-B3w_207q.js                               23.20 kB │ gzip:  10.47 kB
../dist-renderer/assets/sankeyDiagram-W5VNT64P-ubqZmsgs.js              23.24 kB │ gzip:   8.58 kB
../dist-renderer/assets/mindmap-definition-FAOFIHXS-C86EUjUM.js         23.49 kB │ gzip:   7.96 kB
../dist-renderer/assets/journeyDiagram-NVQOT4AX-Bf80uEaP.js             23.61 kB │ gzip:   8.37 kB
../dist-renderer/assets/graph-DOmOIIwC.js                               23.92 kB │ gzip:   8.32 kB
../dist-renderer/assets/stream-resume-ji30yIpr.js                       25.25 kB │ gzip:   8.10 kB
../dist-renderer/assets/RuntimeInfoCapsule-DK5eUuv_.js                  25.25 kB │ gzip:   8.15 kB
../dist-renderer/assets/wardleyDiagram-T6FBY63Y-jjNy-y4g.js             25.54 kB │ gzip:   6.81 kB
../dist-renderer/assets/stylus-B533Al4x.js                              25.80 kB │ gzip:   8.60 kB
../dist-renderer/assets/css-BnMrqG3P.js                                 27.13 kB │ gzip:   8.47 kB
../dist-renderer/assets/erDiagram-JOGREHBK-dYoX9JS0.js                  27.14 kB │ gzip:   9.44 kB
../dist-renderer/assets/gitGraphDiagram-DS77QQ5N-BPjB-f2w.js            29.45 kB │ gzip:   8.72 kB
../dist-renderer/assets/timeline-definition-Z64GVDOM-tiwLW_Su.js        30.87 kB │ gzip:  10.18 kB
../dist-renderer/assets/index-CQLgIqQH.js                               30.99 kB │ gzip:  12.76 kB
../dist-renderer/assets/layout-D-LzfAck.js                              31.00 kB │ gzip:  11.19 kB
../dist-renderer/assets/requirementDiagram-LRYGKXZP-U1T7Vktg.js         31.04 kB │ gzip:   9.77 kB
../dist-renderer/assets/index-Cd7hWM3b.js                               32.49 kB │ gzip:  13.16 kB
../dist-renderer/assets/quadrantDiagram-CIZ2JOQS-pbq7vFsZ.js            34.05 kB │ gzip:  10.00 kB
../dist-renderer/assets/sql-D0XecflT.js                                 37.05 kB │ gzip:  10.94 kB
../dist-renderer/assets/onboarding-3JcNubHM.js                          37.07 kB │ gzip:   9.90 kB
../dist-renderer/assets/chunk-5RXB4S5H-B6IFwdNg.js                      38.12 kB │ gzip:  12.54 kB
../dist-renderer/assets/index-CZxkrNRy.js                               40.93 kB │ gzip:  16.85 kB
../dist-renderer/assets/WindowControls-DF_-zXZb.js                      41.23 kB │ gzip:  17.28 kB
../dist-renderer/assets/xychartDiagram-ELKLHX3M-DNQck0pl.js             41.98 kB │ gzip:  12.07 kB
../dist-renderer/assets/vennDiagram-T6HMQDX7-C6Ev_-Oa.js                42.00 kB │ gzip:  15.72 kB
../dist-renderer/assets/index-DTIZVzUH.js                               45.30 kB │ gzip:  19.26 kB
../dist-renderer/assets/chunk-GF5L2VYU-CrzrrafN.js                      49.18 kB │ gzip:  15.75 kB
../dist-renderer/assets/PreviewPanel-BASoXIUG.js                        50.42 kB │ gzip:  16.45 kB
../dist-renderer/assets/flowDiagram-UKHOOZJN-CVQKs1a0.js                60.72 kB │ gzip:  19.52 kB
../dist-renderer/assets/ganttDiagram-PKOTCBZU-B2c_PsxL.js               69.73 kB │ gzip:  23.58 kB
../dist-renderer/assets/c4Diagram-5PPSVZJV-uQ-GAc2J.js                  69.98 kB │ gzip:  19.65 kB
../dist-renderer/assets/index-DXcqtaqs.js                               71.01 kB │ gzip:  25.95 kB
../dist-renderer/assets/blockDiagram-VBNYF7ZC-BGZ12MY8.js               73.78 kB │ gzip:  21.28 kB
../dist-renderer/assets/cose-bilkent-JH36ORCC-B7EBg3pI.js               81.74 kB │ gzip:  22.50 kB
../dist-renderer/assets/composer-send-coordinator-Blx50LwE.js           92.66 kB │ gzip:  26.85 kB
../dist-renderer/assets/index-BC4pnm1l.js                               97.96 kB │ gzip:  28.53 kB
../dist-renderer/assets/index-BgZsjiOa.js                              100.75 kB │ gzip:  33.74 kB
../dist-renderer/assets/sequenceDiagram-SI44F4Z6-gahX5HCg.js           117.00 kB │ gzip:  31.16 kB
../dist-renderer/assets/swimlanes-SLNWSIFB-DjSAH3_D.js                 118.86 kB │ gzip:  43.66 kB
../dist-renderer/assets/AnimationPrimitives-BOSKIzkR.js                132.70 kB │ gzip:  44.06 kB
../dist-renderer/assets/app-file-drag-BX3U4vj2.js                      132.93 kB │ gzip:  40.66 kB
../dist-renderer/assets/main-DteayyEc.js                               136.99 kB │ gzip:  39.75 kB
../dist-renderer/assets/architectureDiagram-T3A2C74G-AD3r8mOe.js       151.87 kB │ gzip:  43.17 kB
../dist-renderer/assets/index-BbHlmgKX.js                              193.23 kB │ gzip:  60.64 kB
../dist-renderer/assets/default-workspace-constants-BgxV258V.js        203.37 kB │ gzip:  25.39 kB
../dist-renderer/assets/SendButton-Dh89D6wV.js                         221.64 kB │ gzip:  66.20 kB
../dist-renderer/assets/katex-HP8lGamR.js                              261.31 kB │ gzip:  77.57 kB
../dist-renderer/assets/cytoscape.esm-DH6-wILU.js                      441.80 kB │ gzip: 141.55 kB
../dist-renderer/assets/theme-registry-C_V0oBDo.js                     514.20 kB │ gzip: 169.12 kB
../dist-renderer/assets/mermaid.core-DFUzhup7.js                       623.21 kB │ gzip: 149.40 kB
../dist-renderer/assets/SettingsContent-lt32A1l4.js                    638.95 kB │ gzip: 166.99 kB
../dist-renderer/assets/PreviewEditor-4WADfJJr.js                      646.13 kB │ gzip: 217.65 kB
../dist-renderer/assets/ChatPage-BYIUrg0T.js                           651.81 kB │ gzip: 205.46 kB
../dist-renderer/assets/cynefin-VYW2F7L2-CaYOPgiC.js                   688.14 kB │ gzip: 154.16 kB

(!) Some chunks are larger than 500 kB after minification. Consider:
- Using dynamic import() to code-split the application
- Use build.rollupOptions.output.manualChunks to improve chunking: https://rollupjs.org/configuration-options/#output-manualchunks
- Adjust chunk size limit for this warning via build.chunkSizeWarningLimit.
✓ built in 6.93s

> lingxi@0.1.35 build:splash
> vite build --config vite.config.splash.ts

vite v7.3.6 building client environment for production...
<script src="modules/platform.js"> in "/splash.html" can't be bundled without type="module" attribute
transforming...
✓ 30 modules transformed.
rendering chunks...
computing gzip size...
../dist-splash/splash.html                  2.23 kB │ gzip:  0.90 kB
../dist-splash/assets/splash-D4fto8oT.js  196.12 kB │ gzip: 62.04 kB
✓ built in 327ms

> lingxi@0.1.35 build:theme
> vite build --config vite.config.theme.js

vite v7.3.6 building client environment for production...
transforming...
✓ 4 modules transformed.
rendering chunks...
computing gzip size...
desktop/dist-renderer/lib/theme.js  5.19 kB │ gzip: 1.78 kB │ map: 12.73 kB
✓ built in 38ms
