2026-10-03T20:20:27.029877Z  INFO lingxi_service: data root resolved [token] source=cli ignored_sources=none
2026-10-03T20:20:27.031371Z  INFO lingxi_service: data root prepared (canonicalized; runtime dir private 0700) [token] [token]
2026-10-03T20:20:27.031856Z  INFO lingxi_service: single-writer lock acquired [token] start_nonce=c38f78cfd224d605 pid=46144 entropy="os-random-device" lock=/private/var/folders/5r/wq54gtms21gfjgr5v94ynfyh0000gn/T/lingxi-r02t05-home-shY6Bn/lingxi-service/instance.lock network_mode=loopback
2026-10-03T20:20:27.058956Z  INFO lingxi_service: data-epoch gate passed [token] decision=ProceedStampedNew(EpochStamp { format: V2, minimum_reader_epoch: 1, committed_data_epoch: 1, last_version: Some("0.0.0") })
2026-10-03T20:20:27.115819Z  INFO lingxi_adapters::storage::run_store: run database migrated db=/private/var/folders/5r/wq54gtms21gfjgr5v94ynfyh0000gn/T/lingxi-r02t05-home-shY6Bn/lingxi-service/data/runs.db applied=[1, 2, 3, 4, 5] version=5
2026-10-03T20:20:27.117168Z  INFO lingxi_service: auth service bootstrapped (per-start loopback token, owner-only); run database migrated and seeded local_token_file=/private/var/folders/5r/wq54gtms21gfjgr5v94ynfyh0000gn/T/lingxi-r02t05-home-shY6Bn/lingxi-service/local-token.json run_database=/private/var/folders/5r/wq54gtms21gfjgr5v94ynfyh0000gn/T/lingxi-r02t05-home-shY6Bn/lingxi-service/data/runs.db
2026-10-03T20:20:27.126825Z  INFO lingxi_service: instance record published (atomic write) record=/private/var/folders/5r/wq54gtms21gfjgr5v94ynfyh0000gn/T/lingxi-r02t05-home-shY6Bn/lingxi-service/instance.json bind_addr=127.0.0.1:50093
2026-10-03T20:20:27.463932Z  INFO lingxi_service::sessions: run settled through the single finalize path run_id=run_000001a1036cd8c6_000001 session_id="sess_local_alpha" outcome=completed.no_final.no_provider_configured input_chars=10 input_bytes=10
2026-10-03T20:20:27.464190Z  INFO lingxi_service: request handled [token] method=POST [token] status=200
2026-10-03T20:20:27.465851Z  INFO lingxi_service::sessions: run settled through the single finalize path run_id=run_000001a1036cd8c9_000002 session_id="sess_local_alpha" outcome=completed.no_final.no_provider_configured input_chars=10 input_bytes=10
2026-10-03T20:20:27.466011Z  INFO lingxi_service: request handled [token] method=POST [token] status=200
2026-10-03T20:20:27.466715Z  INFO lingxi_service: request handled [token] method=GET path=/lingxi/v1/ws status=101
2026-10-03T20:20:27.469116Z  INFO lingxi_service::sessions: run settled through the single finalize path run_id=run_000001a1036cd8cb_000003 session_id="sess_local_alpha" outcome=completed.no_final.no_provider_configured input_chars=12 input_bytes=12
2026-10-03T20:20:27.469262Z  INFO lingxi_service: request handled [token] method=POST [token] status=200
2026-10-03T20:20:27.470479Z  INFO lingxi_service::sessions: run settled through the single finalize path run_id=run_000001a1036cd8cd_000004 session_id="sess_local_alpha" outcome=completed.no_final.no_provider_configured input_chars=12 input_bytes=12
2026-10-03T20:20:27.470612Z  INFO lingxi_service: request handled [token] method=POST [token] status=200
2026-10-03T20:20:27.471715Z  INFO lingxi_service::sessions: run settled through the single finalize path run_id=run_000001a1036cd8cf_000005 session_id="sess_local_alpha" outcome=completed.no_final.no_provider_configured input_chars=12 input_bytes=12
2026-10-03T20:20:27.471851Z  INFO lingxi_service: request handled [token] method=POST [token] status=200
2026-10-03T20:20:27.472927Z  INFO lingxi_service::sessions: run settled through the single finalize path run_id=run_000001a1036cd8d0_000006 session_id="sess_local_alpha" outcome=completed.no_final.no_provider_configured input_chars=12 input_bytes=12
2026-10-03T20:20:27.473053Z  INFO lingxi_service: request handled [token] method=POST [token] status=200
2026-10-03T20:20:28.483804Z  INFO lingxi_service::sessions: run settled through the single finalize path run_id=run_000001a1036cdcc1_000007 session_id="sess_local_alpha" outcome=completed.no_final.no_provider_configured input_chars=8 input_bytes=8
2026-10-03T20:20:28.484298Z  INFO lingxi_service: request handled [token] method=POST [token] status=200
2026-10-03T20:20:28.486216Z  INFO lingxi_service: request handled [token] method=GET [token] status=200
2026-10-03T20:20:28.489961Z  INFO lingxi_service: request handled [token] method=GET [token] status=409
2026-10-03T20:20:28.491125Z  INFO lingxi_service: request handled [token] method=GET path=/lingxi/v1/ws status=101
2026-10-03T20:20:28.495615Z  INFO lingxi_service: request handled [token] method=GET [token] status=200
2026-10-03T20:20:28.497942Z  INFO lingxi_service::sessions: run settled through the single finalize path run_id=run_000001a1036cdcd0_000008 session_id="sess_local_beta" outcome=completed.no_final.no_provider_configured input_chars=8 input_bytes=8
2026-10-03T20:20:28.498153Z  INFO lingxi_service: request handled [token] method=POST [token] status=200
2026-10-03T20:20:28.499192Z  INFO lingxi_service: request handled [token] method=GET [token] status=200
2026-10-03T20:20:28.500957Z  INFO lingxi_service: request handled [token] method=GET [token] status=409
2026-10-03T20:20:28.501599Z  INFO lingxi_service: request handled [token] method=GET path=/lingxi/v1/ws status=101
2026-10-03T20:20:28.503980Z  INFO lingxi_service: request handled [token] method=GET path=/lingxi/v1/ws status=101
2026-10-03T20:20:31.510085Z  INFO lingxi_service: request handled [token] method=GET [token] status=404
2026-10-03T20:20:31.512067Z  INFO lingxi_service: request handled [token] method=GET path=/lingxi/v1/ws status=101
2026-10-03T20:20:34.520096Z  INFO lingxi_service: request handled [token] method=GET path=/lingxi/v1/ws status=101
2026-10-03T20:20:37.527025Z  INFO lingxi_service: request handled [token] method=GET path=/lingxi/v1/ws status=101
2026-10-03T20:20:41.740090Z  INFO lingxi_service: request handled [token] method=POST path=/lingxi/v1/devices/credentials status=201
2026-10-03T20:20:42.925491Z  INFO lingxi_service: request handled [token] method=GET [token] status=403
2026-10-03T20:20:43.350685Z  INFO lingxi_service: shutdown signal: SIGTERM
2026-10-03T20:20:43.352022Z  INFO lingxi_service::shutdown: run database closed (drained, WAL truncated) phase=storage_close
2026-10-03T20:20:43.352404Z  INFO lingxi_service::shutdown: own instance record removed, lock released phase=record_cleanup
2026-10-03T20:20:43.352498Z  INFO lingxi_service: lingxi-service stopped cleanly (run database closed, own record removed, lock released)
