[desktop] network proxy applied (startup): system
[desktop] 启动 LingxiAgent Server...
[server-bootstrap] process started pid=90199 platform=darwin arch=arm64
[server-bootstrap] node=v24.16.0 lingxiHome=~/data
[server-bootstrap] root=/Users/[user]/Desktop/Code/LingxiAgent
[server-bootstrap] entry=/Users/[user]/Desktop/Code/LingxiAgent/server/main-full.ts
[server-bootstrap] importing server entry
(electron) 'console-message' arguments are deprecated and will be removed. Please use Event<WebContentsConsoleMessageEventParams> object instead.
[server] ① ensureFirstRun...
[server] ① ensureFirstRun 完成
[server] ① ensureLocalIdentityRegistries...
[server] ① ensureLocalIdentityRegistries 完成
[server] ② 创建 LingxiEngine...
[server] ② LingxiEngine 构造完成，开始 init...
[server] [migrations] _dataVersion=0，待执行 1 条迁移
[server] [migrations] #54 完成
[server] [credential-custody] tightened .
[server] [credential-custody] tightened provider-catalog.json
[server] [credential-custody] tightened users.json
[server] [credential-custody] tightened agents/lingxi/config.yaml
[server] [credential-custody] tightened security
[server] [credential-custody] tightened security/execution-leases.json
[server] [credential-custody] tightened security/grants.json
[server] [init] 1/5 Pi SDK 初始化...
[server] [init] 1/5 AuthStorage + ModelRegistry + 1 个模型就绪
[server] [init] 2/5 初始化所有 agent...
[server]   [compat] dirs: 创建了 7 个缺失目录
[server]   [compat] 3 项检查完成，1 项已修复
[server]   [agent] 1. loadConfig...
[server]   [agent] 1. loadConfig 完成
[server]   [agent] 3. 模块初始化完成
[server]   [agent] 4. FactStore...
[fact-store] schema migrated: v0 → v3
[server]   [agent] 4. FactStore + SummaryManager 完成
[server]   [agent] 4. memoryTicker...
[server]   [agent] 4. memoryTicker 创建完成
[memory-ticker] v3 已启动（turn-based，每日任务备用 timer 1h）
[server]   [agent] 7. 创建工具...
[server]   [agent] 8. Desk 系统...
[server]   [agent] 9. buildSystemPrompt...
[server]   [agent] init 全部完成
[memory-ticker] 每日任务开始 (2026-09-22)
[server] [init] 1 个 agent 已加载配置，焦点 runtime 已就绪
[server] [init] 2/5 1 个 agent 已就绪
[server] [init] 3/5 ResourceLoader 初始化...
[server] [init] 3/5 ResourceLoader 完成 (10ms, 4 skills)
[server] [init] 4/5 发现可用模型...
[agent] Lingxi 记忆编译完成，system prompt 已刷新
[memory-ticker] 每日任务完成
[agent] Lingxi 记忆编译完成，system prompt 已刷新
[server] [init] 4/5 找到 1 个模型: witness-a/witness-model
[server] ✿ 使用模型: Witness Model (witness-a)
[server] ✿ 沙盒已启用
[server] ✿ 初始化完成（0.1s）
[server] ② engine.init 完成
[plugin-manager] loading plugin "beautify"...
[plugin-manager] loading "beautify" tools...
[plugin-manager] loaded "beautify" tools (3ms)
[plugin-manager] loading "beautify" configuration...
[plugin-manager] loaded "beautify" configuration (1ms)
[plugin-manager] loading "beautify" lifecycle import...
[plugin-manager] loaded "beautify" lifecycle import (0ms)
[plugin-manager] loading "beautify" lifecycle onload...
[plugin:beautify] beautify plugin loaded
[plugin-manager] loaded "beautify" lifecycle onload (0ms)
[plugin-manager] plugin "beautify" loaded (5ms)
[plugin-manager] loading plugin "jimeng-cli"...
[plugin-manager] loading "jimeng-cli" providers...
[plugin-manager] loaded "jimeng-cli" providers (1ms)
[plugin-manager] loading "jimeng-cli" lifecycle import...
[plugin-manager] loaded "jimeng-cli" lifecycle import (2ms)
[plugin-manager] loading "jimeng-cli" lifecycle onload...
[media] adapter registered: jimeng-cli-images
[plugin:jimeng-cli] jimeng-cli adapter registered: jimeng-cli-images
[media] adapter registered: jimeng-cli-videos
[plugin:jimeng-cli] jimeng-cli adapter registered: jimeng-cli-videos
[plugin-manager] loaded "jimeng-cli" lifecycle onload (1ms)
[plugin-manager] plugin "jimeng-cli" loaded (4ms)
[plugin-manager] loading plugin "media"...
[plugin-manager] loading "media" tools...
[plugin-manager] loaded "media" tools (2ms)
[plugin-manager] plugin "media" loaded (2ms)
[plugin-manager] loading plugin "office"...
[plugin-manager] loading "office" tools...
[plugin-manager] loaded "office" tools (2ms)
[plugin-manager] plugin "office" loaded (2ms)
[cron] 调度器已启动（间隔 60 秒）
[scheduler] Studio cron 已启动
[server] ③ 跳过启动期 session 创建
[server] LingxiAgent Server 运行在 http://127.0.0.1:49776
[server] ready: port=49776
[server-bootstrap] server entry import completed
[agent-mgr] [description] lingxi: 已更新
[server] Bridge manager 初始化...
[desktop] Server 就绪，端口: 49776
[server] Bridge manager 初始化完成
[desktop] Browser control WS connected
[server] Electron browser control WS connected
[desktop] 主窗口 HTML 加载完成，等待前端 init...
[desktop] ⚠ 主窗口初始化超时（30s），强制显示
[sessions] 新建 session {"hasCwd":true,"memoryEnabled":false,"customAgent":false}
[session] createSession cwd=~ restore=false (传入: ~)
[session] session created (28ms), model=Witness Model
[config] updateConfig: keys=[last_cwd,cwd_history]
[sessions] session 创建完成
[desktop] shutdownServer: 正在关闭 owned server...
[server] 
正在关闭...
[server] HTTP server 已关闭
[media] adapter unregistered: jimeng-cli-videos
[media] adapter unregistered: jimeng-cli-images
[session] sessions cleaned up
[server] Hub + Engine 已清理
