
> lingxi@0.1.43 build:shell
> node scripts/build-shell.mjs

[build-shell] starting shell-only build for darwin-arm64
[build-shell] building computer-use helper (darwin)...
[computer-use-helper] building for arm64
Building for production...
[Computing dependencies]
[Using on-disk description]
[1 / 1]
Build complete! (0.71秒)
[computer-use-helper] copied /Users/study_superior/Desktop/Code/LingxiAgent/dist-computer-use/mac-arm64/lingxi-computer-use-helper
[build-shell] build:main...
vite v7.3.6 building client environment for production...
transforming...
✓ 455 modules transformed.
rendering chunks...
computing gzip size...
desktop/main.bundle.cjs  1,062.00 kB │ gzip: 348.54 kB
✓ built in 1.26s
[build-shell] build:preload...
vite v7.3.6 building client environment for production...
transforming...
✓ 9 modules transformed.
rendering chunks...
computing gzip size...
desktop/preload.bundle.cjs  11.00 kB │ gzip: 3.44 kB
✓ built in 44ms
[build-shell] build:splash...
vite v7.3.6 building client environment for production...
transforming...
✓ 30 modules transformed.
rendering chunks...
computing gzip size...
../dist-splash/splash.html                  2.23 kB │ gzip:  0.90 kB
../dist-splash/assets/splash-D4fto8oT.js  196.12 kB │ gzip: 62.04 kB
✓ built in 329ms
[build-shell] verify:seed-kit...
[verify-seed-kit] using LINGXI_SIGN_KEYSET override: /var/folders/5r/wq54gtms21gfjgr5v94ynfyh0000gn/T/lingxi-r02-r18-local-sign-vnqekq8i/public-keyset.json
[verify-seed-kit] verifying /Users/study_superior/Desktop/Code/LingxiAgent/dist-server-artifact/mac-arm64 (platformArch=darwin-arm64)...
[verify-seed-kit] OK — seed kit at /Users/study_superior/Desktop/Code/LingxiAgent/dist-server-artifact/mac-arm64 matches its manifest and verifies against the pinned keyset.
[build-shell] verified prebuilt Rust service /Users/study_superior/Desktop/Code/LingxiAgent/dist-rust-service/mac-arm64/lingxi-service
[build-shell] electron-builder --dir...
  • electron-builder  version=26.15.3 os=27.0.0
  • loaded configuration  file=package.json ("build" field)
  • skipped dependencies rebuild  reason=npmRebuild is set to false
  • packaging       platform=darwin arch=arm64 electron=42.8.1 appOutDir=dist/mac-arm64
  • downloaded      label=electron progress=100%
  • downloaded electron zip extracted successfully  output=/Users/study_superior/Desktop/Code/LingxiAgent/dist/mac-arm64
  • searching for node modules  pm=npm searchDir=/Users/study_superior/Desktop/Code/LingxiAgent
  • duplicate dependency references  dependencies=["@codemirror/language@6.12.2","@codemirror/state@6.6.0","@codemirror/view@6.43.0","@codemirror/autocomplete@6.20.1","@codemirror/lang-css@6.3.1","@codemirror/lang-javascript@6.2.5","@codemirror/language@6.12.2","@codemirror/state@6.6.0","@codemirror/view@6.43.0","@lezer/highlight@1.2.3","@lezer/lr@1.4.8","@lezer/highlight@1.2.3","@lezer/lr@1.4.8","@codemirror/state@6.6.0","@codemirror/view@6.43.0","@codemirror/view@6.43.0","@lezer/highlight@1.2.3","@codemirror/lang-html@6.4.11","@codemirror/lang-javascript@6.2.5","@codemirror/language@6.12.2","@lezer/highlight@1.2.3","@lezer/lr@1.4.8","@codemirror/language@6.12.2","@lezer/highlight@1.2.3","@lezer/lr@1.4.8","@codemirror/autocomplete@6.20.1","@codemirror/language@6.12.2","@codemirror/state@6.6.0","@lezer/css@1.3.1","@codemirror/autocomplete@6.20.1","@codemirror/language@6.12.2","@codemirror/state@6.6.0","@lezer/highlight@1.2.3","@lezer/lr@1.4.8","@codemirror/lang-html@6.4.11","@codemirror/language@6.12.2","@lezer/highlight@1.2.3","@lezer/lr@1.4.8","@codemirror/autocomplete@6.20.1","@codemirror/language@6.12.2","@codemirror/lint@6.9.5","@codemirror/state@6.6.0","@codemirror/view@6.43.0","@lezer/highlight@1.2.3","@lezer/lr@1.4.8","@codemirror/lang-html@6.4.11","@codemirror/language@6.12.2","@lezer/highlight@1.2.3","@lezer/lr@1.4.8","@codemirror/language@6.12.2","@lezer/highlight@1.2.3","@lezer/lr@1.4.8","@codemirror/lang-css@6.3.1","@codemirror/language@6.12.2","@lezer/highlight@1.2.3","@lezer/lr@1.4.8","@codemirror/autocomplete@6.20.1","@codemirror/lang-html@6.4.11","@codemirror/language@6.12.2","@codemirror/state@6.6.0","@codemirror/view@6.43.0","@lezer/highlight@1.2.3","@lezer/lr@1.4.8","@codemirror/lang-markdown@6.5.0","@codemirror/lang-html@6.4.11","@codemirror/language@6.12.2","@codemirror/state@6.6.0","@lezer/highlight@1.2.3","@lezer/lr@1.4.8","@codemirror/autocomplete@6.20.1","@codemirror/language@6.12.2","@codemirror/state@6.6.0","@lezer/highlight@1.2.3","@lezer/lr@1.4.8","@codemirror/language@6.12.2","@lezer/highlight@1.2.3","@lezer/lr@1.4.8","@codemirror/lang-css@6.3.1","@codemirror/language@6.12.2","@codemirror/state@6.6.0","@lezer/highlight@1.2.3","@lezer/lr@1.4.8","@codemirror/autocomplete@6.20.1","@codemirror/language@6.12.2","@codemirror/state@6.6.0","@lezer/highlight@1.2.3","@lezer/lr@1.4.8","@codemirror/lang-html@6.4.11","@codemirror/lang-javascript@6.2.5","@codemirror/language@6.12.2","@lezer/highlight@1.2.3","@lezer/lr@1.4.8","@codemirror/language@6.12.2","@lezer/highlight@1.2.3","@lezer/lr@1.4.8","@codemirror/autocomplete@6.20.1","@codemirror/language@6.12.2","@codemirror/state@6.6.0","@codemirror/view@6.43.0","@lezer/highlight@1.2.3","@lezer/lr@1.4.8","@codemirror/autocomplete@6.20.1","@codemirror/language@6.12.2","@codemirror/state@6.6.0","@lezer/highlight@1.2.3","@lezer/lr@1.4.8","@lezer/highlight@1.2.3","@lezer/lr@1.4.8","@codemirror/language@6.12.2","@codemirror/language@6.12.2","@codemirror/state@6.6.0","@earendil-works/pi-ai@0.86.0","@aws-sdk/types@3.974.5","@smithy/types@4.18.0","@smithy/core@3.34.1","@smithy/core@3.34.1","@smithy/types@4.18.0","@smithy/types@4.18.0","@aws-sdk/core@3.978.0","@aws-sdk/types@3.974.5","@smithy/core@3.34.1","@smithy/types@4.18.0","@aws-sdk/core@3.978.0","@aws-sdk/types@3.974.5","@smithy/core@3.34.1","@smithy/fetch-http-handler@5.8.0","@smithy/node-http-handler@4.12.1","@smithy/types@4.18.0","@aws-sdk/core@3.978.0","@aws-sdk/credential-provider-env@3.972.71","@aws-sdk/credential-provider-http@3.972.73","@aws-sdk/core@3.978.0","@aws-sdk/nested-clients@3.997.45","@aws-sdk/types@3.974.5","@smithy/core@3.34.1","@smithy/types@4.18.0","@aws-sdk/credential-provider-process@3.972.71","@aws-sdk/credential-provider-sso@3.973.15","@aws-sdk/credential-provider-web-identity@3.972.77","@aws-sdk/nested-clients@3.997.45","@aws-sdk/types@3.974.5","@smithy/core@3.34.1","@smithy/credential-provider-imds@4.5.2","@smithy/types@4.18.0","@aws-sdk/core@3.978.0","@aws-sdk/types@3.974.5","@smithy/core@3.34.1","@smithy/types@4.18.0","@aws-sdk/core@3.978.0","@aws-sdk/nested-clients@3.997.45","@aws-sdk/core@3.978.0","@aws-sdk/nested-clients@3.997.45","@aws-sdk/types@3.974.5","@smithy/core@3.34.1","@smithy/types@4.18.0","@aws-sdk/types@3.974.5","@smithy/core@3.34.1","@smithy/types@4.18.0","@aws-sdk/core@3.978.0","@aws-sdk/nested-clients@3.997.45","@aws-sdk/types@3.974.5","@smithy/core@3.34.1","@smithy/types@4.18.0","@aws-sdk/types@3.974.5","@smithy/core@3.34.1","@smithy/core@3.34.1","@smithy/types@4.18.0","@smithy/types@4.18.0","@aws-sdk/types@3.974.5","@smithy/core@3.34.1","@smithy/types@4.18.0","@aws-sdk/types@3.974.5","@smithy/core@3.34.1","@smithy/types@4.18.0","@aws-sdk/core@3.978.0","@aws-sdk/types@3.974.5","@smithy/core@3.34.1","@smithy/fetch-http-handler@5.8.0","@smithy/signature-v4@5.7.3","@smithy/types@4.18.0","@aws-sdk/core@3.978.0","@aws-sdk/core@3.978.0","@aws-sdk/types@3.974.5","@smithy/signature-v4@5.7.3","@smithy/types@4.18.0","@aws-sdk/types@3.974.5","@smithy/core@3.34.1","@smithy/fetch-http-handler@5.8.0","@smithy/node-http-handler@4.12.1","@smithy/types@4.18.0","@aws-sdk/types@3.974.5","@smithy/core@3.34.1","@smithy/types@4.18.0","@smithy/types@4.18.0","@smithy/types@4.18.0","@smithy/core@3.34.1","@smithy/types@4.18.0","@smithy/node-http-handler@4.12.1","https-proxy-agent@7.0.6","fetch-blob@3.2.0","gaxios@7.3.1","ecdsa-sig-formatter@1.0.11","protobufjs@7.6.5","@smithy/core@3.34.1","@smithy/types@4.18.0","debug@4.4.3","debug@4.4.3","@earendil-works/chord@0.86.0","@earendil-works/pi-ai@0.86.0","@aws-sdk/types@3.974.5","@smithy/types@4.18.0","@smithy/core@3.33.3","@smithy/core@3.33.3","@smithy/types@4.18.0","@smithy/types@4.18.0","@aws-sdk/core@3.977.9","@aws-sdk/types@3.974.5","@smithy/core@3.33.3","@smithy/types@4.18.0","@aws-sdk/core@3.977.9","@aws-sdk/types@3.974.5","@smithy/core@3.33.3","@smithy/fetch-http-handler@5.8.0","@smithy/node-http-handler@4.12.1","@smithy/types@4.18.0","@aws-sdk/core@3.977.9","@aws-sdk/credential-provider-env@3.972.70","@aws-sdk/credential-provider-http@3.972.72","@aws-sdk/core@3.977.9","@aws-sdk/nested-clients@3.997.44","@aws-sdk/types@3.974.5","@smithy/core@3.33.3","@smithy/types@4.18.0","@aws-sdk/credential-provider-process@3.972.70","@aws-sdk/credential-provider-sso@3.973.14","@aws-sdk/credential-provider-web-identity@3.972.76","@aws-sdk/nested-clients@3.997.44","@aws-sdk/types@3.974.5","@smithy/core@3.33.3","@smithy/credential-provider-imds@4.5.2","@smithy/types@4.18.0","@aws-sdk/core@3.977.9","@aws-sdk/types@3.974.5","@smithy/core@3.33.3","@smithy/types@4.18.0","@aws-sdk/core@3.977.9","@aws-sdk/nested-clients@3.997.44","@aws-sdk/core@3.977.9","@aws-sdk/nested-clients@3.997.44","@aws-sdk/types@3.974.5","@smithy/core@3.33.3","@smithy/types@4.18.0","@aws-sdk/types@3.974.5","@smithy/core@3.33.3","@smithy/types@4.18.0","@aws-sdk/core@3.977.9","@aws-sdk/nested-clients@3.997.44","@aws-sdk/types@3.974.5","@smithy/core@3.33.3","@smithy/types@4.18.0","@aws-sdk/types@3.974.5","@smithy/core@3.33.3","@smithy/core@3.33.3","@smithy/types@4.18.0","@smithy/types@4.18.0","@aws-sdk/types@3.974.5","@smithy/core@3.33.3","@smithy/types@4.18.0","@aws-sdk/types@3.974.5","@smithy/core@3.33.3","@smithy/types@4.18.0","@aws-sdk/core@3.977.9","@aws-sdk/types@3.974.5","@smithy/core@3.33.3","@smithy/fetch-http-handler@5.8.0","@smithy/signature-v4@5.7.3","@smithy/types@4.18.0","@aws-sdk/core@3.977.9","@aws-sdk/core@3.977.9","@aws-sdk/types@3.974.5","@smithy/signature-v4@5.7.3","@smithy/types@4.18.0","@aws-sdk/types@3.974.5","@smithy/core@3.33.3","@smithy/fetch-http-handler@5.8.0","@smithy/node-http-handler@4.12.1","@smithy/types@4.18.0","@aws-sdk/types@3.974.5","@smithy/core@3.33.3","@smithy/types@4.18.0","@smithy/types@4.18.0","@smithy/types@4.18.0","@smithy/core@3.33.3","@smithy/types@4.18.0","@smithy/node-http-handler@4.12.1","debug@4.4.3","fetch-blob@3.2.0","gaxios@7.1.4","ecdsa-sig-formatter@1.0.11","@smithy/core@3.33.3","@smithy/types@4.18.0","debug@4.4.3","combined-stream@1.0.8","get-intrinsic@1.3.0","hasown@2.0.4","mime-types@2.1.35","debug@4.4.3","debug@4.4.3","call-bound@1.0.4","get-intrinsic@1.3.0","call-bound@1.0.4","get-intrinsic@1.3.0","side-channel-map@1.0.1","react-dom@19.2.4","@tiptap/pm@3.22.0","@tiptap/pm@3.22.0","prosemirror-transform@1.12.0","prosemirror-state@1.4.4","prosemirror-model@1.25.4","prosemirror-state@1.4.4","prosemirror-transform@1.12.0","prosemirror-state@1.4.4","prosemirror-transform@1.12.0","prosemirror-view@1.41.7","prosemirror-keymap@1.2.3","prosemirror-model@1.25.4","prosemirror-state@1.4.4","prosemirror-view@1.41.7","prosemirror-state@1.4.4","prosemirror-transform@1.12.0","prosemirror-view@1.41.7","prosemirror-state@1.4.4","prosemirror-transform@1.12.0","prosemirror-state@1.4.4","markdown-it@14.3.0","prosemirror-model@1.25.4","prosemirror-commands@1.7.1","prosemirror-history@1.5.0","prosemirror-state@1.4.4","prosemirror-model@1.25.4","prosemirror-model@1.25.4","prosemirror-state@1.4.4","prosemirror-transform@1.12.0","prosemirror-model@1.25.4","prosemirror-transform@1.12.0","prosemirror-view@1.41.7","prosemirror-keymap@1.2.3","prosemirror-model@1.25.4","prosemirror-state@1.4.4","prosemirror-transform@1.12.0","prosemirror-view@1.41.7","prosemirror-model@1.25.4","prosemirror-state@1.4.4","prosemirror-view@1.41.7","prosemirror-model@1.25.4","prosemirror-model@1.25.4","prosemirror-state@1.4.4","prosemirror-transform@1.12.0","@tiptap/pm@3.22.0","@floating-ui/dom@1.7.6","@tiptap/pm@3.22.0","@tiptap/pm@3.22.0","@types/react@19.2.14","react-dom@19.2.4","@tiptap/pm@3.22.0","@tiptap/pm@3.22.0","@tiptap/pm@3.22.0","@tiptap/pm@3.22.0","@tiptap/pm@3.22.0","katex@0.16.47","end-of-stream@1.4.5","once@1.4.0","once@1.4.0","pump@3.0.4","tar-stream@2.2.0","@codemirror/autocomplete@6.20.1","@codemirror/language@6.12.2","@codemirror/state@6.6.0","@codemirror/view@6.43.0","@codemirror/language@6.12.2","@codemirror/state@6.6.0","@codemirror/view@6.43.0","@codemirror/state@6.6.0","@codemirror/view@6.43.0","@codemirror/state@6.6.0","@codemirror/view@6.43.0","debug@4.4.3","js-yaml@4.3.1","once@1.4.0","once@1.4.0","string_decoder@1.1.1","string_decoder@1.1.1","readable-stream@3.6.2","readable-stream@3.6.2","end-of-stream@1.4.5","readable-stream@3.6.2","inflight@1.0.6","once@1.4.0","lazystream@1.0.1","readable-stream@3.6.2","readable-stream@3.6.2","readable-stream@3.6.2","readable-stream@3.6.2","string_decoder@1.1.1","string_decoder@1.1.1","inflight@1.0.6","once@1.4.0","string_decoder@1.1.1","css-tree@3.2.1","css-tree@3.2.1","css-tree@3.2.1","jszip@3.10.1","@types/d3-interpolate@3.0.4","d3-interpolate@3.0.1","d3-drag@3.0.0","d3-interpolate@3.0.1","d3-transition@3.0.1","d3-array@3.2.4","d3-dsv@3.0.1","d3-array@3.2.4","d3-interpolate@3.0.1","d3-array@3.2.4","d3-interpolate@3.0.1","d3-time-format@4.1.0","d3-time@3.1.0","d3-time@3.1.0","d3-array@3.2.4","d3-transition@3.0.1","d3-drag@3.0.0","d3-interpolate@3.0.1","d3-transition@3.0.1","d3@7.9.0","katex@0.16.47","react-dom@19.2.4","react-dom@19.2.4","@cypress/request@3.0.10","combined-stream@1.0.8","form-data@4.0.6","verror@1.10.0","sshpk@1.18.0","mime-types@2.1.35","qs@6.15.3","tough-cookie@4.1.4","tunnel-agent@0.6.0","tough-cookie@4.1.4","form-data@4.0.6","qs@6.15.3","tough-cookie@4.1.4","tunnel-agent@0.6.0","call-bind-apply-helpers@1.0.2","es-object-atoms@1.1.1","get-proto@1.0.1","hasown@2.0.4","define-data-property@1.1.4","get-intrinsic@1.3.0","has-property-descriptors@1.0.2","call-bind-apply-helpers@1.0.2","get-intrinsic@1.3.0","call-bound@1.0.4","is-array-buffer@3.0.5","array-buffer-byte-length@1.0.2","call-bind@1.0.8","define-properties@1.2.1","es-abstract@1.24.1","get-intrinsic@1.3.0","is-array-buffer@3.0.5","call-bind@1.0.8","call-bound@1.0.4","call-bound@1.0.4","is-data-view@1.0.2","call-bound@1.0.4","is-data-view@1.0.2","call-bound@1.0.4","is-data-view@1.0.2","es-object-atoms@1.1.1","es-set-tostringtag@2.1.0","call-bound@1.0.4","has-tostringtag@1.0.2","call-bound@1.0.4","safe-regex-test@1.1.0","call-bind@1.0.8","call-bound@1.0.4","define-properties@1.2.1","hasown@2.0.4","get-intrinsic@1.3.0","call-bind-apply-helpers@1.0.2","es-object-atoms@1.1.1","call-bound@1.0.4","get-intrinsic@1.3.0","define-properties@1.2.1","has-property-descriptors@1.0.2","dunder-proto@1.0.1","hasown@2.0.4","hasown@2.0.4","side-channel@1.1.1","call-bind@1.0.8","call-bound@1.0.4","get-intrinsic@1.3.0","call-bound@1.0.4","get-intrinsic@1.3.0","is-typed-array@1.1.15","call-bound@1.0.4","has-tostringtag@1.0.2","hasown@2.0.4","call-bound@1.0.4","call-bound@1.0.4","has-tostringtag@1.0.2","which-typed-array@1.1.20","call-bound@1.0.4","call-bind@1.0.8","call-bound@1.0.4","define-properties@1.2.1","es-object-atoms@1.1.1","get-intrinsic@1.3.0","safe-push-apply@1.0.0","call-bind@1.0.8","define-properties@1.2.1","get-proto@1.0.1","define-data-property@1.1.4","has-property-descriptors@1.0.2","call-bind@1.0.8","call-bound@1.0.4","get-intrinsic@1.3.0","call-bound@1.0.4","is-regex@1.2.1","dunder-proto@1.0.1","es-object-atoms@1.1.1","internal-slot@1.1.0","call-bind@1.0.8","call-bound@1.0.4","define-data-property@1.1.4","define-properties@1.2.1","es-abstract@1.24.1","es-object-atoms@1.1.1","has-property-descriptors@1.0.2","call-bind@1.0.8","call-bound@1.0.4","define-properties@1.2.1","es-object-atoms@1.1.1","call-bind@1.0.8","define-properties@1.2.1","es-object-atoms@1.1.1","call-bound@1.0.4","is-typed-array@1.1.15","call-bind@1.0.8","has-proto@1.2.0","is-typed-array@1.1.15","available-typed-arrays@1.0.7","call-bind@1.0.8","for-each@0.3.5","has-proto@1.2.0","is-typed-array@1.1.15","call-bind@1.0.8","define-properties@1.2.1","es-abstract@1.24.1","es-object-atoms@1.1.1","get-intrinsic@1.3.0","get-proto@1.0.1","call-bound@1.0.4","function.prototype.name@1.1.8","has-tostringtag@1.0.2","call-bound@1.0.4","get-proto@1.0.1","has-tostringtag@1.0.2","safe-regex-test@1.1.0","is-date-object@1.1.0","call-bound@1.0.4","call-bound@1.0.4","get-proto@1.0.1","has-tostringtag@1.0.2","safe-regex-test@1.1.0","is-regex@1.2.1","is-weakref@1.1.1","which-boxed-primitive@1.1.1","call-bound@1.0.4","get-intrinsic@1.3.0","which-typed-array@1.1.20","call-bind@1.0.8","for-each@0.3.5","is-typed-array@1.1.15","reflect.getprototypeof@1.0.10","call-bound@1.0.4","call-bound@1.0.4","has-tostringtag@1.0.2","call-bound@1.0.4","has-tostringtag@1.0.2","is-string@1.1.1","is-symbol@1.1.1","available-typed-arrays@1.0.7","call-bind@1.0.8","call-bound@1.0.4","for-each@0.3.5","get-proto@1.0.1","has-tostringtag@1.0.2","hasown@2.0.4","string_decoder@1.1.1","once@1.4.0","debug@4.4.3","debug@4.4.3","debug@4.4.3","debug@4.4.3","http-proxy-agent@7.0.2","https-proxy-agent@7.0.6","socks-proxy-agent@8.0.5","debug@4.4.3","string-width@4.2.3","string-width@4.2.3","strip-ansi@6.0.1","strip-ansi@6.0.1","bindings@1.5.0","@types/react@19.2.14"]
[fix-modules] stripped codesign-blocking xattrs (FinderInfo/fileprovider)
[fix-modules] seed resources verified (renderer archive + server archive + manifest + sig)
[fix-modules] Rust service verified (mac-arm64)
  • skipped macOS application code signing  reason=, see https://electron.build/code-signing CSC_IDENTITY_AUTO_DISCOVERY=false
[resign-adhoc] full ad-hoc resign for /Users/study_superior/Desktop/Code/LingxiAgent/dist/mac-arm64/Lingxi.app
[resign-adhoc] ✓ signed and verified
Skipping notarization (SKIP_NOTARIZE=true)
[build-shell] structural check: found asar at /Users/study_superior/Desktop/Code/LingxiAgent/dist/mac-arm64/Lingxi.app/Contents/Resources/app.asar
[build-shell] structural check: all 15 manifest-declared shell entries present in asar
[build-shell] structural check: no dist-renderer/ paths found in asar (renderer correctly excluded)
[build-shell] structural check: resources/seed/ carries seed-train-darwin-arm64.json + .sig
[build-shell] structural check: resources/rust-service/ matches current darwin-arm64 Rust release
[build-shell] done.
