2026-10-03T21:49:03.003570Z  INFO lingxi_service: data root resolved effective_home=/var/folders/5r/wq54gtms21gfjgr5v94ynfyh0000gn/T//lingxi-r02t08-a15-home.E82bG8 source=cli ignored_sources=none
2026-10-03T21:49:03.005107Z  INFO lingxi_service: data root prepared (canonicalized; runtime dir private 0700) canonical_home=/private/var/folders/5r/wq54gtms21gfjgr5v94ynfyh0000gn/T/lingxi-r02t08-a15-home.E82bG8 runtime_dir=/private/var/folders/5r/wq54gtms21gfjgr5v94ynfyh0000gn/T/lingxi-r02t08-a15-home.E82bG8/lingxi-service
2026-10-03T21:49:03.005599Z  INFO lingxi_service: single-writer lock acquired [token] start_nonce=7b6c6cfbfde09f79 pid=5644 entropy="os-random-device" lock=/private/var/folders/5r/wq54gtms21gfjgr5v94ynfyh0000gn/T/lingxi-r02t08-a15-home.E82bG8/lingxi-service/instance.lock network_mode=loopback
2026-10-03T21:49:03.019836Z  INFO lingxi_service: data-epoch gate passed home=/private/var/folders/5r/wq54gtms21gfjgr5v94ynfyh0000gn/T/lingxi-r02t08-a15-home.E82bG8 decision=ProceedStampedNew(EpochStamp { format: V2, minimum_reader_epoch: 1, committed_data_epoch: 1, last_version: Some("0.0.0") })
2026-10-03T21:49:03.072769Z  INFO lingxi_adapters::storage::run_store: run database migrated db=/private/var/folders/5r/wq54gtms21gfjgr5v94ynfyh0000gn/T/lingxi-r02t08-a15-home.E82bG8/lingxi-service/data/runs.db applied=[1, 2, 3, 4, 5] version=5
2026-10-03T21:49:03.073967Z  INFO lingxi_service: auth service bootstrapped (per-start loopback token, owner-only); run database migrated and seeded local_token_file=/private/var/folders/5r/wq54gtms21gfjgr5v94ynfyh0000gn/T/lingxi-r02t08-a15-home.E82bG8/lingxi-service/local-token.json run_database=/private/var/folders/5r/wq54gtms21gfjgr5v94ynfyh0000gn/T/lingxi-r02t08-a15-home.E82bG8/lingxi-service/data/runs.db
2026-10-03T21:49:03.084769Z  INFO lingxi_service: instance record published (atomic write) record=/private/var/folders/5r/wq54gtms21gfjgr5v94ynfyh0000gn/T/lingxi-r02t08-a15-home.E82bG8/lingxi-service/instance.json bind_addr=127.0.0.1:61189
LINGXI_AUTH_REJECTED [token] method=GET path=/lingxi/v1/me status=401 Unauthorized reason=missing_credential remote=127.0.0.1:61191
2026-10-03T21:49:03.267984Z  INFO lingxi_service: request handled [token] method=GET path=/lingxi/v1/me status=401
2026-10-03T21:49:03.269397Z  INFO lingxi_service: request handled [token] method=GET path=/lingxi/v1/me status=200
2026-10-03T21:49:03.272295Z  INFO lingxi_service::sessions: run settled through the single finalize path run_id=run_000001a103bdf5a6_000001 session_id="sess_local_alpha" outcome=completed.no_final.no_provider_configured input_chars=23 input_bytes=23
2026-10-03T21:49:03.272475Z  INFO lingxi_service: request handled [token] method=POST [token] status=200
2026-10-03T21:49:03.273271Z  INFO lingxi_service: request handled [token] method=GET path=/lingxi/v1/ws status=101
2026-10-03T21:49:03.276008Z  INFO lingxi_service::sessions: run settled through the single finalize path run_id=run_000001a103bdf5ab_000002 session_id="sess_local_alpha" outcome=completed.no_final.no_provider_configured input_chars=26 input_bytes=26
2026-10-03T21:49:03.276168Z  INFO lingxi_service: request handled [token] method=POST [token] status=200
2026-10-03T21:49:03.277095Z  INFO lingxi_service: request handled [token] method=GET [token] status=200
2026-10-03T21:49:03.278127Z  INFO lingxi_service: request handled [token] method=GET [token] status=200
2026-10-03T21:49:03.278691Z  INFO lingxi_service: request handled [token] method=GET path=/lingxi/v1/ws status=101
2026-10-03T21:49:03.280195Z  WARN lingxi_service: ws session read failed err=Connection reset by peer (os error 54)
2026-10-03T21:49:03.305882Z  INFO lingxi_service: shutdown signal: SIGTERM
2026-10-03T21:49:03.306913Z  INFO lingxi_service::shutdown: run database closed (drained, WAL truncated) phase=storage_close
2026-10-03T21:49:03.307154Z  INFO lingxi_service::shutdown: own instance record removed, lock released phase=record_cleanup
2026-10-03T21:49:03.307221Z  INFO lingxi_service: lingxi-service stopped cleanly (run database closed, own record removed, lock released)
