2026-10-03T20:00:09.273225Z  INFO lingxi_service: data root resolved effective_home=/var/folders/5r/wq54gtms21gfjgr5v94ynfyh0000gn/T//lingxi-r02t08-a15-home.ipmJFw source=cli ignored_sources=none
2026-10-03T20:00:09.274783Z  INFO lingxi_service: data root prepared (canonicalized; runtime dir private 0700) canonical_home=/private/var/folders/5r/wq54gtms21gfjgr5v94ynfyh0000gn/T/lingxi-r02t08-a15-home.ipmJFw runtime_dir=/private/var/folders/5r/wq54gtms21gfjgr5v94ynfyh0000gn/T/lingxi-r02t08-a15-home.ipmJFw/lingxi-service
2026-10-03T20:00:09.275353Z  INFO lingxi_service: single-writer lock acquired [token] start_nonce=9e496ea877e7789e pid=40275 entropy="os-random-device" lock=/private/var/folders/5r/wq54gtms21gfjgr5v94ynfyh0000gn/T/lingxi-r02t08-a15-home.ipmJFw/lingxi-service/instance.lock network_mode=loopback
2026-10-03T20:00:09.304863Z  INFO lingxi_service: data-epoch gate passed home=/private/var/folders/5r/wq54gtms21gfjgr5v94ynfyh0000gn/T/lingxi-r02t08-a15-home.ipmJFw decision=ProceedStampedNew(EpochStamp { format: V2, minimum_reader_epoch: 1, committed_data_epoch: 1, last_version: Some("0.0.0") })
2026-10-03T20:00:09.361614Z  INFO lingxi_adapters::storage::run_store: run database migrated db=/private/var/folders/5r/wq54gtms21gfjgr5v94ynfyh0000gn/T/lingxi-r02t08-a15-home.ipmJFw/lingxi-service/data/runs.db applied=[1, 2, 3, 4, 5] version=5
2026-10-03T20:00:09.362761Z  INFO lingxi_service: auth service bootstrapped (per-start loopback token, owner-only); run database migrated and seeded local_token_file=/private/var/folders/5r/wq54gtms21gfjgr5v94ynfyh0000gn/T/lingxi-r02t08-a15-home.ipmJFw/lingxi-service/local-token.json run_database=/private/var/folders/5r/wq54gtms21gfjgr5v94ynfyh0000gn/T/lingxi-r02t08-a15-home.ipmJFw/lingxi-service/data/runs.db
2026-10-03T20:00:09.373849Z  INFO lingxi_service: instance record published (atomic write) record=/private/var/folders/5r/wq54gtms21gfjgr5v94ynfyh0000gn/T/lingxi-r02t08-a15-home.ipmJFw/lingxi-service/instance.json bind_addr=127.0.0.1:64433
LINGXI_AUTH_REJECTED [token] method=GET path=/lingxi/v1/me status=401 Unauthorized reason=missing_credential remote=127.0.0.1:64435
2026-10-03T20:00:09.490618Z  INFO lingxi_service: request handled [token] method=GET path=/lingxi/v1/me status=401
2026-10-03T20:00:09.491631Z  INFO lingxi_service: request handled [token] method=GET path=/lingxi/v1/me status=200
2026-10-03T20:00:09.493466Z  INFO lingxi_service::sessions: run settled through the single finalize path run_id=run_000001a1035a4314_000001 session_id="sess_local_alpha" outcome=completed.no_final.no_provider_configured input_chars=23 input_bytes=23
2026-10-03T20:00:09.493597Z  INFO lingxi_service: request handled [token] method=POST [token] status=200
2026-10-03T20:00:09.494089Z  INFO lingxi_service: request handled [token] method=GET path=/lingxi/v1/ws status=101
2026-10-03T20:00:09.496200Z  INFO lingxi_service::sessions: run settled through the single finalize path run_id=run_000001a1035a4317_000002 session_id="sess_local_alpha" outcome=completed.no_final.no_provider_configured input_chars=26 input_bytes=26
2026-10-03T20:00:09.496323Z  INFO lingxi_service: request handled [token] method=POST [token] status=200
2026-10-03T20:00:09.497041Z  INFO lingxi_service: request handled [token] method=GET [token] status=200
2026-10-03T20:00:09.497880Z  INFO lingxi_service: request handled [token] method=GET [token] status=200
2026-10-03T20:00:09.498375Z  INFO lingxi_service: request handled [token] method=GET path=/lingxi/v1/ws status=101
2026-10-03T20:00:09.499450Z  WARN lingxi_service: ws session read failed err=Connection reset by peer (os error 54)
2026-10-03T20:00:09.521735Z  INFO lingxi_service: shutdown signal: SIGTERM
2026-10-03T20:00:09.522823Z  INFO lingxi_service::shutdown: run database closed (drained, WAL truncated) phase=storage_close
2026-10-03T20:00:09.523072Z  INFO lingxi_service::shutdown: own instance record removed, lock released phase=record_cleanup
2026-10-03T20:00:09.523134Z  INFO lingxi_service: lingxi-service stopped cleanly (run database closed, own record removed, lock released)
