== toolchain: rustup run 1.98.1 (rustc 1.98.1 (48a229cea 2026-09-01))
== [build] lingxi-service (locked, offline, isolated target dir)
    Finished `dev` profile [unoptimized + debuginfo] target(s) in 1.36s
== [A] start instance 1 on the synthetic home
instance 1: pid=36924 addr=127.0.0.1:56287 home=/tmp/lingxi-r02t02-a03-home.plwDlx
instance 1 record instanceId=edb90c2f56de7eee5e7815a599894637
home tree hash before rejection: 6dcbe54d6f3e3300907a13056cac20ca0a5dcdbac7d52725b93fb8f68bd33c7d
== [B] second instance, SAME home -> must be rejected (exit 3 + marker)
instance 2 exit code: 3
instance 2 rejected as required (marker + diagnostics + no READY)
LINGXI_SERVICE_SINGLE_WRITER_BLOCKED home=/private/tmp/lingxi-r02t02-a03-home.plwDlx recordedPid=36924 recordedInstanceId=edb90c2f56de7eee5e7815a599894637 recordedStartNonce=99aed72fb2b50b0b recordedAddr=127.0.0.1:56287 probe=live authority=os-file-lock
== [C] instance 1 unaffected; data byte-identical
home tree hash after rejection:  6dcbe54d6f3e3300907a13056cac20ca0a5dcdbac7d52725b93fb8f68bd33c7d
instance 1 still healthy and data unchanged: OK
== [D] aliased second start (macOS /private alias of the same dir) also rejected
aliased instance exit code: 3
alias collapsed to the same canonical root: OK
== [E] SIGKILL crash -> stale record -> takeover restart -> clean stop
instance 3 took over the stale home and serves: OK
instance 3 exit after SIGTERM: 0
graceful stop removed own record, kept lock file: OK
== [F] forged record with a LIVE unrelated pid does not block takeover
takeover proceeded despite a live recorded pid (lock is the authority): OK
A03 RESULT: PASS (dual-instance rejection, first instance intact, stale takeover, pid-reuse adversarial)
