   Compiling lingxi-kernel v0.0.0 (/Users/study_superior/r05t08-work/negcopy.f8U5qz/rust/crates/lingxi-kernel)
   Compiling lingxi-adapters v0.0.0 (/Users/study_superior/r05t08-work/negcopy.f8U5qz/rust/crates/lingxi-adapters)
   Compiling lingxi-service v0.0.0 (/Users/study_superior/r05t08-work/negcopy.f8U5qz/rust/crates/lingxi-service)
    Finished `test` profile [unoptimized + debuginfo] target(s) in 18.37s
  Executable unittests src/lib.rs (/Users/study_superior/.cache/lingxi-r05-neg-target/debug/deps/lingxi_adapters-7c4f10fc7391a325)
  Executable unittests src/bin/lingxi-storage-inspect.rs (/Users/study_superior/.cache/lingxi-r05-neg-target/debug/deps/lingxi_storage_inspect-0846a8c44e141cef)
  Executable tests/active_run_listing.rs (/Users/study_superior/.cache/lingxi-r05-neg-target/debug/deps/active_run_listing-64ac358d5844cac6)
  Executable tests/backup_faults.rs (/Users/study_superior/.cache/lingxi-r05-neg-target/debug/deps/backup_faults-471e49ee6e4f0559)
  Executable tests/backup_restore.rs (/Users/study_superior/.cache/lingxi-r05-neg-target/debug/deps/backup_restore-b722e14ae76b904d)
  Executable tests/disk_full_fault.rs (/Users/study_superior/.cache/lingxi-r05-neg-target/debug/deps/disk_full_fault-28a7b9bbe68cca24)
  Executable tests/event_store_reads.rs (/Users/study_superior/.cache/lingxi-r05-neg-target/debug/deps/event_store_reads-7238b885b086db3d)
  Executable tests/invocation_journal_store.rs (/Users/study_superior/.cache/lingxi-r05-neg-target/debug/deps/invocation_journal_store-93115ca9813c8e93)
  Executable tests/late_result_fencing_property.rs (/Users/study_superior/.cache/lingxi-r05-neg-target/debug/deps/late_result_fencing_property-d8e13ae489c81971)
  Executable tests/migration_idempotency.rs (/Users/study_superior/.cache/lingxi-r05-neg-target/debug/deps/migration_idempotency-751e37fad46a0c9c)
  Executable tests/r05_t02_oauth_flows.rs (/Users/study_superior/.cache/lingxi-r05-neg-target/debug/deps/r05_t02_oauth_flows-2a939fe9ce40c78b)
  Executable tests/r05_t03_goldens.rs (/Users/study_superior/.cache/lingxi-r05-neg-target/debug/deps/r05_t03_goldens-22dcf6245c2d455a)
  Executable tests/r05_t03_rr1_replay.rs (/Users/study_superior/.cache/lingxi-r05-neg-target/debug/deps/r05_t03_rr1_replay-f3a4684afa9226ba)
  Executable tests/r05_t04_rr1_batch_terminal.rs (/Users/study_superior/.cache/lingxi-r05-neg-target/debug/deps/r05_t04_rr1_batch_terminal-4b28cddfe948a330)
  Executable tests/r05_t04_streaming.rs (/Users/study_superior/.cache/lingxi-r05-neg-target/debug/deps/r05_t04_streaming-08e1db3ff9df9a04)
  Executable tests/r05_t05_compat.rs (/Users/study_superior/.cache/lingxi-r05-neg-target/debug/deps/r05_t05_compat-2fb7b5ee7b4cf858)
  Executable tests/r05_t05_timeouts.rs (/Users/study_superior/.cache/lingxi-r05-neg-target/debug/deps/r05_t05_timeouts-2acbfe05c6d16756)
  Executable tests/r05_t06_operations.rs (/Users/study_superior/.cache/lingxi-r05-neg-target/debug/deps/r05_t06_operations-8cd9c087b5596ea3)
  Executable tests/r05_t07_rr1_usage_strict.rs (/Users/study_superior/.cache/lingxi-r05-neg-target/debug/deps/r05_t07_rr1_usage_strict-556db92fbb999460)
  Executable tests/r05_t07_usage_families.rs (/Users/study_superior/.cache/lingxi-r05-neg-target/debug/deps/r05_t07_usage_families-bef44306a46aef95)
  Executable tests/run_finalize_property.rs (/Users/study_superior/.cache/lingxi-r05-neg-target/debug/deps/run_finalize_property-11e5bda60dd47b36)
  Executable tests/run_id_allocator.rs (/Users/study_superior/.cache/lingxi-r05-neg-target/debug/deps/run_id_allocator-4c47b2468905a299)
  Executable tests/run_lineage_store.rs (/Users/study_superior/.cache/lingxi-r05-neg-target/debug/deps/run_lineage_store-9694fe183edf174a)
  Executable tests/storage_transactions.rs (/Users/study_superior/.cache/lingxi-r05-neg-target/debug/deps/storage_transactions-1758b8b5382f212f)
  Executable unittests src/lib.rs (/Users/study_superior/.cache/lingxi-r05-neg-target/debug/deps/lingxi_service-db0defd20b34f871)
  Executable unittests src/main.rs (/Users/study_superior/.cache/lingxi-r05-neg-target/debug/deps/lingxi_service-78842355fec47951)
  Executable unittests src/bin/r04_t07_fixture.rs (/Users/study_superior/.cache/lingxi-r05-neg-target/debug/deps/r04_t07_fixture-10affc34704f4903)
  Executable tests/admission_dedup_adversarial.rs (/Users/study_superior/.cache/lingxi-r05-neg-target/debug/deps/admission_dedup_adversarial-543fbf1765867af1)
  Executable tests/admission_dedup_consistency.rs (/Users/study_superior/.cache/lingxi-r05-neg-target/debug/deps/admission_dedup_consistency-0638c7ad0a7c2b53)
  Executable tests/auth_matrix.rs (/Users/study_superior/.cache/lingxi-r05-neg-target/debug/deps/auth_matrix-5d5418535b338864)
  Executable tests/background_disconnect_recovery.rs (/Users/study_superior/.cache/lingxi-r05-neg-target/debug/deps/background_disconnect_recovery-28f064959e4089d0)
  Executable tests/background_steering.rs (/Users/study_superior/.cache/lingxi-r05-neg-target/debug/deps/background_steering-f8e73f214cc4d18f)
  Executable tests/cancel_link_inheritance.rs (/Users/study_superior/.cache/lingxi-r05-neg-target/debug/deps/cancel_link_inheritance-53f0f2d4dbfb53d5)
  Executable tests/cancel_terminal_race.rs (/Users/study_superior/.cache/lingxi-r05-neg-target/debug/deps/cancel_terminal_race-d65f7d1ef7893b53)
  Executable tests/cancellation_tree.rs (/Users/study_superior/.cache/lingxi-r05-neg-target/debug/deps/cancellation_tree-cb29c239aa2b575c)
  Executable tests/config_bounds.rs (/Users/study_superior/.cache/lingxi-r05-neg-target/debug/deps/config_bounds-5602e28a4ce8e8dc)
  Executable tests/event_subscription.rs (/Users/study_superior/.cache/lingxi-r05-neg-target/debug/deps/event_subscription-8795ccc97eef1aab)
  Executable tests/execute_concurrency.rs (/Users/study_superior/.cache/lingxi-r05-neg-target/debug/deps/execute_concurrency-10907089d8f54a9e)
  Executable tests/exit_race_rejections.rs (/Users/study_superior/.cache/lingxi-r05-neg-target/debug/deps/exit_race_rejections-f92afeed55a8c610)
  Executable tests/input_budget_refusal.rs (/Users/study_superior/.cache/lingxi-r05-neg-target/debug/deps/input_budget_refusal-f7e536aee070045a)
  Executable tests/input_payload_fidelity.rs (/Users/study_superior/.cache/lingxi-r05-neg-target/debug/deps/input_payload_fidelity-119bccd58fc4165b)
  Executable tests/instance_lifecycle.rs (/Users/study_superior/.cache/lingxi-r05-neg-target/debug/deps/instance_lifecycle-f4054dfc984378d7)
  Executable tests/invocation_journal.rs (/Users/study_superior/.cache/lingxi-r05-neg-target/debug/deps/invocation_journal-b7bc9862197ea2fa)
  Executable tests/late_result_fence.rs (/Users/study_superior/.cache/lingxi-r05-neg-target/debug/deps/late_result_fence-7d844709e1d593ed)
  Executable tests/r00_management_leaves.rs (/Users/study_superior/.cache/lingxi-r05-neg-target/debug/deps/r00_management_leaves-2e480d5adc80b26e)
  Executable tests/r00_static_web_leaves.rs (/Users/study_superior/.cache/lingxi-r05-neg-target/debug/deps/r00_static_web_leaves-c19edf9c0fef5b52)
  Executable tests/r03_t08_acceptance_matrix.rs (/Users/study_superior/.cache/lingxi-r05-neg-target/debug/deps/r03_t08_acceptance_matrix-d86ed26da8cb5cae)
  Executable tests/r04_rr1_f02_reaper_cleanup.rs (/Users/study_superior/.cache/lingxi-r05-neg-target/debug/deps/r04_rr1_f02_reaper_cleanup-163f668efc7a82e3)
  Executable tests/r04_rr1_f03_stop_honesty.rs (/Users/study_superior/.cache/lingxi-r05-neg-target/debug/deps/r04_rr1_f03_stop_honesty-45bf5a4ad5417db2)
  Executable tests/r04_rr1_f04_pty_consumption.rs (/Users/study_superior/.cache/lingxi-r05-neg-target/debug/deps/r04_rr1_f04_pty_consumption-cb3c018ada5179cc)
  Executable tests/r04_rr1_f05_output_integrity.rs (/Users/study_superior/.cache/lingxi-r05-neg-target/debug/deps/r04_rr1_f05_output_integrity-48abe1faaec90a57)
  Executable tests/r04_rr1_f05_spill_failure.rs (/Users/study_superior/.cache/lingxi-r05-neg-target/debug/deps/r04_rr1_f05_spill_failure-6a35f64f5775c104)
  Executable tests/r04_t01_tool_catalog.rs (/Users/study_superior/.cache/lingxi-r05-neg-target/debug/deps/r04_t01_tool_catalog-836df67508d997e6)
  Executable tests/r04_t02_tool_gateway.rs (/Users/study_superior/.cache/lingxi-r05-neg-target/debug/deps/r04_t02_tool_gateway-da0554fde252409c)
  Executable tests/r04_t03_approval_service.rs (/Users/study_superior/.cache/lingxi-r05-neg-target/debug/deps/r04_t03_approval_service-8d9c775188be144e)
  Executable tests/r04_t04_file_tools.rs (/Users/study_superior/.cache/lingxi-r05-neg-target/debug/deps/r04_t04_file_tools-20674b829a2ede53)
  Executable tests/r04_t05_process_tools.rs (/Users/study_superior/.cache/lingxi-r05-neg-target/debug/deps/r04_t05_process_tools-a49f99b5d1b3e6d6)
  Executable tests/r04_t05_registry_capacity.rs (/Users/study_superior/.cache/lingxi-r05-neg-target/debug/deps/r04_t05_registry_capacity-cf6fc93efdeea38a)
  Executable tests/r04_t06_sandbox.rs (/Users/study_superior/.cache/lingxi-r05-neg-target/debug/deps/r04_t06_sandbox-843a87454af8fa2f)
  Executable tests/r04_t07_mcp_and_workers.rs (/Users/study_superior/.cache/lingxi-r05-neg-target/debug/deps/r04_t07_mcp_and_workers-76f1ef60756030ba)
  Executable tests/r04_t08_tool_matrix.rs (/Users/study_superior/.cache/lingxi-r05-neg-target/debug/deps/r04_t08_tool_matrix-bca4151eebb94ddc)
  Executable tests/r05_t01_binary_wiring.rs (/Users/study_superior/.cache/lingxi-r05-neg-target/debug/deps/r05_t01_binary_wiring-de97e3ad3e74884c)
  Executable tests/r05_t01_model_plane.rs (/Users/study_superior/.cache/lingxi-r05-neg-target/debug/deps/r05_t01_model_plane-ed68cffcc7f180ed)
  Executable tests/r05_t02_credentials.rs (/Users/study_superior/.cache/lingxi-r05-neg-target/debug/deps/r05_t02_credentials-fb33957b5fc115f9)
  Executable tests/r05_t03_protocol_adapters.rs (/Users/study_superior/.cache/lingxi-r05-neg-target/debug/deps/r05_t03_protocol_adapters-407af34a6f117a18)
  Executable tests/r05_t04_streaming.rs (/Users/study_superior/.cache/lingxi-r05-neg-target/debug/deps/r05_t04_streaming-d81b60620b313d91)
  Executable tests/r05_t05_network.rs (/Users/study_superior/.cache/lingxi-r05-neg-target/debug/deps/r05_t05_network-42c6ceb3c8f1217c)
  Executable tests/r05_t05_timeouts.rs (/Users/study_superior/.cache/lingxi-r05-neg-target/debug/deps/r05_t05_timeouts-9b305a59257e7b94)
  Executable tests/r05_t06_operations.rs (/Users/study_superior/.cache/lingxi-r05-neg-target/debug/deps/r05_t06_operations-8171a0663f006741)
  Executable tests/r05_t06_rr1_media_resource.rs (/Users/study_superior/.cache/lingxi-r05-neg-target/debug/deps/r05_t06_rr1_media_resource-4599144f60b1eb5d)
  Executable tests/r05_t06_rr1_system_speech.rs (/Users/study_superior/.cache/lingxi-r05-neg-target/debug/deps/r05_t06_rr1_system_speech-c0570bf82a203c5e)
  Executable tests/r05_t06_worker_model.rs (/Users/study_superior/.cache/lingxi-r05-neg-target/debug/deps/r05_t06_worker_model-03250f0baa90508e)
  Executable tests/r05_t07_persistence.rs (/Users/study_superior/.cache/lingxi-r05-neg-target/debug/deps/r05_t07_persistence-964c555ebff6502e)
  Executable tests/r05_t07_rr1_usage_ledger.rs (/Users/study_superior/.cache/lingxi-r05-neg-target/debug/deps/r05_t07_rr1_usage_ledger-ae0c6bcaf2c77893)
  Executable tests/r05_t07_usage_trace.rs (/Users/study_superior/.cache/lingxi-r05-neg-target/debug/deps/r05_t07_usage_trace-3743e504e5e88dea)
  Executable tests/r05_t08_closed_loop.rs (/Users/study_superior/.cache/lingxi-r05-neg-target/debug/deps/r05_t08_closed_loop-5899fb11bc7f965e)
  Executable tests/r05_t08_production_tools.rs (/Users/study_superior/.cache/lingxi-r05-neg-target/debug/deps/r05_t08_production_tools-a75678f8fef0bf0b)
  Executable tests/r05_t08_resources.rs (/Users/study_superior/.cache/lingxi-r05-neg-target/debug/deps/r05_t08_resources-c1909543b7d3c2bd)
  Executable tests/recovery_crash_points.rs (/Users/study_superior/.cache/lingxi-r05-neg-target/debug/deps/recovery_crash_points-f87575eb0d492a3d)
  Executable tests/recovery_startup_scan.rs (/Users/study_superior/.cache/lingxi-r05-neg-target/debug/deps/recovery_startup_scan-6b7021db87572cee)
  Executable tests/request_dedup.rs (/Users/study_superior/.cache/lingxi-r05-neg-target/debug/deps/request_dedup-50d0725df0b8106f)
  Executable tests/request_id_canonicalization.rs (/Users/study_superior/.cache/lingxi-r05-neg-target/debug/deps/request_id_canonicalization-68521368e41ac500)
  Executable tests/resource_limits.rs (/Users/study_superior/.cache/lingxi-r05-neg-target/debug/deps/resource_limits-96c7ef20569136af)
  Executable tests/run_lifecycle.rs (/Users/study_superior/.cache/lingxi-r05-neg-target/debug/deps/run_lifecycle-8b27014575403252)
  Executable tests/service_health.rs (/Users/study_superior/.cache/lingxi-r05-neg-target/debug/deps/service_health-6edba86b58c4d05b)
  Executable tests/service_persistence.rs (/Users/study_superior/.cache/lingxi-r05-neg-target/debug/deps/service_persistence-d56235bc411e965e)
  Executable tests/session_serialization.rs (/Users/study_superior/.cache/lingxi-r05-neg-target/debug/deps/session_serialization-32010a796f6f7fe2)
  Executable tests/shutdown_coordinator.rs (/Users/study_superior/.cache/lingxi-r05-neg-target/debug/deps/shutdown_coordinator-716f7661f2cbf41a)
  Executable tests/subagent_closeout.rs (/Users/study_superior/.cache/lingxi-r05-neg-target/debug/deps/subagent_closeout-d554e6bc37c8b17a)
  Executable tests/subagent_lifecycle.rs (/Users/study_superior/.cache/lingxi-r05-neg-target/debug/deps/subagent_lifecycle-b12f59f1d3e1e58a)
  Executable tests/subagent_permission_inheritance.rs (/Users/study_superior/.cache/lingxi-r05-neg-target/debug/deps/subagent_permission_inheritance-4ce1937a7df0ead3)
  Executable tests/tls_web_login.rs (/Users/study_superior/.cache/lingxi-r05-neg-target/debug/deps/tls_web_login-825639f87369fd21)
  Executable tests/tool_receipt_unknown.rs (/Users/study_superior/.cache/lingxi-r05-neg-target/debug/deps/tool_receipt_unknown-de66978599f78515)
