2026-09-29T13:26:48.041539Z  INFO lingxi_service: data-epoch gate passed home=/private/var/folders/5r/wq54gtms21gfjgr5v94ynfyh0000gn/T/lingxi-r02t07-a13.8l9Cnm decision=ProceedStampedNew(EpochStamp { format: V2, minimum_reader_epoch: 1, committed_data_epoch: 1, last_version: Some("0.0.0") })
2026-09-29T13:26:48.089906Z  INFO lingxi_adapters::storage::run_store: run database migrated db=/private/var/folders/5r/wq54gtms21gfjgr5v94ynfyh0000gn/T/lingxi-r02t07-a13.8l9Cnm/lingxi-service/data/runs.db applied=[1, 2, 3, 4] version=4
2026-09-29T13:26:48.090499Z  INFO lingxi_service: auth service bootstrapped (per-start loopback token, owner-only); run database migrated and seeded local_token_file=/private/var/folders/5r/wq54gtms21gfjgr5v94ynfyh0000gn/T/lingxi-r02t07-a13.8l9Cnm/lingxi-service/local-token.json run_database=/private/var/folders/5r/wq54gtms21gfjgr5v94ynfyh0000gn/T/lingxi-r02t07-a13.8l9Cnm/lingxi-service/data/runs.db
2026-09-29T13:26:48.101548Z  INFO lingxi_service: instance record published (atomic write) record=/private/var/folders/5r/wq54gtms21gfjgr5v94ynfyh0000gn/T/lingxi-r02t07-a13.8l9Cnm/lingxi-service/instance.json bind_addr=127.0.0.1:61740
2026-09-29T13:26:48.197901Z  INFO lingxi_service: request handled request_id=req-5593bce62fe7ce2e329da6a5e507aadf method=GET path=/lingxi/v1/me status=200
2026-09-29T13:26:48.233843Z  INFO lingxi_service::sessions: run settled through the single finalize path run_id=run_000001a0ed58b2a8_000001 session_id="sess_local_alpha" outcome=completed.no_final.no_provider_configured input_chars=212
2026-09-29T13:26:48.233997Z  INFO lingxi_service: request handled request_id=req-62b4120966e5bf0dc0aa5623b6b341d4 method=POST path=/lingxi/v1/sessions/sess_local_alpha/execute status=200
2026-09-29T13:26:49.430446Z  INFO lingxi_service: request handled request_id=req-ac42f846829fa99da713216f4c289223 method=POST path=/lingxi/v1/devices/credentials status=201
2026-09-29T13:26:49.466773Z  INFO lingxi_service: request handled request_id=req-47d0b395d74c242131eacdd633effca1 method=POST path=/lingxi/v1/ws-ticket status=200
2026-09-29T13:26:49.497801Z  INFO lingxi_service: request handled request_id=req-bd3c5b1f9f203c225e2251e13938affc method=GET path=/lingxi/v1/me status=401
2026-09-29T13:26:49.509633Z  INFO lingxi_service: request handled request_id=req-35580945c962f560cb516a069ce674bd method=GET path=/lingxi/v1/me status=401
2026-09-29T13:26:49.520942Z  INFO lingxi_service: request handled request_id=req-486b324a02e10d0ef1e313759e514f52 method=GET path=/lingxi/v1/ws status=401
2026-09-29T13:26:50.695508Z  INFO lingxi_service: request handled request_id=req-cefcd3389965200a0a381aeebb1d0dc6 method=GET path=/lingxi/v1/sessions/sess_local_alpha status=403
2026-09-29T13:26:50.709827Z  INFO lingxi_service: request handled request_id=req-50fef10df66f4af0421281178609ad03 method=GET path=/lingxi/v1/sessions/sess_unknown_a13 status=404
2026-09-29T13:26:50.738522Z  INFO lingxi_service: request handled request_id=req-c92bec2f0306086bcb06dca517938d06 method=GET path=/lingxi/v1/ws status=401
2026-09-29T13:26:50.739202Z  INFO lingxi_service: request handled request_id=req-40ca69c764c43b5fe8a78fb915e643d7 method=GET path=/lingxi/v1/ws status=101
2026-09-29T13:26:50.758620Z  INFO lingxi_service: shutdown signal: SIGTERM
2026-09-29T13:26:50.759530Z  INFO lingxi_service::shutdown: run database closed (drained, WAL truncated) phase=storage_close
2026-09-29T13:26:50.759800Z  INFO lingxi_service::shutdown: own instance record removed, lock released phase=record_cleanup
2026-09-29T13:26:50.759877Z  INFO lingxi_service: lingxi-service stopped cleanly (run database closed, own record removed, lock released)
