2026-09-30T03:57:28.438980Z  INFO lingxi_service: data root resolved effective_home=/var/folders/5r/wq54gtms21gfjgr5v94ynfyh0000gn/T//lingxi-r02t08-a15-home.fDF85d source=cli ignored_sources=none
2026-09-30T03:57:28.440373Z  INFO lingxi_service: data root prepared (canonicalized; runtime dir private 0700) canonical_home=/private/var/folders/5r/wq54gtms21gfjgr5v94ynfyh0000gn/T/lingxi-r02t08-a15-home.fDF85d runtime_dir=/private/var/folders/5r/wq54gtms21gfjgr5v94ynfyh0000gn/T/lingxi-r02t08-a15-home.fDF85d/lingxi-service
2026-09-30T03:57:28.440947Z  INFO lingxi_service: single-writer lock acquired instance_id=c16507da0444e64fd86639b074387e30 start_nonce=280f86dd5a0a6cb0 pid=89711 entropy="os-random-device" lock=/private/var/folders/5r/wq54gtms21gfjgr5v94ynfyh0000gn/T/lingxi-r02t08-a15-home.fDF85d/lingxi-service/instance.lock network_mode=loopback
2026-09-30T03:57:28.455401Z  INFO lingxi_service: data-epoch gate passed home=/private/var/folders/5r/wq54gtms21gfjgr5v94ynfyh0000gn/T/lingxi-r02t08-a15-home.fDF85d decision=ProceedStampedNew(EpochStamp { format: V2, minimum_reader_epoch: 1, committed_data_epoch: 1, last_version: Some("0.0.0") })
2026-09-30T03:57:28.502837Z  INFO lingxi_adapters::storage::run_store: run database migrated db=/private/var/folders/5r/wq54gtms21gfjgr5v94ynfyh0000gn/T/lingxi-r02t08-a15-home.fDF85d/lingxi-service/data/runs.db applied=[1, 2, 3, 4] version=4
2026-09-30T03:57:28.504061Z  INFO lingxi_service: auth service bootstrapped (per-start loopback token, owner-only); run database migrated and seeded local_token_file=/private/var/folders/5r/wq54gtms21gfjgr5v94ynfyh0000gn/T/lingxi-r02t08-a15-home.fDF85d/lingxi-service/local-token.json run_database=/private/var/folders/5r/wq54gtms21gfjgr5v94ynfyh0000gn/T/lingxi-r02t08-a15-home.fDF85d/lingxi-service/data/runs.db
2026-09-30T03:57:28.513404Z  INFO lingxi_service: instance record published (atomic write) record=/private/var/folders/5r/wq54gtms21gfjgr5v94ynfyh0000gn/T/lingxi-r02t08-a15-home.fDF85d/lingxi-service/instance.json bind_addr=127.0.0.1:52433
LINGXI_AUTH_REJECTED request_id=req-30bc9fbc028f8110681d98048b2c137a method=GET path=/lingxi/v1/me status=401 Unauthorized reason=missing_credential remote=127.0.0.1:52435
2026-09-30T03:57:28.721320Z  INFO lingxi_service: request handled request_id=req-30bc9fbc028f8110681d98048b2c137a method=GET path=/lingxi/v1/me status=401
2026-09-30T03:57:28.722202Z  INFO lingxi_service: request handled request_id=req-42a84639fc4715fd30f131b2fc7a329b method=GET path=/lingxi/v1/me status=200
2026-09-30T03:57:28.724336Z  INFO lingxi_service::sessions: run settled through the single finalize path run_id=run_000001a0f075d312_000001 session_id="sess_local_alpha" outcome=completed.no_final.no_provider_configured input_chars=23 input_bytes=23
2026-09-30T03:57:28.724484Z  INFO lingxi_service: request handled request_id=req-4a0a60ce59a2d1432db7aab31b881525 method=POST path=/lingxi/v1/sessions/sess_local_alpha/execute status=200
2026-09-30T03:57:28.725142Z  INFO lingxi_service: request handled request_id=req-6dd92ad8aad94f74e4d19e339c97d859 method=GET path=/lingxi/v1/ws status=101
2026-09-30T03:57:28.727439Z  INFO lingxi_service::sessions: run settled through the single finalize path run_id=run_000001a0f075d316_000002 session_id="sess_local_alpha" outcome=completed.no_final.no_provider_configured input_chars=26 input_bytes=26
2026-09-30T03:57:28.727597Z  INFO lingxi_service: request handled request_id=req-b0878217c540618a10141c80314b15c6 method=POST path=/lingxi/v1/sessions/sess_local_alpha/execute status=200
2026-09-30T03:57:28.728445Z  INFO lingxi_service: request handled request_id=req-d9d655891092d8a33ec6afcdfffbc1df method=GET path=/lingxi/v1/sessions/sess_local_alpha status=200
2026-09-30T03:57:28.729234Z  INFO lingxi_service: request handled request_id=req-cec9e6fcf3f193c7396cacf3dd8591ba method=GET path=/lingxi/v1/sessions/sess_local_alpha/events status=200
2026-09-30T03:57:28.729801Z  INFO lingxi_service: request handled request_id=req-6251f33a98f47b32ffd17ce4bf2e2e4b method=GET path=/lingxi/v1/ws status=101
2026-09-30T03:57:28.731157Z  WARN lingxi_service: ws session read failed err=Connection reset by peer (os error 54)
2026-09-30T03:57:28.755330Z  INFO lingxi_service: shutdown signal: SIGTERM
2026-09-30T03:57:28.756306Z  INFO lingxi_service::shutdown: run database closed (drained, WAL truncated) phase=storage_close
2026-09-30T03:57:28.756559Z  INFO lingxi_service::shutdown: own instance record removed, lock released phase=record_cleanup
2026-09-30T03:57:28.756618Z  INFO lingxi_service: lingxi-service stopped cleanly (run database closed, own record removed, lock released)
