   Compiling libc v0.2.189
   Compiling proc-macro2 v1.0.107
   Compiling quote v1.0.47
   Compiling unicode-ident v1.0.26
   Compiling shlex v2.0.1
   Compiling find-msvc-tools v0.1.13
   Compiling typenum v1.20.1
   Compiling pkg-config v0.3.34
   Compiling itoa v1.0.18
   Compiling pin-project-lite v0.2.17
   Compiling cfg-if v1.0.5
   Compiling bytes v1.12.1
   Compiling serde_core v1.0.229
   Compiling cmov v0.5.4
   Compiling once_cell v1.21.4
   Compiling fs_extra v1.3.0
   Compiling const-oid v0.10.2
   Compiling log v0.4.34
   Compiling dunce v1.0.5
   Compiling zmij v1.0.23
   Compiling serde v1.0.229
   Compiling futures-core v0.3.34
   Compiling serde_json v1.0.151
   Compiling ref-cast v1.0.27
   Compiling aws-lc-rs v1.18.1
   Compiling smallvec v1.16.1
   Compiling zeroize v1.9.0
   Compiling memchr v2.8.3
   Compiling untrusted v0.9.0
   Compiling base64 v0.23.1
   Compiling vcpkg v0.2.15
   Compiling tracing-core v0.1.36
   Compiling httparse v1.10.1
   Compiling rustls-pki-types v1.15.1
   Compiling foldhash v0.2.0
   Compiling dyn-clone v1.0.20
   Compiling tower-service v0.3.3
   Compiling ctutils v0.4.2
   Compiling autocfg v1.5.1
   Compiling futures-channel v0.3.34
   Compiling sync_wrapper v1.0.2
   Compiling slab v0.4.12
   Compiling atomic-waker v1.1.2
   Compiling rustls v0.23.45
   Compiling tower-layer v0.3.3
   Compiling hashbrown v0.17.1
   Compiling percent-encoding v2.3.2
   Compiling futures-task v0.3.34
   Compiling httpdate v1.0.3
   Compiling regex-syntax v0.8.11
   Compiling ryu v1.0.23
   Compiling http v1.5.0
   Compiling core-foundation-sys v0.8.7
   Compiling fallible-streaming-iterator v0.1.9
   Compiling fallible-iterator v0.3.0
   Compiling futures-util v0.3.34
   Compiling mime v0.3.17
   Compiling form_urlencoded v1.2.2
   Compiling subtle v2.6.1
   Compiling bitflags v2.13.2
   Compiling lazy_static v1.5.0
   Compiling tracing-log v0.2.0
   Compiling num-traits v0.2.19
   Compiling iana-time-zone v0.1.65
   Compiling thread_local v1.1.10
   Compiling powerfmt v0.2.0
   Compiling deranged v0.5.8
   Compiling sharded-slab v0.1.7
   Compiling num-conv v0.2.2
   Compiling matchit v0.8.4
   Compiling nu-ansi-term v0.50.3
   Compiling time-core v0.1.9
   Compiling qrcodegen v1.8.0
   Compiling pem v4.0.0
   Compiling hybrid-array v0.4.15
   Compiling hashlink v0.12.2
   Compiling http-body v1.1.0
   Compiling http-body-util v0.1.5
   Compiling block-buffer v0.12.1
   Compiling crypto-common v0.2.2
   Compiling inout v0.2.2
   Compiling regex-automata v0.4.18
   Compiling time v0.3.55
   Compiling jobserver v0.1.35
   Compiling errno v0.3.14
   Compiling mio v1.2.3
   Compiling socket2 v0.6.5
   Compiling cpufeatures v0.3.1
   Compiling getrandom v0.2.17
   Compiling if-addrs v0.15.0
   Compiling signal-hook-registry v1.4.8
   Compiling cc v1.4.7
   Compiling digest v0.11.3
   Compiling cipher v0.5.2
   Compiling syn v3.0.6
   Compiling syn v2.0.119
   Compiling yasna v0.6.0
   Compiling sha2 v0.11.0
   Compiling sha1 v0.11.0
   Compiling hmac v0.13.0
   Compiling salsa20 v0.11.0
   Compiling pbkdf2 v0.13.0
   Compiling chrono v0.4.45
   Compiling scrypt v0.12.0
   Compiling cmake v0.1.58
   Compiling libsqlite3-sys v0.38.2
   Compiling ring v0.17.14
   Compiling matchers v0.2.0
   Compiling aws-lc-sys v0.45.0
   Compiling serde_path_to_error v0.1.20
   Compiling serde_derive_internals v0.30.0
   Compiling serde_derive v1.0.229
   Compiling tokio-macros v2.7.2
   Compiling ref-cast-impl v1.0.27
   Compiling schemars_derive v1.2.2
   Compiling tokio v1.53.1
   Compiling tracing-attributes v0.1.31
   Compiling tracing v0.1.44
   Compiling axum-core v0.5.6
   Compiling tracing-subscriber v0.3.23
   Compiling rcgen v0.14.10
   Compiling schemars v1.2.2
   Compiling serde_urlencoded v0.7.1
   Compiling rusqlite v0.40.2
   Compiling hyper v1.11.1
   Compiling tower v0.5.3
   Compiling lingxi-protocol v0.0.0 (/private/tmp/r03-g06-redcheck-r1/rust/crates/lingxi-protocol)
   Compiling hyper-util v0.1.21
   Compiling axum v0.8.9
   Compiling lingxi-kernel v0.0.0 (/private/tmp/r03-g06-redcheck-r1/rust/crates/lingxi-kernel)
   Compiling lingxi-adapters v0.0.0 (/private/tmp/r03-g06-redcheck-r1/rust/crates/lingxi-adapters)
   Compiling rustls-webpki v0.103.15
   Compiling tokio-rustls v0.26.5
   Compiling lingxi-service v0.0.0 (/private/tmp/r03-g06-redcheck-r1/rust/crates/lingxi-service)
    Finished `test` profile [unoptimized + debuginfo] target(s) in 14.96s
     Running tests/background_steering.rs (target/debug/deps/background_steering-75b51d3f2c8d4f81)

running 8 tests
test c03_midflight_steering_is_consumed_not_leaked_into_next_run ... FAILED
test c04_bounded_inbox_same_contract_foreground_and_background ... FAILED
test c01_background_accepted_steering_reaches_next_turn_exactly_once ... FAILED
test c04_adversarial_concurrent_steers_respect_the_bound ... FAILED
test c02_steering_stays_in_the_authorized_session_across_parallel_runs ... FAILED
test c03_too_late_steering_retained_not_claimed_no_auto_trigger ... FAILED
test c01_adversarial_multi_steer_orders_and_rounds_no_redrain ... FAILED
test c02_adversarial_cancel_then_quick_new_run_no_misattribution ... ok

failures:

---- c03_midflight_steering_is_consumed_not_leaked_into_next_run stdout ----

thread 'c03_midflight_steering_is_consumed_not_leaked_into_next_run' (43385199) panicked at crates/lingxi-service/tests/background_steering.rs:1044:5:
the run consumed its own steer at its next turn: BG-C03: first task
note: run with `RUST_BACKTRACE=1` environment variable to display a backtrace

---- c04_bounded_inbox_same_contract_foreground_and_background stdout ----

thread 'c04_bounded_inbox_same_contract_foreground_and_background' (43385202) panicked at crates/lingxi-service/tests/background_steering.rs:1297:5:
in-capacity steering is really consumed by the background run: BG-C04: bounded background

---- c01_background_accepted_steering_reaches_next_turn_exactly_once stdout ----

thread 'c01_background_accepted_steering_reaches_next_turn_exactly_once' (43385196) panicked at crates/lingxi-service/tests/background_steering.rs:500:5:
turn 2 must carry the steered text: BG-C01: please continue

---- c04_adversarial_concurrent_steers_respect_the_bound stdout ----

thread 'c04_adversarial_concurrent_steers_respect_the_bound' (43385201) panicked at crates/lingxi-service/tests/background_steering.rs:1465:5:
assertion `left == right` failed: exactly the two accepted texts reach the next turn (no loss, no duplication): BG-C04CONC: concurrent steers
  left: 0
 right: 2

---- c02_steering_stays_in_the_authorized_session_across_parallel_runs stdout ----

thread 'c02_steering_stays_in_the_authorized_session_across_parallel_runs' (43385198) panicked at crates/lingxi-service/tests/background_steering.rs:753:5:
the authorized session's next turn carries the steer: BG-C02-A: authorized target

---- c03_too_late_steering_retained_not_claimed_no_auto_trigger stdout ----

thread 'c03_too_late_steering_retained_not_claimed_no_auto_trigger' (43385200) panicked at crates/lingxi-service/tests/background_steering.rs:1191:5:
the next run's first turn receives the retained steer: BG-C03LATE: second task

---- c01_adversarial_multi_steer_orders_and_rounds_no_redrain stdout ----

thread 'c01_adversarial_multi_steer_orders_and_rounds_no_redrain' (43385195) panicked at crates/lingxi-service/tests/background_steering.rs:623:5:
round 2 drains both round-1 steers in submission order: BG-C01-ADV: loop several rounds


failures:
    c01_adversarial_multi_steer_orders_and_rounds_no_redrain
    c01_background_accepted_steering_reaches_next_turn_exactly_once
    c02_steering_stays_in_the_authorized_session_across_parallel_runs
    c03_midflight_steering_is_consumed_not_leaked_into_next_run
    c03_too_late_steering_retained_not_claimed_no_auto_trigger
    c04_adversarial_concurrent_steers_respect_the_bound
    c04_bounded_inbox_same_contract_foreground_and_background

test result: FAILED. 1 passed; 7 failed; 0 ignored; 0 measured; 0 filtered out; finished in 0.34s

error: test failed, to rerun pass `-p lingxi-service --test background_steering`
