2026-09-28T15:13:53.312250Z  INFO lingxi_service: data root resolved effective_home=/var/folders/5r/wq54gtms21gfjgr5v94ynfyh0000gn/T//lingxi-r02t07-a13.TkjEke source=cli ignored_sources=none
2026-09-28T15:13:53.312451Z  INFO lingxi_service: data root prepared (canonicalized; runtime dir private 0700) canonical_home=/private/var/folders/5r/wq54gtms21gfjgr5v94ynfyh0000gn/T/lingxi-r02t07-a13.TkjEke runtime_dir=/private/var/folders/5r/wq54gtms21gfjgr5v94ynfyh0000gn/T/lingxi-r02t07-a13.TkjEke/lingxi-service
2026-09-28T15:13:53.312624Z  INFO lingxi_service: single-writer lock acquired instance_id=38c2a49f5eea7a4e5792e7bacfb82432 start_nonce=22a7f9c00c3ce3eb pid=84443 entropy="os-random-device" lock=/private/var/folders/5r/wq54gtms21gfjgr5v94ynfyh0000gn/T/lingxi-r02t07-a13.TkjEke/lingxi-service/instance.lock network_mode=loopback
2026-09-28T15:13:53.312957Z  INFO lingxi_service: data-epoch gate passed home=/private/var/folders/5r/wq54gtms21gfjgr5v94ynfyh0000gn/T/lingxi-r02t07-a13.TkjEke decision=ProceedSteady(EpochStamp { format: V2, minimum_reader_epoch: 1, committed_data_epoch: 1, last_version: Some("0.0.0") })
2026-09-28T15:13:53.323023Z  INFO lingxi_service: auth service bootstrapped (per-start loopback token, owner-only); run database migrated and seeded local_token_file=/private/var/folders/5r/wq54gtms21gfjgr5v94ynfyh0000gn/T/lingxi-r02t07-a13.TkjEke/lingxi-service/local-token.json run_database=/private/var/folders/5r/wq54gtms21gfjgr5v94ynfyh0000gn/T/lingxi-r02t07-a13.TkjEke/lingxi-service/data/runs.db
2026-09-28T15:13:53.332408Z  INFO lingxi_service: instance record published (atomic write) record=/private/var/folders/5r/wq54gtms21gfjgr5v94ynfyh0000gn/T/lingxi-r02t07-a13.TkjEke/lingxi-service/instance.json bind_addr=127.0.0.1:49429
2026-09-28T15:13:58.718189Z  INFO lingxi_service: request handled request_id=req-64699ad3237cd8ef06923f0aff5d4ed6 method=POST path=/lingxi/v1/sessions/sess_local_beta/execute status=503
2026-09-28T15:14:01.529877Z  INFO lingxi_service::sessions: run committed and published (post-commit) run_id=run_000001a0e8946162_000003 session_id=sess_local_beta events=run_000001a0e8946162_000003-done input_chars=42
2026-09-28T15:14:01.530999Z  INFO lingxi_service::sessions: run committed and published (post-commit) run_id=run_000001a0e8946162_000004 session_id=sess_local_beta events=run_000001a0e8946162_000004-done input_chars=42
2026-09-28T15:14:01.531189Z  INFO lingxi_service::sessions: run committed and published (post-commit) run_id=run_000001a0e8946163_000005 session_id=sess_local_beta events=run_000001a0e8946163_000005-done input_chars=42
2026-09-28T15:14:01.531380Z  INFO lingxi_service::sessions: run committed and published (post-commit) run_id=run_000001a0e8946165_000007 session_id=sess_local_beta events=run_000001a0e8946165_000007-done input_chars=42
2026-09-28T15:14:01.531471Z  INFO lingxi_service: request handled request_id=req-3fbf24f22ce101c68b287b9f546d3c16 method=POST path=/lingxi/v1/sessions/sess_local_beta/execute status=200
2026-09-28T15:14:01.531631Z  INFO lingxi_service::sessions: run committed and published (post-commit) run_id=run_000001a0e8946164_000006 session_id=sess_local_beta events=run_000001a0e8946164_000006-done input_chars=42
2026-09-28T15:14:01.531832Z  INFO lingxi_service::sessions: run committed and published (post-commit) run_id=run_000001a0e8946166_000008 session_id=sess_local_beta events=run_000001a0e8946166_000008-done input_chars=42
2026-09-28T15:14:01.532031Z  INFO lingxi_service::sessions: run committed and published (post-commit) run_id=run_000001a0e8946166_000009 session_id=sess_local_beta events=run_000001a0e8946166_000009-done input_chars=42
2026-09-28T15:14:01.532085Z  INFO lingxi_service: request handled request_id=req-26b81ad9a9b63fb1b5b6fc346e2ffe00 method=POST path=/lingxi/v1/sessions/sess_local_beta/execute status=200
2026-09-28T15:14:01.532140Z  INFO lingxi_service: request handled request_id=req-3e8f952421a86f237f8b60f9bd08227d method=POST path=/lingxi/v1/sessions/sess_local_beta/execute status=200
2026-09-28T15:14:01.532230Z  INFO lingxi_service: request handled request_id=req-9128a4e27dc4edc725edbd1f5a8dd964 method=POST path=/lingxi/v1/sessions/sess_local_beta/execute status=200
2026-09-28T15:14:01.532238Z  INFO lingxi_service: request handled request_id=req-9c4a8d8dd877a69233da216a51a6c1af method=POST path=/lingxi/v1/sessions/sess_local_beta/execute status=200
2026-09-28T15:14:01.532238Z  INFO lingxi_service: request handled request_id=req-a404b95e57ecf0b20126cafb13dd6480 method=POST path=/lingxi/v1/sessions/sess_local_beta/execute status=200
2026-09-28T15:14:01.532256Z  INFO lingxi_service: request handled request_id=req-1b72a191f9706e45851183dbbe29f028 method=POST path=/lingxi/v1/sessions/sess_local_beta/execute status=200
2026-09-28T15:14:01.577998Z  INFO lingxi_service: shutdown signal: SIGTERM
2026-09-28T15:14:01.578821Z  INFO lingxi_service::shutdown: run database closed (drained, WAL truncated) phase=storage_close
2026-09-28T15:14:01.579101Z  INFO lingxi_service::shutdown: own instance record removed, lock released phase=record_cleanup
2026-09-28T15:14:01.579162Z  INFO lingxi_service: lingxi-service stopped cleanly (run database closed, own record removed, lock released)
