2026-10-07T18:19:54.733287Z  INFO lingxi_service: data root resolved effective_home=/var/folders/5r/wq54gtms21gfjgr5v94ynfyh0000gn/T//lingxi-r02t08-a15-home.fx8mEa source=cli ignored_sources=none
2026-10-07T18:19:54.734739Z  INFO lingxi_service: data root prepared (canonicalized; runtime dir private 0700) canonical_home=/private/var/folders/5r/wq54gtms21gfjgr5v94ynfyh0000gn/T/lingxi-r02t08-a15-home.fx8mEa runtime_dir=/private/var/folders/5r/wq54gtms21gfjgr5v94ynfyh0000gn/T/lingxi-r02t08-a15-home.fx8mEa/lingxi-service
2026-10-07T18:19:54.735296Z  INFO lingxi_service: single-writer lock acquired [token] start_nonce=7779686053eb321a pid=33887 entropy="os-random-device" lock=/private/var/folders/5r/wq54gtms21gfjgr5v94ynfyh0000gn/T/lingxi-r02t08-a15-home.fx8mEa/lingxi-service/instance.lock network_mode=loopback
2026-10-07T18:19:54.750500Z  INFO lingxi_service: data-epoch gate passed home=/private/var/folders/5r/wq54gtms21gfjgr5v94ynfyh0000gn/T/lingxi-r02t08-a15-home.fx8mEa decision=ProceedStampedNew(EpochStamp { format: V2, minimum_reader_epoch: 1, committed_data_epoch: 1, last_version: Some("0.0.0") })
2026-10-07T18:19:54.804209Z  INFO lingxi_adapters::storage::run_store: run database migrated db=/private/var/folders/5r/wq54gtms21gfjgr5v94ynfyh0000gn/T/lingxi-r02t08-a15-home.fx8mEa/lingxi-service/data/runs.db applied=[1, 2, 3, 4, 5, 6, 7] version=7
2026-10-07T18:19:54.805099Z  INFO lingxi_service: auth service bootstrapped (per-start loopback token, owner-only); run database migrated and seeded local_token_file=/private/var/folders/5r/wq54gtms21gfjgr5v94ynfyh0000gn/T/lingxi-r02t08-a15-home.fx8mEa/lingxi-service/local-token.json run_database=/private/var/folders/5r/wq54gtms21gfjgr5v94ynfyh0000gn/T/lingxi-r02t08-a15-home.fx8mEa/lingxi-service/data/runs.db
2026-10-07T18:19:54.815529Z  INFO lingxi_service: instance record published (atomic write) record=/private/var/folders/5r/wq54gtms21gfjgr5v94ynfyh0000gn/T/lingxi-r02t08-a15-home.fx8mEa/lingxi-service/instance.json bind_addr=127.0.0.1:59755
LINGXI_AUTH_REJECTED request_id="req-b6f283e6c2b7be4ea83522b18668a32a" method=GET path=/lingxi/v1/me status=401 Unauthorized reason=missing_credential remote=127.0.0.1:59757
2026-10-07T18:19:55.003382Z  INFO lingxi_service: request handled request_id="req-b6f283e6c2b7be4ea83522b18668a32a" method=GET path=/lingxi/v1/me status=401
2026-10-07T18:19:55.004784Z  INFO lingxi_service: request handled request_id="req-ec8a914403019b9b210bd5f753832609" method=GET path=/lingxi/v1/me status=200
2026-10-07T18:19:55.007448Z  INFO lingxi_service::sessions: run settled through the single finalize path run_id=run_000001a11797ecfd_000001 session_id="sess_local_alpha" outcome=completed.no_final.no_provider_configured input_chars=23 input_bytes=23
2026-10-07T18:19:55.007629Z  INFO lingxi_service: request handled request_id="req-91a97592274bb77115f488e662791b26" method=POST [token] status=200
2026-10-07T18:19:55.008335Z  INFO lingxi_service: request handled request_id="req-c20e23dff9d51f3b0794ae0dac183cbd" method=GET path=/lingxi/v1/ws status=101
2026-10-07T18:19:55.010671Z  INFO lingxi_service::sessions: run settled through the single finalize path run_id=run_000001a11797ed02_000002 session_id="sess_local_alpha" outcome=completed.no_final.no_provider_configured input_chars=26 input_bytes=26
2026-10-07T18:19:55.010815Z  INFO lingxi_service: request handled request_id="req-889f2eb6505a4df683d6bda07b769335" method=POST [token] status=200
2026-10-07T18:19:55.011611Z  INFO lingxi_service: request handled request_id="req-3837ce9c604ba744ba9b14ed61d8e77a" method=GET [token] status=200
2026-10-07T18:19:55.012493Z  INFO lingxi_service: request handled request_id="req-b14269e6cc5b127b614aa76dea536a5e" method=GET [token] status=200
2026-10-07T18:19:55.012963Z  INFO lingxi_service: request handled request_id="req-bda86beef1a95765f9eab21cfbb0c35d" method=GET path=/lingxi/v1/ws status=101
2026-10-07T18:19:55.014478Z  WARN lingxi_service: ws session read failed err=Connection reset by peer (os error 54)
2026-10-07T18:19:55.039368Z  INFO lingxi_service: shutdown signal: SIGTERM
2026-10-07T18:19:55.040465Z  INFO lingxi_service::shutdown: run database closed (drained, WAL truncated) phase=storage_close
2026-10-07T18:19:55.040655Z  INFO lingxi_service::shutdown: own instance record removed, lock released phase=record_cleanup
2026-10-07T18:19:55.040712Z  INFO lingxi_service: lingxi-service stopped cleanly (run database closed, own record removed, lock released)
