2026-10-06T18:45:36.894726Z  INFO lingxi_service: data root resolved [token] source=cli ignored_sources=none
2026-10-06T18:45:36.896261Z  INFO lingxi_service: data root prepared (canonicalized; runtime dir private 0700) [token] [token]
2026-10-06T18:45:36.896874Z  INFO lingxi_service: single-writer lock acquired [token] start_nonce=e16215fc6b3c8539 pid=85142 entropy="os-random-device" lock=/private/var/folders/5r/wq54gtms21gfjgr5v94ynfyh0000gn/T/lingxi-r02t05-home-fK89Gu/lingxi-service/instance.lock network_mode=loopback
2026-10-06T18:45:36.925859Z  INFO lingxi_service: data-epoch gate passed [token] decision=ProceedStampedNew(EpochStamp { format: V2, minimum_reader_epoch: 1, committed_data_epoch: 1, last_version: Some("0.0.0") })
2026-10-06T18:45:36.992839Z  INFO lingxi_adapters::storage::run_store: run database migrated db=/private/var/folders/5r/wq54gtms21gfjgr5v94ynfyh0000gn/T/lingxi-r02t05-home-fK89Gu/lingxi-service/data/runs.db applied=[1, 2, 3, 4, 5, 6, 7] version=7
2026-10-06T18:45:36.993922Z  INFO lingxi_service: auth service bootstrapped (per-start loopback token, owner-only); run database migrated and seeded local_token_file=/private/var/folders/5r/wq54gtms21gfjgr5v94ynfyh0000gn/T/lingxi-r02t05-home-fK89Gu/lingxi-service/local-token.json run_database=/private/var/folders/5r/wq54gtms21gfjgr5v94ynfyh0000gn/T/lingxi-r02t05-home-fK89Gu/lingxi-service/data/runs.db
2026-10-06T18:45:37.004826Z  INFO lingxi_service: instance record published (atomic write) record=/private/var/folders/5r/wq54gtms21gfjgr5v94ynfyh0000gn/T/lingxi-r02t05-home-fK89Gu/lingxi-service/instance.json bind_addr=127.0.0.1:56404
2026-10-06T18:45:37.214805Z  INFO lingxi_service::sessions: run settled through the single finalize path run_id=run_000001a11289193d_000001 session_id="sess_local_alpha" outcome=completed.no_final.no_provider_configured input_chars=10 input_bytes=10
2026-10-06T18:45:37.215096Z  INFO lingxi_service: request handled [token] method=POST [token] status=200
2026-10-06T18:45:37.216681Z  INFO lingxi_service::sessions: run settled through the single finalize path run_id=run_000001a11289193f_000002 session_id="sess_local_alpha" outcome=completed.no_final.no_provider_configured input_chars=10 input_bytes=10
2026-10-06T18:45:37.216834Z  INFO lingxi_service: request handled [token] method=POST [token] status=200
2026-10-06T18:45:37.217559Z  INFO lingxi_service: request handled [token] method=GET path=/lingxi/v1/ws status=101
2026-10-06T18:45:37.219889Z  INFO lingxi_service::sessions: run settled through the single finalize path run_id=run_000001a112891942_000003 session_id="sess_local_alpha" outcome=completed.no_final.no_provider_configured input_chars=12 input_bytes=12
2026-10-06T18:45:37.220067Z  INFO lingxi_service: request handled [token] method=POST [token] status=200
2026-10-06T18:45:37.221310Z  INFO lingxi_service::sessions: run settled through the single finalize path run_id=run_000001a112891944_000004 session_id="sess_local_alpha" outcome=completed.no_final.no_provider_configured input_chars=12 input_bytes=12
2026-10-06T18:45:37.221467Z  INFO lingxi_service: request handled [token] method=POST [token] status=200
2026-10-06T18:45:37.222635Z  INFO lingxi_service::sessions: run settled through the single finalize path run_id=run_000001a112891945_000005 session_id="sess_local_alpha" outcome=completed.no_final.no_provider_configured input_chars=12 input_bytes=12
2026-10-06T18:45:37.222780Z  INFO lingxi_service: request handled [token] method=POST [token] status=200
2026-10-06T18:45:37.223854Z  INFO lingxi_service::sessions: run settled through the single finalize path run_id=run_000001a112891947_000006 session_id="sess_local_alpha" outcome=completed.no_final.no_provider_configured input_chars=12 input_bytes=12
2026-10-06T18:45:37.223985Z  INFO lingxi_service: request handled [token] method=POST [token] status=200
2026-10-06T18:45:38.237576Z  INFO lingxi_service::sessions: run settled through the single finalize path run_id=run_000001a112891d3a_000007 session_id="sess_local_alpha" outcome=completed.no_final.no_provider_configured input_chars=8 input_bytes=8
2026-10-06T18:45:38.237905Z  INFO lingxi_service: request handled [token] method=POST [token] status=200
2026-10-06T18:45:38.239834Z  INFO lingxi_service: request handled [token] method=GET [token] status=200
2026-10-06T18:45:38.242512Z  INFO lingxi_service: request handled [token] method=GET [token] status=409
2026-10-06T18:45:38.243572Z  INFO lingxi_service: request handled [token] method=GET path=/lingxi/v1/ws status=101
2026-10-06T18:45:38.248213Z  INFO lingxi_service: request handled [token] method=GET [token] status=200
2026-10-06T18:45:38.250510Z  INFO lingxi_service::sessions: run settled through the single finalize path run_id=run_000001a112891d49_000008 session_id="sess_local_beta" outcome=completed.no_final.no_provider_configured input_chars=8 input_bytes=8
2026-10-06T18:45:38.250711Z  INFO lingxi_service: request handled [token] method=POST [token] status=200
2026-10-06T18:45:38.251848Z  INFO lingxi_service: request handled [token] method=GET [token] status=200
2026-10-06T18:45:38.253750Z  INFO lingxi_service: request handled [token] method=GET [token] status=409
2026-10-06T18:45:38.254542Z  INFO lingxi_service: request handled [token] method=GET path=/lingxi/v1/ws status=101
2026-10-06T18:45:38.257188Z  INFO lingxi_service: request handled [token] method=GET path=/lingxi/v1/ws status=101
2026-10-06T18:45:41.263907Z  INFO lingxi_service: request handled [token] method=GET [token] status=404
2026-10-06T18:45:41.266728Z  INFO lingxi_service: request handled [token] method=GET path=/lingxi/v1/ws status=101
2026-10-06T18:45:44.274604Z  INFO lingxi_service: request handled [token] method=GET path=/lingxi/v1/ws status=101
2026-10-06T18:45:47.283389Z  INFO lingxi_service: request handled [token] method=GET path=/lingxi/v1/ws status=101
2026-10-06T18:45:51.486398Z  INFO lingxi_service: request handled [token] method=POST path=/lingxi/v1/devices/credentials status=201
2026-10-06T18:45:52.650678Z  INFO lingxi_service: request handled [token] method=GET [token] status=403
2026-10-06T18:45:53.080703Z  INFO lingxi_service: shutdown signal: SIGTERM
2026-10-06T18:45:53.082298Z  INFO lingxi_service::shutdown: run database closed (drained, WAL truncated) phase=storage_close
2026-10-06T18:45:53.082679Z  INFO lingxi_service::shutdown: own instance record removed, lock released phase=record_cleanup
2026-10-06T18:45:53.082902Z  INFO lingxi_service: lingxi-service stopped cleanly (run database closed, own record removed, lock released)
