== building lingxi-service (rustup 1.98.1, /tmp/rust-target-r02-final, --locked) ==
== service up addr=127.0.0.1:49172 home=/var/folders/5r/wq54gtms21gfjgr5v94ynfyh0000gn/T//lingxi-r02t03-home-E9V4RS ==
== A05: forged identity is ineffective ==
PASS a05-no-credential-read (http=401)
PASS a05-no-credential-read-reason (body contains 'missing_credential')
PASS a05-no-credential-execute (http=401)
PASS a05-no-credential-ws-ticket (http=403)
PASS a05-no-credential-ws-ticket-reason (body contains 'missing_credential')
0eaa40ec6a97e5f3cafa2bb4c990f480a8aa68c91de7433ed142e1a82763d259  devices.json
66f06d6c7d98c0544fb07d0a843e961ce303bb9afc44248f9a55faee9475944a  device-credentials.json
6a5bb7f737c5d7a1d218b048f64e3c2692bd3900d26d950ad7f450741654a87f  local-token.json
PASS a05-no-credential-me (http=401)
0eaa40ec6a97e5f3cafa2bb4c990f480a8aa68c91de7433ed142e1a82763d259  devices.json
66f06d6c7d98c0544fb07d0a843e961ce303bb9afc44248f9a55faee9475944a  device-credentials.json
6a5bb7f737c5d7a1d218b048f64e3c2692bd3900d26d950ad7f450741654a87f  local-token.json
PASS a05-forged-principal-headers (http=401)
PASS a05-me-with-forged-header (http=200)
PASS a05-me-server-computed (body contains '"kind":"local_user"')
PASS a05-me-owner-full-projection (version, identity, scoped capabilities)
PASS a05-me-never-echoes-forged-values
PASS a05-identity-shaped-body-rejected (http=400)
PASS a05-identity-shaped-body-reason (body contains 'invalid_message')
PASS a05-forged-session-id (http=404)
PASS a05-forged-session-id-reason (body contains 'not_found')
PASS a05-forged-session-id-execute (http=404)
PASS a05-wrong-token (http=401)
PASS a05-wrong-token-reason (body contains 'invalid_credential')
PASS a05-issue-expired-credential (http=201)
PASS a05-ws-ticket-issue-owner (http=200)
PASS a05-ws-ticket-issue-owner-shape (body contains '"ticket":"')
PASS a05-devices-credentials-empty-user-id (http=400)
PASS a05-devices-credentials-invalid-json (http=400)
PASS a05-devices-credentials-invalid-json-reason (body contains 'invalid_message')
PASS a05-issue-foreign-credential (http=201)
PASS a05-foreign-credential-authenticates (http=200)
PASS a05-foreign-principal-kind (body contains '"kind":"device"')
PASS a05-me-device-full-projection (version, identity, scoped capabilities)
PASS a05-issue-no-chat-credential (http=201)
PASS a05-ws-ticket-insufficient-scope (http=403)
PASS a05-ws-ticket-insufficient-scope-reason (body contains 'insufficient_scope')
00d23a79c34202881dad5af7a36096d602135814b7fa2f579636750f24f821f4  devices.json
59ab992ae8d5012e6899b6ec11202428895b8891d989cb2e470a7fba841c45ae  device-credentials.json
6a5bb7f737c5d7a1d218b048f64e3c2692bd3900d26d950ad7f450741654a87f  local-token.json
state before negatives: runCounts=0 0
PASS a05-expired-credential (http=401)
PASS a05-expired-credential-reason (body contains 'invalid_credential')
PASS a05-expired-credential-execute (http=401)
00d23a79c34202881dad5af7a36096d602135814b7fa2f579636750f24f821f4  devices.json
59ab992ae8d5012e6899b6ec11202428895b8891d989cb2e470a7fba841c45ae  device-credentials.json
6a5bb7f737c5d7a1d218b048f64e3c2692bd3900d26d950ad7f450741654a87f  local-token.json
PASS a05-authn-failures-registry-files-byte-identical
00d23a79c34202881dad5af7a36096d602135814b7fa2f579636750f24f821f4  devices.json
59ab992ae8d5012e6899b6ec11202428895b8891d989cb2e470a7fba841c45ae  device-credentials.json
6a5bb7f737c5d7a1d218b048f64e3c2692bd3900d26d950ad7f450741654a87f  local-token.json
PASS a05-cross-principal-read (http=403)
PASS a05-cross-principal-read-reason (body contains 'cross_principal_access')
PASS a05-cross-principal-execute (http=403)
a57717bec227af1456f9f67cd9a593ad9ff4e237fc13c011390268ef4b638a7a  devices.json
6cfa9ffff5799dea4cd3fb5035a18181ea6cd624cfa3db97a90bfd61865b3537  device-credentials.json
6a5bb7f737c5d7a1d218b048f64e3c2692bd3900d26d950ad7f450741654a87f  local-token.json
PASS a05-authz-negatives-audit-only-changes (devices-before-authz.json vs devices-after-authz.json)
PASS a05-authz-negatives-audit-only-changes (creds-before-authz.json vs creds-after-authz.json)
state after negatives:  runCounts=0 0
PASS a05-no-observable-business-state-change (runCounts stable)
PASS a05-positive-control-owner-execute (http=200)
PASS a05-positive-control-run-id (body contains '"runId":"run_')
PASS a05-positive-control-advanced-run-count (owner execute works, denied ones did not)
PASS a05-sessions-list-owner (http=200)
