2026-09-28T20:28:17.337009Z  INFO lingxi_service: data root resolved effective_home=/var/folders/5r/wq54gtms21gfjgr5v94ynfyh0000gn/T//lingxi-r02t08-a15-home.xXjOYQ source=cli ignored_sources=none
2026-09-28T20:28:17.338221Z  INFO lingxi_service: data root prepared (canonicalized; runtime dir private 0700) canonical_home=/private/var/folders/5r/wq54gtms21gfjgr5v94ynfyh0000gn/T/lingxi-r02t08-a15-home.xXjOYQ runtime_dir=/private/var/folders/5r/wq54gtms21gfjgr5v94ynfyh0000gn/T/lingxi-r02t08-a15-home.xXjOYQ/lingxi-service
2026-09-28T20:28:17.338729Z  INFO lingxi_service: single-writer lock acquired instance_id=f26c4d2c7f993959a643dde4ebf79d15 start_nonce=f1c8d0b6934a54e5 pid=40019 entropy="os-random-device" lock=/private/var/folders/5r/wq54gtms21gfjgr5v94ynfyh0000gn/T/lingxi-r02t08-a15-home.xXjOYQ/lingxi-service/instance.lock network_mode=loopback
2026-09-28T20:28:17.351593Z  INFO lingxi_service: data-epoch gate passed home=/private/var/folders/5r/wq54gtms21gfjgr5v94ynfyh0000gn/T/lingxi-r02t08-a15-home.xXjOYQ decision=ProceedStampedNew(EpochStamp { format: V2, minimum_reader_epoch: 1, committed_data_epoch: 1, last_version: Some("0.0.0") })
2026-09-28T20:28:17.399098Z  INFO lingxi_adapters::storage::run_store: run database migrated db=/private/var/folders/5r/wq54gtms21gfjgr5v94ynfyh0000gn/T/lingxi-r02t08-a15-home.xXjOYQ/lingxi-service/data/runs.db applied=[1] version=1
2026-09-28T20:28:17.399726Z  INFO lingxi_service: auth service bootstrapped (per-start loopback token, owner-only); run database migrated and seeded local_token_file=/private/var/folders/5r/wq54gtms21gfjgr5v94ynfyh0000gn/T/lingxi-r02t08-a15-home.xXjOYQ/lingxi-service/local-token.json run_database=/private/var/folders/5r/wq54gtms21gfjgr5v94ynfyh0000gn/T/lingxi-r02t08-a15-home.xXjOYQ/lingxi-service/data/runs.db
2026-09-28T20:28:17.408652Z  INFO lingxi_service: instance record published (atomic write) record=/private/var/folders/5r/wq54gtms21gfjgr5v94ynfyh0000gn/T/lingxi-r02t08-a15-home.xXjOYQ/lingxi-service/instance.json bind_addr=127.0.0.1:61296
LINGXI_AUTH_REJECTED request_id=req-b18554cc1c6da0a544fecd99c838d1df method=GET path=/lingxi/v1/me status=401 Unauthorized reason=missing_credential remote=127.0.0.1:61298
2026-09-28T20:28:17.607220Z  INFO lingxi_service: request handled request_id=req-b18554cc1c6da0a544fecd99c838d1df method=GET path=/lingxi/v1/me status=401
2026-09-28T20:28:17.608022Z  INFO lingxi_service: request handled request_id=req-5a13b6e957c4913a212bb688a8cecc4c method=GET path=/lingxi/v1/me status=200
2026-09-28T20:28:17.609738Z  INFO lingxi_service::sessions: run committed and published (post-commit) run_id=run_000001a0e9b43948_000001 session_id=sess_local_alpha events=run_000001a0e9b43948_000001-done input_chars=23
2026-09-28T20:28:17.609868Z  INFO lingxi_service: request handled request_id=req-81ec3d3cc6bc02fa20badf1486fc3b32 method=POST path=/lingxi/v1/sessions/sess_local_alpha/execute status=200
2026-09-28T20:28:17.610340Z  INFO lingxi_service: request handled request_id=req-d07129f679dc99b9bdf49687f86a827b method=GET path=/lingxi/v1/ws status=101
2026-09-28T20:28:17.611892Z  INFO lingxi_service::sessions: run committed and published (post-commit) run_id=run_000001a0e9b4394b_000002 session_id=sess_local_alpha events=run_000001a0e9b4394b_000002-done input_chars=26
2026-09-28T20:28:17.612000Z  INFO lingxi_service: request handled request_id=req-0e04f9f10cc1aecaccc398731b1b2e0a method=POST path=/lingxi/v1/sessions/sess_local_alpha/execute status=200
2026-09-28T20:28:17.612565Z  INFO lingxi_service: request handled request_id=req-6fbab24bf89123915262d261e2abafa5 method=GET path=/lingxi/v1/sessions/sess_local_alpha status=200
2026-09-28T20:28:17.613270Z  INFO lingxi_service: request handled request_id=req-eabdaf4a60df5261f679a9bfd2f7662e method=GET path=/lingxi/v1/sessions/sess_local_alpha/events status=200
2026-09-28T20:28:17.613702Z  INFO lingxi_service: request handled request_id=req-352c134e4f41a2719698895ed38cc076 method=GET path=/lingxi/v1/ws status=101
2026-09-28T20:28:17.614715Z  WARN lingxi_service: ws session read failed err=Connection reset by peer (os error 54)
2026-09-28T20:28:17.636537Z  INFO lingxi_service: shutdown signal: SIGTERM
2026-09-28T20:28:17.637298Z  INFO lingxi_service::shutdown: run database closed (drained, WAL truncated) phase=storage_close
2026-09-28T20:28:17.637532Z  INFO lingxi_service::shutdown: own instance record removed, lock released phase=record_cleanup
2026-09-28T20:28:17.637599Z  INFO lingxi_service: lingxi-service stopped cleanly (run database closed, own record removed, lock released)
