docs/refactor-2026/P08/ACCEPTANCE_MAP.json: OK
docs/refactor-2026/P08/FINAL_CALLSITE_MATRIX.json: OK
docs/refactor-2026/P08/FINAL_ENGINEERING_CHECKS.json: OK
docs/refactor-2026/P08/FINAL_RESULT.json: OK
docs/refactor-2026/P08/INDEPENDENT_REVIEW.md: OK
docs/refactor-2026/P08/LEGACY_EXIT_LEDGER.md: OK
docs/refactor-2026/P08/P08_ACCEPTANCE_REVIEW.md: OK
docs/refactor-2026/P08/P08_REPORT.md: OK
docs/refactor-2026/P08/P08_RESULT.json: OK
docs/refactor-2026/P08/PACKAGED_ARTIFACT_MATRIX.json: OK
docs/refactor-2026/P08/PRODUCT_REGRESSION_MATRIX.json: OK
docs/refactor-2026/P08/STRICT_FINAL_SCOPE.json: OK
docs/refactor-2026/P08/P08_RECLOSURE_REVIEW.md: OK
artifacts/refactor-2026/P08/logs/P08-ACCEPT-bench-mem-rerun.out: OK
artifacts/refactor-2026/P08/logs/P08-ACCEPT-build-server-open.out: OK
artifacts/refactor-2026/P08/logs/P08-ACCEPT-ce1-jsonl-corrupt.mjs: OK
artifacts/refactor-2026/P08/logs/P08-ACCEPT-ce1-jsonl-corrupt.out: OK
artifacts/refactor-2026/P08/logs/P08-ACCEPT-ce1-results.json: OK
artifacts/refactor-2026/P08/logs/P08-ACCEPT-ce2-results.json: OK
artifacts/refactor-2026/P08/logs/P08-ACCEPT-ce2-seed-tamper.mjs: OK
artifacts/refactor-2026/P08/logs/P08-ACCEPT-ce2-seed-tamper.out: OK
artifacts/refactor-2026/P08/logs/P08-ACCEPT-ce2d-unknown-key.out: OK
artifacts/refactor-2026/P08/logs/P08-ACCEPT-ce3-strict-negative.out: OK
artifacts/refactor-2026/P08/logs/P08-ACCEPT-core-contracts.out: OK
artifacts/refactor-2026/P08/logs/P08-ACCEPT-dep-boundaries.out: OK
artifacts/refactor-2026/P08/logs/P08-ACCEPT-full-test.out: OK
artifacts/refactor-2026/P08/logs/P08-ACCEPT-lint.out: OK
artifacts/refactor-2026/P08/logs/P08-ACCEPT-negative-probes.out: OK
artifacts/refactor-2026/P08/logs/P08-ACCEPT-packaged-smoke-json.out: OK
artifacts/refactor-2026/P08/logs/P08-ACCEPT-product-regression-json.out: OK
artifacts/refactor-2026/P08/logs/P08-ACCEPT-product-regression.out: OK
artifacts/refactor-2026/P08/logs/P08-ACCEPT-smoke-server-open.out: OK
artifacts/refactor-2026/P08/logs/P08-ACCEPT-tib.out: OK
artifacts/refactor-2026/P08/logs/P08-ACCEPT-typecheck.out: OK
artifacts/refactor-2026/P08/logs/P08-ACCEPT-upgrade-drill-json.out: OK
artifacts/refactor-2026/P08/logs/P08-ACCEPT-upgrade-drill.out: OK
artifacts/refactor-2026/P08/logs/P08-FIXR1-anchor-evidence.err: OK
artifacts/refactor-2026/P08/logs/P08-FIXR1-anchor-evidence.out: OK
artifacts/refactor-2026/P08/logs/P08-FIXR1-any-scan.err: OK
artifacts/refactor-2026/P08/logs/P08-FIXR1-any-scan.out: OK
artifacts/refactor-2026/P08/logs/P08-FIXR1-counts.err: OK
artifacts/refactor-2026/P08/logs/P08-FIXR1-counts.out: OK
artifacts/refactor-2026/P08/logs/P08-FIXR1-json-validate.err: OK
artifacts/refactor-2026/P08/logs/P08-FIXR1-json-validate.out: OK
artifacts/refactor-2026/P08/logs/P08-FIXR2-fail-count.err: OK
artifacts/refactor-2026/P08/logs/P08-FIXR2-fail-count.out: OK
artifacts/refactor-2026/P08/logs/P08-FIXR2-json-validate.err: OK
artifacts/refactor-2026/P08/logs/P08-FIXR2-json-validate.out: OK
artifacts/refactor-2026/P08/logs/P08-P07FB-trim-rerun.err: OK
artifacts/refactor-2026/P08/logs/P08-P07FB-trim-rerun.out: OK
artifacts/refactor-2026/P08/logs/P08-T00-env.err: OK
artifacts/refactor-2026/P08/logs/P08-T00-env.out: OK
artifacts/refactor-2026/P08/logs/P08-T01-skills-residue-cleanup.err: OK
artifacts/refactor-2026/P08/logs/P08-T01-skills-residue-cleanup.out: OK
artifacts/refactor-2026/P08/logs/P08-T01-skills-tests.err: OK
artifacts/refactor-2026/P08/logs/P08-T01-skills-tests.out: OK
artifacts/refactor-2026/P08/logs/P08-T01-tool-invocation-boundaries.err: OK
artifacts/refactor-2026/P08/logs/P08-T01-tool-invocation-boundaries.out: OK
artifacts/refactor-2026/P08/logs/P08-T02-core-contracts-negative.err: OK
artifacts/refactor-2026/P08/logs/P08-T02-core-contracts-negative.out: OK
artifacts/refactor-2026/P08/logs/P08-T02-core-contracts.err: OK
artifacts/refactor-2026/P08/logs/P08-T02-core-contracts.out: OK
artifacts/refactor-2026/P08/logs/P08-T02-dependency-boundaries.err: OK
artifacts/refactor-2026/P08/logs/P08-T02-dependency-boundaries.out: OK
artifacts/refactor-2026/P08/logs/P08-T03-product-regression-r2.err: OK
artifacts/refactor-2026/P08/logs/P08-T03-product-regression-r2.out: OK
artifacts/refactor-2026/P08/logs/P08-T03-product-regression-r3.err: OK
artifacts/refactor-2026/P08/logs/P08-T03-product-regression-r3.out: OK
artifacts/refactor-2026/P08/logs/P08-T03-product-regression-r4.err: OK
artifacts/refactor-2026/P08/logs/P08-T03-product-regression-r4.out: OK
artifacts/refactor-2026/P08/logs/P08-T03-product-regression-r5.err: OK
artifacts/refactor-2026/P08/logs/P08-T03-product-regression-r5.out: OK
artifacts/refactor-2026/P08/logs/P08-T03-product-regression-r6.err: OK
artifacts/refactor-2026/P08/logs/P08-T03-product-regression-r6.out: OK
artifacts/refactor-2026/P08/logs/P08-T03-product-regression.err: OK
artifacts/refactor-2026/P08/logs/P08-T03-product-regression.out: OK
artifacts/refactor-2026/P08/logs/P08-T04-build-renderer.err: OK
artifacts/refactor-2026/P08/logs/P08-T04-build-renderer.out: OK
artifacts/refactor-2026/P08/logs/P08-T04-build-server-open.err: OK
artifacts/refactor-2026/P08/logs/P08-T04-build-server-open.out: OK
artifacts/refactor-2026/P08/logs/P08-T04-f5-patch-side-effect.stat.txt: OK
artifacts/refactor-2026/P08/logs/P08-T04-full-test.err: OK
artifacts/refactor-2026/P08/logs/P08-T04-full-test.out: OK
artifacts/refactor-2026/P08/logs/P08-T04-lint.err: OK
artifacts/refactor-2026/P08/logs/P08-T04-lint.out: OK
artifacts/refactor-2026/P08/logs/P08-T04-smoke-server-open.err: OK
artifacts/refactor-2026/P08/logs/P08-T04-smoke-server-open.out: OK
artifacts/refactor-2026/P08/logs/P08-T04-typecheck.err: OK
artifacts/refactor-2026/P08/logs/P08-T04-typecheck.out: OK
artifacts/refactor-2026/P08/logs/P08-T05-artifact-hashes.err: OK
artifacts/refactor-2026/P08/logs/P08-T05-artifact-hashes.out: OK
artifacts/refactor-2026/P08/logs/P08-T05-fingerprint-check.err: OK
artifacts/refactor-2026/P08/logs/P08-T05-fingerprint-check.out: OK
artifacts/refactor-2026/P08/logs/P08-T05-old-worktree-setup.err: OK
artifacts/refactor-2026/P08/logs/P08-T05-old-worktree-setup.out: OK
artifacts/refactor-2026/P08/logs/P08-T05-pack-dir-local.err: OK
artifacts/refactor-2026/P08/logs/P08-T05-pack-dir-local.out: OK
artifacts/refactor-2026/P08/logs/P08-T05-pack.err: OK
artifacts/refactor-2026/P08/logs/P08-T05-pack.out: OK
artifacts/refactor-2026/P08/logs/P08-T05-packaged-smoke.err: OK
artifacts/refactor-2026/P08/logs/P08-T05-packaged-smoke.out: OK
artifacts/refactor-2026/P08/logs/P08-T05-upgrade-drill.err: OK
artifacts/refactor-2026/P08/logs/P08-T05-upgrade-drill.out: OK
artifacts/refactor-2026/P08/logs/P08-T06-negative-probes-r2.err: OK
artifacts/refactor-2026/P08/logs/P08-T06-negative-probes-r2.out: OK
artifacts/refactor-2026/P08/logs/P08-T06-negative-probes.err: OK
artifacts/refactor-2026/P08/logs/P08-T06-negative-probes.out: OK
artifacts/refactor-2026/P08/logs/P08-T07-cleanup.err: OK
artifacts/refactor-2026/P08/logs/P08-T07-cleanup.out: OK
artifacts/refactor-2026/P08/logs/P08-T07-json-validate.err: OK
artifacts/refactor-2026/P08/logs/P08-T07-json-validate.out: OK
artifacts/refactor-2026/P08/logs/P08-T07-lint-r2.err: OK
artifacts/refactor-2026/P08/logs/P08-T07-lint-r2.out: OK
artifacts/refactor-2026/P08/logs/P08-T07-lint.err: OK
artifacts/refactor-2026/P08/logs/P08-T07-lint.out: OK
artifacts/refactor-2026/P08/logs/P08-T07-manifest-check.err: OK
artifacts/refactor-2026/P08/logs/P08-T07-manifest-check.out: OK
artifacts/refactor-2026/P08/logs/command-log.jsonl: OK
artifacts/refactor-2026/P08/logs/negative-probes.json: OK
artifacts/refactor-2026/P08/logs/packaged-server-smoke.json: OK
artifacts/refactor-2026/P08/logs/product-regression.json: OK
artifacts/refactor-2026/P08/logs/upgrade-rollback-drill.json: OK
exit_code=0
