2026-09-29T13:55:42.446891Z  INFO lingxi_service: data root resolved effective_home=/var/folders/5r/wq54gtms21gfjgr5v94ynfyh0000gn/T//lingxi-r02t08-a15-home.srQW0b source=cli ignored_sources=none
2026-09-29T13:55:42.448059Z  INFO lingxi_service: data root prepared (canonicalized; runtime dir private 0700) canonical_home=/private/var/folders/5r/wq54gtms21gfjgr5v94ynfyh0000gn/T/lingxi-r02t08-a15-home.srQW0b runtime_dir=/private/var/folders/5r/wq54gtms21gfjgr5v94ynfyh0000gn/T/lingxi-r02t08-a15-home.srQW0b/lingxi-service
2026-09-29T13:55:42.448615Z  INFO lingxi_service: single-writer lock acquired instance_id=7d60039bc4be73e39860f942d635d30a start_nonce=3bd54635f6b57fb9 pid=46080 entropy="os-random-device" lock=/private/var/folders/5r/wq54gtms21gfjgr5v94ynfyh0000gn/T/lingxi-r02t08-a15-home.srQW0b/lingxi-service/instance.lock network_mode=loopback
2026-09-29T13:55:42.462588Z  INFO lingxi_service: data-epoch gate passed home=/private/var/folders/5r/wq54gtms21gfjgr5v94ynfyh0000gn/T/lingxi-r02t08-a15-home.srQW0b decision=ProceedStampedNew(EpochStamp { format: V2, minimum_reader_epoch: 1, committed_data_epoch: 1, last_version: Some("0.0.0") })
2026-09-29T13:55:42.513023Z  INFO lingxi_adapters::storage::run_store: run database migrated db=/private/var/folders/5r/wq54gtms21gfjgr5v94ynfyh0000gn/T/lingxi-r02t08-a15-home.srQW0b/lingxi-service/data/runs.db applied=[1, 2, 3, 4] version=4
2026-09-29T13:55:42.513966Z  INFO lingxi_service: auth service bootstrapped (per-start loopback token, owner-only); run database migrated and seeded local_token_file=/private/var/folders/5r/wq54gtms21gfjgr5v94ynfyh0000gn/T/lingxi-r02t08-a15-home.srQW0b/lingxi-service/local-token.json run_database=/private/var/folders/5r/wq54gtms21gfjgr5v94ynfyh0000gn/T/lingxi-r02t08-a15-home.srQW0b/lingxi-service/data/runs.db
2026-09-29T13:55:42.524609Z  INFO lingxi_service: instance record published (atomic write) record=/private/var/folders/5r/wq54gtms21gfjgr5v94ynfyh0000gn/T/lingxi-r02t08-a15-home.srQW0b/lingxi-service/instance.json bind_addr=127.0.0.1:50983
LINGXI_AUTH_REJECTED request_id=req-3d76a72059eb292e0ef247a4ee67f59b method=GET path=/lingxi/v1/me status=401 Unauthorized reason=missing_credential remote=127.0.0.1:50985
2026-09-29T13:55:42.838190Z  INFO lingxi_service: request handled request_id=req-3d76a72059eb292e0ef247a4ee67f59b method=GET path=/lingxi/v1/me status=401
2026-09-29T13:55:42.839323Z  INFO lingxi_service: request handled request_id=req-fcab2e015959d706f6157e4dfa0a6622 method=GET path=/lingxi/v1/me status=200
2026-09-29T13:55:42.841768Z  INFO lingxi_service::sessions: run settled through the single finalize path run_id=run_000001a0ed732a78_000001 session_id="sess_local_alpha" outcome=completed.no_final.no_provider_configured input_chars=23
2026-09-29T13:55:42.841961Z  INFO lingxi_service: request handled request_id=req-024b5268d50456d1e15cea010bbf2277 method=POST path=/lingxi/v1/sessions/sess_local_alpha/execute status=200
2026-09-29T13:55:42.842628Z  INFO lingxi_service: request handled request_id=req-598ab831996dc18fbb58e514afe08918 method=GET path=/lingxi/v1/ws status=101
2026-09-29T13:55:42.845023Z  INFO lingxi_service::sessions: run settled through the single finalize path run_id=run_000001a0ed732a7c_000002 session_id="sess_local_alpha" outcome=completed.no_final.no_provider_configured input_chars=26
2026-09-29T13:55:42.845176Z  INFO lingxi_service: request handled request_id=req-f0518e176bd3b37ef0c05dc1b7c64d4a method=POST path=/lingxi/v1/sessions/sess_local_alpha/execute status=200
2026-09-29T13:55:42.845960Z  INFO lingxi_service: request handled request_id=req-a47cc4c33a2f368163f9df3a470792ad method=GET path=/lingxi/v1/sessions/sess_local_alpha status=200
2026-09-29T13:55:42.846857Z  INFO lingxi_service: request handled request_id=req-291f54c9c2d87247d84cc4f2b54da0e6 method=GET path=/lingxi/v1/sessions/sess_local_alpha/events status=200
2026-09-29T13:55:42.847349Z  INFO lingxi_service: request handled request_id=req-df6ba194229757d623633666020037f3 method=GET path=/lingxi/v1/ws status=101
2026-09-29T13:55:42.848670Z  WARN lingxi_service: ws session read failed err=Connection reset by peer (os error 54)
2026-09-29T13:55:42.875586Z  INFO lingxi_service: shutdown signal: SIGTERM
2026-09-29T13:55:42.876670Z  INFO lingxi_service::shutdown: run database closed (drained, WAL truncated) phase=storage_close
2026-09-29T13:55:42.876963Z  INFO lingxi_service::shutdown: own instance record removed, lock released phase=record_cleanup
2026-09-29T13:55:42.877034Z  INFO lingxi_service: lingxi-service stopped cleanly (run database closed, own record removed, lock released)
