2026-09-29T14:14:04.897109Z  INFO lingxi_service: data root resolved effective_home=/var/folders/5r/wq54gtms21gfjgr5v94ynfyh0000gn/T//lingxi-r02t08-a15-home.LCcaEb source=cli ignored_sources=none
2026-09-29T14:14:04.898237Z  INFO lingxi_service: data root prepared (canonicalized; runtime dir private 0700) canonical_home=/private/var/folders/5r/wq54gtms21gfjgr5v94ynfyh0000gn/T/lingxi-r02t08-a15-home.LCcaEb runtime_dir=/private/var/folders/5r/wq54gtms21gfjgr5v94ynfyh0000gn/T/lingxi-r02t08-a15-home.LCcaEb/lingxi-service
2026-09-29T14:14:04.898741Z  INFO lingxi_service: single-writer lock acquired instance_id=1185199b7686ecb1ad61f7d69feaf003 start_nonce=1b1f85685e4da2c5 pid=59974 entropy="os-random-device" lock=/private/var/folders/5r/wq54gtms21gfjgr5v94ynfyh0000gn/T/lingxi-r02t08-a15-home.LCcaEb/lingxi-service/instance.lock network_mode=loopback
2026-09-29T14:14:04.913470Z  INFO lingxi_service: data-epoch gate passed home=/private/var/folders/5r/wq54gtms21gfjgr5v94ynfyh0000gn/T/lingxi-r02t08-a15-home.LCcaEb decision=ProceedStampedNew(EpochStamp { format: V2, minimum_reader_epoch: 1, committed_data_epoch: 1, last_version: Some("0.0.0") })
2026-09-29T14:14:04.966759Z  INFO lingxi_adapters::storage::run_store: run database migrated db=/private/var/folders/5r/wq54gtms21gfjgr5v94ynfyh0000gn/T/lingxi-r02t08-a15-home.LCcaEb/lingxi-service/data/runs.db applied=[1, 2, 3, 4] version=4
2026-09-29T14:14:04.967632Z  INFO lingxi_service: auth service bootstrapped (per-start loopback token, owner-only); run database migrated and seeded local_token_file=/private/var/folders/5r/wq54gtms21gfjgr5v94ynfyh0000gn/T/lingxi-r02t08-a15-home.LCcaEb/lingxi-service/local-token.json run_database=/private/var/folders/5r/wq54gtms21gfjgr5v94ynfyh0000gn/T/lingxi-r02t08-a15-home.LCcaEb/lingxi-service/data/runs.db
2026-09-29T14:14:04.978672Z  INFO lingxi_service: instance record published (atomic write) record=/private/var/folders/5r/wq54gtms21gfjgr5v94ynfyh0000gn/T/lingxi-r02t08-a15-home.LCcaEb/lingxi-service/instance.json bind_addr=127.0.0.1:52995
LINGXI_AUTH_REJECTED request_id=req-994752b92ed6d6ce2449c1148e8bb09b method=GET path=/lingxi/v1/me status=401 Unauthorized reason=missing_credential remote=127.0.0.1:52997
2026-09-29T14:14:05.262605Z  INFO lingxi_service: request handled request_id=req-994752b92ed6d6ce2449c1148e8bb09b method=GET path=/lingxi/v1/me status=401
2026-09-29T14:14:05.263374Z  INFO lingxi_service: request handled request_id=req-b15e799183232fd2d30874055725e2c7 method=GET path=/lingxi/v1/me status=200
2026-09-29T14:14:05.265007Z  INFO lingxi_service::sessions: run settled through the single finalize path run_id=run_000001a0ed83fccf_000001 session_id="sess_local_alpha" outcome=completed.no_final.no_provider_configured input_chars=23
2026-09-29T14:14:05.265141Z  INFO lingxi_service: request handled request_id=req-392741da4f971aa3ca57ab24fd7f8a1c method=POST path=/lingxi/v1/sessions/sess_local_alpha/execute status=200
2026-09-29T14:14:05.265593Z  INFO lingxi_service: request handled request_id=req-a4590cba808d72ba35521f566beb1ae0 method=GET path=/lingxi/v1/ws status=101
2026-09-29T14:14:05.267365Z  INFO lingxi_service::sessions: run settled through the single finalize path run_id=run_000001a0ed83fcd2_000002 session_id="sess_local_alpha" outcome=completed.no_final.no_provider_configured input_chars=26
2026-09-29T14:14:05.267491Z  INFO lingxi_service: request handled request_id=req-016808ab6bcd2170308faa0af46a9535 method=POST path=/lingxi/v1/sessions/sess_local_alpha/execute status=200
2026-09-29T14:14:05.268146Z  INFO lingxi_service: request handled request_id=req-1c8b52eb04ba1671a6c23fd7eec805ec method=GET path=/lingxi/v1/sessions/sess_local_alpha status=200
2026-09-29T14:14:05.268841Z  INFO lingxi_service: request handled request_id=req-8db288f7d82bf3e0424bddf53ecd4497 method=GET path=/lingxi/v1/sessions/sess_local_alpha/events status=200
2026-09-29T14:14:05.269212Z  INFO lingxi_service: request handled request_id=req-33017b4c976a3948e709243165181b26 method=GET path=/lingxi/v1/ws status=101
2026-09-29T14:14:05.270279Z  WARN lingxi_service: ws session read failed err=Connection reset by peer (os error 54)
2026-09-29T14:14:05.292409Z  INFO lingxi_service: shutdown signal: SIGTERM
2026-09-29T14:14:05.293338Z  INFO lingxi_service::shutdown: run database closed (drained, WAL truncated) phase=storage_close
2026-09-29T14:14:05.293558Z  INFO lingxi_service::shutdown: own instance record removed, lock released phase=record_cleanup
2026-09-29T14:14:05.293621Z  INFO lingxi_service: lingxi-service stopped cleanly (run database closed, own record removed, lock released)
