2026-10-01T19:29:08.159199Z  INFO lingxi_service: data root resolved effective_home=/var/folders/5r/wq54gtms21gfjgr5v94ynfyh0000gn/T//lingxi-r02t08-a15-home.sbCTLu source=cli ignored_sources=none
2026-10-01T19:29:08.160444Z  INFO lingxi_service: data root prepared (canonicalized; runtime dir private 0700) canonical_home=/private/var/folders/5r/wq54gtms21gfjgr5v94ynfyh0000gn/T/lingxi-r02t08-a15-home.sbCTLu runtime_dir=/private/var/folders/5r/wq54gtms21gfjgr5v94ynfyh0000gn/T/lingxi-r02t08-a15-home.sbCTLu/lingxi-service
2026-10-01T19:29:08.161024Z  INFO lingxi_service: single-writer lock acquired instance_id=9ee58a665fb8b10addecf19931693f98 start_nonce=c57eb17f2414971d pid=68976 entropy="os-random-device" lock=/private/var/folders/5r/wq54gtms21gfjgr5v94ynfyh0000gn/T/lingxi-r02t08-a15-home.sbCTLu/lingxi-service/instance.lock network_mode=loopback
2026-10-01T19:29:08.175756Z  INFO lingxi_service: data-epoch gate passed home=/private/var/folders/5r/wq54gtms21gfjgr5v94ynfyh0000gn/T/lingxi-r02t08-a15-home.sbCTLu decision=ProceedStampedNew(EpochStamp { format: V2, minimum_reader_epoch: 1, committed_data_epoch: 1, last_version: Some("0.0.0") })
2026-10-01T19:29:08.232269Z  INFO lingxi_adapters::storage::run_store: run database migrated db=/private/var/folders/5r/wq54gtms21gfjgr5v94ynfyh0000gn/T/lingxi-r02t08-a15-home.sbCTLu/lingxi-service/data/runs.db applied=[1, 2, 3, 4] version=4
2026-10-01T19:29:08.233207Z  INFO lingxi_service: auth service bootstrapped (per-start loopback token, owner-only); run database migrated and seeded local_token_file=/private/var/folders/5r/wq54gtms21gfjgr5v94ynfyh0000gn/T/lingxi-r02t08-a15-home.sbCTLu/lingxi-service/local-token.json run_database=/private/var/folders/5r/wq54gtms21gfjgr5v94ynfyh0000gn/T/lingxi-r02t08-a15-home.sbCTLu/lingxi-service/data/runs.db
2026-10-01T19:29:08.243780Z  INFO lingxi_service: instance record published (atomic write) record=/private/var/folders/5r/wq54gtms21gfjgr5v94ynfyh0000gn/T/lingxi-r02t08-a15-home.sbCTLu/lingxi-service/instance.json bind_addr=127.0.0.1:64447
LINGXI_AUTH_REJECTED request_id=req-50416787386e371d73fd9533a3ba0e1f method=GET path=/lingxi/v1/me status=401 Unauthorized reason=missing_credential remote=127.0.0.1:64449
2026-10-01T19:29:08.490844Z  INFO lingxi_service: request handled request_id=req-50416787386e371d73fd9533a3ba0e1f method=GET path=/lingxi/v1/me status=401
2026-10-01T19:29:08.491926Z  INFO lingxi_service: request handled request_id=req-9eeed1c753caecd1e2c0c088d559f1c0 method=GET path=/lingxi/v1/me status=200
2026-10-01T19:29:08.493823Z  INFO lingxi_service::sessions: run settled through the single finalize path run_id=run_000001a0f8f1258c_000001 session_id="sess_local_alpha" outcome=completed.no_final.no_provider_configured input_chars=23 input_bytes=23
2026-10-01T19:29:08.493973Z  INFO lingxi_service: request handled request_id=req-26bd8476dfd350adc978167e07c9ff94 method=POST path=/lingxi/v1/sessions/sess_local_alpha/execute status=200
2026-10-01T19:29:08.494440Z  INFO lingxi_service: request handled request_id=req-ba070c6af833504d470236c116c2b6c6 method=GET path=/lingxi/v1/ws status=101
2026-10-01T19:29:08.496380Z  INFO lingxi_service::sessions: run settled through the single finalize path run_id=run_000001a0f8f1258f_000002 session_id="sess_local_alpha" outcome=completed.no_final.no_provider_configured input_chars=26 input_bytes=26
2026-10-01T19:29:08.496525Z  INFO lingxi_service: request handled request_id=req-f2461d60bcaf2bf5fa075113b17fe7a5 method=POST path=/lingxi/v1/sessions/sess_local_alpha/execute status=200
2026-10-01T19:29:08.497297Z  INFO lingxi_service: request handled request_id=req-f1c4f638ab8df30d7c927d84c2f5cb78 method=GET path=/lingxi/v1/sessions/sess_local_alpha status=200
2026-10-01T19:29:08.498142Z  INFO lingxi_service: request handled request_id=req-9274445b08482a89b1438cf31d7fbfec method=GET path=/lingxi/v1/sessions/sess_local_alpha/events status=200
2026-10-01T19:29:08.498564Z  INFO lingxi_service: request handled request_id=req-8dca3a61cf6090e4837ed9309203c761 method=GET path=/lingxi/v1/ws status=101
2026-10-01T19:29:08.499749Z  WARN lingxi_service: ws session read failed err=Connection reset by peer (os error 54)
2026-10-01T19:29:08.522425Z  INFO lingxi_service: shutdown signal: SIGTERM
2026-10-01T19:29:08.523351Z  INFO lingxi_service::shutdown: run database closed (drained, WAL truncated) phase=storage_close
2026-10-01T19:29:08.523578Z  INFO lingxi_service::shutdown: own instance record removed, lock released phase=record_cleanup
2026-10-01T19:29:08.523654Z  INFO lingxi_service: lingxi-service stopped cleanly (run database closed, own record removed, lock released)
