checked active_run_listing-1sjxsdql7ac71 s-hmz4w5udym-1bkerxh-b3aneexi9cnr4xizfwjvc1doz
checked active_run_listing-1sjxsdql7ac71 s-hmz6fbuhbe-1w2d0lg-7cubsjv384gfwdcc63lro1179
checked admission_dedup_adversarial-2ccz5s6suet4p s-hmz4wsb52x-0uddhj7-a9ti73plopm936t77zm7xwsei
checked admission_dedup_adversarial-2ccz5s6suet4p s-hmz6fnq90k-0fvkovr-dwyzkxjpylfbp2dzeoz00za1d
checked admission_dedup_consistency-39fry4pcg2k32 s-hmz4ws9o85-1hzeg06-7x20ly4saedsgp2qqps3yk2nt
checked admission_dedup_consistency-39fry4pcg2k32 s-hmz6fmsirp-1g8dfbi-d1mdcm68sr17u7f9ul569sq88
checked auth_matrix-0ggutonmlgc7u s-hmz4wrfrnc-11bi8md-32otxsbwhp5zfyqtptnn9tt2x
checked auth_matrix-0ggutonmlgc7u s-hmz6fnswj3-0f4vgah-94jqfli6f18frfmys7olt8kcg
checked background_disconnect_recovery-1nbcr2etznm1g s-hmz4whn0yq-1fhrvkv-3y2ttl5sxvj0edse6yep2zx24
checked background_disconnect_recovery-1nbcr2etznm1g s-hmz6g19ow7-0vcxa0j-c20b8finigcaab3qrob5dy8sb
checked background_steering-3ovxxtaq2amo0 s-hmz4wte6ux-1p8jveb-5ml79o9p7sq07a7p2dk08bmen
checked background_steering-3ovxxtaq2amo0 s-hmz6fx964g-1jdrj5f-3i0ur4a9d4t1ytrd013j1xdxm
checked backup_faults-2ogpfq789ba0x s-hmz4w61p8g-0y76gdq-aeu85dmetfmrl84xn23xnbpkt
checked backup_faults-2ogpfq789ba0x s-hmz6fbzskk-0fl2d9a-ddf63jo1c7eqd2nef4baw1raa
checked backup_restore-0o3gg9ch7lb5j s-hmz4w5yb9a-1g5aso5-31prefolnbnp6am2meunafw2i
checked backup_restore-0o3gg9ch7lb5j s-hmz6fbrsqp-1ls5pym-39x1y7eiycpdrapvdsz9sqpox
checked cancel_link_inheritance-22u4wkwquea9o s-hmz4whjw1w-0je7ftn-9dxz8ksmbwi05oqt87d4dad1l
checked cancel_link_inheritance-22u4wkwquea9o s-hmz6g3mmyy-1mrl0ks-b2p2ft92ntlflbvxvrhuummlf
checked cancel_terminal_race-1oasguik8ws39 s-hmz4wsh2yy-053qsz4-an5agw8hoi1sjvm4tq4kqina6
checked cancel_terminal_race-1oasguik8ws39 s-hmz6g15abp-0yjqils-5lcf6v64gbpkq1d8r4lqjhr5q
checked cancellation_tree-0s8qf1dd2vdm0 s-hmz4whkupi-11khpfv-6ktza4g7snqi2hqsqrnxsola9
checked cancellation_tree-0s8qf1dd2vdm0 s-hmz6g0plr2-0uikjvu-9cmc4rpprr05nuenil0p0lz8o
checked config_bounds-2isdab2oy0oic s-hmz4wtf8za-0as5gye-b2ylz0tb28cvycfgjrjwqa08g
checked config_bounds-2isdab2oy0oic s-hmz6g3iiah-13qpn1i-b2ylz0tb28cvycfgjrjwqa08g
checked disk_full_fault-2m3dc2lfwkqq6 s-hmz4w60ih0-1g4zvtw-5q79xhuhsvb3fj5o9aws9eo42
checked disk_full_fault-2m3dc2lfwkqq6 s-hmz6fc19ij-0afw6tl-9x2yjq0o0xfwvt7qa8e4nia31
checked event_store_reads-3a9pd23pritp9 s-hmz4w5zqsf-13knrx2-9uy6gdfbl4qqaydrtgd2y6zo7
checked event_store_reads-3a9pd23pritp9 s-hmz6fc1w64-1ygg3si-eg0ibxpmnnns42e1kv84iqplx
checked event_subscription-14nyjn9a0ptyv s-hmz4wjafn2-0g1sxij-5nhic7esx327a8qwwb6kux0b9
checked event_subscription-14nyjn9a0ptyv s-hmz6g2cjq9-12viaye-5rllvlirthnw6b74q5iflnwhv
checked execute_concurrency-1826piiurfsns s-hmz6fnv1xy-09n6ye9-9um0xbu2b9138bsxys5ojkhe6
checked execute_concurrency-1826piiurfsns s-hmz6s59o3c-1rzsu8e-9um0xbu2b9138bsxys5ojkhe6
checked exit_race_rejections-0m8o5n3q9brmi s-hmz4wt80s4-0eoo6y0-c6uac0cdp2hhxlrwbo3ug3o96
checked exit_race_rejections-0m8o5n3q9brmi s-hmz6fc21l3-04f8zb4-0r3eurwi8snx70071disyg80r
checked input_budget_refusal-389oqzp14yf1n s-hmz4wygxno-0tj2d2c-a5kx1d53w8w4t1g6ehcv616rt
checked input_budget_refusal-389oqzp14yf1n s-hmz6g5mrsg-1m17q8m-6f783f03d5saq35659d433zug
checked input_payload_fidelity-3rudlrd990roc s-hmz4wtki0a-1i3pk8x-e6kn12h89m46ufzklgmpi1352
checked input_payload_fidelity-3rudlrd990roc s-hmz6g5yoet-0o6cks1-4m0zv1rvrienxqm4ybh7n2v23
checked instance_lifecycle-1avx5hmt9v5pc s-hmz4wtclhc-1ibkdpd-azkgwrj630em9616c12bykauy
checked instance_lifecycle-1avx5hmt9v5pc s-hmz6foyfbh-0jom16d-0cs2ue38ousuoks3zbuv07s1a
checked invocation_journal-2db8bdbb1vgb0 s-hmz4wteo9m-0dgdspt-bd1wp5xcg87icpimdal1xm5yr
checked invocation_journal-2db8bdbb1vgb0 s-hmz6g605kn-0762m3j-6efj0573vjo7apq9rt8nni48w
checked invocation_journal_store-1li18xnqa2mot s-hmz4w600q5-0w9uzrp-d655tkd2f988t5m8p2bjf7x53
checked invocation_journal_store-1li18xnqa2mot s-hmz6fbw4fp-1iyotg1-25kjjihbs7bfutdirlmj4uagx
checked late_result_fence-38nytv3fz6uqx s-hmz4wtj8xk-1hn21zy-66rh67bw3hldpv8f8d1rp1si4
checked late_result_fence-38nytv3fz6uqx s-hmz6fnq68f-1axuape-3zd8o1foy59oxqk1fw9l6icti
checked late_result_fencing_property-0z1zhnlyeejrz s-hmz4w60nbd-1gu1t11-a7mz3g4e69mkmzhn9uakf88ky
checked late_result_fencing_property-0z1zhnlyeejrz s-hmz6fbzolk-1c9gvup-0jahlah6x4mlio4wpbe5xzzb0
checked lingxi_adapters-0n5qkv10a8pxt s-hmz5jhu7s9-0a3c36z-eifmpcqbm4vyz8jlh0r6ctgzx
checked lingxi_adapters-0n5qkv10a8pxt s-hmz6emztbq-0za7fpz-6yqrymcbxrt3f4j9dq4wuaqz6
checked lingxi_adapters-0xneexo9l1r7g s-hmvgnt4s47-1w3q1e9-8yervydn2p18jhv3mwifbaf14
checked lingxi_adapters-0xneexo9l1r7g s-hmvgotzw3n-1wecmux-8yervydn2p18jhv3mwifbaf14
checked lingxi_adapters-20dnbvxlgzx6c s-hmz6e923hs-1q9th4b-et7b5nxa0vfaaij6ch6vc9l7u
checked lingxi_adapters-20dnbvxlgzx6c s-hmz6q8895p-0co8juj-et7b5nxa0vfaaij6ch6vc9l7u
checked lingxi_adapters-2vjfyzblt17a3 s-hmvh7lyldy-1snsytb-b17bmfw4av8yda6a3gknmhbq4
checked lingxi_adapters-2vjfyzblt17a3 s-hmvh85l9m8-1uz18st-b17bmfw4av8yda6a3gknmhbq4
checked lingxi_adapters-320zcnm1eww9u s-hmvgpj64of-1dqnl6r-ahwopewoad2u7okt54sj61nia
checked lingxi_adapters-320zcnm1eww9u s-hmvgymqi50-0iuqhei-dctn6vkdcfen3dzk5sz33dsly
checked lingxi_adapters-3fs57ivtb0e1g s-hmz4vwo3k4-13pxvjb-0avgxbp05gjbbsncxez1eb2oi
checked lingxi_adapters-3fs57ivtb0e1g s-hmz6fbpwkt-1lrq7tq-8cjbh84hkiz4h1gfqu7nwrni6
checked lingxi_adapters-3r9nvmdz0x5mb s-hmvflyeb30-1f7b7lh-0lozlkpptgqasj540a66aujao
checked lingxi_adapters-3t83f69uvij5o s-hmz4x0fxvn-1haly49-3xpaqrakf96l8xdv198niaipl
checked lingxi_adapters-3t83f69uvij5o s-hmz6g7qs3e-16gwaes-agag6nwv2lv0rwws6fai11t6h
checked lingxi_kernel-1mrlx782sh5r6 s-hmvflwaycx-068te4i-bk9nseq0ttzafnm88zkt868os
checked lingxi_kernel-22abi309l6bu8 s-hmz5jg27j6-06fl588-8qdx7kzlqcfczle70mzrebj7i
checked lingxi_kernel-22abi309l6bu8 s-hmz6eluyd2-130ovll-8qdx7kzlqcfczle70mzrebj7i
checked lingxi_kernel-22f228r9tn8kd s-hmylh0948x-0ofv9jj-0zzbdpggmo15rehag26iqrc5n
checked lingxi_kernel-22f228r9tn8kd s-hmz6hfxhnh-0cil9o4-5atxtyeyvync10gsnxlzqv0h4
checked lingxi_kernel-2zwqfdlnrpzpt s-hmz6e87ye8-1h2f280-9umfn91wt82469ybqj2pm9o77
checked lingxi_kernel-2zwqfdlnrpzpt s-hmz6q7r4qn-0wq4zht-9umfn91wt82469ybqj2pm9o77
checked lingxi_protocol-0kegk4y9y6s3f s-hmvflvsjf3-0rwp31d-euivsyvk6299bf50bpu046uk9
checked lingxi_protocol-1joztzued8b5y s-hmveq5sste-1r345rw-bs42ywie83ckq86x6n2rxpo97
checked lingxi_protocol-275fe5k6u5hay s-hmveos1b7x-1bwktwn-e7pxkiw49c8p7gtfcpsj16ji0
checked lingxi_protocol-275fe5k6u5hay s-hmy2q9mb7r-059ddzy-b8vbiyppw4hexwtx4ae377zkl
checked lingxi_protocol-3nb7lbr7bct0s s-hmvep99uol-1jy3vtk-e96wf6j9yl7hlog3ac8o1fbjy
checked lingxi_protocol-3nb7lbr7bct0s s-hmy2ueydbl-1g8xahp-11pnbe1szut2df89cp0x5x6sf
checked lingxi_service-3fyybohdo2vcm s-hmz741vx4l-1ct6ljj-cgriwr2x8m70p9mfiey4z81bu
checked lingxi_service-3fyybohdo2vcm s-hmz747w0y8-143xj88-112vsix521to00hsavxs0scu1
checked lingxi_service-3guui955s99uv s-hmz6qakcgn-1ag58c1-1flnribd12cbnz4ymjcyiv6uj
checked lingxi_service-3guui955s99uv s-hmz74errbm-065pdt9-1flnribd12cbnz4ymjcyiv6uj
checked lingxi_service-3lqdqlsmw6n33 s-hmz6q8ynsx-0hktbh6-4uc3bkrcx2h5o5fsxbgpnt9e3
checked lingxi_service-3lqdqlsmw6n33 s-hmz74cat97-08rvexz-4uc3bkrcx2h5o5fsxbgpnt9e3
checked lingxi_service-3sirulqtxph1a s-hmz4ws0rj6-12c0u2y-382ru5rz26mtbtkzft6gpuh4x
checked lingxi_service-3sirulqtxph1a s-hmz6fntipc-1gngix2-2pgca7uv60ttw36e22pqa6x2d
checked lingxi_storage_inspect-0gdt65ppxemic s-hmz6fbyog7-1vf47uq-efo4j3uumx7j9jycjb7pk10yo
checked lingxi_storage_inspect-0gdt65ppxemic s-hmz6rozhkt-1gj5xiv-efo4j3uumx7j9jycjb7pk10yo
checked lingxi_storage_inspect-0sa57l6rfh1u2 s-hmvh0qm6fp-1h6o66a-e7nx0rag4lgukrgh1wol9n0ro
checked lingxi_storage_inspect-0sa57l6rfh1u2 s-hmvh94k9x5-1aj1z0o-e7nx0rag4lgukrgh1wol9n0ro
checked lingxi_storage_inspect-1wl5q74ln2vbe s-hmz4x1nwdj-1y71jt1-eebkwk96w9gu77fdifu7p9tnm
checked lingxi_storage_inspect-1wl5q74ln2vbe s-hmz6g9nyte-1nlg30q-0kvl6govxqn039etiz8bgrn7m
checked lingxi_storage_inspect-1xsnhpc9gkdj9 s-hmvgntmf82-05tz6hh-3b520xgr809ncm5sn1txfrvwe
checked lingxi_storage_inspect-1xsnhpc9gkdj9 s-hmvgoufes4-1moin41-3b520xgr809ncm5sn1txfrvwe
checked lingxi_storage_inspect-3rc69acixobhz s-hmz4w6398x-1hk9qcj-6nhgugjmh1gv0blk9mbqccbqd
checked lingxi_storage_inspect-3rc69acixobhz s-hmz6fc4ayy-1vey2n2-9ovgqhz4u1cxqpdizve3p5omy
checked migration_idempotency-09qeun3sy5gbc s-hmz4w60jnr-0yqa3ys-0xqp6e7b1duo5njet9gpo8f3h
checked migration_idempotency-09qeun3sy5gbc s-hmz6fbqnmr-0larj5h-8yugpksjcv0zotjfab79z1ich
checked r00_management_leaves-0uan9qwa5t5pr s-hmz6g3g9dr-0ex814a-d8kqrecsnn5bgfee6g12bhqw0
checked r00_management_leaves-0uan9qwa5t5pr s-hmz6z0rfec-0cnfmzq-d8kqrecsnn5bgfee6g12bhqw0
checked r00_static_web_leaves-19g9gtxt4lv5e s-hmz6fwb54f-0qxal9i-45e6yddm0k66epu0fega16dgc
checked r00_static_web_leaves-19g9gtxt4lv5e s-hmz7124ze3-0cq4tqm-45e6yddm0k66epu0fega16dgc
checked r03_t08_acceptance_matrix-0tsalqdwum176 s-hmz4wssm93-0ysyt0m-65a6ka3s6ok0cmovcquafrond
checked r03_t08_acceptance_matrix-0tsalqdwum176 s-hmz6g3o23g-1r7q3jl-am923z47gwc9ay1wj8gg0b4f6
checked r04_rr1_f02_reaper_cleanup-1hfqw1jkd0t7c s-hmz4whgabe-0cqwm32-a2vtb4n0r8ixu6g2tr7zgtkz8
checked r04_rr1_f02_reaper_cleanup-1hfqw1jkd0t7c s-hmz6fnxlm0-1llenxs-8dgyhqalfgy25libq9nee3yjg
checked r04_rr1_f03_stop_honesty-1mlae950qxi9o s-hmz4whkpip-1kzv3tp-3o3hnf9mta4mdvunnxmgrfwzd
checked r04_rr1_f03_stop_honesty-1mlae950qxi9o s-hmz6g2jd19-0dfnei1-1vov5cudz1t3hnnwf1debeyn8
checked r04_rr1_f04_pty_consumption-39i3eqtxz3o6w s-hmz4wycdjh-0xwys3e-8nc2h25pf6k3jgln9b9zdhyl8
checked r04_rr1_f04_pty_consumption-39i3eqtxz3o6w s-hmz6fo8e38-104ggae-4zp349i1ry99ttgxna6p4bs2i
checked r04_rr1_f05_output_integrity-3ulwycri1z5e6 s-hmz4whm1ip-0ido7f9-3in5xznbqzmznh4qkhruel4zg
checked r04_rr1_f05_output_integrity-3ulwycri1z5e6 s-hmz6g2asb5-02w1cea-1vaikajaybragniveeo7n7j0p
checked r04_rr1_f05_spill_failure-2j86pepgdf9sx s-hmz4whvame-1mk01gw-16ju991o19nyttngtl56nl1dm
checked r04_rr1_f05_spill_failure-2j86pepgdf9sx s-hmz6fnm569-0kpn79u-8afk06rihqhazh00pis37b5gn
checked r04_t01_tool_catalog-2ii70c9wkwcxf s-hmz4wxo941-08kxbn1-do1jvkirs1jp2ygc8kmg5helx
checked r04_t01_tool_catalog-2ii70c9wkwcxf s-hmz6fz6hnl-0qampe5-0f27sr8t9qaba6kt8l8kj2en8
checked r04_t02_tool_gateway-02vawrs89mvld s-hmz4wyfj67-1v90u59-5i495vlsbiyfvxzs91s8cdqjo
checked r04_t02_tool_gateway-02vawrs89mvld s-hmz6fxl8ff-1p88vec-40eosxxdz1tjwj2hcal7i8fnt
checked r04_t03_approval_service-13f75yptzxaxy s-hmz6g2q80n-1nhxm5y-04exby7rodobnsk00cyo14xf8
checked r04_t03_approval_service-13f75yptzxaxy s-hmz74er9ry-18ivc42-04exby7rodobnsk00cyo14xf8
checked r04_t04_file_tools-2dsepvyyka2kc s-hmz4whhkvw-1wqld58-d94st4mszdrk7q96k3fis00v7
checked r04_t04_file_tools-2dsepvyyka2kc s-hmz6g12qzl-1qripoz-bp6gcp5h0pwck85e2ptbjhxa5
checked r04_t05_process_tools-371dhiadwgnhb s-hmz4wsxyhu-1be8mjo-5lele64kflkhfluu9apci2mup
checked r04_t05_process_tools-371dhiadwgnhb s-hmz6fbq39r-1rvnpjc-8rjc2zzh9io497qaa97ajrfpt
checked r04_t05_registry_capacity-0ptiexztaqgkk s-hmz4whcxsh-1aq12rw-bb5c0tnderhqdi7wc3q7sp7v9
checked r04_t05_registry_capacity-0ptiexztaqgkk s-hmz6fnumh7-0v0a35r-az9tfuc0lyv6gjwtwatgcsizu
checked r04_t06_sandbox-2ourn11y16gs1 s-hmz4wys5f1-0jksfzm-1j7d5x1ve2vobi0qk7yvh47pl
checked r04_t06_sandbox-2ourn11y16gs1 s-hmz6fnumh8-0e52hpg-2pv33bnlz1y2s83kcpdbg4qwq
checked r04_t07_fixture-10wup7nkl3v5z s-hmz6qak65u-1ppxvyi-466dbzk24zpv6nqx3wi6ggs5s
checked r04_t07_fixture-10wup7nkl3v5z s-hmz74erjl9-0ookk0q-466dbzk24zpv6nqx3wi6ggs5s
checked r04_t07_fixture-130evdgga6284 s-hmz4whhkbe-0t9ibrq-2k50th88l98i61e27fa6iwduq
checked r04_t07_fixture-130evdgga6284 s-hmz6g21a21-1mif2p3-2k50th88l98i61e27fa6iwduq
checked r04_t07_mcp_and_workers-11lpczlvtyeea s-hmz4wudkaa-03i3kff-52b28zdg4s9tkemgg65txz6iw
checked r04_t07_mcp_and_workers-11lpczlvtyeea s-hmz6fo72or-1ya269d-5d3nm6ne4ldg9y5pu06ipzb7t
checked r04_t08_tool_matrix-2annfx6ov474a s-hmz4wycqib-1habdo1-3iqtc0z38r0gl7pmhtvfthb37
checked r04_t08_tool_matrix-2annfx6ov474a s-hmz6g4lrlr-1azjlju-emgu32prvgjz0nixsgpy6o8lo
checked r05_t01_binary_wiring-2abtol160fp24 s-hmz5jc7chx-13h4ck2-3l30kffwutnk4bnjqrkkmxfgs
checked r05_t01_binary_wiring-2abtol160fp24 s-hmz6ecp1gp-1yq6il1-3l30kffwutnk4bnjqrkkmxfgs
checked r05_t01_model_plane-1odcza81dopms s-hmz4whfk6y-0mzjro0-6a9xdl2uoervd4pdf20ddavfc
checked r05_t01_model_plane-1odcza81dopms s-hmz6fyexvr-07vjh6o-cdx30qynktzn5zzg5domwrrmj
checked r05_t02_credentials-3tw76h7hkhtmh s-hmz4wtfv8k-1hmkii3-2k2uyxa6sl0juctdjvwwrarjv
checked r05_t02_credentials-3tw76h7hkhtmh s-hmz6g3hzr5-1m1adbv-6q5lxksk7suqw4u7lebybay15
checked r05_t02_oauth_flows-1asoiqbdxdnh4 s-hmvgntmfpq-10nfj6f-9rk832pa1si5o77cpvuetomnl
checked r05_t02_oauth_flows-1asoiqbdxdnh4 s-hmvgouff9i-1ywn1rk-9rk832pa1si5o77cpvuetomnl
checked r05_t02_oauth_flows-21ttmu6joes0h s-hmz4w61g6a-0yh02l4-dk42v6x3ratmokexhk4bqos34
checked r05_t02_oauth_flows-21ttmu6joes0h s-hmz6fbu68e-0t9t6rz-9qhvnp2220p9qxaja2x62p0lu
checked r05_t02_oauth_flows-2tdoz7ib26pex s-hmz4x1ne1i-12p3lzs-08qroo2tfvkni3acp1y0gfvpw
checked r05_t02_oauth_flows-2tdoz7ib26pex s-hmz6g9nr0n-0wdx0ah-52snwpgqj47zih3dgsd3nbo7n
checked r05_t02_oauth_flows-398az8d9ggmnl s-hmvgnq5c8s-0p9uaf2-ceg4e9ojomek07d7y9p3pcw1y
checked r05_t02_oauth_flows-398az8d9ggmnl s-hmvgor17tn-0bx06vs-ceg4e9ojomek07d7y9p3pcw1y
checked r05_t03_goldens-23mkzcjd453nb s-hmz4w61kck-012jzfq-768xwr42kpzmrct3pr8nhw51i
checked r05_t03_goldens-23mkzcjd453nb s-hmz6fbxch8-0qw1tvy-4z0nv5ocbde1fy9j84a0saoic
checked r05_t03_goldens-3jmh2dxi2z817 s-hmz4x52e13-090bjyc-1tio3r03ffu9u05oslp0lbm67
checked r05_t03_goldens-3jmh2dxi2z817 s-hmz6gdfn3j-0f5i47p-1zxvw2v50s51z8047nf33fn9y
checked r05_t03_goldens-3ol3znwtt53t8 s-hmvgnq5dxt-0kzw6kp-aor4bohh2uo67x93y92gg2hfv
checked r05_t03_goldens-3ol3znwtt53t8 s-hmvgor1dfx-0x54a9k-aor4bohh2uo67x93y92gg2hfv
checked r05_t03_goldens-3usf3zt0ymzyz s-hmvgnun22o-1hjps95-9a89uq9u7wkv3255yarelb3pm
checked r05_t03_goldens-3usf3zt0ymzyz s-hmvgovddwx-09aana3-9a89uq9u7wkv3255yarelb3pm
checked r05_t03_protocol_adapters-24yl7nxa2p1qp s-hmz5j4olka-17eva4l-69371zho2cnashf06wk0cf004
checked r05_t03_protocol_adapters-24yl7nxa2p1qp s-hmz6eh95v5-1f1ee0x-2dzn8f2bg45945nj7f3elni58
checked r05_t03_rr1_replay-0vmsln2vcuns7 s-hmz4w61sln-0ytqyw6-dbmqg6bwmhefpn47uobf8l7ua
checked r05_t03_rr1_replay-0vmsln2vcuns7 s-hmz6fbtwiq-0q5v4jo-04sqaw2t7712oxdpm0tkckttl
checked r05_t03_rr1_replay-2fwjm7crm0o7y s-hmz4x8vkgl-0uvcebh-3n1p9lsnitll0bdip8g4wphyq
checked r05_t03_rr1_replay-2fwjm7crm0o7y s-hmz6ggzoqo-0pv0gf1-428pbyicl89mgeqf1kbi0o3ea
checked r05_t03_rr2_family_roundtrip-28e89ufzqceox s-hmy4gz3rat-1w0vxte-0j4lg7k5fkkaizkwjzxlgis8o
checked r05_t03_rr2_family_roundtrip-28e89ufzqceox s-hmy4i3e9mi-1gqqsfl-0j4lg7k5fkkaizkwjzxlgis8o
checked r05_t04_rr1_batch_terminal-20zrjl3445oxc s-hmz4w61l8o-0hvu74k-8q79vdrgbajy5gpzlfetn3wbg
checked r05_t04_rr1_batch_terminal-20zrjl3445oxc s-hmz6fbrns1-0pym4qr-4k91s9zpr566eup09qf0n3e2b
checked r05_t04_rr1_batch_terminal-3g9y0w14rhi5v s-hmz4xcqf4u-0pngqje-bmv499eekx9neg01d8ldswrzb
checked r05_t04_rr1_batch_terminal-3g9y0w14rhi5v s-hmz6gkj52j-0eiecjm-3wrr9swe5ougn26vil7uv7mzl
checked r05_t04_rr2_cross_round-3awz0yckmy4n5 s-hmy4hh52l4-0302c9r-6ksiahjut904e41b6qdd53dfw
checked r05_t04_rr2_cross_round-3awz0yckmy4n5 s-hmy4i1y9ug-01qbypb-b206dto25nkw2vmhuqinp449g
checked r05_t04_rr2_unclosed_binary-2t3lgh0lntqx6 s-hmy4hbrbs0-0wom8wy-ezfu7uqkz7k3tqe1ae8479ap1
checked r05_t04_rr2_unclosed_binary-2t3lgh0lntqx6 s-hmy4icbqf0-17oyngf-ezfu7uqkz7k3tqe1ae8479ap1
checked r05_t04_streaming-0dwc2n7hwpw4q s-hmz4wy8jkk-0o9lcwv-bd7o1llnu1bjjim1za2fgmi58
checked r05_t04_streaming-0dwc2n7hwpw4q s-hmz6fnuvxp-0edu6hs-8xb70z4y0583evacaecd22j7r
checked r05_t04_streaming-2c0bcqna3nm34 s-hmz4xge2sd-0vre9jz-51rz0woipvjhzglnm08zx06qv
checked r05_t04_streaming-2c0bcqna3nm34 s-hmz6goitoc-1qh9m0c-cept0aeleam3c5b5dpiusxf9d
checked r05_t04_streaming-3pajkm1sws9e9 s-hmz4w5wvaw-0s2lvsm-e5jlvbrnpirul6gb8km0a2q41
checked r05_t04_streaming-3pajkm1sws9e9 s-hmz6fc3nth-0q64nxk-cseb45pc34ll93qqzb6kpw6l2
checked r05_t05_compat-0rijzi64enyhz s-hmvgnq5k5o-0bxen4t-a8oeal12u88xspycditfs454w
checked r05_t05_compat-0rijzi64enyhz s-hmvgor1aby-1a7itcg-a8oeal12u88xspycditfs454w
checked r05_t05_compat-220ee8qr6ykh9 s-hmz4xks5db-0etc8bs-3szhpsr937797mlsjjminbx7i
checked r05_t05_compat-220ee8qr6ykh9 s-hmz6gsoa7p-0sejzfi-190w0q898rf20qwy6j2fhqqdu
checked r05_t05_compat-30qc7q321xy8i s-hmvgnwp8o4-1ymrdir-3074k5rjsorce7xitgh10qggx
checked r05_t05_compat-30qc7q321xy8i s-hmvgox5sjl-18hiabz-3074k5rjsorce7xitgh10qggx
checked r05_t05_compat-338odvg8on4uy s-hmz4w5yjp6-0rn56z8-0n1popgwq7r6eqs3onej40lh5
checked r05_t05_compat-338odvg8on4uy s-hmz6fc1tjd-0p79g8f-0omjxxrqr3ixnns75t0pk4o1w
checked r05_t05_network-10lp4e707ix0y s-hmz4wry60g-0z4o0rc-56dvvq62da56dkrgjwk7ouldg
checked r05_t05_network-10lp4e707ix0y s-hmz6fmglaj-1jbc90s-c0ski7l8wp34wn1j2c1p6iwz1
checked r05_t05_timeouts-09t7rq08keq70 s-hmz4xofg0q-0c7id21-dxaqz1lnp0gxsk5uofhlrsko3
checked r05_t05_timeouts-09t7rq08keq70 s-hmz6gwew34-0465r8q-dw82d6ye8nhlf579yuy7zv1uu
checked r05_t05_timeouts-0vosolcubdvq8 s-hmz4w63rpw-13i1g4z-dm6zvxa68gssbt2whpyrxo33z
checked r05_t05_timeouts-0vosolcubdvq8 s-hmz6fbwkfl-1b2rm0c-1jwyrkd2dbqsie1k4nlk3g8vi
checked r05_t05_timeouts-3jesyz1dsm7x7 s-hmz4whjw0f-0lx4wu4-a6ri54lr0j5n66y9lra6tvldb
checked r05_t05_timeouts-3jesyz1dsm7x7 s-hmz6fo9h6c-1a2u48s-8otfl5fazjozfsnm58opar6mq
checked r05_t06_operations-2js8zrvk3tfun s-hmz4xsw0av-1gej2n4-9zn30n62v79souedh8951t19j
checked r05_t06_operations-2js8zrvk3tfun s-hmz6h0kimj-0gf1wa9-9fsj8k4s8u69r2tc50pk0t63p
checked r05_t06_operations-3926thhker4u6 s-hmz4w62zof-0bc78en-2n7jcl35pujshnxahysia53i8
checked r05_t06_operations-3926thhker4u6 s-hmz6fbu8ih-1c0l3ym-7n2987oivcfghmsqznn8ngyl4
checked r05_t06_operations-3f6wjd2qjq7yc s-hmz4whe7ag-1i1rz5c-4aoyc4k6dta2xhswapvbdtca3
checked r05_t06_operations-3f6wjd2qjq7yc s-hmz6g2vy01-1bdsvza-35if2byk1aioh1clxsiluxc7d
checked r05_t06_rr1_media_resource-2hdfgkeg193ax s-hmz4wtjel3-0drcgri-et0bhjypwwyf8fm3lxibtz9zf
checked r05_t06_rr1_media_resource-2hdfgkeg193ax s-hmz6g23ddn-0w158zb-bb436dnqvu2rs72yiio6smbcd
checked r05_t06_rr1_system_speech-0r8h76cp2ain5 s-hmz4wtjbw3-1cu5f26-d6sxqby1tdfqjljlwwe420c9x
checked r05_t06_rr1_system_speech-0r8h76cp2ain5 s-hmz6fo5mgg-0tqolsu-aswwaz9ee2wi4skftqfvgv3s1
checked r05_t06_worker_model-1u0anq7egwv5u s-hmz5jrmtb9-0tp7evs-ed72930w3w64ojiy1rlu58pda
checked r05_t06_worker_model-1u0anq7egwv5u s-hmz6eqjw1g-12d98h7-7gx74xmacmnzt25ozli7ftyr9
checked r05_t07_persistence-3alim8kyli2rd s-hmz4whikpw-0jmfv2i-6svyvsu3ryao2jjvq2qc16eq6
checked r05_t07_persistence-3alim8kyli2rd s-hmz6g5wq54-0mm5y7r-2pkvihhbdiap9c12k6gtsphdq
checked r05_t07_rr1_usage_ledger-2s8imjgu98i8m s-hmz4wytmlj-0bk70k6-7n99d8ghnds3j5y3kxjjc1jhx
checked r05_t07_rr1_usage_ledger-2s8imjgu98i8m s-hmz6g0ujk2-1mgpre9-5apvlxkpvv7d9t8ykwjk8mmhx
checked r05_t07_rr1_usage_strict-10nb2okyyty54 s-hmz4w62mo5-0xdhwly-1uahd4zcaay74bp3gz2cq2klb
checked r05_t07_rr1_usage_strict-10nb2okyyty54 s-hmz6fbwfdo-072r6se-0v74of3a3ef7flyk5m0xj3wud
checked r05_t07_rr1_usage_strict-3hisi1r2tpeeq s-hmz4xwqxgp-0g4ml47-59qu171c0m6hir3s7qpoxgk7o
checked r05_t07_rr1_usage_strict-3hisi1r2tpeeq s-hmz6h44cnq-0rnoc9x-c3dmnz51eesktjbicqq9znh6t
checked r05_t07_usage_families-2bm48m9ztyx94 s-hmz4xzwr6w-183hg3w-0xccs6cvkkopyo51nhceu29vi
checked r05_t07_usage_families-2bm48m9ztyx94 s-hmz6h81kfq-15nqtoy-2tct23sd5hzkc53y14f5ky57o
checked r05_t07_usage_families-2f7felt7vb90i s-hmvgnz9fdl-12rywlr-8abcfibtw5n2pwcejrnpe996m
checked r05_t07_usage_families-2f7felt7vb90i s-hmvgozz99g-0hyocff-8abcfibtw5n2pwcejrnpe996m
checked r05_t07_usage_families-3nkh1nwq1x57g s-hmz4w61yvd-1jjf18a-7rk2ufl94gyy7b3uzr2qwbxea
checked r05_t07_usage_families-3nkh1nwq1x57g s-hmz6fc1wr8-1b4dl5u-3mrx9rzgghr33wohjhnskxn4t
checked r05_t07_usage_families-3rqkqpp55dftk s-hmvgnq5pub-13mogsa-b5atspwjun5ekw5f0i45ayhjy
checked r05_t07_usage_families-3rqkqpp55dftk s-hmvgor1iqo-0ml859x-b5atspwjun5ekw5f0i45ayhjy
checked r05_t07_usage_trace-35prnd9b91kk9 s-hmz4wthy5w-0ibqtf2-7docfg0pjl8qj22nlbd9bm7o0
checked r05_t07_usage_trace-35prnd9b91kk9 s-hmz6fnu83h-19986x7-en05tylvs7bpzcbpvnzlicjb6
checked r05_t08_closed_loop-1ssc2p7rlq5jw s-hmz4whj1kv-0n2dwk6-5o0zso02vjzdduy7uealy752m
checked r05_t08_closed_loop-1ssc2p7rlq5jw s-hmz6folmn2-17gjsb4-5o0zso02vjzdduy7uealy752m
checked r05_t08_production_tools-2rcnweqv57db4 s-hmz4wyjoug-150n5s2-4oscg7ab7a3jiaxanx95uofaz
checked r05_t08_production_tools-2rcnweqv57db4 s-hmz6g61rh2-1rykfrz-4oscg7ab7a3jiaxanx95uofaz
checked r05_t08_resources-3oenija1bg51n s-hmz4whaa78-1rs66r2-2scyncyi80wqrrb08sm4vx36m
checked r05_t08_resources-3oenija1bg51n s-hmz6foguze-0kpnbp0-f54ymogdn5hvswk5n2rawlf17
checked recovery_crash_points-1jn5yz9a18ugz s-hmz4wtfieu-0ahfy0v-43eb7uo9cr1uehntkpq2fxean
checked recovery_crash_points-1jn5yz9a18ugz s-hmz6fz3zed-0hq033t-a110nk7fc7mms07do6m6a796p
checked recovery_startup_scan-2tdtvmqkph0tr s-hmz4wholou-0qhrjuc-9q16e18tym4x1w9dm5ojfbk61
checked recovery_startup_scan-2tdtvmqkph0tr s-hmz6fo7sta-1lbpk0n-7c7wfwc6ysvdwi0eoaixgrh11
checked request_dedup-0k4qufo5ktsp3 s-hmz4wh8lgt-1udui7m-e856nrj2t1k1c06lkw2apxmjh
checked request_dedup-0k4qufo5ktsp3 s-hmz6fo6gfe-0sya945-52wcbjfy3rhzj12sg8y2wtp84
checked request_id_canonicalization-2egoq7sfhcpkb s-hmz4wti16c-0kv76o2-ebfxw1l7us89dtq2ntrdsnw9i
checked request_id_canonicalization-2egoq7sfhcpkb s-hmz6fmu7nw-1awakch-5omb9imqrokdxxplv2a0r4hha
checked resource_limits-3m371hawyjui6 s-hmz4whtq9s-1bir6gx-3659kb04abriclc1nnltpnluz
checked resource_limits-3m371hawyjui6 s-hmz6g41qyx-06srmes-d7y2nobx766zeg4zm49hnzkrn
checked run_finalize_property-1i6xkoifzqn5y s-hmz4w62zcn-0cnc4dg-dbvkrquhgaq3evgqwhnlc0gda
checked run_finalize_property-1i6xkoifzqn5y s-hmz6fbpwj8-0x8uha3-amnsnfkt7s6fl2227c0msgwm5
checked run_id_allocator-0bxsdg7g2i63e s-hmz4w60wca-07dmprk-9h9eigcbwpyu17jiab7wi7xvm
checked run_id_allocator-0bxsdg7g2i63e s-hmz6fbz0ws-0k57ayx-6jgocaogk1p43yxf1rfe16tvb
checked run_lifecycle-0cgjyk6852sdb s-hmz4whrtmj-11jp98q-er3d2wygxvzf0zohqy9k36x16
checked run_lifecycle-0cgjyk6852sdb s-hmz6g5xtoa-1m9nfj1-4k1gy3p17dzu5360lj4882qqj
checked run_lineage_store-133hlv4cejmpq s-hmz4w5zvxx-1qh5g5e-b2ivf7u23x0zbv9ppte7n2wru
checked run_lineage_store-133hlv4cejmpq s-hmz6fby8wy-07q49z3-96dvqydro2ywabafuuyalyk6k
checked service_health-0mdbc73tgns1j s-hmz4ww8y8y-0p0erwl-b7chhsvjlyey3zukr3wks6gz2
checked service_health-0mdbc73tgns1j s-hmz6fx2xuh-1imiuez-32wvoo38f3ay1k55gjr4yokoh
checked service_persistence-13uowv31e1oxv s-hmz4whgpc9-0mhqolm-64z6egqudnmpjf18ub35ub8zi
checked service_persistence-13uowv31e1oxv s-hmz6fc28hy-1fha6gj-19fvah6m3mhjztl6xneukb6o5
checked session_serialization-0v4x2iugn287z s-hmz4ws8t6g-1ujnj36-1ruje33j42wtp2f3wr18vxoil
checked session_serialization-0v4x2iugn287z s-hmz6g35nt5-1q5dqn0-cmcj48iscb4ersgxw15g56zfu
checked shutdown_coordinator-1uqlr5ukhvh39 s-hmz4wyl7cd-18upxs7-bgt2v0cn4bxi8ue07y4jnn47u
checked shutdown_coordinator-1uqlr5ukhvh39 s-hmz6fnmvqv-0qyov3d-3m61qan4zgq2lbpveqnfb78p4
checked storage_transactions-0m5k6071dxcb0 s-hmz4w5vgdq-0m0r1x3-ea9dcl4jyd5bnyl5lumr5tc6g
checked storage_transactions-0m5k6071dxcb0 s-hmz6fbw19a-1xnboy8-du3pbtmc81a3rc5e61fytkxdc
checked subagent_closeout-3giu9znjx4tya s-hmz4wyr6s0-05tkl4b-3pqmbxy28aw8dvlm2njdmku9v
checked subagent_closeout-3giu9znjx4tya s-hmz6fnvyk3-04k5rqq-c6fqhtoz7hhtjjnmnrskwuqps
checked subagent_lifecycle-008go6fz6aodf s-hmz4wtb5pq-1g4p7eu-5tgy9zw6v65cztmzdvcrcljxp
checked subagent_lifecycle-008go6fz6aodf s-hmz6fonxs5-1l80ryi-3hk6zs2eaduuanvxnqtb9rl2c
checked subagent_permission_inheritance-2f8b8swg3unwl s-hmz4wsdtna-0o42g1b-5pm1bp26xwzu3vdgu6k645qk6
checked subagent_permission_inheritance-2f8b8swg3unwl s-hmz6fmkzhm-0b4n37j-3v07voizwf69a3xyo5b41uqo4
checked tls_web_login-1atwx9z6vdluf s-hmz6g3dqhx-1x7yj5y-3xhsf4u6xos72hgqbkn5sspvg
checked tls_web_login-1atwx9z6vdluf s-hmz70luvq7-01on3af-3xhsf4u6xos72hgqbkn5sspvg
checked tool_receipt_unknown-2134mm6pitpok s-hmz4whjety-0x9ud12-8741mvbfl77gepqdd108k68fa
checked tool_receipt_unknown-2134mm6pitpok s-hmz6fnjno9-0kds2py-4walzoevpywpnq0di2jgq2iuv
checked xtask-2ylp4rputovdj s-hmz73tojt3-1lyisi8-8yp3efvpfabhpt40p5wgm2fi7
checked xtask-2ylp4rputovdj s-hmz73x2xa5-0f587tr-8yp3efvpfabhpt40p5wgm2fi7
checked xtask-3jok3a9pzs6hz s-hmz6am7xop-1wcz0rn-7ynay0qqcd876mk925ervkpmr
checked xtask-3jok3a9pzs6hz s-hmz6dynbdj-07rwm82-5gyvze4udxyl7aqtgeiymck7h
{"at": "2026-10-07T03:21:14.887554+00:00", "freeBytes": 1456541696, "desiredFreeBytes": 6442450944, "scope": "/Users/study_superior/.cache/lingxi-r05-neg-target/debug/incremental", "checks": "see before.json", "candidateFiles": 15423, "candidateLogicalBytes": 2574754848, "allPreservationFiles": 547313, "manifestFiles": 649}
