   Compiling lingxi-service v0.0.0 (/Users/study_superior/Desktop/Code/LingxiAgent/rust/crates/lingxi-service)
    Finished `test` profile [unoptimized + debuginfo] target(s) in 13.63s
     Running tests/r05_t08_production_tools.rs (/Users/study_superior/Desktop/Code/LingxiAgent/rust/target/debug/deps/r05_t08_production_tools-77f8e8539c0a9a3b)

running 1 test

thread 'f24_sigterm_with_parked_callback_reaps_the_worker_child' (18299986) panicked at crates/lingxi-service/tests/r05_t08_production_tools.rs:1244:5:
graceful shutdown, got ExitStatus(unix_wait_status(1536)); service stderr tail:
2026-10-06T08:24:50.829175Z  INFO lingxi_service: auth service bootstrapped (per-start loopback token, owner-only); run database migrated and seeded local_token_file=/private/var/folders/5r/wq54gtms21gfjgr5v94ynfyh0000gn/T/lingxi-r05f24-wreap-home-70125-1791275090014218000/lingxi-service/local-token.json run_database=/private/var/folders/5r/wq54gtms21gfjgr5v94ynfyh0000gn/T/lingxi-r05f24-wreap-home-70125-1791275090014218000/lingxi-service/data/runs.db
2026-10-06T08:24:50.846486Z  INFO lingxi_service: instance record published (atomic write) record=/private/var/folders/5r/wq54gtms21gfjgr5v94ynfyh0000gn/T/lingxi-r05f24-wreap-home-70125-1791275090014218000/lingxi-service/instance.json bind_addr=127.0.0.1:52671
2026-10-06T08:24:50.855726Z  INFO lingxi_service::toolgateway: gateway dispatch: every re-verification passed; dispatching the server-bound effective arguments to the bound executor target=tool:plugin:builtin:probe entry="direct" permission_context="user_session" capability=plugin.probe.invoke permission_kind="execute" target_generation=2 catalog_generation=7 prepared_at_unix_ms=1791275090854 binding_reason=R04-T07 worker RPC executor
2026-10-06T08:24:50.950975Z  INFO lingxi_service: shutdown signal: SIGTERM
LINGXI_SERVICE_SHUTDOWN_TIMEOUT phase=transport_drain budget_ms=8000
2026-10-06T08:24:58.954377Z ERROR lingxi_service: shutdown drain exceeded its budget; abandoning in-flight connections (bounded at process level by the deterministic exit) phase="transport_drain" budget_ms=8000
2026-10-06T08:24:58.954533Z ERROR lingxi_service::shutdown: transport drain exceeded the shutdown budget; in-flight connections were abandoned (bounded at process level) phase=transport_drain budget_ms=8000
LINGXI_SERVICE_SHUTDOWN_TIMEOUT phase=storage_close budget_ms=8000 remaining_ms=0
2026-10-06T08:24:58.955929Z ERROR lingxi_service::shutdown: shutdown phase exceeded the remaining budget; the DB worker teardown did not complete — this process continues to record cleanup, and the WAL applies its own recovery on the next open phase=storage_close budget_ms=8000
LINGXI_SERVICE_SHUTDOWN_TIMEOUT phase=record_cleanup budget_ms=8000 remaining_ms=0
2026-10-06T08:24:58.956044Z ERROR lingxi_service::shutdown: shutdown phase started with ZERO remaining budget; the detached cleanup worker was abandoned (its removal may or may not complete — the record may remain on disk and a later instance takes over a stale record); the OS lock is released when this process exits phase=record_cleanup budget_ms=8000
error: shutdown exceeded the unified 8000ms from-signal budget (transport_drain_timed_out=true ws_drain_timed_out=false background_drain_timed_out=false residue_runs=[] storage_close_timed_out=true record_cleanup_timed_out=true)
note: run with `RUST_BACKTRACE=1` environment variable to display a backtrace
test f24_sigterm_with_parked_callback_reaps_the_worker_child ... FAILED

failures:

failures:
    f24_sigterm_with_parked_callback_reaps_the_worker_child

test result: FAILED. 0 passed; 1 failed; 0 ignored; 0 measured; 5 filtered out; finished in 8.96s

error: test failed, to rerun pass `-p lingxi-service --test r05_t08_production_tools`
exit=101
