    Checking memchr v2.8.3
    Checking itoa v1.0.18
    Checking cfg-if v1.0.5
    Checking pin-project-lite v0.2.17
    Checking once_cell v1.21.4
    Checking base64 v0.23.1
    Checking futures-core v0.3.34
    Checking bytes v1.12.1
    Checking smallvec v1.16.1
    Checking stable_deref_trait v1.2.1
    Checking log v0.4.34
    Checking futures-sink v0.3.34
    Checking slab v0.4.12
    Checking allocator-api2 v0.2.21
    Checking foldhash v0.2.0
    Checking equivalent v1.0.2
    Checking dyn-clone v1.0.20
    Checking core-foundation-sys v0.8.7
    Checking libc v0.2.189
    Checking serde_core v1.0.229
    Checking zmij v1.0.23
    Checking futures-io v0.3.34
    Checking futures-task v0.3.34
    Checking percent-encoding v2.3.2
    Checking litemap v0.8.3
    Checking num-traits v0.2.19
    Checking zerofrom v0.1.8
    Checking ref-cast v1.0.27
    Checking writeable v0.6.4
    Checking bitflags v2.13.2
    Checking zeroize v1.9.0
    Checking utf8_iter v1.0.4
    Checking futures-channel v0.3.34
    Checking tower-service v0.3.3
    Checking typenum v1.20.1
    Checking icu_properties_data v2.3.0
    Checking icu_normalizer_data v2.3.0
    Checking try-lock v0.2.5
    Checking tracing-core v0.1.36
    Checking regex-syntax v0.8.11
    Checking fnv v1.0.7
    Checking yoke v0.8.3
    Checking untrusted v0.9.0
    Checking atomic-waker v1.1.2
    Checking form_urlencoded v1.2.2
    Checking httparse v1.10.1
    Checking sync_wrapper v1.0.2
    Checking tower-layer v0.3.3
    Checking httpdate v1.0.3
    Checking subtle v2.6.1
    Checking scopeguard v1.2.0
    Checking rustls-pki-types v1.15.1
    Checking const-oid v0.10.2
    Checking ipnet v2.12.2
    Checking want v0.3.1
    Checking hashbrown v0.17.1
    Checking aho-corasick v1.1.5
    Checking zerocopy v0.8.58
    Checking mime v0.3.17
    Checking bit-vec v0.8.0
    Checking futures-util v0.3.34
    Checking borrow-or-share v0.2.4
    Checking simdutf8 v0.1.5
    Checking lock_api v0.4.14
    Checking bytecount v0.6.9
    Checking zerovec v0.11.8
    Checking http v1.5.0
    Checking zerotrie v0.2.5
    Checking micromap v0.3.0
    Checking ryu v1.0.23
    Checking vsimd v0.8.0
    Checking outref v0.5.2
    Checking lazy_static v1.5.0
    Checking num-cmp v0.1.0
    Checking tracing v0.1.44
    Checking tracing-log v0.2.0
    Checking thiserror v2.0.21
    Checking unicode-general-category v1.1.0
    Checking strum v0.28.0
    Checking encoding_rs v0.8.42
   Compiling jobserver v0.1.35
    Checking socket2 v0.6.5
    Checking mio v1.2.3
    Checking core-foundation v0.9.4
    Checking system-configuration-sys v0.6.0
    Checking getrandom v0.3.4
    Checking core-foundation v0.10.1
    Checking cpufeatures v0.3.1
    Checking security-framework-sys v2.17.0
    Checking parking_lot_core v0.9.12
    Checking getrandom v0.4.3
    Checking bit-set v0.8.0
    Checking sharded-slab v0.1.7
    Checking thread_local v1.1.10
    Checking nu-ansi-term v0.50.3
    Checking num-integer v0.1.47
    Checking num-complex v0.4.6
    Checking matchit v0.8.4
    Checking fallible-streaming-iterator v0.1.9
   Compiling cc v1.4.7
    Checking uuid-simd v0.8.0
    Checking hashlink v0.12.2
    Checking uuid v1.26.1
    Checking fallible-iterator v0.3.0
    Checking data-encoding v2.11.1
    Checking parking_lot v0.12.5
    Checking tinystr v0.8.4
    Checking potential_utf v0.1.6
    Checking security-framework v3.7.0
    Checking hybrid-array v0.4.15
    Checking system-configuration v0.7.0
    Checking tokio v1.53.1
    Checking num-bigint v0.4.8
    Checking num-iter v0.1.46
    Checking http-body v1.1.0
    Checking icu_collections v2.3.0
    Checking icu_locale_core v2.3.0
    Checking http-body-util v0.1.5
    Checking axum-core v0.5.6
    Checking block-buffer v0.12.1
    Checking crypto-common v0.2.2
    Checking regex-automata v0.4.18
    Checking jsonschema-regex v0.57.0
   Compiling cmake v0.1.58
    Checking serde v1.0.229
    Checking serde_json v1.0.151
    Checking indexmap v2.14.2
    Checking serde_path_to_error v0.1.20
    Checking icu_provider v2.3.1
   Compiling libsqlite3-sys v0.38.2
    Checking num-rational v0.4.2
   Compiling aws-lc-sys v0.45.0
    Checking icu_normalizer v2.3.0
    Checking icu_properties v2.3.0
    Checking digest v0.11.3
    Checking chrono v0.4.45
    Checking fluent-uri v0.4.1
    Checking email_address v0.2.9
    Checking serde_urlencoded v0.7.1
    Checking num v0.4.3
    Checking sha2 v0.11.0
    Checking sha1 v0.11.0
    Checking fraction v0.17.0
    Checking futures-executor v0.3.34
    Checking futures v0.3.34
    Checking lingxi-browser-spike v0.0.0 (/Users/study_superior/Desktop/Code/LingxiAgent/rust/crates/lingxi-browser-spike)
    Checking schemars v1.2.2
    Checking idna_adapter v1.2.2
    Checking idna v1.1.0
    Checking url v2.5.8
    Checking ahash v0.8.12
    Checking referencing v0.57.0
    Checking jsonschema-value v0.57.0
    Checking lingxi-protocol v0.0.0 (/Users/study_superior/Desktop/Code/LingxiAgent/rust/crates/lingxi-protocol)
    Checking matchers v0.2.0
    Checking regex v1.13.1
    Checking fancy-regex v0.19.2
    Checking tracing-subscriber v0.3.23
    Checking tokio-util v0.7.19
    Checking tower v0.5.3
    Checking tokio-stream v0.1.19
    Checking tower-http v0.6.11
    Checking h2 v0.4.19
    Checking rmcp v3.4.1
    Checking lingxi-kernel v0.0.0 (/Users/study_superior/Desktop/Code/LingxiAgent/rust/crates/lingxi-kernel)
    Checking rusqlite v0.40.2
    Checking hyper v1.11.1
    Checking hyper-util v0.1.21
    Checking axum v0.8.9
   Compiling aws-lc-rs v1.18.1
   Compiling rustls v0.23.45
    Checking rustls-webpki v0.103.15
    Checking tokio-rustls v0.26.5
    Checking rustls-platform-verifier v0.7.1
    Checking hyper-rustls v0.27.10
    Checking reqwest v0.13.5
    Checking jsonschema v0.57.0
    Checking lingxi-spike v0.0.0 (/Users/study_superior/Desktop/Code/LingxiAgent/rust/crates/lingxi-spike)
    Finished `dev` profile [unoptimized + debuginfo] target(s) in 10.15s
