docs/refactor-2026/P07/ACCEPTANCE_MAP.json: OK
docs/refactor-2026/P07/CPU_OFFLOAD_DECISION.md: OK
docs/refactor-2026/P07/HISTORY_COST_REPORT.md: OK
docs/refactor-2026/P07/HOTSPOT_REPORT.md: OK
docs/refactor-2026/P07/NEXT_STAGE_HANDOFF.md: OK
docs/refactor-2026/P07/P07_PERFORMANCE_COMPARISON.md: OK
docs/refactor-2026/P07/P07_REPORT.md: OK
docs/refactor-2026/P07/P07_RESULT.json: OK
docs/refactor-2026/P07/SOAK_RESOURCE_REPORT.md: OK
docs/refactor-2026/P07/STARTUP_CRITICAL_PATH.md: OK
docs/refactor-2026/P07/UI_PROFILE_REPORT.md: OK
docs/refactor-2026/P07/P07_ACCEPTANCE_REVIEW.md: OK
artifacts/refactor-2026/P07/logs/P07-T00-env.err: OK
artifacts/refactor-2026/P07/logs/P07-T00-env.out: OK
artifacts/refactor-2026/P07/logs/P07-T01-bench-history.err: OK
artifacts/refactor-2026/P07/logs/P07-T01-bench-history.out: OK
artifacts/refactor-2026/P07/logs/P07-T01-bench-memory-r2.err: OK
artifacts/refactor-2026/P07/logs/P07-T01-bench-memory-r2.out: OK
artifacts/refactor-2026/P07/logs/P07-T01-bench-memory.err: OK
artifacts/refactor-2026/P07/logs/P07-T01-bench-memory.out: OK
artifacts/refactor-2026/P07/logs/P07-T01-bench-startup.err: OK
artifacts/refactor-2026/P07/logs/P07-T01-bench-startup.out: OK
artifacts/refactor-2026/P07/logs/P07-T01-bench-trim-micro-r2.err: OK
artifacts/refactor-2026/P07/logs/P07-T01-bench-trim-micro-r2.out: OK
artifacts/refactor-2026/P07/logs/P07-T01-bench-trim-micro.err: OK
artifacts/refactor-2026/P07/logs/P07-T01-bench-trim-micro.out: OK
artifacts/refactor-2026/P07/logs/P07-T01-bench-w3-layer1-r2.err: OK
artifacts/refactor-2026/P07/logs/P07-T01-bench-w3-layer1-r2.out: OK
artifacts/refactor-2026/P07/logs/P07-T01-bench-w3-layer1.err: OK
artifacts/refactor-2026/P07/logs/P07-T01-bench-w3-layer1.out: OK
artifacts/refactor-2026/P07/logs/P07-T01-bench-w3l2-w4-r2.err: OK
artifacts/refactor-2026/P07/logs/P07-T01-bench-w3l2-w4-r2.out: OK
artifacts/refactor-2026/P07/logs/P07-T01-bench-w3l2-w4-r3.err: OK
artifacts/refactor-2026/P07/logs/P07-T01-bench-w3l2-w4-r3.out: OK
artifacts/refactor-2026/P07/logs/P07-T01-bench-w3l2-w4.err: OK
artifacts/refactor-2026/P07/logs/P07-T01-bench-w3l2-w4.out: OK
artifacts/refactor-2026/P07/logs/P07-T01-startup-phases-prof.err: OK
artifacts/refactor-2026/P07/logs/P07-T01-startup-phases-prof.out: OK
artifacts/refactor-2026/P07/logs/P07-T01-startup-phases-r2.err: OK
artifacts/refactor-2026/P07/logs/P07-T01-startup-phases-r2.out: OK
artifacts/refactor-2026/P07/logs/P07-T01-startup-phases-r3.err: OK
artifacts/refactor-2026/P07/logs/P07-T01-startup-phases-r3.out: OK
artifacts/refactor-2026/P07/logs/P07-T02-bench-startup-bundle-r2.err: OK
artifacts/refactor-2026/P07/logs/P07-T02-bench-startup-bundle-r2.out: OK
artifacts/refactor-2026/P07/logs/P07-T02-bench-startup-bundle.err: OK
artifacts/refactor-2026/P07/logs/P07-T02-bench-startup-bundle.out: OK
artifacts/refactor-2026/P07/logs/P07-T02-build-server.err: OK
artifacts/refactor-2026/P07/logs/P07-T02-build-server.out: OK
artifacts/refactor-2026/P07/logs/P07-T02-lazy-init.err: OK
artifacts/refactor-2026/P07/logs/P07-T02-lazy-init.out: OK
artifacts/refactor-2026/P07/logs/P07-T03-bench-history-phaseB.err: OK
artifacts/refactor-2026/P07/logs/P07-T03-bench-history-phaseB.out: OK
artifacts/refactor-2026/P07/logs/P07-T04-ui-wallclock.err: OK
artifacts/refactor-2026/P07/logs/P07-T04-ui-wallclock.out: OK
artifacts/refactor-2026/P07/logs/P07-T06-bench-soak-r2.err: OK
artifacts/refactor-2026/P07/logs/P07-T06-bench-soak-r2.out: OK
artifacts/refactor-2026/P07/logs/P07-T06-bench-soak.err: OK
artifacts/refactor-2026/P07/logs/P07-T06-bench-soak.out: OK
artifacts/refactor-2026/P07/logs/P07-T07-bench-compare-selftest.err: OK
artifacts/refactor-2026/P07/logs/P07-T07-bench-compare-selftest.out: OK
artifacts/refactor-2026/P07/logs/P07-T07-build-renderer.err: OK
artifacts/refactor-2026/P07/logs/P07-T07-build-renderer.out: OK
artifacts/refactor-2026/P07/logs/P07-T07-core-contracts.err: OK
artifacts/refactor-2026/P07/logs/P07-T07-core-contracts.out: OK
artifacts/refactor-2026/P07/logs/P07-T07-directed-suites.err: OK
artifacts/refactor-2026/P07/logs/P07-T07-directed-suites.out: OK
artifacts/refactor-2026/P07/logs/P07-T07-full-test.err: OK
artifacts/refactor-2026/P07/logs/P07-T07-full-test.out: OK
artifacts/refactor-2026/P07/logs/P07-T07-json-validate.err: OK
artifacts/refactor-2026/P07/logs/P07-T07-json-validate.out: OK
artifacts/refactor-2026/P07/logs/P07-T07-lazy-init-rerun.err: OK
artifacts/refactor-2026/P07/logs/P07-T07-lazy-init-rerun.out: OK
artifacts/refactor-2026/P07/logs/P07-T07-lint-r2.err: OK
artifacts/refactor-2026/P07/logs/P07-T07-lint-r2.out: OK
artifacts/refactor-2026/P07/logs/P07-T07-lint.err: OK
artifacts/refactor-2026/P07/logs/P07-T07-lint.out: OK
artifacts/refactor-2026/P07/logs/P07-T07-manifest-check.err: OK
artifacts/refactor-2026/P07/logs/P07-T07-manifest-check.out: OK
artifacts/refactor-2026/P07/logs/P07-T07-restore-patch.err: OK
artifacts/refactor-2026/P07/logs/P07-T07-restore-patch.out: OK
artifacts/refactor-2026/P07/logs/P07-T07-typecheck-r2.err: OK
artifacts/refactor-2026/P07/logs/P07-T07-typecheck-r2.out: OK
artifacts/refactor-2026/P07/logs/P07-T07-typecheck.err: OK
artifacts/refactor-2026/P07/logs/P07-T07-typecheck.out: OK
artifacts/refactor-2026/P07/logs/command-log.jsonl: OK
artifacts/refactor-2026/P07/logs/ACCEPT-R2-bench-compare-w1.out: OK
artifacts/refactor-2026/P07/logs/ACCEPT-R2-full-test.out: OK
artifacts/refactor-2026/P07/logs/ACCEPT-R2-soak.err: OK
artifacts/refactor-2026/P07/logs/ACCEPT-R2-soak.json: OK
artifacts/refactor-2026/P07/logs/ACCEPT-R2-soak.out: OK
artifacts/refactor-2026/P07/logs/ACCEPT-R2-startup-b1.err: OK
artifacts/refactor-2026/P07/logs/ACCEPT-R2-startup-b1.json: OK
artifacts/refactor-2026/P07/logs/ACCEPT-R2-startup-b1.out: OK
artifacts/refactor-2026/P07/logs/ACCEPT-R2-trim-micro.err: OK
artifacts/refactor-2026/P07/logs/ACCEPT-R2-trim-micro.out: OK
artifacts/refactor-2026/P07/logs/ACCEPT-R2-w3-layer1.out: OK
artifacts/refactor-2026/P07/logs/P07-FIXR1-json-validate.err: OK
artifacts/refactor-2026/P07/logs/P07-FIXR1-json-validate.out: OK
artifacts/refactor-2026/P07/logs/P07-FIXR1-lint.err: OK
artifacts/refactor-2026/P07/logs/P07-FIXR1-lint.out: OK
artifacts/refactor-2026/P07/logs/P07-FIXR1-negprobe-inject-run.err: OK
artifacts/refactor-2026/P07/logs/P07-FIXR1-negprobe-inject-run.out: OK
artifacts/refactor-2026/P07/logs/P07-FIXR1-negprobe-inject.mjs: OK
artifacts/refactor-2026/P07/logs/P07-FIXR1-negprobe-soak.json: OK
artifacts/refactor-2026/P07/logs/P07-FIXR1-negprobe-verify.err: OK
artifacts/refactor-2026/P07/logs/P07-FIXR1-negprobe-verify.out: OK
artifacts/refactor-2026/P07/logs/P07-FIXR1-soak-minimal.err: OK
artifacts/refactor-2026/P07/logs/P07-FIXR1-soak-minimal.json: OK
artifacts/refactor-2026/P07/logs/P07-FIXR1-soak-minimal.out: OK
artifacts/refactor-2026/P07/logs/P07-FIXR1-soak-original.err: OK
artifacts/refactor-2026/P07/logs/P07-FIXR1-soak-original.json: OK
artifacts/refactor-2026/P07/logs/P07-FIXR1-soak-original.out: OK
artifacts/refactor-2026/P07/logs/P07-FIXR1-tmpdir-after.err: OK
artifacts/refactor-2026/P07/logs/P07-FIXR1-tmpdir-after.out: OK
artifacts/refactor-2026/P07/logs/P07-FIXR1-tmpdir-before.err: OK
artifacts/refactor-2026/P07/logs/P07-FIXR1-tmpdir-before.out: OK
artifacts/refactor-2026/P07/logs/P07-FIXR1-tmpdir-final.err: OK
artifacts/refactor-2026/P07/logs/P07-FIXR1-tmpdir-final.out: OK
