2026-10-07T02:41:52.442067Z  INFO lingxi_service: data root resolved effective_home=/tmp/lingxi-r02t07-a13.o5P6oG source=cli ignored_sources=none
2026-10-07T02:41:52.442246Z  INFO lingxi_service: data root prepared (canonicalized; runtime dir private 0700) canonical_home=/private/tmp/lingxi-r02t07-a13.o5P6oG runtime_dir=/private/tmp/lingxi-r02t07-a13.o5P6oG/lingxi-service
2026-10-07T02:41:52.442410Z  INFO lingxi_service: single-writer lock acquired [token] start_nonce=2840357800343919 pid=1200 entropy="os-random-device" lock=/private/tmp/lingxi-r02t07-a13.o5P6oG/lingxi-service/instance.lock network_mode=loopback
2026-10-07T02:41:52.442719Z  INFO lingxi_service: data-epoch gate passed home=/private/tmp/lingxi-r02t07-a13.o5P6oG decision=ProceedSteady(EpochStamp { format: V2, minimum_reader_epoch: 1, committed_data_epoch: 1, last_version: Some("0.0.0") })
2026-10-07T02:41:52.454866Z  INFO lingxi_service: auth service bootstrapped (per-start loopback token, owner-only); run database migrated and seeded local_token_file=/private/tmp/lingxi-r02t07-a13.o5P6oG/lingxi-service/local-token.json run_database=/private/tmp/lingxi-r02t07-a13.o5P6oG/lingxi-service/data/runs.db
2026-10-07T02:41:52.463826Z  INFO lingxi_service: instance record published (atomic write) record=/private/tmp/lingxi-r02t07-a13.o5P6oG/lingxi-service/instance.json bind_addr=127.0.0.1:53282
2026-10-07T02:41:52.642596Z  INFO lingxi_service::sessions: normal submission to a busy session rejected (session_busy; retryable) session_id="sess_local_beta"
2026-10-07T02:41:52.642632Z  INFO lingxi_service::sessions: normal submission to a busy session rejected (session_busy; retryable) session_id="sess_local_beta"
2026-10-07T02:41:52.642820Z  INFO lingxi_service: request handled request_id="req-f14e4f842985360cc98b3685453db119" method=POST [token] status=409
2026-10-07T02:41:52.642844Z  INFO lingxi_service: request handled request_id="req-8492d2b7e323edea9745cbb7d46d95c0" method=POST [token] status=409
2026-10-07T02:41:58.044956Z  INFO lingxi_service::sessions: normal submission to a busy session rejected (session_busy; retryable) session_id="sess_local_beta"
2026-10-07T02:41:58.045007Z  INFO lingxi_service::sessions: normal submission to a busy session rejected (session_busy; retryable) session_id="sess_local_beta"
2026-10-07T02:41:58.044940Z  WARN lingxi_service::runs: run driver exited without a finalize; cancellation tree fired, registry entry removed, durable row left honest (R03-T07 owns recovery) run_id=run_000001a1143d2002_000002
2026-10-07T02:41:58.045024Z  INFO lingxi_service::sessions: normal submission to a busy session rejected (session_busy; retryable) session_id="sess_local_beta"
2026-10-07T02:41:58.045042Z  INFO lingxi_service::sessions: normal submission to a busy session rejected (session_busy; retryable) session_id="sess_local_beta"
2026-10-07T02:41:58.045052Z  INFO lingxi_service::sessions: normal submission to a busy session rejected (session_busy; retryable) session_id="sess_local_beta"
2026-10-07T02:41:58.045219Z  INFO lingxi_service: request handled request_id="req-8e19bdb7f01b03520bbd3399c387c304" method=POST [token] status=409
2026-10-07T02:41:58.045225Z  INFO lingxi_service: request handled request_id="req-10b13da38a51c60df0649ddd1b5fd9fc" method=POST [token] status=409
2026-10-07T02:41:58.045254Z  INFO lingxi_service: request handled request_id="req-65bf6b34c5e509b0813940393ab39fcd" method=POST [token] status=409
2026-10-07T02:41:58.045274Z  INFO lingxi_service: request handled request_id="req-80a3b6725154276586f0b0b1500d0eba" method=POST [token] status=503
2026-10-07T02:41:58.045377Z  INFO lingxi_service: request handled request_id="req-38f5774b260efdbbe155c0c5ce2abc88" method=POST [token] status=409
2026-10-07T02:41:58.045377Z  INFO lingxi_service: request handled request_id="req-6343e50dbe6e22de9ec2535c94dbaec8" method=POST [token] status=409
2026-10-07T02:42:00.675562Z  INFO lingxi_service: shutdown signal: SIGTERM
2026-10-07T02:42:00.676259Z  INFO lingxi_service::shutdown: run database closed (drained, WAL truncated) phase=storage_close
2026-10-07T02:42:00.676552Z  INFO lingxi_service::shutdown: own instance record removed, lock released phase=record_cleanup
2026-10-07T02:42:00.676646Z  INFO lingxi_service: lingxi-service stopped cleanly (run database closed, own record removed, lock released)
