
running 25 tests
test redaction::tests::redact_text_with_empty_home_is_identity ... ok
test redaction::tests::multiple_secret_assignments_on_one_line_are_all_redacted ... ok
test redaction::tests::a13_ws_ticket_shape_is_redacted ... ok
test redaction::tests::a13_user_path_segments_are_redacted ... ok
test redaction::tests::a13_api_key_shape_is_redacted_anywhere ... ok
test redaction::tests::a13_url_query_token_is_redacted ... ok
test redaction::tests::ordinary_words_are_not_mangled_by_the_credential_rule ... ok
test redaction::tests::a13_normal_diagnostics_are_untouched ... ok
test redaction::tests::a13_local_secret_path_is_replaced_with_home_marker ... ok
test redaction::tests::a13_synthetic_marker_line_passes_through_redaction_intact ... ok
test redaction::tests::a13_cookie_header_is_redacted ... ok
test redaction::tests::f48_request_formatting_preserves_user_path_protection ... ok
test redaction::tests::a13_data_uri_base64_is_redacted ... ok
test redaction::tests::r05_secret_key_words_match_case_insensitively ... ok
test redaction::tests::url_credentials_are_redacted ... ok
test redaction::tests::a13_secret_assignment_is_redacted_with_key_kept ... ok
test redaction::tests::unicode_adjacent_word_boundaries_do_not_split_chars ... ok
test redaction::tests::r05_t02_base64_tokens_with_slash_and_padding_are_redacted ... ok
test redaction::tests::f48_formal_random_request_id_keeps_diagnostic_correlation ... ok
test redaction::tests::a13_device_secret_shape_is_redacted_anywhere ... ok
test redaction::tests::unicode_diagnostics_never_panic_and_pass_through_intact ... ok
test redaction::tests::a13_long_random_tokens_are_redacted_but_correlation_ids_survive ... ok
test redaction::tests::a13_bearer_authorization_header_value_is_redacted ... ok
test redaction::tests::r05_provider_api_key_shapes_are_redacted ... ok
test redaction::tests::f48_lookalike_ids_in_secrets_urls_workers_stay_redacted ... ok

test result: ok. 25 passed; 0 failed; 0 ignored; 0 measured; 336 filtered out; finished in 0.00s

