   Compiling cmov v0.5.4
   Compiling dunce v1.0.5
   Compiling fs_extra v1.3.0
   Compiling aws-lc-rs v1.18.1
   Compiling zeroize v1.9.0
   Compiling autocfg v1.5.1
   Compiling untrusted v0.9.0
   Compiling jobserver v0.1.35
   Compiling inout v0.2.2
   Compiling rustls v0.23.45
   Compiling subtle v2.6.1
   Compiling core-foundation-sys v0.8.7
   Compiling if-addrs v0.15.0
   Compiling qrcodegen v1.8.0
   Compiling rustls-pki-types v1.15.1
   Compiling cipher v0.5.2
   Compiling ctutils v0.4.2
   Compiling iana-time-zone v0.1.65
   Compiling cc v1.4.7
   Compiling num-traits v0.2.19
   Compiling digest v0.11.3
   Compiling salsa20 v0.11.0
   Compiling sha2 v0.11.0
   Compiling sha1 v0.11.0
   Compiling hmac v0.13.0
   Compiling pbkdf2 v0.13.0
   Compiling cmake v0.1.58
   Compiling lingxi-protocol v0.0.0 (/Users/study_superior/Desktop/Code/LingxiAgent/rust/crates/lingxi-protocol)
   Compiling scrypt v0.12.0
   Compiling libsqlite3-sys v0.38.2
   Compiling aws-lc-sys v0.45.0
   Compiling chrono v0.4.45
   Compiling lingxi-kernel v0.0.0 (/Users/study_superior/Desktop/Code/LingxiAgent/rust/crates/lingxi-kernel)
   Compiling rusqlite v0.40.2
   Compiling lingxi-adapters v0.0.0 (/Users/study_superior/Desktop/Code/LingxiAgent/rust/crates/lingxi-adapters)
   Compiling rustls-webpki v0.103.15
   Compiling tokio-rustls v0.26.5
   Compiling lingxi-service v0.0.0 (/Users/study_superior/Desktop/Code/LingxiAgent/rust/crates/lingxi-service)
    Finished `dev` profile [unoptimized + debuginfo] target(s) in 14.29s
