2026-10-02T08:22:48.280337Z  INFO lingxi_service: data root resolved effective_home=/var/folders/5r/wq54gtms21gfjgr5v94ynfyh0000gn/T//lingxi-r02t05-home-SUs4zR source=cli ignored_sources=none
2026-10-02T08:22:48.281617Z  INFO lingxi_service: data root prepared (canonicalized; runtime dir private 0700) canonical_home=/private/var/folders/5r/wq54gtms21gfjgr5v94ynfyh0000gn/T/lingxi-r02t05-home-SUs4zR runtime_dir=/private/var/folders/5r/wq54gtms21gfjgr5v94ynfyh0000gn/T/lingxi-r02t05-home-SUs4zR/lingxi-service
2026-10-02T08:22:48.282167Z  INFO lingxi_service: single-writer lock acquired instance_id=2b6f66e50f29496920ab67cab8219fd0 start_nonce=f33b4aaccb0bbfaa pid=21059 entropy="os-random-device" lock=/private/var/folders/5r/wq54gtms21gfjgr5v94ynfyh0000gn/T/lingxi-r02t05-home-SUs4zR/lingxi-service/instance.lock network_mode=loopback
2026-10-02T08:22:48.297990Z  INFO lingxi_service: data-epoch gate passed home=/private/var/folders/5r/wq54gtms21gfjgr5v94ynfyh0000gn/T/lingxi-r02t05-home-SUs4zR decision=ProceedStampedNew(EpochStamp { format: V2, minimum_reader_epoch: 1, committed_data_epoch: 1, last_version: Some("0.0.0") })
2026-10-02T08:22:48.348935Z  INFO lingxi_adapters::storage::run_store: run database migrated db=/private/var/folders/5r/wq54gtms21gfjgr5v94ynfyh0000gn/T/lingxi-r02t05-home-SUs4zR/lingxi-service/data/runs.db applied=[1, 2, 3, 4] version=4
2026-10-02T08:22:48.350002Z  INFO lingxi_service: auth service bootstrapped (per-start loopback token, owner-only); run database migrated and seeded local_token_file=/private/var/folders/5r/wq54gtms21gfjgr5v94ynfyh0000gn/T/lingxi-r02t05-home-SUs4zR/lingxi-service/local-token.json run_database=/private/var/folders/5r/wq54gtms21gfjgr5v94ynfyh0000gn/T/lingxi-r02t05-home-SUs4zR/lingxi-service/data/runs.db
2026-10-02T08:22:48.360886Z  INFO lingxi_service: instance record published (atomic write) record=/private/var/folders/5r/wq54gtms21gfjgr5v94ynfyh0000gn/T/lingxi-r02t05-home-SUs4zR/lingxi-service/instance.json bind_addr=127.0.0.1:55112
2026-10-02T08:22:48.500243Z  INFO lingxi_service::sessions: run settled through the single finalize path run_id=run_000001a0fbb575b2_000001 session_id="sess_local_alpha" outcome=completed.no_final.no_provider_configured input_chars=10 input_bytes=10
2026-10-02T08:22:48.500499Z  INFO lingxi_service: request handled request_id=req-3aef62bb0e4040208caccd95e5e02375 method=POST path=/lingxi/v1/sessions/sess_local_alpha/execute status=200
2026-10-02T08:22:48.502318Z  INFO lingxi_service::sessions: run settled through the single finalize path run_id=run_000001a0fbb575b5_000002 session_id="sess_local_alpha" outcome=completed.no_final.no_provider_configured input_chars=10 input_bytes=10
2026-10-02T08:22:48.502475Z  INFO lingxi_service: request handled request_id=req-dfc45408076f5c9d3f1ae323fe18f3f0 method=POST path=/lingxi/v1/sessions/sess_local_alpha/execute status=200
2026-10-02T08:22:48.503166Z  INFO lingxi_service: request handled request_id=req-f6710955b612f26969e39c7b9ded44c9 method=GET path=/lingxi/v1/ws status=101
2026-10-02T08:22:48.505152Z  INFO lingxi_service::sessions: run settled through the single finalize path run_id=run_000001a0fbb575b8_000003 session_id="sess_local_alpha" outcome=completed.no_final.no_provider_configured input_chars=12 input_bytes=12
2026-10-02T08:22:48.505303Z  INFO lingxi_service: request handled request_id=req-c39a28f2c5060832332d6192b6e1d701 method=POST path=/lingxi/v1/sessions/sess_local_alpha/execute status=200
2026-10-02T08:22:48.506429Z  INFO lingxi_service::sessions: run settled through the single finalize path run_id=run_000001a0fbb575b9_000004 session_id="sess_local_alpha" outcome=completed.no_final.no_provider_configured input_chars=12 input_bytes=12
2026-10-02T08:22:48.506554Z  INFO lingxi_service: request handled request_id=req-e4191eddf0b5680bb3d9d7bacb9afcf1 method=POST path=/lingxi/v1/sessions/sess_local_alpha/execute status=200
2026-10-02T08:22:48.507640Z  INFO lingxi_service::sessions: run settled through the single finalize path run_id=run_000001a0fbb575bb_000005 session_id="sess_local_alpha" outcome=completed.no_final.no_provider_configured input_chars=12 input_bytes=12
2026-10-02T08:22:48.507777Z  INFO lingxi_service: request handled request_id=req-7ea89c2b5009049f06fa449ee811d210 method=POST path=/lingxi/v1/sessions/sess_local_alpha/execute status=200
2026-10-02T08:22:48.508790Z  INFO lingxi_service::sessions: run settled through the single finalize path run_id=run_000001a0fbb575bc_000006 session_id="sess_local_alpha" outcome=completed.no_final.no_provider_configured input_chars=12 input_bytes=12
2026-10-02T08:22:48.508910Z  INFO lingxi_service: request handled request_id=req-c0f4939128bdef7f341da29653a13bdc method=POST path=/lingxi/v1/sessions/sess_local_alpha/execute status=200
2026-10-02T08:22:49.522669Z  INFO lingxi_service::sessions: run settled through the single finalize path run_id=run_000001a0fbb579b0_000007 session_id="sess_local_alpha" outcome=completed.no_final.no_provider_configured input_chars=8 input_bytes=8
2026-10-02T08:22:49.523173Z  INFO lingxi_service: request handled request_id=req-f1b1b6b1518b14b7d33945d0d369f633 method=POST path=/lingxi/v1/sessions/sess_local_alpha/execute status=200
2026-10-02T08:22:49.525755Z  INFO lingxi_service: request handled request_id=req-09af0713055a332ef6857edb30c25ce6 method=GET path=/lingxi/v1/sessions/sess_local_alpha/events status=200
2026-10-02T08:22:49.529745Z  INFO lingxi_service: request handled request_id=req-a6316c530617010e99f7c20037c78638 method=GET path=/lingxi/v1/sessions/sess_local_alpha/events status=409
2026-10-02T08:22:49.531096Z  INFO lingxi_service: request handled request_id=req-68e9698ac2bea4be7e6abd78ddedf444 method=GET path=/lingxi/v1/ws status=101
2026-10-02T08:22:49.535952Z  INFO lingxi_service: request handled request_id=req-97ac83cec2f8c5e0701e4ed03b0960b4 method=GET path=/lingxi/v1/sessions/sess_local_alpha/events status=200
2026-10-02T08:22:49.538350Z  INFO lingxi_service::sessions: run settled through the single finalize path run_id=run_000001a0fbb579c1_000008 session_id="sess_local_beta" outcome=completed.no_final.no_provider_configured input_chars=8 input_bytes=8
2026-10-02T08:22:49.538552Z  INFO lingxi_service: request handled request_id=req-a6234de425a02e97b967ae8175b78920 method=POST path=/lingxi/v1/sessions/sess_local_beta/execute status=200
2026-10-02T08:22:49.539672Z  INFO lingxi_service: request handled request_id=req-34f94bde25a543e739e98d2830f98a58 method=GET path=/lingxi/v1/sessions/sess_local_beta/events status=200
2026-10-02T08:22:49.541661Z  INFO lingxi_service: request handled request_id=req-2b8d4f3f782e47ce7c7db2386ba8e462 method=GET path=/lingxi/v1/sessions/sess_local_beta/events status=409
2026-10-02T08:22:49.542492Z  INFO lingxi_service: request handled request_id=req-fda707fa37bf8b4bd511761e6928d1a5 method=GET path=/lingxi/v1/ws status=101
2026-10-02T08:22:49.545216Z  INFO lingxi_service: request handled request_id=req-9d836296e8c9175277da688c8be4ae50 method=GET path=/lingxi/v1/ws status=101
2026-10-02T08:22:52.551366Z  INFO lingxi_service: request handled request_id=req-84e32d01154bfbfabb54c22952172829 method=GET path=/lingxi/v1/sessions/stream_never_existed/events status=404
2026-10-02T08:22:52.553380Z  INFO lingxi_service: request handled request_id=req-4febc2da1e7434f51038d8f3a0a0aaa4 method=GET path=/lingxi/v1/ws status=101
2026-10-02T08:22:55.560869Z  INFO lingxi_service: request handled request_id=req-089699866bcd7484171fbe911cfb8b7f method=GET path=/lingxi/v1/ws status=101
2026-10-02T08:22:58.569068Z  INFO lingxi_service: request handled request_id=req-c2118dc22732ff32331c822b1dfb9ee0 method=GET path=/lingxi/v1/ws status=101
2026-10-02T08:23:02.778308Z  INFO lingxi_service: request handled request_id=req-c44c328300944629ac8c0f841c9e1db6 method=POST path=/lingxi/v1/devices/credentials status=201
2026-10-02T08:23:03.949838Z  INFO lingxi_service: request handled request_id=req-447a811eea5a188b0333bd765565e9f6 method=GET path=/lingxi/v1/sessions/sess_local_alpha/events status=403
2026-10-02T08:23:04.370104Z  INFO lingxi_service: shutdown signal: SIGTERM
2026-10-02T08:23:04.371539Z  INFO lingxi_service::shutdown: run database closed (drained, WAL truncated) phase=storage_close
2026-10-02T08:23:04.371861Z  INFO lingxi_service::shutdown: own instance record removed, lock released phase=record_cleanup
2026-10-02T08:23:04.371965Z  INFO lingxi_service: lingxi-service stopped cleanly (run database closed, own record removed, lock released)
