core/bridge-session-manager.ts(1471,11): error TS2322: Type 'AgentSession' is not assignable to type 'ShutdownSession'.
  The types of 'extensionRunner.emit' are incompatible between these types.
    Type '<TEvent extends RunnerEmitEvent>(event: TEvent) => Promise<RunnerEmitResult<TEvent>>' is not assignable to type '(event: { type: "session_shutdown"; }) => unknown'.
      Types of parameters 'event' and 'event' are incompatible.
        Type '{ type: "session_shutdown"; }' is not assignable to type 'RunnerEmitEvent'.
          Property 'reason' is missing in type '{ type: "session_shutdown"; }' but required in type 'SessionShutdownEvent'.
core/session-coordinator.ts(2234,11): error TS2322: Type 'AgentSession' is not assignable to type 'ShutdownSession'.
  The types of 'extensionRunner.emit' are incompatible between these types.
    Type '<TEvent extends RunnerEmitEvent>(event: TEvent) => Promise<RunnerEmitResult<TEvent>>' is not assignable to type '(event: { type: "session_shutdown"; }) => unknown'.
      Types of parameters 'event' and 'event' are incompatible.
        Type '{ type: "session_shutdown"; }' is not assignable to type 'RunnerEmitEvent'.
          Property 'reason' is missing in type '{ type: "session_shutdown"; }' but required in type 'SessionShutdownEvent'.
core/session-coordinator.ts(2255,9): error TS2322: Type 'AgentSession' is not assignable to type 'ShutdownSession'.
  The types of 'extensionRunner.emit' are incompatible between these types.
    Type '<TEvent extends RunnerEmitEvent>(event: TEvent) => Promise<RunnerEmitResult<TEvent>>' is not assignable to type '(event: { type: "session_shutdown"; }) => unknown'.
      Types of parameters 'event' and 'event' are incompatible.
        Type '{ type: "session_shutdown"; }' is not assignable to type 'RunnerEmitEvent'.
          Property 'reason' is missing in type '{ type: "session_shutdown"; }' but required in type 'SessionShutdownEvent'.
core/session-coordinator.ts(8419,11): error TS2322: Type 'AgentSession' is not assignable to type 'ShutdownSession'.
  The types of 'extensionRunner.emit' are incompatible between these types.
    Type '<TEvent extends RunnerEmitEvent>(event: TEvent) => Promise<RunnerEmitResult<TEvent>>' is not assignable to type '(event: { type: "session_shutdown"; }) => unknown'.
      Types of parameters 'event' and 'event' are incompatible.
        Type '{ type: "session_shutdown"; }' is not assignable to type 'RunnerEmitEvent'.
          Property 'reason' is missing in type '{ type: "session_shutdown"; }' but required in type 'SessionShutdownEvent'.
core/session-coordinator.ts(8636,11): error TS2322: Type 'AgentSession' is not assignable to type 'ShutdownSession'.
  The types of 'extensionRunner.emit' are incompatible between these types.
    Type '<TEvent extends RunnerEmitEvent>(event: TEvent) => Promise<RunnerEmitResult<TEvent>>' is not assignable to type '(event: { type: "session_shutdown"; }) => unknown'.
      Types of parameters 'event' and 'event' are incompatible.
        Type '{ type: "session_shutdown"; }' is not assignable to type 'RunnerEmitEvent'.
          Property 'reason' is missing in type '{ type: "session_shutdown"; }' but required in type 'SessionShutdownEvent'.
hub/agent-executor.ts(722,7): error TS2322: Type 'AgentSession' is not assignable to type 'ShutdownSession'.
  The types of 'extensionRunner.emit' are incompatible between these types.
    Type '<TEvent extends RunnerEmitEvent>(event: TEvent) => Promise<RunnerEmitResult<TEvent>>' is not assignable to type '(event: { type: "session_shutdown"; }) => unknown'.
      Types of parameters 'event' and 'event' are incompatible.
        Type '{ type: "session_shutdown"; }' is not assignable to type 'RunnerEmitEvent'.
          Property 'reason' is missing in type '{ type: "session_shutdown"; }' but required in type 'SessionShutdownEvent'.
tests/task-bus-handlers.test.ts(92,42): error TS2345: Argument of type '{ sessionId: string; sessionPath: string; }' is not assignable to parameter of type 'string'.
tests/task-registry.test.ts(14,46): error TS2345: Argument of type '{}' is not assignable to parameter of type 'TaskHandler'.
  Property 'abort' is missing in type '{}' but required in type 'TaskHandler'.
tests/task-registry.test.ts(15,48): error TS2322: Type 'string' is not assignable to type '(taskId: string) => unknown'.
tests/tool-categories.test.ts(112,9): error TS2353: Object literal may only specify known properties, and 'sessionPermission' does not exist in type '{ name?: unknown; }'.
tests/tool-categories.test.ts(126,30): error TS2353: Object literal may only specify known properties, and 'sessionPermission' does not exist in type '{ name?: unknown; }'.
tests/tool-categories.test.ts(132,36): error TS2353: Object literal may only specify known properties, and '_pluginId' does not exist in type '{ name?: unknown; }'.
