2026-10-02T08:15:33.399634Z  INFO lingxi_service: data root resolved effective_home=/var/folders/5r/wq54gtms21gfjgr5v94ynfyh0000gn/T//lingxi-r02t08-a15-home.4F61mB source=cli ignored_sources=none
2026-10-02T08:15:33.400961Z  INFO lingxi_service: data root prepared (canonicalized; runtime dir private 0700) canonical_home=/private/var/folders/5r/wq54gtms21gfjgr5v94ynfyh0000gn/T/lingxi-r02t08-a15-home.4F61mB runtime_dir=/private/var/folders/5r/wq54gtms21gfjgr5v94ynfyh0000gn/T/lingxi-r02t08-a15-home.4F61mB/lingxi-service
2026-10-02T08:15:33.401511Z  INFO lingxi_service: single-writer lock acquired instance_id=f79557344ffbb37fdc1b6a7d7a206ad3 start_nonce=a374adaae63c55cb pid=17824 entropy="os-random-device" lock=/private/var/folders/5r/wq54gtms21gfjgr5v94ynfyh0000gn/T/lingxi-r02t08-a15-home.4F61mB/lingxi-service/instance.lock network_mode=loopback
2026-10-02T08:15:33.415902Z  INFO lingxi_service: data-epoch gate passed home=/private/var/folders/5r/wq54gtms21gfjgr5v94ynfyh0000gn/T/lingxi-r02t08-a15-home.4F61mB decision=ProceedStampedNew(EpochStamp { format: V2, minimum_reader_epoch: 1, committed_data_epoch: 1, last_version: Some("0.0.0") })
2026-10-02T08:15:33.468288Z  INFO lingxi_adapters::storage::run_store: run database migrated db=/private/var/folders/5r/wq54gtms21gfjgr5v94ynfyh0000gn/T/lingxi-r02t08-a15-home.4F61mB/lingxi-service/data/runs.db applied=[1, 2, 3, 4] version=4
2026-10-02T08:15:33.469254Z  INFO lingxi_service: auth service bootstrapped (per-start loopback token, owner-only); run database migrated and seeded local_token_file=/private/var/folders/5r/wq54gtms21gfjgr5v94ynfyh0000gn/T/lingxi-r02t08-a15-home.4F61mB/lingxi-service/local-token.json run_database=/private/var/folders/5r/wq54gtms21gfjgr5v94ynfyh0000gn/T/lingxi-r02t08-a15-home.4F61mB/lingxi-service/data/runs.db
2026-10-02T08:15:33.479841Z  INFO lingxi_service: instance record published (atomic write) record=/private/var/folders/5r/wq54gtms21gfjgr5v94ynfyh0000gn/T/lingxi-r02t08-a15-home.4F61mB/lingxi-service/instance.json bind_addr=127.0.0.1:53395
LINGXI_AUTH_REJECTED request_id=req-f7868a84e77045b509c9a5a6ea2314f1 method=GET path=/lingxi/v1/me status=401 Unauthorized reason=missing_credential remote=127.0.0.1:53397
2026-10-02T08:15:33.617388Z  INFO lingxi_service: request handled request_id=req-f7868a84e77045b509c9a5a6ea2314f1 method=GET path=/lingxi/v1/me status=401
2026-10-02T08:15:33.618351Z  INFO lingxi_service: request handled request_id=req-c417cbd887dbbc059e270ae97365fcc3 method=GET path=/lingxi/v1/me status=200
2026-10-02T08:15:33.620238Z  INFO lingxi_service::sessions: run settled through the single finalize path run_id=run_000001a0fbaed2f3_000001 session_id="sess_local_alpha" outcome=completed.no_final.no_provider_configured input_chars=23 input_bytes=23
2026-10-02T08:15:33.620363Z  INFO lingxi_service: request handled request_id=req-4a586384601ad4f949182006ceb0e6aa method=POST path=/lingxi/v1/sessions/sess_local_alpha/execute status=200
2026-10-02T08:15:33.620859Z  INFO lingxi_service: request handled request_id=req-a77167e75001d07eb232dff11cf4d929 method=GET path=/lingxi/v1/ws status=101
2026-10-02T08:15:33.622761Z  INFO lingxi_service::sessions: run settled through the single finalize path run_id=run_000001a0fbaed2f6_000002 session_id="sess_local_alpha" outcome=completed.no_final.no_provider_configured input_chars=26 input_bytes=26
2026-10-02T08:15:33.622884Z  INFO lingxi_service: request handled request_id=req-ca01d7dafba4f0f25040e69037da6ec6 method=POST path=/lingxi/v1/sessions/sess_local_alpha/execute status=200
2026-10-02T08:15:33.623555Z  INFO lingxi_service: request handled request_id=req-527b91af357f83ff4910381cb54f2631 method=GET path=/lingxi/v1/sessions/sess_local_alpha status=200
2026-10-02T08:15:33.624331Z  INFO lingxi_service: request handled request_id=req-a715053c3ffff33b2b1407afb3792386 method=GET path=/lingxi/v1/sessions/sess_local_alpha/events status=200
2026-10-02T08:15:33.624751Z  INFO lingxi_service: request handled request_id=req-109a218104466f81341862ec34f2e915 method=GET path=/lingxi/v1/ws status=101
2026-10-02T08:15:33.625791Z  WARN lingxi_service: ws session read failed err=Connection reset by peer (os error 54)
2026-10-02T08:15:33.646945Z  INFO lingxi_service: shutdown signal: SIGTERM
2026-10-02T08:15:33.647801Z  INFO lingxi_service::shutdown: run database closed (drained, WAL truncated) phase=storage_close
2026-10-02T08:15:33.648016Z  INFO lingxi_service::shutdown: own instance record removed, lock released phase=record_cleanup
2026-10-02T08:15:33.648084Z  INFO lingxi_service: lingxi-service stopped cleanly (run database closed, own record removed, lock released)
