== building lingxi-service (rustup 1.98.1, /tmp/rust-target-r02-t08, --locked) ==
== service up addr=127.0.0.1:56302 home=/tmp/lingxi-r02t03-home-mavnBV ==
== A05: forged identity is ineffective ==
PASS a05-no-credential-read (http=401)
PASS a05-no-credential-read-reason (body contains 'missing_credential')
PASS a05-no-credential-execute (http=401)
PASS a05-no-credential-ws-ticket (http=401)
PASS a05-no-credential-me (http=401)
PASS a05-forged-principal-headers (http=401)
PASS a05-me-with-forged-header (http=200)
PASS a05-me-server-computed (body contains '"kind":"local_user"')
PASS a05-me-never-echoes-forged-values
PASS a05-identity-shaped-body-rejected (http=400)
PASS a05-identity-shaped-body-reason (body contains 'invalid_message')
PASS a05-forged-session-id (http=404)
PASS a05-forged-session-id-reason (body contains 'not_found')
PASS a05-forged-session-id-execute (http=404)
PASS a05-wrong-token (http=401)
PASS a05-wrong-token-reason (body contains 'invalid_credential')
PASS a05-issue-expired-credential (http=201)
PASS a05-issue-foreign-credential (http=201)
PASS a05-foreign-credential-authenticates (http=200)
PASS a05-foreign-principal-kind (body contains '"kind":"device"')
ff380566c54a83bb6babedba35854c1eaa37577a2c4530d54da826532e28be76  devices.json
1d761f87f1797a445cac98c4ada974efb7875414969127945f061b1bd465c60a  device-credentials.json
b2e396bbea9df7d5bc736a0917ab6f04e7422d73a1344c6a14653c35237ec3ea  local-token.json
state before negatives: runCounts=0 0
PASS a05-expired-credential (http=401)
PASS a05-expired-credential-reason (body contains 'invalid_credential')
PASS a05-expired-credential-execute (http=401)
ff380566c54a83bb6babedba35854c1eaa37577a2c4530d54da826532e28be76  devices.json
1d761f87f1797a445cac98c4ada974efb7875414969127945f061b1bd465c60a  device-credentials.json
b2e396bbea9df7d5bc736a0917ab6f04e7422d73a1344c6a14653c35237ec3ea  local-token.json
PASS a05-authn-failures-registry-files-byte-identical
ff380566c54a83bb6babedba35854c1eaa37577a2c4530d54da826532e28be76  devices.json
1d761f87f1797a445cac98c4ada974efb7875414969127945f061b1bd465c60a  device-credentials.json
b2e396bbea9df7d5bc736a0917ab6f04e7422d73a1344c6a14653c35237ec3ea  local-token.json
PASS a05-cross-principal-read (http=403)
PASS a05-cross-principal-read-reason (body contains 'cross_principal_access')
PASS a05-cross-principal-execute (http=403)
2d05232d1bc9e7518cc0893b514f726cafb8c19b9fb310808372de9a82486e07  devices.json
2e5c24c2f1200a9efb834cea6f306091f3dce9c7a66e109662c7f29e699e3112  device-credentials.json
b2e396bbea9df7d5bc736a0917ab6f04e7422d73a1344c6a14653c35237ec3ea  local-token.json
PASS a05-authz-negatives-audit-only-changes (devices-before-authz.json vs devices-after-authz.json)
PASS a05-authz-negatives-audit-only-changes (creds-before-authz.json vs creds-after-authz.json)
state after negatives:  runCounts=0 0
PASS a05-no-observable-business-state-change (runCounts stable)
PASS a05-positive-control-owner-execute (http=200)
PASS a05-positive-control-run-id (body contains '"runId":"run_')
PASS a05-positive-control-advanced-run-count (owner execute works, denied ones did not)
== A06: malicious web page cannot ride loopback ==
PASS a06-evil-origin-health (http=403)
PASS a06-evil-origin-health-reason (body contains 'bad_origin')
PASS a06-evil-origin-with-valid-token (http=403)
PASS a06-allowed-origin-http://localhost:56302 (http=200)
PASS a06-allowed-origin-http://127.0.0.1:56302 (http=200)
PASS a06-allowed-origin-file:// (http=200)
PASS a06-allowed-origin-null (http=200)
PASS a06-rebinding-origin-http://sub.localhost:1 (http=403)
PASS a06-rebinding-origin-http://127.0.0.1.evil.example (http=403)
PASS a06-foreign-host-health (http=403)
PASS a06-foreign-host-with-token (http=403)
PASS a06-localhost-host-ok (http=200)
PASS a06-rate-limit-live (429 observed)
rate window expired; continuing
PASS a06-body-limit-live (413 observed)
== WS matrix (includes a real 30s ticket-TTL wait) ==
PASS ws-evil-origin (expected=403 actual=403)
PASS ws-foreign-host (expected=403 actual=403)
PASS ws-no-credential (expected=401 actual=401)
PASS ws-ticket-legit-origin-upgrade (expected=101 actual=101)
PASS ws-server-hello (expected=True actual=True)
PASS ws-session-read-owner (expected=True actual=True)
PASS ws-ticket-replay (expected=401 actual=401)
PASS ws-no-origin-cli-bearer (expected=101 actual=101)
PASS ws-cli-server-hello (expected=True actual=True)
PASS ws-ticket-expired (expected=401 actual=401)
PASS a06-cli-no-origin-owner-read (http=200)
PASS a06-cli-query-token-local (http=200)
PASS a06-non-loopback-bind-requires-explicit-lan-mode (exit 2)
negative protocol log markers on stderr: 20 lines
== ALL CASES PASSED ==
