2026-09-29T12:00:17.656633Z  INFO lingxi_service: data root resolved effective_home=/var/folders/5r/wq54gtms21gfjgr5v94ynfyh0000gn/T//lingxi-r02t08-a15-home.i7Fd55 source=cli ignored_sources=none
2026-09-29T12:00:17.657858Z  INFO lingxi_service: data root prepared (canonicalized; runtime dir private 0700) canonical_home=/private/var/folders/5r/wq54gtms21gfjgr5v94ynfyh0000gn/T/lingxi-r02t08-a15-home.i7Fd55 runtime_dir=/private/var/folders/5r/wq54gtms21gfjgr5v94ynfyh0000gn/T/lingxi-r02t08-a15-home.i7Fd55/lingxi-service
2026-09-29T12:00:17.658394Z  INFO lingxi_service: single-writer lock acquired instance_id=f7112eac726124871df04226dd5ca51d start_nonce=8a7b9897659111d4 pid=56426 entropy="os-random-device" lock=/private/var/folders/5r/wq54gtms21gfjgr5v94ynfyh0000gn/T/lingxi-r02t08-a15-home.i7Fd55/lingxi-service/instance.lock network_mode=loopback
2026-09-29T12:00:17.669062Z  INFO lingxi_service: data-epoch gate passed home=/private/var/folders/5r/wq54gtms21gfjgr5v94ynfyh0000gn/T/lingxi-r02t08-a15-home.i7Fd55 decision=ProceedStampedNew(EpochStamp { format: V2, minimum_reader_epoch: 1, committed_data_epoch: 1, last_version: Some("0.0.0") })
2026-09-29T12:00:17.711448Z  INFO lingxi_adapters::storage::run_store: run database migrated db=/private/var/folders/5r/wq54gtms21gfjgr5v94ynfyh0000gn/T/lingxi-r02t08-a15-home.i7Fd55/lingxi-service/data/runs.db applied=[1, 2, 3, 4] version=4
2026-09-29T12:00:17.712051Z  INFO lingxi_service: auth service bootstrapped (per-start loopback token, owner-only); run database migrated and seeded local_token_file=/private/var/folders/5r/wq54gtms21gfjgr5v94ynfyh0000gn/T/lingxi-r02t08-a15-home.i7Fd55/lingxi-service/local-token.json run_database=/private/var/folders/5r/wq54gtms21gfjgr5v94ynfyh0000gn/T/lingxi-r02t08-a15-home.i7Fd55/lingxi-service/data/runs.db
2026-09-29T12:00:17.721123Z  INFO lingxi_service: instance record published (atomic write) record=/private/var/folders/5r/wq54gtms21gfjgr5v94ynfyh0000gn/T/lingxi-r02t08-a15-home.i7Fd55/lingxi-service/instance.json bind_addr=127.0.0.1:61547
LINGXI_AUTH_REJECTED request_id=req-0f4d3596c2337f0ac104b92277f557df method=GET path=/lingxi/v1/me status=401 Unauthorized reason=missing_credential remote=127.0.0.1:61549
2026-09-29T12:00:17.870571Z  INFO lingxi_service: request handled request_id=req-0f4d3596c2337f0ac104b92277f557df method=GET path=/lingxi/v1/me status=401
2026-09-29T12:00:17.871404Z  INFO lingxi_service: request handled request_id=req-f1c895c9e87dfb2db7e3ae931cb96f93 method=GET path=/lingxi/v1/me status=200
2026-09-29T12:00:17.873139Z  INFO lingxi_service::sessions: run settled through the single finalize path run_id=run_000001a0ed097fcf_000001 session_id="sess_local_alpha" outcome=completed.no_final.no_provider_configured input_chars=23
2026-09-29T12:00:17.873281Z  INFO lingxi_service: request handled request_id=req-be19978c765ae6046ce92e3948a61bbe method=POST path=/lingxi/v1/sessions/sess_local_alpha/execute status=200
2026-09-29T12:00:17.873809Z  INFO lingxi_service: request handled request_id=req-221258a2c0a3a58291f94a78fc4b3b38 method=GET path=/lingxi/v1/ws status=101
2026-09-29T12:00:17.875424Z  INFO lingxi_service::sessions: run settled through the single finalize path run_id=run_000001a0ed097fd2_000002 session_id="sess_local_alpha" outcome=completed.no_final.no_provider_configured input_chars=26
2026-09-29T12:00:17.875553Z  INFO lingxi_service: request handled request_id=req-e02cf1fa2d2d8560bd0b15d5fe292b01 method=POST path=/lingxi/v1/sessions/sess_local_alpha/execute status=200
2026-09-29T12:00:17.876121Z  INFO lingxi_service: request handled request_id=req-7f14acb8aa5a60c278807abdc36cfae1 method=GET path=/lingxi/v1/sessions/sess_local_alpha status=200
2026-09-29T12:00:17.876874Z  INFO lingxi_service: request handled request_id=req-d4de126641599ed224c8650088e5c7ef method=GET path=/lingxi/v1/sessions/sess_local_alpha/events status=200
2026-09-29T12:00:17.877251Z  INFO lingxi_service: request handled request_id=req-cc249fce4f98e3c2183c92ee5fe91e5d method=GET path=/lingxi/v1/ws status=101
2026-09-29T12:00:17.878334Z  WARN lingxi_service: ws session read failed err=Connection reset by peer (os error 54)
2026-09-29T12:00:17.901736Z  INFO lingxi_service: shutdown signal: SIGTERM
2026-09-29T12:00:17.902940Z  INFO lingxi_service::shutdown: run database closed (drained, WAL truncated) phase=storage_close
2026-09-29T12:00:17.903200Z  INFO lingxi_service::shutdown: own instance record removed, lock released phase=record_cleanup
2026-09-29T12:00:17.903264Z  INFO lingxi_service: lingxi-service stopped cleanly (run database closed, own record removed, lock released)
