== E0s: gate self-checks (classifier + binding fixtures) ==
fixture seal-lag: expected=[seal-coordinate-lag,] actual=[seal-coordinate-lag,]
fixture seal-lag-via-generator: expected=[seal-coordinate-lag,] actual=[seal-coordinate-lag,]
fixture uncommitted: expected=[uncommitted-source-rejection,] actual=[uncommitted-source-rejection,]
fixture generator-crash: expected=[UNRECOGNIZED,] actual=[UNRECOGNIZED,]
fixture bare-wrapper: expected=[UNRECOGNIZED,] actual=[UNRECOGNIZED,]
fixture mixed-foreign: expected=[UNRECOGNIZED,seal-coordinate-lag,] actual=[UNRECOGNIZED,seal-coordinate-lag,]
fixture cross-block-mix: expected=[UNRECOGNIZED,seal-coordinate-lag,] actual=[UNRECOGNIZED,seal-coordinate-lag,]
fixture non-coordinate-guard: expected=[UNRECOGNIZED,] actual=[UNRECOGNIZED,]
fixture real-missing-coordinate-embedded: expected=[UNRECOGNIZED,] actual=[UNRECOGNIZED,]
fixture real-missing-coordinate-direct: expected=[UNRECOGNIZED,] actual=[UNRECOGNIZED,]
fixture real-diff-failed: expected=[UNRECOGNIZED,] actual=[UNRECOGNIZED,]
fixture real-nonhex-coordinate: expected=[UNRECOGNIZED,] actual=[UNRECOGNIZED,]
fixture real-noncommit-coordinate: expected=[UNRECOGNIZED,] actual=[UNRECOGNIZED,]
fixture real-guard-eacces: expected=[UNRECOGNIZED,] actual=[UNRECOGNIZED,]
fixture truncated-guard: expected=[UNRECOGNIZED,] actual=[UNRECOGNIZED,]
fixture guard-tail-cut: expected=[UNRECOGNIZED,uncommitted-source-rejection,] actual=[UNRECOGNIZED,uncommitted-source-rejection,]
fixture guard-direct-full: expected=[UNRECOGNIZED,seal-coordinate-lag,] actual=[UNRECOGNIZED,seal-coordinate-lag,]
fixture guard-direct-full-real: expected=[seal-coordinate-lag,] actual=[seal-coordinate-lag,]
fixture same-line-known-error: expected=[UNRECOGNIZED,seal-coordinate-lag,] actual=[UNRECOGNIZED,seal-coordinate-lag,]
fixture mixed-known-fatal: expected=[UNRECOGNIZED,seal-coordinate-lag,] actual=[UNRECOGNIZED,seal-coordinate-lag,]
fixture zero-payload: expected=[UNRECOGNIZED,] actual=[UNRECOGNIZED,]
fixture zero-payload-no-suite: expected=[UNRECOGNIZED,] actual=[UNRECOGNIZED,]
fixture missing-block-rows: UNRECOGNIZED OK
fixture same-block-known-plus-guard-tail: expected=[UNRECOGNIZED,seal-coordinate-lag,] actual=[UNRECOGNIZED,seal-coordinate-lag,]
fixture compact-error-mixed: expected=[UNRECOGNIZED,seal-coordinate-lag,] actual=[UNRECOGNIZED,seal-coordinate-lag,]
fixture list-line-mixed: expected=[UNRECOGNIZED,seal-coordinate-lag,] actual=[UNRECOGNIZED,seal-coordinate-lag,]
fixture warning-mixed: expected=[UNRECOGNIZED,seal-coordinate-lag,] actual=[UNRECOGNIZED,seal-coordinate-lag,]
fixture matcher-tail-mixed: expected=[UNRECOGNIZED,seal-coordinate-lag,] actual=[UNRECOGNIZED,seal-coordinate-lag,]
fixture wrapper-mixed: expected=[UNRECOGNIZED,seal-coordinate-lag,] actual=[UNRECOGNIZED,seal-coordinate-lag,]
fixture wrapper-foreign-command: expected=[UNRECOGNIZED,] actual=[UNRECOGNIZED,]
fixture wrapper-not-first-row: expected=[UNRECOGNIZED,] actual=[UNRECOGNIZED,]
fixture bare-token-without-lead: expected=[UNRECOGNIZED,] actual=[UNRECOGNIZED,]
fixture listing-without-guard-line: expected=[UNRECOGNIZED,] actual=[UNRECOGNIZED,]
fixture diff-body-without-lead: expected=[UNRECOGNIZED,] actual=[UNRECOGNIZED,]
fixture real-matcher-elided: expected=[seal-coordinate-lag,] actual=[seal-coordinate-lag,]
fixture real-matcher-inline: expected=[seal-coordinate-lag,] actual=[seal-coordinate-lag,]
fixture uncommitted-bracket-path: expected=[uncommitted-source-rejection,] actual=[uncommitted-source-rejection,]
fixture uncommitted-escaped-path: expected=[uncommitted-source-rejection,] actual=[uncommitted-source-rejection,]
fixture uncommitted-nonascii-path: expected=[uncommitted-source-rejection,] actual=[uncommitted-source-rejection,]
fixture uncommitted-bare-error: expected=[UNRECOGNIZED,uncommitted-source-rejection,] actual=[UNRECOGNIZED,uncommitted-source-rejection,]
fixture uncommitted-mixed-error: expected=[UNRECOGNIZED,uncommitted-source-rejection,] actual=[UNRECOGNIZED,uncommitted-source-rejection,]
fixture uncommitted-truncated: expected=[UNRECOGNIZED,uncommitted-source-rejection,] actual=[UNRECOGNIZED,uncommitted-source-rejection,]
fixture uncommitted-empty-array: expected=[UNRECOGNIZED,uncommitted-source-rejection,] actual=[UNRECOGNIZED,uncommitted-source-rejection,]
fixture uncommitted-four-elements: expected=[UNRECOGNIZED,uncommitted-source-rejection,] actual=[UNRECOGNIZED,uncommitted-source-rejection,]
fixture uncommitted-trailing-junk: expected=[UNRECOGNIZED,uncommitted-source-rejection,] actual=[UNRECOGNIZED,uncommitted-source-rejection,]
fixture guard-window-r2-round2: expected=[seal-coordinate-lag,uncommitted-source-rejection,] actual=[seal-coordinate-lag,uncommitted-source-rejection,]
fixture guard-window-r2-round3: expected=[seal-coordinate-lag,uncommitted-source-rejection,] actual=[seal-coordinate-lag,uncommitted-source-rejection,]
fixture guard-window-complete-end: expected=[seal-coordinate-lag,uncommitted-source-rejection,] actual=[seal-coordinate-lag,uncommitted-source-rejection,]
fixture guard-window-off-by-one: expected=[UNRECOGNIZED,uncommitted-source-rejection,] actual=[UNRECOGNIZED,uncommitted-source-rejection,]
fixture guard-window-trailing-junk: expected=[UNRECOGNIZED,uncommitted-source-rejection,] actual=[UNRECOGNIZED,uncommitted-source-rejection,]
fixture guard-window-sentence-fragment: expected=[UNRECOGNIZED,uncommitted-source-rejection,] actual=[UNRECOGNIZED,uncommitted-source-rejection,]
fixture guard-window-wrong-producer: expected=[UNRECOGNIZED,uncommitted-source-rejection,] actual=[UNRECOGNIZED,uncommitted-source-rejection,]
fixture guard-window-missing-line: expected=[UNRECOGNIZED,uncommitted-source-rejection,] actual=[UNRECOGNIZED,uncommitted-source-rejection,]
fixture ptl-r2-real: expected=[seal-coordinate-lag,] actual=[seal-coordinate-lag,]
fixture ptl-r3-real: expected=[seal-coordinate-lag,] actual=[seal-coordinate-lag,]
fixture ptl-r2-truncated: expected=[UNRECOGNIZED,] actual=[UNRECOGNIZED,]
fixture ptl-r2-other-git-error: expected=[UNRECOGNIZED,] actual=[UNRECOGNIZED,]
fixture ptl-r3-other-systemexit: expected=[UNRECOGNIZED,] actual=[UNRECOGNIZED,]
fixture ptl-cross-bare-under-r2: expected=[UNRECOGNIZED,] actual=[UNRECOGNIZED,]
fixture ptl-cross-traceback-under-r3: expected=[UNRECOGNIZED,] actual=[UNRECOGNIZED,]
fixture ptl-r2-mutated-frame: expected=[UNRECOGNIZED,] actual=[UNRECOGNIZED,]
fixture ptl-node-guard-wrapper: expected=[UNRECOGNIZED,] actual=[UNRECOGNIZED,]
fixture green-log: zero failed files, zero blocks — legal no-failure state OK
fixtures parseability: GREEN / UNPARSEABLE(signal exit, no summary) / PARSABLE(red with complete summary; R9-F01: suite-error no-arrow header with zero failed tests, and multi-error headers >= failed count) / CONTRADICTORY(exit 0 with reds / exit 0 summary-counts-failures / nonzero all-passed summary / FAIL-block LOSS: headers < Tests-failed count / R10-F01 FILE-level LOSS: headers < Test-Files-failed count (zero-header suite-error summary is the hole shape; case floor vacuous at tests_failed=0) / R10-F01 summary incoherence: Tests failed > 0 with Test Files failed == 0 / R11-F02 EMPTY file identity: a FAIL header normalizing to an empty name — pure or mixed with real headers — is damaged evidence, CONTRADICTORY, never PARSABLE) / UNPARSEABLE(exit0 empty, exit0 no summary, exit0 bare truncated summary, exit0 sum mismatch, red missing Tests line) + R10-F01 counts side-channel records files_failed/distinct_files/verdict for the E5 cross-check OK
fixtures membership: exact members pass; .regression.test.ts suffix / unrelated rejected (grep -vxF whole-line identity) OK
binding: identical-state match OK; untracked content change detected; new untracked file detected (no-commit scratch repo)
binding exclusion (repair-group5): excluded-subtree changes invisible; non-excluded content change still detected; header row recorded; default binding stays exhaustive without the prefix
binding exclusion (F42): run-output-root validation OK — fresh untracked dir accepted; tracked source dir (rust/), tracked path, repo root, absolute and parent-relative paths all REJECTED; declared roots fenced — dedicated artifacts/-inside run root accepted, the whole evidence tree (artifacts / artifacts/rust-tauri), a bare stage dir, rust/, outside-artifacts dirs and non-existent paths all REJECTED; multi-unit exclusion — growth under any excluded run root invisible, non-excluded content change still detected, one # header row per unit; FILE units — own sink growth invisible, sibling content change still detected (minimal attribution)
baseline construction: proven by the E0 purity asserts on the real fresh copy (no checkout -f / clean -fd anywhere)
PASS real OS fd discovery: 4/4 cases
PASS E0s-real-OS-fd-attribution (4 real fd discovery/binder cases, source-copy symmetric, 7 illegal roots rejected; raw bindings and units: f42-real-fd/)
PASS E0s-gate-self-checks (62 classifier fixtures incl. every REAL guard failure sentence, the zero-payload shapes, the R7 same-line/same-block mixes, the real direct-guard shape, the R8 structural-mixing negatives (compact Error:EACCES token, list/warning/matcher/wrapper tails, foreign/misplaced wrapper) and the producer-binding negatives (body lines without their lead) plus the REAL matcher-summary/diff-body positives, the R9-F01 firstDiff structure fixtures (legal bracket/comma/escape/non-ASCII paths pure, non-JSON/mixed/truncated/empty/4-element/trailing-junk payloads fail closed), the repair-group10 guard-tail-window fixtures (the two gate-r2 round2/round3 REAL 500-point windows + the derived complete-end variant classify seal+uncommitted; single-point mutations — off-by-one char, trailing junk, sentence-material fragment, wrong producer wrapper, deleted listing line — all fail closed to UNRECOGNIZED), the RR2 patch-too-large form-evolution fixtures (the two REAL s5-full-4 shapes — round2's complete 6-row RuntimeError traceback and round3's bare SystemExit line — classify seal; truncated sentence, other git error text, foreign SystemExit message, cross-producer both ways, mutated frame and node-guard producer all fail closed to UNRECOGNIZED) + no-block-rows rejection + green positive control + parseability predicate incl. exit-0 summary completeness and summary/exit consistency with the R9-F01 one-directional header-loss rule (suite-error no-arrow header and multi-error headers are PARSABLE; headers < Tests-failed is CONTRADICTORY) and the R10-F01 floors (headers < Test-Files-failed count — the zero-header suite-error summary hole — and Tests-failed>0 with Test-Files-failed==0 incoherence — both CONTRADICTORY; counts side-channel records files_failed/distinct_files/verdict) + exact-identity family membership checks + no-commit binding checks + F42 run-output-root validation (fresh artifacts/ dir accepted; tracked source dir / tracked path / repo root / absolute / parent-relative rejected), declared-root fencing (dedicated artifacts/-inside run root accepted; the whole evidence tree, a bare stage dir, rust/, outside-artifacts and non-existent rejected) and multi-unit/FILE-unit exclusion fixtures (growth under any excluded run root invisible, non-excluded and sibling changes still detected, one # header row per unit); details in e0s-self-checks.log)
