2026-10-01T20:00:13.176803Z  INFO lingxi_service: data root resolved effective_home=/var/folders/5r/wq54gtms21gfjgr5v94ynfyh0000gn/T//lingxi-r02t05-home-SOxzLS source=cli ignored_sources=none
2026-10-01T20:00:13.177964Z  INFO lingxi_service: data root prepared (canonicalized; runtime dir private 0700) canonical_home=/private/var/folders/5r/wq54gtms21gfjgr5v94ynfyh0000gn/T/lingxi-r02t05-home-SOxzLS runtime_dir=/private/var/folders/5r/wq54gtms21gfjgr5v94ynfyh0000gn/T/lingxi-r02t05-home-SOxzLS/lingxi-service
2026-10-01T20:00:13.178503Z  INFO lingxi_service: single-writer lock acquired instance_id=c5316fe9da529c7946680f183a713905 start_nonce=1d18e42ef26435b7 pid=77579 entropy="os-random-device" lock=/private/var/folders/5r/wq54gtms21gfjgr5v94ynfyh0000gn/T/lingxi-r02t05-home-SOxzLS/lingxi-service/instance.lock network_mode=loopback
2026-10-01T20:00:13.193054Z  INFO lingxi_service: data-epoch gate passed home=/private/var/folders/5r/wq54gtms21gfjgr5v94ynfyh0000gn/T/lingxi-r02t05-home-SOxzLS decision=ProceedStampedNew(EpochStamp { format: V2, minimum_reader_epoch: 1, committed_data_epoch: 1, last_version: Some("0.0.0") })
2026-10-01T20:00:13.247076Z  INFO lingxi_adapters::storage::run_store: run database migrated db=/private/var/folders/5r/wq54gtms21gfjgr5v94ynfyh0000gn/T/lingxi-r02t05-home-SOxzLS/lingxi-service/data/runs.db applied=[1, 2, 3, 4] version=4
2026-10-01T20:00:13.248149Z  INFO lingxi_service: auth service bootstrapped (per-start loopback token, owner-only); run database migrated and seeded local_token_file=/private/var/folders/5r/wq54gtms21gfjgr5v94ynfyh0000gn/T/lingxi-r02t05-home-SOxzLS/lingxi-service/local-token.json run_database=/private/var/folders/5r/wq54gtms21gfjgr5v94ynfyh0000gn/T/lingxi-r02t05-home-SOxzLS/lingxi-service/data/runs.db
2026-10-01T20:00:13.259162Z  INFO lingxi_service: instance record published (atomic write) record=/private/var/folders/5r/wq54gtms21gfjgr5v94ynfyh0000gn/T/lingxi-r02t05-home-SOxzLS/lingxi-service/instance.json bind_addr=127.0.0.1:57097
2026-10-01T20:00:13.461244Z  INFO lingxi_service::sessions: run settled through the single finalize path run_id=run_000001a0f90d9a93_000001 session_id="sess_local_alpha" outcome=completed.no_final.no_provider_configured input_chars=10 input_bytes=10
2026-10-01T20:00:13.461423Z  INFO lingxi_service: request handled request_id=req-fb8257b8221df7110e283dbf0316a647 method=POST path=/lingxi/v1/sessions/sess_local_alpha/execute status=200
2026-10-01T20:00:13.462690Z  INFO lingxi_service::sessions: run settled through the single finalize path run_id=run_000001a0f90d9a95_000002 session_id="sess_local_alpha" outcome=completed.no_final.no_provider_configured input_chars=10 input_bytes=10
2026-10-01T20:00:13.462822Z  INFO lingxi_service: request handled request_id=req-3efb707d7efe8e56cc01dd4b3f39bc18 method=POST path=/lingxi/v1/sessions/sess_local_alpha/execute status=200
2026-10-01T20:00:13.463310Z  INFO lingxi_service: request handled request_id=req-a832d35533f86fc24231172a6f69f037 method=GET path=/lingxi/v1/ws status=101
2026-10-01T20:00:13.464902Z  INFO lingxi_service::sessions: run settled through the single finalize path run_id=run_000001a0f90d9a98_000003 session_id="sess_local_alpha" outcome=completed.no_final.no_provider_configured input_chars=12 input_bytes=12
2026-10-01T20:00:13.465023Z  INFO lingxi_service: request handled request_id=req-79b8a05136811ef49d5ae38218e814af method=POST path=/lingxi/v1/sessions/sess_local_alpha/execute status=200
2026-10-01T20:00:13.465973Z  INFO lingxi_service::sessions: run settled through the single finalize path run_id=run_000001a0f90d9a99_000004 session_id="sess_local_alpha" outcome=completed.no_final.no_provider_configured input_chars=12 input_bytes=12
2026-10-01T20:00:13.466082Z  INFO lingxi_service: request handled request_id=req-f15931545a842f4ad70c716e9f328fa4 method=POST path=/lingxi/v1/sessions/sess_local_alpha/execute status=200
2026-10-01T20:00:13.466968Z  INFO lingxi_service::sessions: run settled through the single finalize path run_id=run_000001a0f90d9a9a_000005 session_id="sess_local_alpha" outcome=completed.no_final.no_provider_configured input_chars=12 input_bytes=12
2026-10-01T20:00:13.467079Z  INFO lingxi_service: request handled request_id=req-7e233067c082e83963dfdb70ae0460ce method=POST path=/lingxi/v1/sessions/sess_local_alpha/execute status=200
2026-10-01T20:00:13.467909Z  INFO lingxi_service::sessions: run settled through the single finalize path run_id=run_000001a0f90d9a9b_000006 session_id="sess_local_alpha" outcome=completed.no_final.no_provider_configured input_chars=12 input_bytes=12
2026-10-01T20:00:13.468009Z  INFO lingxi_service: request handled request_id=req-8f6873d1f981f703710876d2794a1995 method=POST path=/lingxi/v1/sessions/sess_local_alpha/execute status=200
2026-10-01T20:00:14.478713Z  INFO lingxi_service::sessions: run settled through the single finalize path run_id=run_000001a0f90d9e8c_000007 session_id="sess_local_alpha" outcome=completed.no_final.no_provider_configured input_chars=8 input_bytes=8
2026-10-01T20:00:14.479255Z  INFO lingxi_service: request handled request_id=req-2f45919ee216388e02705295b275bcb9 method=POST path=/lingxi/v1/sessions/sess_local_alpha/execute status=200
2026-10-01T20:00:14.481608Z  INFO lingxi_service: request handled request_id=req-e258fe05be991c414fb3ae45b5178af5 method=GET path=/lingxi/v1/sessions/sess_local_alpha/events status=200
2026-10-01T20:00:14.485234Z  INFO lingxi_service: request handled request_id=req-c3b0a94d9fd654d01e76cd7001f786c5 method=GET path=/lingxi/v1/sessions/sess_local_alpha/events status=409
2026-10-01T20:00:14.486355Z  INFO lingxi_service: request handled request_id=req-c13c80f676af1a9b36b1a94118c2eda0 method=GET path=/lingxi/v1/ws status=101
2026-10-01T20:00:14.491430Z  INFO lingxi_service: request handled request_id=req-7a98c693658308144538d3da084d9052 method=GET path=/lingxi/v1/sessions/sess_local_alpha/events status=200
2026-10-01T20:00:14.493870Z  INFO lingxi_service::sessions: run settled through the single finalize path run_id=run_000001a0f90d9e9c_000008 session_id="sess_local_beta" outcome=completed.no_final.no_provider_configured input_chars=8 input_bytes=8
2026-10-01T20:00:14.494072Z  INFO lingxi_service: request handled request_id=req-fbf56b6c977dbd6d375f10b298f6b91b method=POST path=/lingxi/v1/sessions/sess_local_beta/execute status=200
2026-10-01T20:00:14.495247Z  INFO lingxi_service: request handled request_id=req-fcf50327a00f8e0dd99d5cb81345dc9b method=GET path=/lingxi/v1/sessions/sess_local_beta/events status=200
2026-10-01T20:00:14.497254Z  INFO lingxi_service: request handled request_id=req-58ed18c0e250f594e09b53deb4ac35b6 method=GET path=/lingxi/v1/sessions/sess_local_beta/events status=409
2026-10-01T20:00:14.498195Z  INFO lingxi_service: request handled request_id=req-0b7e5e02568233ed997b3134b4cd1078 method=GET path=/lingxi/v1/ws status=101
2026-10-01T20:00:14.500995Z  INFO lingxi_service: request handled request_id=req-616e99b9b398a526f55aa9bda638e87e method=GET path=/lingxi/v1/ws status=101
2026-10-01T20:00:17.507152Z  INFO lingxi_service: request handled request_id=req-9416cf58d47b24145485307879d35d59 method=GET path=/lingxi/v1/sessions/stream_never_existed/events status=404
2026-10-01T20:00:17.508794Z  INFO lingxi_service: request handled request_id=req-6d5e224531a3a43e21a800b920a1ea9b method=GET path=/lingxi/v1/ws status=101
2026-10-01T20:00:20.514866Z  INFO lingxi_service: request handled request_id=req-60edbc96a5d4aec4d43ff6573eb89dc0 method=GET path=/lingxi/v1/ws status=101
2026-10-01T20:00:23.523534Z  INFO lingxi_service: request handled request_id=req-b79c30d9828ecc1c086e3049049bd7da method=GET path=/lingxi/v1/ws status=101
2026-10-01T20:00:27.736528Z  INFO lingxi_service: request handled request_id=req-8c3b08b0936eee859e82f2cc04491788 method=POST path=/lingxi/v1/devices/credentials status=201
2026-10-01T20:00:28.909163Z  INFO lingxi_service: request handled request_id=req-478984ed5ef79eecec8f385b7643673f method=GET path=/lingxi/v1/sessions/sess_local_alpha/events status=403
2026-10-01T20:00:29.119084Z  INFO lingxi_service: shutdown signal: SIGTERM
2026-10-01T20:00:29.120676Z  INFO lingxi_service::shutdown: run database closed (drained, WAL truncated) phase=storage_close
2026-10-01T20:00:29.121129Z  INFO lingxi_service::shutdown: own instance record removed, lock released phase=record_cleanup
2026-10-01T20:00:29.121255Z  INFO lingxi_service: lingxi-service stopped cleanly (run database closed, own record removed, lock released)
