2026-10-01T22:47:02.001218Z  INFO lingxi_service: data root resolved effective_home=/var/folders/5r/wq54gtms21gfjgr5v94ynfyh0000gn/T//lingxi-r02t08-a15-home.bJ0Nbo source=cli ignored_sources=none
2026-10-01T22:47:02.002419Z  INFO lingxi_service: data root prepared (canonicalized; runtime dir private 0700) canonical_home=/private/var/folders/5r/wq54gtms21gfjgr5v94ynfyh0000gn/T/lingxi-r02t08-a15-home.bJ0Nbo runtime_dir=/private/var/folders/5r/wq54gtms21gfjgr5v94ynfyh0000gn/T/lingxi-r02t08-a15-home.bJ0Nbo/lingxi-service
2026-10-01T22:47:02.002922Z  INFO lingxi_service: single-writer lock acquired instance_id=d35450d94ed97f941e6cf6c76bca3407 start_nonce=f7383d796551762c pid=56228 entropy="os-random-device" lock=/private/var/folders/5r/wq54gtms21gfjgr5v94ynfyh0000gn/T/lingxi-r02t08-a15-home.bJ0Nbo/lingxi-service/instance.lock network_mode=loopback
2026-10-01T22:47:02.016995Z  INFO lingxi_service: data-epoch gate passed home=/private/var/folders/5r/wq54gtms21gfjgr5v94ynfyh0000gn/T/lingxi-r02t08-a15-home.bJ0Nbo decision=ProceedStampedNew(EpochStamp { format: V2, minimum_reader_epoch: 1, committed_data_epoch: 1, last_version: Some("0.0.0") })
2026-10-01T22:47:02.067500Z  INFO lingxi_adapters::storage::run_store: run database migrated db=/private/var/folders/5r/wq54gtms21gfjgr5v94ynfyh0000gn/T/lingxi-r02t08-a15-home.bJ0Nbo/lingxi-service/data/runs.db applied=[1, 2, 3, 4] version=4
2026-10-01T22:47:02.068563Z  INFO lingxi_service: auth service bootstrapped (per-start loopback token, owner-only); run database migrated and seeded local_token_file=/private/var/folders/5r/wq54gtms21gfjgr5v94ynfyh0000gn/T/lingxi-r02t08-a15-home.bJ0Nbo/lingxi-service/local-token.json run_database=/private/var/folders/5r/wq54gtms21gfjgr5v94ynfyh0000gn/T/lingxi-r02t08-a15-home.bJ0Nbo/lingxi-service/data/runs.db
2026-10-01T22:47:02.078906Z  INFO lingxi_service: instance record published (atomic write) record=/private/var/folders/5r/wq54gtms21gfjgr5v94ynfyh0000gn/T/lingxi-r02t08-a15-home.bJ0Nbo/lingxi-service/instance.json bind_addr=127.0.0.1:57400
LINGXI_AUTH_REJECTED request_id=req-e3b74f9df16f233d5f6bd76a701ec132 method=GET path=/lingxi/v1/me status=401 Unauthorized reason=missing_credential remote=127.0.0.1:57402
2026-10-01T22:47:02.181096Z  INFO lingxi_service: request handled request_id=req-e3b74f9df16f233d5f6bd76a701ec132 method=GET path=/lingxi/v1/me status=401
2026-10-01T22:47:02.182083Z  INFO lingxi_service: request handled request_id=req-98cf51d2506aacce8d4735e0f34228b6 method=GET path=/lingxi/v1/me status=200
2026-10-01T22:47:02.184394Z  INFO lingxi_service::sessions: run settled through the single finalize path run_id=run_000001a0f9a65326_000001 session_id="sess_local_alpha" outcome=completed.no_final.no_provider_configured input_chars=23 input_bytes=23
2026-10-01T22:47:02.184534Z  INFO lingxi_service: request handled request_id=req-de8a71dba2b52883171175259e0d3455 method=POST path=/lingxi/v1/sessions/sess_local_alpha/execute status=200
2026-10-01T22:47:02.185058Z  INFO lingxi_service: request handled request_id=req-19cb6774a72a98286c27a7b3aeaaad7c method=GET path=/lingxi/v1/ws status=101
2026-10-01T22:47:02.187174Z  INFO lingxi_service::sessions: run settled through the single finalize path run_id=run_000001a0f9a6532a_000002 session_id="sess_local_alpha" outcome=completed.no_final.no_provider_configured input_chars=26 input_bytes=26
2026-10-01T22:47:02.187298Z  INFO lingxi_service: request handled request_id=req-8153836a55e3eba08cd69665c1c8f6f4 method=POST path=/lingxi/v1/sessions/sess_local_alpha/execute status=200
2026-10-01T22:47:02.187998Z  INFO lingxi_service: request handled request_id=req-84e2a56314a474e77523c75b31f4cdaa method=GET path=/lingxi/v1/sessions/sess_local_alpha status=200
2026-10-01T22:47:02.188817Z  INFO lingxi_service: request handled request_id=req-573512420aa17c45cb9bdc4e6ec8ddfc method=GET path=/lingxi/v1/sessions/sess_local_alpha/events status=200
2026-10-01T22:47:02.189254Z  INFO lingxi_service: request handled request_id=req-ef6859a31a82db60dc72ec8b01cc7631 method=GET path=/lingxi/v1/ws status=101
2026-10-01T22:47:02.190296Z  WARN lingxi_service: ws session read failed err=Connection reset by peer (os error 54)
2026-10-01T22:47:02.210880Z  INFO lingxi_service: shutdown signal: SIGTERM
2026-10-01T22:47:02.211720Z  INFO lingxi_service::shutdown: run database closed (drained, WAL truncated) phase=storage_close
2026-10-01T22:47:02.211969Z  INFO lingxi_service::shutdown: own instance record removed, lock released phase=record_cleanup
2026-10-01T22:47:02.212058Z  INFO lingxi_service: lingxi-service stopped cleanly (run database closed, own record removed, lock released)
