    Finished `test` profile [unoptimized + debuginfo] target(s) in 0.10s
     Running tests/r05_t02_credentials.rs (/var/folders/5r/wq54gtms21gfjgr5v94ynfyh0000gn/T//rust-target-r05-t08/debug/deps/r05_t02_credentials-a004bc935b5b00b8)

running 38 tests
test c01_all_purposes_resolve_through_the_single_credential_service ... ok
test c02_concurrent_401s_merge_into_one_refresh_full_chain ... ok
test c03_a_blocked_refresh_never_blocks_other_providers ... ok
test c04_a_cancelled_waiter_leaves_the_shared_refresh_intact ... ok
test c05_a_revoked_credential_never_resurrects_full_chain ... ok
test c06_a_persist_failure_is_reported_honestly_full_chain ... ok
test c07_a_second_401_after_refresh_never_retriggers_a_refresh ... ok
test c07_a_static_key_401_is_terminal_without_any_refresh ... ok
test c07_invalid_grant_is_terminal_reauthorization_never_a_retry ... ok
test c07_oauth_without_a_login_fails_before_any_request ... ok
test c09_marker_secret_never_reaches_durable_state_and_echoes_are_scrubbed ... ok
test c10_a_redirect_is_never_followed_with_credentials ... ok
test c11_store_concurrency_fidelity_and_restart_semantics ... ok
test c07_a_transient_refresh_failure_is_bounded_by_the_attempt_policy ... ok
test c12_management_surface_is_local_only_and_forgery_is_refused ... ok
test rr1_f04::rr1_f04_add_custom_model_id_refreshes_and_persists ... ok
test o1_same_model_id_on_two_keyed_providers_never_crosses_material ... ok
test rr1_f04::rr1_f04_device_denial_never_reports_logged_in ... ok
test rr1_f04::rr1_f04_browser_completion_then_manual_replay_refused_zero_new_exchanges ... ok
test rr1_f04::rr1_f04_expired_state_refuses_even_with_the_correct_state ... ok
test rr1_f04::rr1_f04_device_start_poll_done_then_logout ... ok
test rr1_f04::rr1_f04_logout_clears_credentials_cache_and_refreshes_models ... ok
test rr1_f04::rr1_f04_login_midflight_revoke_and_reload_fence_late_installs ... ok
test rr1_f04::rr1_f04_pkce_browser_callback_listener_completes_the_login ... ok
test rr1_f04::rr1_f04_oauth_model_listing_and_non_oauth_rejection ... ok
test rr1_f04::rr1_f04_pkce_start_manual_callback_install_and_real_model_call ... ok
test rr1_f04::rr1_f04_remove_custom_model_id_refreshes_the_list ... ok
test rr1_f04::rr1_f04_stale_completion_after_restart_never_eats_the_new_transaction ... ok
test rr1_t02::rr1_f03_handles_are_bound_to_the_minting_principal ... ok
test rr1_f04::rr1_f04_status_reports_logged_in_and_available_model_counts ... ok
test rr1_t02::rr1_f03_old_handle_must_not_resolve_reloaded_secret ... ok
test rr1_t02::rr1_f03_hot_added_oauth_provider_seeds_tokens_and_survives_restart ... ok
test rr1_t02::rr1_f05_encoded_echos_of_the_material_are_scrubbed ... ok
test rr1_t02::rr1_f05_protocol_error_echo_must_not_carry_complete_secret_into_kernel ... ok
test rr1_t02::rr1_f03_removed_then_readded_provider_must_not_revive_old_handle ... ok
test rr1_t02::rr1_f05_provider_echo_full_chain_never_reaches_durable_state ... ok
test rr1_t02::rr1_f05_truncation_never_exposes_a_credential_prefix_at_any_boundary ... ok
test rr1_t02::rr1_f05_retry_path_scrubs_both_the_stale_and_the_fresh_material ... ok

test result: ok. 38 passed; 0 failed; 0 ignored; 0 measured; 0 filtered out; finished in 4.14s

