
⎯⎯⎯⎯⎯⎯⎯ Failed Tests 1 ⎯⎯⎯⎯⎯⎯⎯

 FAIL  tests/cli-chat-runtime.test.ts > CLI chat real WebSocket boundary > hides another session's stream frame and exits nonzero on an unexpected disconnect
Error: Test timed out in 60000ms.
If this is a long-running test, pass a timeout value as the last argument or configure it globally with "testTimeout".
 ❯ tests/cli-chat-runtime.test.ts:18:3
     16|
     17| describe("CLI chat real WebSocket boundary", () => {
     18|   it("hides another session's stream frame and exits nonzero on an une…
       |   ^
     19|     const selectedPath = "/synthetic/session-one.jsonl";
     20|     const server = http.createServer((request, response) => {

⎯⎯⎯⎯⎯⎯⎯⎯⎯⎯⎯⎯⎯⎯⎯⎯⎯⎯⎯⎯⎯⎯⎯⎯[1/1]⎯

⎯⎯⎯⎯⎯⎯ Unhandled Errors ⎯⎯⎯⎯⎯⎯

Vitest caught 1 unhandled error during the test run.
This might cause false positive tests. Resolve unhandled errors to make sure your tests are not affected.

⎯⎯⎯⎯⎯ Uncaught Exception ⎯⎯⎯⎯⎯
Error: listen EPERM: operation not permitted 127.0.0.1
 ❯ Server.setupListenHandle [as _listen2] node:net:1986:21
 ❯ listenInCluster node:net:2065:12
 ❯ node:net:2274:7
 ❯ processTicksAndRejections node:internal/process/task_queues:90:21

⎯⎯⎯⎯⎯⎯⎯⎯⎯⎯⎯⎯⎯⎯⎯⎯⎯⎯⎯⎯⎯⎯⎯⎯⎯⎯⎯⎯⎯⎯
Serialized Error: { code: 'EPERM', errno: -1, syscall: 'listen', address: '127.0.0.1' }
This error originated in "tests/cli-chat-runtime.test.ts" test file. It doesn't mean the error was thrown inside the file itself, but while it was running.
The latest test that might've caused the error is "hides another session's stream frame and exits nonzero on an unexpected disconnect". It might mean one of the following:
- The error was thrown, while Vitest was running this test.
- If the error occurred after the test had been completed, this was the last documented test before it was thrown.
⎯⎯⎯⎯⎯⎯⎯⎯⎯⎯⎯⎯⎯⎯⎯⎯⎯⎯⎯⎯⎯⎯⎯⎯⎯⎯⎯⎯⎯⎯

