   Compiling ring v0.17.14
   Compiling lingxi-adapters v0.0.0 (/Users/study_superior/r05t08-work/negcopy.hTXzzN/rust/crates/lingxi-adapters)
   Compiling lingxi-service v0.0.0 (/Users/study_superior/r05t08-work/negcopy.hTXzzN/rust/crates/lingxi-service)
   Compiling rcgen v0.14.10
    Finished `test` profile [unoptimized + debuginfo] target(s) in 6.35s
     Running tests/r05_t01_binary_wiring.rs (/Users/study_superior/.cache/lingxi-r05-neg-target/debug/deps/r05_t01_binary_wiring-accb1ca8bb78e736)

running 2 tests
test c02_real_binary_full_chain_through_authenticated_endpoint ... FAILED
test c03_real_binary_without_plane_settles_unconfigured ... ok

failures:

---- c02_real_binary_full_chain_through_authenticated_endpoint stdout ----

thread 'c02_real_binary_full_chain_through_authenticated_endpoint' (20824836) panicked at crates/lingxi-service/tests/r05_t01_binary_wiring.rs:567:5:
assertion `left == right` failed: exactly two provider turns hit the wire
  left: 0
 right: 2
note: run with `RUST_BACKTRACE=1` environment variable to display a backtrace


failures:
    c02_real_binary_full_chain_through_authenticated_endpoint

test result: FAILED. 1 passed; 1 failed; 0 ignored; 0 measured; 0 filtered out; finished in 0.84s

error: test failed, to rerun pass `-p lingxi-service --test r05_t01_binary_wiring`
