COMMAND   PID           USER   FD      TYPE             DEVICE  SIZE/OFF                NODE NAME
Lingxi  95009 study_superior  cwd       DIR               1,14       128           100569617 /private/var/folders/5r/wq54gtms21gfjgr5v94ynfyh0000gn/T/lingxi-f05-packaged-run-lFA3R9
Lingxi  95009 study_superior  txt       REG               1,14     34656           100554744 /private/var/folders/5r/wq54gtms21gfjgr5v94ynfyh0000gn/T/lingxi-f05-package-bigotl/package/mac-arm64/Lingxi.app/Contents/MacOS/Lingxi
Lingxi  95009 study_superior  txt       REG               1,14    144288           100554741 /private/var/folders/5r/wq54gtms21gfjgr5v94ynfyh0000gn/T/lingxi-f05-package-bigotl/package/mac-arm64/Lingxi.app/Contents/Frameworks/Squirrel.framework/Versions/A/Squirrel
Lingxi  95009 study_superior  txt       REG               1,14    125856           100554735 /private/var/folders/5r/wq54gtms21gfjgr5v94ynfyh0000gn/T/lingxi-f05-package-bigotl/package/mac-arm64/Lingxi.app/Contents/Frameworks/Mantle.framework/Versions/A/Mantle
Lingxi  95009 study_superior  txt       REG               1,14     77368            87595210 /private/var/db/diagnostics/logd/.plist-cache.ufRkAW5n
Lingxi  95009 study_superior  txt       REG               1,14    350640           100554738 /private/var/folders/5r/wq54gtms21gfjgr5v94ynfyh0000gn/T/lingxi-f05-package-bigotl/package/mac-arm64/Lingxi.app/Contents/Frameworks/ReactiveObjC.framework/Versions/A/ReactiveObjC
Lingxi  95009 study_superior  txt       REG               1,14    721176           100554342 /private/var/folders/5r/wq54gtms21gfjgr5v94ynfyh0000gn/T/lingxi-f05-package-bigotl/package/mac-arm64/Lingxi.app/Contents/Frameworks/Electron Framework.framework/Versions/A/Resources/v8_context_snapshot.arm64.bin
Lingxi  95009 study_superior  txt       REG               1,14       119 1152921500312109405 /System/Library/CoreServices/SystemVersion.bundle/zh_CN.lproj/SystemVersion.strings
Lingxi  95009 study_superior  txt       REG               1,14    234224            17269435 /private/var/db/timezone/tz/2026c.1.0/icutz/icutz44l.dat
Lingxi  95009 study_superior  txt       REG               1,14    163746            99013975 /private/var/db/analyticsd/events.allowlist
Lingxi  95009 study_superior  txt       REG               1,14    137016 1152921500312109011 /System/Library/CoreServices/SystemAppearance.bundle/Contents/Resources/SystemAppearance.car
Lingxi  95009 study_superior  txt       REG               1,14    330112 1152921500312609234 /usr/lib/libobjc-trampolines.dylib
Lingxi  95009 study_superior  txt       REG               1,14    119827           100554191 /private/var/folders/5r/wq54gtms21gfjgr5v94ynfyh0000gn/T/lingxi-f05-package-bigotl/package/mac-arm64/Lingxi.app/Contents/Frameworks/Electron Framework.framework/Versions/A/Resources/chrome_100_percent.pak
Lingxi  95009 study_superior  txt       REG               1,14    196919           100554158 /private/var/folders/5r/wq54gtms21gfjgr5v94ynfyh0000gn/T/lingxi-f05-package-bigotl/package/mac-arm64/Lingxi.app/Contents/Frameworks/Electron Framework.framework/Versions/A/Resources/chrome_200_percent.pak
Lingxi  95009 study_superior  txt       REG               1,14     32768            87602118 /private/var/db/mds/messages/501/se_SecurityMessages
Lingxi  95009 study_superior  txt       REG               1,14      7023 1152921500312150926 /System/Library/Frameworks/AppKit.framework/Versions/C/Resources/InputManager.loctable
Lingxi  95009 study_superior  txt       REG               1,14     20470 1152921500312219223 /System/Library/Input Methods/SCIM.app/Contents/PlugIns/SCIM_Extension.appex/Contents/Resources/InfoPlist.loctable
Lingxi  95009 study_superior  txt       REG               1,14      5050 1152921500312150898 /System/Library/Frameworks/AppKit.framework/Versions/C/Resources/DictationManager.loctable
Lingxi  95009 study_superior  txt       REG               1,14   4129840 1152921500312609216 /usr/lib/dyld
Lingxi  95009 study_superior  txt       REG               1,14   2213616           100554548 /private/var/folders/5r/wq54gtms21gfjgr5v94ynfyh0000gn/T/lingxi-f05-package-bigotl/package/mac-arm64/Lingxi.app/Contents/Frameworks/Electron Framework.framework/Versions/A/Libraries/libffmpeg.dylib
Lingxi  95009 study_superior  txt       REG               1,14     72407 1152921500312150841 /System/Library/Frameworks/AppKit.framework/Versions/C/Resources/Common.loctable
Lingxi  95009 study_superior  txt       REG               1,14  36103568 1152921500312619766 /usr/share/icu/icudt78l.dat
Lingxi  95009 study_superior  txt       REG               1,14  10876560           100554254 /private/var/folders/5r/wq54gtms21gfjgr5v94ynfyh0000gn/T/lingxi-f05-package-bigotl/package/mac-arm64/Lingxi.app/Contents/Frameworks/Electron Framework.framework/Versions/A/Resources/icudtl.dat
Lingxi  95009 study_superior  txt       REG               1,14   7916504 1152921500312108972 /System/Library/CoreServices/SystemAppearance.bundle/Contents/Resources/Aqua.car
Lingxi  95009 study_superior  txt       REG               1,14   2976648 1152921500312109000 /System/Library/CoreServices/SystemAppearance.bundle/Contents/Resources/FauxVibrantLight.car
Lingxi  95009 study_superior  txt       REG               1,14   6223976 1152921500312109025 /System/Library/CoreServices/SystemAppearance.bundle/Contents/Resources/VibrantLight.car
Lingxi  95009 study_superior  txt       REG               1,14  10960896           100569241 /private/var/folders/5r/wq54gtms21gfjgr5v94ynfyh0000gn/0/com.apple.LaunchServices.dv/com.apple.LaunchServices-33554481-v2.csstore
Lingxi  95009 study_superior  txt       REG               1,14  24825080 1152921500312374771 /System/Library/PrivateFrameworks/SFSymbols.framework/Versions/A/Resources/CoreGlyphsPrivate.bundle/Contents/Resources/Assets.car
Lingxi  95009 study_superior  txt       REG               1,14    575292           100554172 /private/var/folders/5r/wq54gtms21gfjgr5v94ynfyh0000gn/T/lingxi-f05-package-bigotl/package/mac-arm64/Lingxi.app/Contents/Frameworks/Electron Framework.framework/Versions/A/Resources/zh_CN.lproj/locale.pak
Lingxi  95009 study_superior  txt       REG               1,14    186898 1152921500312150934 /System/Library/Frameworks/AppKit.framework/Versions/C/Resources/MenuCommands.loctable
Lingxi  95009 study_superior  txt       REG               1,14   1631720 1152921500312220745 /System/Library/Keyboard Layouts/AppleKeyboardLayouts.bundle/Contents/Resources/AppleKeyboardLayouts-L.dat
Lingxi  95009 study_superior  txt       REG               1,14    139636            87630908 /private/var/folders/5r/wq54gtms21gfjgr5v94ynfyh0000gn/C/com.apple.IntlDataCache.le.kbdx
Lingxi  95009 study_superior  txt       REG               1,14    258762 1152921500312220747 /System/Library/Keyboard Layouts/AppleKeyboardLayouts.bundle/Contents/Resources/InfoPlist.loctable
Lingxi  95009 study_superior  txt       REG               1,14    273496 1152921500312297252 /System/Library/PrivateFrameworks/DesignLibrary.framework/Versions/A/Resources/Assets.car
Lingxi  95009 study_superior  txt       REG               1,14    262512           100569667 /Users/study_superior/Library/Application Support/Lingxi-f05-packaged-run-lFA3R9/GPUCache/index
Lingxi  95009 study_superior  txt       REG               1,14      8192           100569668 /Users/study_superior/Library/Application Support/Lingxi-f05-packaged-run-lFA3R9/GPUCache/data_0
Lingxi  95009 study_superior  txt       REG               1,14    270336           100569669 /Users/study_superior/Library/Application Support/Lingxi-f05-packaged-run-lFA3R9/GPUCache/data_1
Lingxi  95009 study_superior  txt       REG               1,14      8192           100569670 /Users/study_superior/Library/Application Support/Lingxi-f05-packaged-run-lFA3R9/GPUCache/data_2
Lingxi  95009 study_superior  txt       REG               1,14      8192           100569671 /Users/study_superior/Library/Application Support/Lingxi-f05-packaged-run-lFA3R9/GPUCache/data_3
Lingxi  95009 study_superior  txt       REG               1,14    262512           100569673 /Users/study_superior/Library/Application Support/Lingxi-f05-packaged-run-lFA3R9/DawnWebGPUCache/index
Lingxi  95009 study_superior  txt       REG               1,14      8192           100569674 /Users/study_superior/Library/Application Support/Lingxi-f05-packaged-run-lFA3R9/DawnWebGPUCache/data_0
Lingxi  95009 study_superior  txt       REG               1,14    270336           100569675 /Users/study_superior/Library/Application Support/Lingxi-f05-packaged-run-lFA3R9/DawnWebGPUCache/data_1
Lingxi  95009 study_superior  txt       REG               1,14      8192           100569676 /Users/study_superior/Library/Application Support/Lingxi-f05-packaged-run-lFA3R9/DawnWebGPUCache/data_2
Lingxi  95009 study_superior  txt       REG               1,14      8192           100569677 /Users/study_superior/Library/Application Support/Lingxi-f05-packaged-run-lFA3R9/DawnWebGPUCache/data_3
Lingxi  95009 study_superior  txt       REG               1,14    262512           100569679 /Users/study_superior/Library/Application Support/Lingxi-f05-packaged-run-lFA3R9/DawnGraphiteCache/index
Lingxi  95009 study_superior  txt       REG               1,14      8192           100569680 /Users/study_superior/Library/Application Support/Lingxi-f05-packaged-run-lFA3R9/DawnGraphiteCache/data_0
Lingxi  95009 study_superior  txt       REG               1,14    270336           100569681 /Users/study_superior/Library/Application Support/Lingxi-f05-packaged-run-lFA3R9/DawnGraphiteCache/data_1
Lingxi  95009 study_superior  txt       REG               1,14      8192           100569682 /Users/study_superior/Library/Application Support/Lingxi-f05-packaged-run-lFA3R9/DawnGraphiteCache/data_2
Lingxi  95009 study_superior  txt       REG               1,14      8192           100569683 /Users/study_superior/Library/Application Support/Lingxi-f05-packaged-run-lFA3R9/DawnGraphiteCache/data_3
Lingxi  95009 study_superior  txt       REG               1,14    126220 1152921500312150691 /System/Library/Frameworks/AppKit.framework/Versions/C/Resources/Accessibility.loctable
Lingxi  95009 study_superior  txt       REG               1,14 188037056           100554720 /private/var/folders/5r/wq54gtms21gfjgr5v94ynfyh0000gn/T/lingxi-f05-package-bigotl/package/mac-arm64/Lingxi.app/Contents/Frameworks/Electron Framework.framework/Versions/A/Electron Framework
Lingxi  95009 study_superior  txt       REG               1,14   2338064 1152921500312148470 /System/Library/Fonts/Helvetica.ttc
Lingxi  95009 study_superior  txt       REG               1,14    142603 1152921500312153187 /System/Library/Frameworks/ApplicationServices.framework/Versions/A/Frameworks/HIServices.framework/Versions/A/Resources/RoleDescriptions.loctable
Lingxi  95009 study_superior  txt       REG               1,14     19328              327691 /private/var/folders/5r/wq54gtms21gfjgr5v94ynfyh0000gn/C/com.apple.scriptmanager2.le.cache
Lingxi  95009 study_superior  txt       REG               1,14     39733 1152921500312150936 /System/Library/Frameworks/AppKit.framework/Versions/C/Resources/Menus.loctable
Lingxi  95009 study_superior  txt       REG               1,14     23310 1152921500312150914 /System/Library/Frameworks/AppKit.framework/Versions/C/Resources/FunctionKeyNames.loctable
Lingxi  95009 study_superior  txt       REG               1,14   6868234           100554383 /private/var/folders/5r/wq54gtms21gfjgr5v94ynfyh0000gn/T/lingxi-f05-package-bigotl/package/mac-arm64/Lingxi.app/Contents/Frameworks/Electron Framework.framework/Versions/A/Resources/resources.pak
Lingxi  95009 study_superior  txt       REG               1,14   7795064 1152921500312108984 /System/Library/CoreServices/SystemAppearance.bundle/Contents/Resources/DarkAqua.car
Lingxi  95009 study_superior  txt       REG               1,14   7872432 1152921500312148546 /System/Library/Fonts/SFNS.ttf
Lingxi  95009 study_superior  txt       REG               1,14  19809872 1152921500312136260 /System/Library/Extensions/AGXMetalG15X_M2.bundle/Contents/Resources/ds.binary.metallib.g15d-b0
Lingxi  95009 study_superior  txt       REG               1,14 117215048 1152921500312374732 /System/Library/PrivateFrameworks/SFSymbols.framework/Versions/A/Resources/CoreGlyphs.bundle/Contents/Resources/Assets.car
Lingxi  95009 study_superior  txt       REG               1,14  61473880 1152921500312316798 /System/Library/PrivateFrameworks/FontServices.framework/Versions/A/Resources/Reserved/PingFangUI.ttc
Lingxi  95009 study_superior    0r      CHR                3,2       0t0                 336 /dev/null
Lingxi  95009 study_superior    1w      REG               1,14      8770           100569626 /Users/study_superior/Desktop/Code/LingxiAgent/artifacts/refactor-2026/independent-fix/f05-package/packaged-electron.log
Lingxi  95009 study_superior    2w      REG               1,14      8770           100569626 /Users/study_superior/Desktop/Code/LingxiAgent/artifacts/refactor-2026/independent-fix/f05-package/packaged-electron.log
Lingxi  95009 study_superior    3r      REG               1,14  10876560           100554254 /private/var/folders/5r/wq54gtms21gfjgr5v94ynfyh0000gn/T/lingxi-f05-package-bigotl/package/mac-arm64/Lingxi.app/Contents/Frameworks/Electron Framework.framework/Versions/A/Resources/icudtl.dat
Lingxi  95009 study_superior    4r      REG               1,14    721176           100554342 /private/var/folders/5r/wq54gtms21gfjgr5v94ynfyh0000gn/T/lingxi-f05-package-bigotl/package/mac-arm64/Lingxi.app/Contents/Frameworks/Electron Framework.framework/Versions/A/Resources/v8_context_snapshot.arm64.bin
Lingxi  95009 study_superior    5u     unix 0x57f090d5a56cfe7c       0t0                     ->0x778d153ceda0e17
Lingxi  95009 study_superior    6u   KQUEUE                                                  count=0, state=0x12
Lingxi  95009 study_superior    7u   KQUEUE                                                  count=0, state=0x12
Lingxi  95009 study_superior    8u   KQUEUE                                                  count=0, state=0x12
Lingxi  95009 study_superior    9u   KQUEUE                                                  count=0, state=0x8
Lingxi  95009 study_superior   10      PIPE 0x469cb9ffac76fcb4     16384                     ->0xe2b1129057305a26
Lingxi  95009 study_superior   11      PIPE 0xe2b1129057305a26     16384                     ->0x469cb9ffac76fcb4
Lingxi  95009 study_superior   12r      DIR               1,14       736                   2 /
Lingxi  95009 study_superior   13u   KQUEUE                                                  count=0, state=0x8
Lingxi  95009 study_superior   14r      DIR               1,14       736                   2 /
Lingxi  95009 study_superior   15u   KQUEUE                                                  count=0, state=0xa
Lingxi  95009 study_superior   16r      DIR               1,14       736                   2 /
Lingxi  95009 study_superior   17r      REG               1,14  41300059           100554611 /private/var/folders/5r/wq54gtms21gfjgr5v94ynfyh0000gn/T/lingxi-f05-package-bigotl/package/mac-arm64/Lingxi.app/Contents/Resources/app.asar
Lingxi  95009 study_superior   18u     unix 0x109f2fa0aeccf44d       0t0                     /var/folders/5r/wq54gtms21gfjgr5v94ynfyh0000gn/T/scoped_dir28IYD0/SingletonSocket
Lingxi  95009 study_superior   19      PIPE 0x36a0e3604bf7e098     16384                     ->0x98668674297b77a1
Lingxi  95009 study_superior   20      PIPE 0x98668674297b77a1     16384                     ->0x36a0e3604bf7e098
Lingxi  95009 study_superior   21   NPOLICY                                                  
Lingxi  95009 study_superior   22r      REG               1,14    119827           100554191 /private/var/folders/5r/wq54gtms21gfjgr5v94ynfyh0000gn/T/lingxi-f05-package-bigotl/package/mac-arm64/Lingxi.app/Contents/Frameworks/Electron Framework.framework/Versions/A/Resources/chrome_100_percent.pak
Lingxi  95009 study_superior   23r      REG               1,14    196919           100554158 /private/var/folders/5r/wq54gtms21gfjgr5v94ynfyh0000gn/T/lingxi-f05-package-bigotl/package/mac-arm64/Lingxi.app/Contents/Frameworks/Electron Framework.framework/Versions/A/Resources/chrome_200_percent.pak
Lingxi  95009 study_superior   24r      REG               1,14    575292           100554172 /private/var/folders/5r/wq54gtms21gfjgr5v94ynfyh0000gn/T/lingxi-f05-package-bigotl/package/mac-arm64/Lingxi.app/Contents/Frameworks/Electron Framework.framework/Versions/A/Resources/zh_CN.lproj/locale.pak
Lingxi  95009 study_superior   25r      REG               1,14   6868234           100554383 /private/var/folders/5r/wq54gtms21gfjgr5v94ynfyh0000gn/T/lingxi-f05-package-bigotl/package/mac-arm64/Lingxi.app/Contents/Frameworks/Electron Framework.framework/Versions/A/Resources/resources.pak
Lingxi  95009 study_superior   26w      REG               1,14       337           100569647 /Users/study_superior/Library/Application Support/Lingxi-f05-packaged-run-lFA3R9/Local Storage/leveldb/LOG
Lingxi  95009 study_superior   27      PIPE 0xa1f2b26796c1ab6b     16384                     ->0xda5e99212286a8c9
Lingxi  95009 study_superior   28      PIPE 0xda5e99212286a8c9     16384                     ->0xa1f2b26796c1ab6b
Lingxi  95009 study_superior   29u   KQUEUE                                                  count=0, state=0x8
Lingxi  95009 study_superior   30r      DIR               1,14       736                   2 /
Lingxi  95009 study_superior   31r      DIR               1,14      2528            87579299 /private/etc
Lingxi  95009 study_superior   32r      REG               1,14       213            87594109 /private/etc/hosts
Lingxi  95009 study_superior   33u      REG               1,14         0           100569649 /Users/study_superior/Library/Application Support/Lingxi-f05-packaged-run-lFA3R9/Local Storage/leveldb/LOCK
Lingxi  95009 study_superior   34w      REG               1,14        41           100569660 /Users/study_superior/Library/Application Support/Lingxi-f05-packaged-run-lFA3R9/Local Storage/leveldb/MANIFEST-000001
Lingxi  95009 study_superior   35w      REG               1,14       565           100569662 /Users/study_superior/Library/Application Support/Lingxi-f05-packaged-run-lFA3R9/Local Storage/leveldb/000003.log
Lingxi  95009 study_superior   36u      REG               1,14      4096           100569663 /Users/study_superior/Library/Application Support/Lingxi-f05-packaged-run-lFA3R9/DIPS
Lingxi  95009 study_superior   37u      REG               1,14     45352           100569665 /Users/study_superior/Library/Application Support/Lingxi-f05-packaged-run-lFA3R9/DIPS-wal
Lingxi  95009 study_superior   38u   KQUEUE                                                  count=0, state=0x12
Lingxi  95009 study_superior   39u      REG               1,14    262512           100569667 /Users/study_superior/Library/Application Support/Lingxi-f05-packaged-run-lFA3R9/GPUCache/index
Lingxi  95009 study_superior   40u      REG               1,14      8192           100569668 /Users/study_superior/Library/Application Support/Lingxi-f05-packaged-run-lFA3R9/GPUCache/data_0
Lingxi  95009 study_superior   41u      REG               1,14    270336           100569669 /Users/study_superior/Library/Application Support/Lingxi-f05-packaged-run-lFA3R9/GPUCache/data_1
Lingxi  95009 study_superior   42u      REG               1,14      8192           100569670 /Users/study_superior/Library/Application Support/Lingxi-f05-packaged-run-lFA3R9/GPUCache/data_2
Lingxi  95009 study_superior   43u      REG               1,14      8192           100569671 /Users/study_superior/Library/Application Support/Lingxi-f05-packaged-run-lFA3R9/GPUCache/data_3
Lingxi  95009 study_superior   44u      REG               1,14    262512           100569673 /Users/study_superior/Library/Application Support/Lingxi-f05-packaged-run-lFA3R9/DawnWebGPUCache/index
Lingxi  95009 study_superior   45u      REG               1,14      8192           100569674 /Users/study_superior/Library/Application Support/Lingxi-f05-packaged-run-lFA3R9/DawnWebGPUCache/data_0
Lingxi  95009 study_superior   46u      REG               1,14    270336           100569675 /Users/study_superior/Library/Application Support/Lingxi-f05-packaged-run-lFA3R9/DawnWebGPUCache/data_1
Lingxi  95009 study_superior   47u      REG               1,14      8192           100569676 /Users/study_superior/Library/Application Support/Lingxi-f05-packaged-run-lFA3R9/DawnWebGPUCache/data_2
Lingxi  95009 study_superior   48u      REG               1,14      8192           100569677 /Users/study_superior/Library/Application Support/Lingxi-f05-packaged-run-lFA3R9/DawnWebGPUCache/data_3
Lingxi  95009 study_superior   49u      REG               1,14    262512           100569679 /Users/study_superior/Library/Application Support/Lingxi-f05-packaged-run-lFA3R9/DawnGraphiteCache/index
Lingxi  95009 study_superior   50u      REG               1,14      8192           100569680 /Users/study_superior/Library/Application Support/Lingxi-f05-packaged-run-lFA3R9/DawnGraphiteCache/data_0
Lingxi  95009 study_superior   51u      REG               1,14    270336           100569681 /Users/study_superior/Library/Application Support/Lingxi-f05-packaged-run-lFA3R9/DawnGraphiteCache/data_1
Lingxi  95009 study_superior   52u      REG               1,14      8192           100569682 /Users/study_superior/Library/Application Support/Lingxi-f05-packaged-run-lFA3R9/DawnGraphiteCache/data_2
Lingxi  95009 study_superior   53u      REG               1,14      8192           100569683 /Users/study_superior/Library/Application Support/Lingxi-f05-packaged-run-lFA3R9/DawnGraphiteCache/data_3
Lingxi  95009 study_superior   54r      CHR                3,2       0t0                 336 /dev/null
Lingxi  95009 study_superior   55u     unix 0xf73ff8cab58355c7       0t0                     ->0x125ece1e95d119cb
Lingxi  95009 study_superior   56u     IPv4 0xa22904fd87484fec       0t0                 TCP localhost:50931->localhost:50929 (ESTABLISHED)
Lingxi  95009 study_superior   57u     unix 0x456ff571a4492251       0t0                     ->0xa0eb33beb404315e
Lingxi  95009 study_superior   58w      REG               1,14       325           100584599 /Users/study_superior/Library/Application Support/Lingxi-f05-packaged-run-lFA3R9/Session Storage/LOG
Lingxi  95009 study_superior   59u     unix 0xe6f39155d3d11c0a       0t0                     ->0xf7c07fcd9cd43d67
Lingxi  95009 study_superior   60u      REG               1,14         0           100584600 /Users/study_superior/Library/Application Support/Lingxi-f05-packaged-run-lFA3R9/Session Storage/LOCK
Lingxi  95009 study_superior   61w      REG               1,14        41           100584601 /Users/study_superior/Library/Application Support/Lingxi-f05-packaged-run-lFA3R9/Session Storage/MANIFEST-000001
Lingxi  95009 study_superior   62w      REG               1,14        49           100584603 /Users/study_superior/Library/Application Support/Lingxi-f05-packaged-run-lFA3R9/Session Storage/000003.log
Lingxi  95009 study_superior   63r      REG               1,14    142209 1152921500312155547 /System/Library/Frameworks/Carbon.framework/Versions/A/Frameworks/HIToolbox.framework/Versions/A/Resources/HIToolbox.rsrc
Lingxi  95009 study_superior   64r      REG               1,14    490410 1152921500312156189 /System/Library/Frameworks/Carbon.framework/Versions/A/Frameworks/HIToolbox.framework/Versions/A/Resources/zh_CN.lproj/Localized.rsrc
