2026-10-04T01:59:58.854961Z  INFO lingxi_service: data root resolved effective_home=/var/folders/5r/wq54gtms21gfjgr5v94ynfyh0000gn/T//lingxi-r02t08-a15-home.c1tRDW source=cli ignored_sources=none
2026-10-04T01:59:58.856749Z  INFO lingxi_service: data root prepared (canonicalized; runtime dir private 0700) canonical_home=/private/var/folders/5r/wq54gtms21gfjgr5v94ynfyh0000gn/T/lingxi-r02t08-a15-home.c1tRDW runtime_dir=/private/var/folders/5r/wq54gtms21gfjgr5v94ynfyh0000gn/T/lingxi-r02t08-a15-home.c1tRDW/lingxi-service
2026-10-04T01:59:58.857291Z  INFO lingxi_service: single-writer lock acquired [token] start_nonce=c7c5e418d9aaa41c pid=48465 entropy="os-random-device" lock=/private/var/folders/5r/wq54gtms21gfjgr5v94ynfyh0000gn/T/lingxi-r02t08-a15-home.c1tRDW/lingxi-service/instance.lock network_mode=loopback
2026-10-04T01:59:58.872088Z  INFO lingxi_service: data-epoch gate passed home=/private/var/folders/5r/wq54gtms21gfjgr5v94ynfyh0000gn/T/lingxi-r02t08-a15-home.c1tRDW decision=ProceedStampedNew(EpochStamp { format: V2, minimum_reader_epoch: 1, committed_data_epoch: 1, last_version: Some("0.0.0") })
2026-10-04T01:59:58.932044Z  INFO lingxi_adapters::storage::run_store: run database migrated db=/private/var/folders/5r/wq54gtms21gfjgr5v94ynfyh0000gn/T/lingxi-r02t08-a15-home.c1tRDW/lingxi-service/data/runs.db applied=[1, 2, 3, 4, 5] version=5
2026-10-04T01:59:58.933117Z  INFO lingxi_service: auth service bootstrapped (per-start loopback token, owner-only); run database migrated and seeded local_token_file=/private/var/folders/5r/wq54gtms21gfjgr5v94ynfyh0000gn/T/lingxi-r02t08-a15-home.c1tRDW/lingxi-service/local-token.json run_database=/private/var/folders/5r/wq54gtms21gfjgr5v94ynfyh0000gn/T/lingxi-r02t08-a15-home.c1tRDW/lingxi-service/data/runs.db
2026-10-04T01:59:58.944128Z  INFO lingxi_service: instance record published (atomic write) record=/private/var/folders/5r/wq54gtms21gfjgr5v94ynfyh0000gn/T/lingxi-r02t08-a15-home.c1tRDW/lingxi-service/instance.json bind_addr=127.0.0.1:59550
LINGXI_AUTH_REJECTED [token] method=GET path=/lingxi/v1/me status=401 Unauthorized reason=missing_credential remote=127.0.0.1:59552
2026-10-04T01:59:59.298081Z  INFO lingxi_service: request handled [token] method=GET path=/lingxi/v1/me status=401
2026-10-04T01:59:59.299588Z  INFO lingxi_service: request handled [token] method=GET path=/lingxi/v1/me status=200
2026-10-04T01:59:59.302285Z  INFO lingxi_service::sessions: run settled through the single finalize path run_id=run_000001a104a3b244_000001 session_id="sess_local_alpha" outcome=completed.no_final.no_provider_configured input_chars=23 input_bytes=23
2026-10-04T01:59:59.302464Z  INFO lingxi_service: request handled [token] method=POST [token] status=200
2026-10-04T01:59:59.303199Z  INFO lingxi_service: request handled [token] method=GET path=/lingxi/v1/ws status=101
2026-10-04T01:59:59.305654Z  INFO lingxi_service::sessions: run settled through the single finalize path run_id=run_000001a104a3b248_000002 session_id="sess_local_alpha" outcome=completed.no_final.no_provider_configured input_chars=26 input_bytes=26
2026-10-04T01:59:59.305811Z  INFO lingxi_service: request handled [token] method=POST [token] status=200
2026-10-04T01:59:59.306735Z  INFO lingxi_service: request handled [token] method=GET [token] status=200
2026-10-04T01:59:59.307792Z  INFO lingxi_service: request handled [token] method=GET [token] status=200
2026-10-04T01:59:59.308372Z  INFO lingxi_service: request handled [token] method=GET path=/lingxi/v1/ws status=101
2026-10-04T01:59:59.309914Z  WARN lingxi_service: ws session read failed err=Connection reset by peer (os error 54)
2026-10-04T01:59:59.334264Z  INFO lingxi_service: shutdown signal: SIGTERM
2026-10-04T01:59:59.335238Z  INFO lingxi_service::shutdown: run database closed (drained, WAL truncated) phase=storage_close
2026-10-04T01:59:59.335492Z  INFO lingxi_service::shutdown: own instance record removed, lock released phase=record_cleanup
2026-10-04T01:59:59.335619Z  INFO lingxi_service: lingxi-service stopped cleanly (run database closed, own record removed, lock released)
