error: missing data root: pass --home <DIR>, set LINGXI_HOME, or point --config at a config file with an absolute "home"; there is no default into a real user directory

usage: lingxi-service [--bind <SOCKADDR>] [--home <DIR>] \
[--config <FILE>] [--test-mode] [--network-mode <loopback|lan>] \
[--shutdown-timeout-ms <MS>] [--max-ws-connections <N>] [--db-queue-bound <N>] \
[--event-subscriber-queue <N>] [--event-reorder-bound <N>] [--max-subscribers <N>] \
[--log-max-bytes <N>] [--log-max-files <N>] [--http-rate-max <N>]

Options:
  --bind <SOCKADDR>       Listen address (default 127.0.0.1:0, loopback + ephemeral).
  --home <DIR>            Absolute service data root (created if missing).
  --config <FILE>         Strict JSON config file ({"home": "/absolute/path"}).
  --test-mode             Force an isolated synthetic home under the system temp
                          dir; --home/LINGXI_HOME/--config home are ignored.
  --network-mode <MODE>   loopback (default) or lan. LAN exposure is an explicit
                          opt-in: a non-loopback --bind without --network-mode lan
                          is a startup error, and even loopback requests require
                          authentication (no loopback-trust exemption).
  --shutdown-timeout-ms <MS>  Graceful-shutdown deadline per shutdown phase
                          (default 10000). A phase that exceeds it prints the
                          LINGXI_SERVICE_SHUTDOWN_TIMEOUT marker and the shutdown
                          continues; the exit code reports it.
  --max-ws-connections <N>    Concurrently-upgraded WebSocket connection ceiling
                          (default 16). Also bounds the managed-task registry:
                          a session task is spawned only after a slot was
                          acquired. Over the ceiling the upgrade is rejected
                          with 503 budget_exceeded (reason=ws_connection_limit).
  --db-queue-bound <N>        Pending jobs of the bounded single-writer DB
                          queue (default 64). Full = explicit 503 backpressure
                          (reason=db_queue_full, retryable=true); nothing is
                          silently buffered without bound.
  --event-subscriber-queue <N> Per-subscriber event mailbox frames (default 128).
                          A key event that cannot fit detaches the subscription
                          with an explicit snapshot_required (slow_consumer) —
                          key events are never silently dropped.
  --event-reorder-bound <N>   Per-stream event reorder buffer (default 64).
                          Overflow marks the stream broken and detaches its
                          subscribers with snapshot_required (publication_gap).
  --max-subscribers <N>       Live event subscribers accepted before explicit
                          rejection (default 256; per-stream default 32). Over
                          the cap a subscribe is rejected (503 / budget_exceeded,
                          reason=subscriber_limit).
  --log-max-bytes <N>         Bytes per log file before rotation (default
                          5242880 = 5 MiB; minimum 64). Log files live under
                          {home}/lingxi-service/logs/ and every line is
                          redacted before it reaches stderr or the file.
                          A value below the minimum is a parse-time startup
                          error (exit 2), like every other limit flag.
  --log-max-files <N>         Log files kept on disk, oldest pruned (default 7;
                          minimum 2 — rotation needs a successor). Below the
                          minimum is a parse-time startup error (exit 2).
  --http-rate-max <N>         Per-peer HTTP request budget per 10 s window
                          (default 240). Over the budget a request is
                          explicitly rejected with 429
                          (reason=rate_limited, retryable=true).
  --help                  Print this help and exit 0.
  --version               Print server identity/version and exit 0.

Data-root precedence: --test-mode > --home > LINGXI_HOME (env) > --config home.
Every explicitly given source is validated even when it loses precedence.
No source at all is a startup error (exit 2) - there is no default into a
real user directory.

Exit codes: 0 clean stop; 1 serve failure; 2 configuration/startup error
(including a data-epoch gate refusal: corrupt epoch metadata, a higher-epoch
stamp, or an incomplete transition - see the LINGXI_DATA_EPOCH_* stderr
markers); 3 single-writer lock held by another instance (or lock IO failure);
4 shutdown instance-record cleanup failed;
5 run database shutdown (drain/checkpoint) failed;
6 a shutdown phase exceeded --shutdown-timeout-ms (recorded explicitly).

