2026-09-29T11:51:17.950854Z  INFO lingxi_service: data root resolved effective_home=/var/folders/5r/wq54gtms21gfjgr5v94ynfyh0000gn/T//lingxi-r02t05-home-98p9Xz source=cli ignored_sources=none
2026-09-29T11:51:17.951636Z  INFO lingxi_service: data root prepared (canonicalized; runtime dir private 0700) canonical_home=/private/var/folders/5r/wq54gtms21gfjgr5v94ynfyh0000gn/T/lingxi-r02t05-home-98p9Xz runtime_dir=/private/var/folders/5r/wq54gtms21gfjgr5v94ynfyh0000gn/T/lingxi-r02t05-home-98p9Xz/lingxi-service
2026-09-29T11:51:17.951972Z  INFO lingxi_service: single-writer lock acquired instance_id=aade9cbe61f69f0c1ffe2957d7deb249 start_nonce=daaae47980123eb4 pid=52500 entropy="os-random-device" lock=/private/var/folders/5r/wq54gtms21gfjgr5v94ynfyh0000gn/T/lingxi-r02t05-home-98p9Xz/lingxi-service/instance.lock network_mode=loopback
2026-09-29T11:51:17.962766Z  INFO lingxi_service: data-epoch gate passed home=/private/var/folders/5r/wq54gtms21gfjgr5v94ynfyh0000gn/T/lingxi-r02t05-home-98p9Xz decision=ProceedStampedNew(EpochStamp { format: V2, minimum_reader_epoch: 1, committed_data_epoch: 1, last_version: Some("0.0.0") })
2026-09-29T11:51:18.007181Z  INFO lingxi_adapters::storage::run_store: run database migrated db=/private/var/folders/5r/wq54gtms21gfjgr5v94ynfyh0000gn/T/lingxi-r02t05-home-98p9Xz/lingxi-service/data/runs.db applied=[1, 2, 3, 4] version=4
2026-09-29T11:51:18.007864Z  INFO lingxi_service: auth service bootstrapped (per-start loopback token, owner-only); run database migrated and seeded local_token_file=/private/var/folders/5r/wq54gtms21gfjgr5v94ynfyh0000gn/T/lingxi-r02t05-home-98p9Xz/lingxi-service/local-token.json run_database=/private/var/folders/5r/wq54gtms21gfjgr5v94ynfyh0000gn/T/lingxi-r02t05-home-98p9Xz/lingxi-service/data/runs.db
2026-09-29T11:51:18.016531Z  INFO lingxi_service: instance record published (atomic write) record=/private/var/folders/5r/wq54gtms21gfjgr5v94ynfyh0000gn/T/lingxi-r02t05-home-98p9Xz/lingxi-service/instance.json bind_addr=127.0.0.1:59581
2026-09-29T11:51:18.305630Z  INFO lingxi_service::sessions: run settled through the single finalize path run_id=run_000001a0ed014420_000001 session_id="sess_local_alpha" outcome=completed.no_final.no_provider_configured input_chars=10
2026-09-29T11:51:18.305824Z  INFO lingxi_service: request handled request_id=req-d01e7a6fc35130cb8d2331731095cc7f method=POST path=/lingxi/v1/sessions/sess_local_alpha/execute status=200
2026-09-29T11:51:18.306948Z  INFO lingxi_service::sessions: run settled through the single finalize path run_id=run_000001a0ed014422_000002 session_id="sess_local_alpha" outcome=completed.no_final.no_provider_configured input_chars=10
2026-09-29T11:51:18.307075Z  INFO lingxi_service: request handled request_id=req-582f51cb2f04d5d4395865bb84de656c method=POST path=/lingxi/v1/sessions/sess_local_alpha/execute status=200
2026-09-29T11:51:18.307604Z  INFO lingxi_service: request handled request_id=req-7ef1ddd2fd9b13089e6577b7aea81818 method=GET path=/lingxi/v1/ws status=101
2026-09-29T11:51:18.309428Z  INFO lingxi_service::sessions: run settled through the single finalize path run_id=run_000001a0ed014424_000003 session_id="sess_local_alpha" outcome=completed.no_final.no_provider_configured input_chars=12
2026-09-29T11:51:18.309584Z  INFO lingxi_service: request handled request_id=req-337e860914681079595b2dad1f90cb7b method=POST path=/lingxi/v1/sessions/sess_local_alpha/execute status=200
2026-09-29T11:51:18.310569Z  INFO lingxi_service::sessions: run settled through the single finalize path run_id=run_000001a0ed014425_000004 session_id="sess_local_alpha" outcome=completed.no_final.no_provider_configured input_chars=12
2026-09-29T11:51:18.310694Z  INFO lingxi_service: request handled request_id=req-08d395d46a59b83c54337cfcef32462f method=POST path=/lingxi/v1/sessions/sess_local_alpha/execute status=200
2026-09-29T11:51:18.311952Z  INFO lingxi_service::sessions: run settled through the single finalize path run_id=run_000001a0ed014427_000005 session_id="sess_local_alpha" outcome=completed.no_final.no_provider_configured input_chars=12
2026-09-29T11:51:18.312096Z  INFO lingxi_service: request handled request_id=req-1f2d0be37aa187e8c99b004a3e8627a9 method=POST path=/lingxi/v1/sessions/sess_local_alpha/execute status=200
2026-09-29T11:51:18.313204Z  INFO lingxi_service::sessions: run settled through the single finalize path run_id=run_000001a0ed014428_000006 session_id="sess_local_alpha" outcome=completed.no_final.no_provider_configured input_chars=12
2026-09-29T11:51:18.313327Z  INFO lingxi_service: request handled request_id=req-eee14748373280398df095e18e02ab41 method=POST path=/lingxi/v1/sessions/sess_local_alpha/execute status=200
2026-09-29T11:51:19.317227Z  INFO lingxi_service::sessions: run settled through the single finalize path run_id=run_000001a0ed014814_000007 session_id="sess_local_alpha" outcome=completed.no_final.no_provider_configured input_chars=8
2026-09-29T11:51:19.317471Z  INFO lingxi_service: request handled request_id=req-4581572c4a1c434434900cd0d840260a method=POST path=/lingxi/v1/sessions/sess_local_alpha/execute status=200
2026-09-29T11:51:19.318715Z  INFO lingxi_service: request handled request_id=req-b2b23c552c8b7c27662e7ea2fe0e7890 method=GET path=/lingxi/v1/sessions/sess_local_alpha/events status=200
2026-09-29T11:51:19.320163Z  INFO lingxi_service: request handled request_id=req-cae6319f603cd5cc422f7aeaf2807643 method=GET path=/lingxi/v1/sessions/sess_local_alpha/events status=409
2026-09-29T11:51:19.320653Z  INFO lingxi_service: request handled request_id=req-b3dafb63011c21b123566af9dcce1856 method=GET path=/lingxi/v1/ws status=101
2026-09-29T11:51:19.323238Z  INFO lingxi_service: request handled request_id=req-723d89899902812ec54ef27d26404ed2 method=GET path=/lingxi/v1/sessions/sess_local_alpha/events status=200
2026-09-29T11:51:19.324917Z  INFO lingxi_service::sessions: run settled through the single finalize path run_id=run_000001a0ed01481c_000008 session_id="sess_local_beta" outcome=completed.no_final.no_provider_configured input_chars=8
2026-09-29T11:51:19.325052Z  INFO lingxi_service: request handled request_id=req-5c4570fad757c7e1a2f36adf08c10315 method=POST path=/lingxi/v1/sessions/sess_local_beta/execute status=200
2026-09-29T11:51:19.325766Z  INFO lingxi_service: request handled request_id=req-39ee24be59942560e9368b71fb694ee6 method=GET path=/lingxi/v1/sessions/sess_local_beta/events status=200
2026-09-29T11:51:19.326835Z  INFO lingxi_service: request handled request_id=req-ddb217a37f0a90c0112911814569b164 method=GET path=/lingxi/v1/sessions/sess_local_beta/events status=409
2026-09-29T11:51:19.327517Z  INFO lingxi_service: request handled request_id=req-7529125cebaefaebca7ab4a67bbd7c17 method=GET path=/lingxi/v1/ws status=101
2026-09-29T11:51:19.329148Z  INFO lingxi_service: request handled request_id=req-9bea20c74a34c5f8942a0dc1b3d33a82 method=GET path=/lingxi/v1/ws status=101
2026-09-29T11:51:22.332360Z  INFO lingxi_service: request handled request_id=req-dea2d7283f4768dd51468f1d8989f53f method=GET path=/lingxi/v1/sessions/stream_never_existed/events status=404
2026-09-29T11:51:22.334262Z  INFO lingxi_service: request handled request_id=req-1be152383b36e76708a35edbe8a40e58 method=GET path=/lingxi/v1/ws status=101
2026-09-29T11:51:25.339452Z  INFO lingxi_service: request handled request_id=req-adda4e1399abd1137c481222a0b87db0 method=GET path=/lingxi/v1/ws status=101
2026-09-29T11:51:28.346164Z  INFO lingxi_service: request handled request_id=req-36f309d2313e0904f1b88b135763ea6a method=GET path=/lingxi/v1/ws status=101
2026-09-29T11:51:32.588003Z  INFO lingxi_service: request handled request_id=req-bdb06139ec10c659720c1ffb75b2f1d6 method=POST path=/lingxi/v1/devices/credentials status=201
2026-09-29T11:51:33.833394Z  INFO lingxi_service: request handled request_id=req-e1acfdcfd2ea5a06c14554e4c18a3418 method=GET path=/lingxi/v1/sessions/sess_local_alpha/events status=403
2026-09-29T11:51:34.660330Z  INFO lingxi_service: shutdown signal: SIGTERM
2026-09-29T11:51:34.661617Z  INFO lingxi_service::shutdown: run database closed (drained, WAL truncated) phase=storage_close
2026-09-29T11:51:34.661949Z  INFO lingxi_service::shutdown: own instance record removed, lock released phase=record_cleanup
2026-09-29T11:51:34.662068Z  INFO lingxi_service: lingxi-service stopped cleanly (run database closed, own record removed, lock released)
