warning: in the working copy of 'artifacts/rust-tauri/R02/T07/redaction-scan/p1-execute-ok.headers', CRLF will be replaced by LF the next time Git touches it
warning: in the working copy of 'artifacts/rust-tauri/R02/T07/redaction-scan/p1-issue-credential.headers', CRLF will be replaced by LF the next time Git touches it
warning: in the working copy of 'artifacts/rust-tauri/R02/T07/redaction-scan/p1-me-ok.headers', CRLF will be replaced by LF the next time Git touches it
warning: in the working copy of 'artifacts/rust-tauri/R02/T07/redaction-scan/p1-ticket.headers', CRLF will be replaced by LF the next time Git touches it
warning: in the working copy of 'artifacts/rust-tauri/R02/T07/redaction-scan/p2-me-bad-bearer.headers', CRLF will be replaced by LF the next time Git touches it
warning: in the working copy of 'artifacts/rust-tauri/R02/T07/redaction-scan/p2-me-no-auth.headers', CRLF will be replaced by LF the next time Git touches it
warning: in the working copy of 'artifacts/rust-tauri/R02/T07/redaction-scan/p2-session-cross.headers', CRLF will be replaced by LF the next time Git touches it
warning: in the working copy of 'artifacts/rust-tauri/R02/T07/redaction-scan/p2-session-missing.headers', CRLF will be replaced by LF the next time Git touches it
warning: in the working copy of 'artifacts/rust-tauri/R02/T07/redaction-scan/p2-ws-bad-query.headers', CRLF will be replaced by LF the next time Git touches it
warning: in the working copy of 'artifacts/rust-tauri/R02/T08/verify-stage/A13/redaction-scan/p1-execute-ok.headers', CRLF will be replaced by LF the next time Git touches it
warning: in the working copy of 'artifacts/rust-tauri/R02/T08/verify-stage/A13/redaction-scan/p1-issue-credential.headers', CRLF will be replaced by LF the next time Git touches it
warning: in the working copy of 'artifacts/rust-tauri/R02/T08/verify-stage/A13/redaction-scan/p1-me-ok.headers', CRLF will be replaced by LF the next time Git touches it
warning: in the working copy of 'artifacts/rust-tauri/R02/T08/verify-stage/A13/redaction-scan/p1-ticket.headers', CRLF will be replaced by LF the next time Git touches it
warning: in the working copy of 'artifacts/rust-tauri/R02/T08/verify-stage/A13/redaction-scan/p2-me-bad-bearer.headers', CRLF will be replaced by LF the next time Git touches it
warning: in the working copy of 'artifacts/rust-tauri/R02/T08/verify-stage/A13/redaction-scan/p2-me-no-auth.headers', CRLF will be replaced by LF the next time Git touches it
warning: in the working copy of 'artifacts/rust-tauri/R02/T08/verify-stage/A13/redaction-scan/p2-session-cross.headers', CRLF will be replaced by LF the next time Git touches it
warning: in the working copy of 'artifacts/rust-tauri/R02/T08/verify-stage/A13/redaction-scan/p2-session-missing.headers', CRLF will be replaced by LF the next time Git touches it
warning: in the working copy of 'artifacts/rust-tauri/R02/T08/verify-stage/A13/redaction-scan/p2-ws-bad-query.headers', CRLF will be replaced by LF the next time Git touches it
warning: in the working copy of 'artifacts/rust-tauri/R02/final-candidate-a0af83666f89cc4b/A13/redaction-scan/p1-execute-ok.headers', CRLF will be replaced by LF the next time Git touches it
warning: in the working copy of 'artifacts/rust-tauri/R02/final-candidate-a0af83666f89cc4b/A13/redaction-scan/p1-issue-credential.headers', CRLF will be replaced by LF the next time Git touches it
warning: in the working copy of 'artifacts/rust-tauri/R02/final-candidate-a0af83666f89cc4b/A13/redaction-scan/p1-me-ok.headers', CRLF will be replaced by LF the next time Git touches it
warning: in the working copy of 'artifacts/rust-tauri/R02/final-candidate-a0af83666f89cc4b/A13/redaction-scan/p1-ticket.headers', CRLF will be replaced by LF the next time Git touches it
warning: in the working copy of 'artifacts/rust-tauri/R02/final-candidate-a0af83666f89cc4b/A13/redaction-scan/p2-me-bad-bearer.headers', CRLF will be replaced by LF the next time Git touches it
warning: in the working copy of 'artifacts/rust-tauri/R02/final-candidate-a0af83666f89cc4b/A13/redaction-scan/p2-me-no-auth.headers', CRLF will be replaced by LF the next time Git touches it
warning: in the working copy of 'artifacts/rust-tauri/R02/final-candidate-a0af83666f89cc4b/A13/redaction-scan/p2-session-cross.headers', CRLF will be replaced by LF the next time Git touches it
warning: in the working copy of 'artifacts/rust-tauri/R02/final-candidate-a0af83666f89cc4b/A13/redaction-scan/p2-session-missing.headers', CRLF will be replaced by LF the next time Git touches it
warning: in the working copy of 'artifacts/rust-tauri/R02/final-candidate-a0af83666f89cc4b/A13/redaction-scan/p2-ws-bad-query.headers', CRLF will be replaced by LF the next time Git touches it
warning: in the working copy of 'artifacts/rust-tauri/R02/final-candidate-a29e5adbb404ad70/A13/redaction-scan/p1-execute-ok.headers', CRLF will be replaced by LF the next time Git touches it
warning: in the working copy of 'artifacts/rust-tauri/R02/final-candidate-a29e5adbb404ad70/A13/redaction-scan/p1-issue-credential.headers', CRLF will be replaced by LF the next time Git touches it
warning: in the working copy of 'artifacts/rust-tauri/R02/final-candidate-a29e5adbb404ad70/A13/redaction-scan/p1-me-ok.headers', CRLF will be replaced by LF the next time Git touches it
warning: in the working copy of 'artifacts/rust-tauri/R02/final-candidate-a29e5adbb404ad70/A13/redaction-scan/p1-ticket.headers', CRLF will be replaced by LF the next time Git touches it
warning: in the working copy of 'artifacts/rust-tauri/R02/final-candidate-a29e5adbb404ad70/A13/redaction-scan/p2-me-bad-bearer.headers', CRLF will be replaced by LF the next time Git touches it
warning: in the working copy of 'artifacts/rust-tauri/R02/final-candidate-a29e5adbb404ad70/A13/redaction-scan/p2-me-no-auth.headers', CRLF will be replaced by LF the next time Git touches it
warning: in the working copy of 'artifacts/rust-tauri/R02/final-candidate-a29e5adbb404ad70/A13/redaction-scan/p2-session-cross.headers', CRLF will be replaced by LF the next time Git touches it
warning: in the working copy of 'artifacts/rust-tauri/R02/final-candidate-a29e5adbb404ad70/A13/redaction-scan/p2-session-missing.headers', CRLF will be replaced by LF the next time Git touches it
warning: in the working copy of 'artifacts/rust-tauri/R02/final-candidate-a29e5adbb404ad70/A13/redaction-scan/p2-ws-bad-query.headers', CRLF will be replaced by LF the next time Git touches it
warning: in the working copy of 'artifacts/rust-tauri/R02/final-candidate-e876171c5cd0a6f8/A13/redaction-scan/p1-execute-ok.headers', CRLF will be replaced by LF the next time Git touches it
warning: in the working copy of 'artifacts/rust-tauri/R02/final-candidate-e876171c5cd0a6f8/A13/redaction-scan/p1-issue-credential.headers', CRLF will be replaced by LF the next time Git touches it
warning: in the working copy of 'artifacts/rust-tauri/R02/final-candidate-e876171c5cd0a6f8/A13/redaction-scan/p1-me-ok.headers', CRLF will be replaced by LF the next time Git touches it
warning: in the working copy of 'artifacts/rust-tauri/R02/final-candidate-e876171c5cd0a6f8/A13/redaction-scan/p1-ticket.headers', CRLF will be replaced by LF the next time Git touches it
warning: in the working copy of 'artifacts/rust-tauri/R02/final-candidate-e876171c5cd0a6f8/A13/redaction-scan/p2-me-bad-bearer.headers', CRLF will be replaced by LF the next time Git touches it
warning: in the working copy of 'artifacts/rust-tauri/R02/final-candidate-e876171c5cd0a6f8/A13/redaction-scan/p2-me-no-auth.headers', CRLF will be replaced by LF the next time Git touches it
warning: in the working copy of 'artifacts/rust-tauri/R02/final-candidate-e876171c5cd0a6f8/A13/redaction-scan/p2-session-cross.headers', CRLF will be replaced by LF the next time Git touches it
warning: in the working copy of 'artifacts/rust-tauri/R02/final-candidate-e876171c5cd0a6f8/A13/redaction-scan/p2-session-missing.headers', CRLF will be replaced by LF the next time Git touches it
warning: in the working copy of 'artifacts/rust-tauri/R02/final-candidate-e876171c5cd0a6f8/A13/redaction-scan/p2-ws-bad-query.headers', CRLF will be replaced by LF the next time Git touches it
warning: in the working copy of 'artifacts/rust-tauri/R02/final-candidate-fc9971898df7a9e8/A13/redaction-scan/p1-execute-ok.headers', CRLF will be replaced by LF the next time Git touches it
warning: in the working copy of 'artifacts/rust-tauri/R02/final-candidate-fc9971898df7a9e8/A13/redaction-scan/p1-issue-credential.headers', CRLF will be replaced by LF the next time Git touches it
warning: in the working copy of 'artifacts/rust-tauri/R02/final-candidate-fc9971898df7a9e8/A13/redaction-scan/p1-me-ok.headers', CRLF will be replaced by LF the next time Git touches it
warning: in the working copy of 'artifacts/rust-tauri/R02/final-candidate-fc9971898df7a9e8/A13/redaction-scan/p1-ticket.headers', CRLF will be replaced by LF the next time Git touches it
warning: in the working copy of 'artifacts/rust-tauri/R02/final-candidate-fc9971898df7a9e8/A13/redaction-scan/p2-me-bad-bearer.headers', CRLF will be replaced by LF the next time Git touches it
warning: in the working copy of 'artifacts/rust-tauri/R02/final-candidate-fc9971898df7a9e8/A13/redaction-scan/p2-me-no-auth.headers', CRLF will be replaced by LF the next time Git touches it
warning: in the working copy of 'artifacts/rust-tauri/R02/final-candidate-fc9971898df7a9e8/A13/redaction-scan/p2-session-cross.headers', CRLF will be replaced by LF the next time Git touches it
warning: in the working copy of 'artifacts/rust-tauri/R02/final-candidate-fc9971898df7a9e8/A13/redaction-scan/p2-session-missing.headers', CRLF will be replaced by LF the next time Git touches it
warning: in the working copy of 'artifacts/rust-tauri/R02/final-candidate-fc9971898df7a9e8/A13/redaction-scan/p2-ws-bad-query.headers', CRLF will be replaced by LF the next time Git touches it
warning: in the working copy of 'artifacts/rust-tauri/R03/STAGE-REPAIR-G01-F01/verify-stage-r02/A13/redaction-scan/p1-execute-ok.headers', CRLF will be replaced by LF the next time Git touches it
warning: in the working copy of 'artifacts/rust-tauri/R03/STAGE-REPAIR-G01-F01/verify-stage-r02/A13/redaction-scan/p1-issue-credential.headers', CRLF will be replaced by LF the next time Git touches it
warning: in the working copy of 'artifacts/rust-tauri/R03/STAGE-REPAIR-G01-F01/verify-stage-r02/A13/redaction-scan/p1-me-ok.headers', CRLF will be replaced by LF the next time Git touches it
warning: in the working copy of 'artifacts/rust-tauri/R03/STAGE-REPAIR-G01-F01/verify-stage-r02/A13/redaction-scan/p1-ticket.headers', CRLF will be replaced by LF the next time Git touches it
warning: in the working copy of 'artifacts/rust-tauri/R03/STAGE-REPAIR-G01-F01/verify-stage-r02/A13/redaction-scan/p2-me-bad-bearer.headers', CRLF will be replaced by LF the next time Git touches it
warning: in the working copy of 'artifacts/rust-tauri/R03/STAGE-REPAIR-G01-F01/verify-stage-r02/A13/redaction-scan/p2-me-no-auth.headers', CRLF will be replaced by LF the next time Git touches it
warning: in the working copy of 'artifacts/rust-tauri/R03/STAGE-REPAIR-G01-F01/verify-stage-r02/A13/redaction-scan/p2-session-cross.headers', CRLF will be replaced by LF the next time Git touches it
warning: in the working copy of 'artifacts/rust-tauri/R03/STAGE-REPAIR-G01-F01/verify-stage-r02/A13/redaction-scan/p2-session-missing.headers', CRLF will be replaced by LF the next time Git touches it
warning: in the working copy of 'artifacts/rust-tauri/R03/STAGE-REPAIR-G01-F01/verify-stage-r02/A13/redaction-scan/p2-ws-bad-query.headers', CRLF will be replaced by LF the next time Git touches it
warning: in the working copy of 'artifacts/rust-tauri/R03/STAGE-REPAIR-G01-F02/verify-stage-r02/A13/redaction-scan/p1-execute-ok.headers', CRLF will be replaced by LF the next time Git touches it
warning: in the working copy of 'artifacts/rust-tauri/R03/STAGE-REPAIR-G01-F02/verify-stage-r02/A13/redaction-scan/p1-issue-credential.headers', CRLF will be replaced by LF the next time Git touches it
warning: in the working copy of 'artifacts/rust-tauri/R03/STAGE-REPAIR-G01-F02/verify-stage-r02/A13/redaction-scan/p1-me-ok.headers', CRLF will be replaced by LF the next time Git touches it
warning: in the working copy of 'artifacts/rust-tauri/R03/STAGE-REPAIR-G01-F02/verify-stage-r02/A13/redaction-scan/p1-ticket.headers', CRLF will be replaced by LF the next time Git touches it
warning: in the working copy of 'artifacts/rust-tauri/R03/STAGE-REPAIR-G01-F02/verify-stage-r02/A13/redaction-scan/p2-me-bad-bearer.headers', CRLF will be replaced by LF the next time Git touches it
warning: in the working copy of 'artifacts/rust-tauri/R03/STAGE-REPAIR-G01-F02/verify-stage-r02/A13/redaction-scan/p2-me-no-auth.headers', CRLF will be replaced by LF the next time Git touches it
warning: in the working copy of 'artifacts/rust-tauri/R03/STAGE-REPAIR-G01-F02/verify-stage-r02/A13/redaction-scan/p2-session-cross.headers', CRLF will be replaced by LF the next time Git touches it
warning: in the working copy of 'artifacts/rust-tauri/R03/STAGE-REPAIR-G01-F02/verify-stage-r02/A13/redaction-scan/p2-session-missing.headers', CRLF will be replaced by LF the next time Git touches it
warning: in the working copy of 'artifacts/rust-tauri/R03/STAGE-REPAIR-G01-F02/verify-stage-r02/A13/redaction-scan/p2-ws-bad-query.headers', CRLF will be replaced by LF the next time Git touches it
warning: in the working copy of 'artifacts/rust-tauri/R03/STAGE-REPAIR-G01-F03/verify-stage-r02/A13/redaction-scan/p1-execute-ok.headers', CRLF will be replaced by LF the next time Git touches it
warning: in the working copy of 'artifacts/rust-tauri/R03/STAGE-REPAIR-G01-F03/verify-stage-r02/A13/redaction-scan/p1-issue-credential.headers', CRLF will be replaced by LF the next time Git touches it
warning: in the working copy of 'artifacts/rust-tauri/R03/STAGE-REPAIR-G01-F03/verify-stage-r02/A13/redaction-scan/p1-me-ok.headers', CRLF will be replaced by LF the next time Git touches it
warning: in the working copy of 'artifacts/rust-tauri/R03/STAGE-REPAIR-G01-F03/verify-stage-r02/A13/redaction-scan/p1-ticket.headers', CRLF will be replaced by LF the next time Git touches it
warning: in the working copy of 'artifacts/rust-tauri/R03/STAGE-REPAIR-G01-F03/verify-stage-r02/A13/redaction-scan/p2-me-bad-bearer.headers', CRLF will be replaced by LF the next time Git touches it
warning: in the working copy of 'artifacts/rust-tauri/R03/STAGE-REPAIR-G01-F03/verify-stage-r02/A13/redaction-scan/p2-me-no-auth.headers', CRLF will be replaced by LF the next time Git touches it
warning: in the working copy of 'artifacts/rust-tauri/R03/STAGE-REPAIR-G01-F03/verify-stage-r02/A13/redaction-scan/p2-session-cross.headers', CRLF will be replaced by LF the next time Git touches it
warning: in the working copy of 'artifacts/rust-tauri/R03/STAGE-REPAIR-G01-F03/verify-stage-r02/A13/redaction-scan/p2-session-missing.headers', CRLF will be replaced by LF the next time Git touches it
warning: in the working copy of 'artifacts/rust-tauri/R03/STAGE-REPAIR-G01-F03/verify-stage-r02/A13/redaction-scan/p2-ws-bad-query.headers', CRLF will be replaced by LF the next time Git touches it
warning: in the working copy of 'artifacts/rust-tauri/R03/T08-E01/verify-stage-r02-regression/A13/redaction-scan/p1-execute-ok.headers', CRLF will be replaced by LF the next time Git touches it
warning: in the working copy of 'artifacts/rust-tauri/R03/T08-E01/verify-stage-r02-regression/A13/redaction-scan/p1-issue-credential.headers', CRLF will be replaced by LF the next time Git touches it
warning: in the working copy of 'artifacts/rust-tauri/R03/T08-E01/verify-stage-r02-regression/A13/redaction-scan/p1-me-ok.headers', CRLF will be replaced by LF the next time Git touches it
warning: in the working copy of 'artifacts/rust-tauri/R03/T08-E01/verify-stage-r02-regression/A13/redaction-scan/p1-ticket.headers', CRLF will be replaced by LF the next time Git touches it
warning: in the working copy of 'artifacts/rust-tauri/R03/T08-E01/verify-stage-r02-regression/A13/redaction-scan/p2-me-bad-bearer.headers', CRLF will be replaced by LF the next time Git touches it
warning: in the working copy of 'artifacts/rust-tauri/R03/T08-E01/verify-stage-r02-regression/A13/redaction-scan/p2-me-no-auth.headers', CRLF will be replaced by LF the next time Git touches it
warning: in the working copy of 'artifacts/rust-tauri/R03/T08-E01/verify-stage-r02-regression/A13/redaction-scan/p2-session-cross.headers', CRLF will be replaced by LF the next time Git touches it
warning: in the working copy of 'artifacts/rust-tauri/R03/T08-E01/verify-stage-r02-regression/A13/redaction-scan/p2-session-missing.headers', CRLF will be replaced by LF the next time Git touches it
warning: in the working copy of 'artifacts/rust-tauri/R03/T08-E01/verify-stage-r02-regression/A13/redaction-scan/p2-ws-bad-query.headers', CRLF will be replaced by LF the next time Git touches it
warning: in the working copy of 'artifacts/rust-tauri/R03/repair-current/G07-E01/verify-stage-r02-regression/A13/redaction-scan/p1-execute-ok.headers', CRLF will be replaced by LF the next time Git touches it
warning: in the working copy of 'artifacts/rust-tauri/R03/repair-current/G07-E01/verify-stage-r02-regression/A13/redaction-scan/p1-issue-credential.headers', CRLF will be replaced by LF the next time Git touches it
warning: in the working copy of 'artifacts/rust-tauri/R03/repair-current/G07-E01/verify-stage-r02-regression/A13/redaction-scan/p1-me-ok.headers', CRLF will be replaced by LF the next time Git touches it
warning: in the working copy of 'artifacts/rust-tauri/R03/repair-current/G07-E01/verify-stage-r02-regression/A13/redaction-scan/p1-ticket.headers', CRLF will be replaced by LF the next time Git touches it
warning: in the working copy of 'artifacts/rust-tauri/R03/repair-current/G07-E01/verify-stage-r02-regression/A13/redaction-scan/p2-me-bad-bearer.headers', CRLF will be replaced by LF the next time Git touches it
warning: in the working copy of 'artifacts/rust-tauri/R03/repair-current/G07-E01/verify-stage-r02-regression/A13/redaction-scan/p2-me-no-auth.headers', CRLF will be replaced by LF the next time Git touches it
warning: in the working copy of 'artifacts/rust-tauri/R03/repair-current/G07-E01/verify-stage-r02-regression/A13/redaction-scan/p2-session-cross.headers', CRLF will be replaced by LF the next time Git touches it
warning: in the working copy of 'artifacts/rust-tauri/R03/repair-current/G07-E01/verify-stage-r02-regression/A13/redaction-scan/p2-session-missing.headers', CRLF will be replaced by LF the next time Git touches it
warning: in the working copy of 'artifacts/rust-tauri/R03/repair-current/G07-E01/verify-stage-r02-regression/A13/redaction-scan/p2-ws-bad-query.headers', CRLF will be replaced by LF the next time Git touches it
warning: in the working copy of 'artifacts/rust-tauri/R05/RR1/WP-T02-E01/old-red-frozen-head-d80737b6.log', CRLF will be replaced by LF the next time Git touches it
warning: in the working copy of 'artifacts/rust-tauri/R05/RR2/G-R2/negative-ev/n06-midgate-mutation/evidence/A13/redaction-scan/p1-execute-ok.headers', CRLF will be replaced by LF the next time Git touches it
warning: in the working copy of 'artifacts/rust-tauri/R05/RR2/G-R2/negative-ev/n06-midgate-mutation/evidence/A13/redaction-scan/p1-issue-credential.headers', CRLF will be replaced by LF the next time Git touches it
warning: in the working copy of 'artifacts/rust-tauri/R05/RR2/G-R2/negative-ev/n06-midgate-mutation/evidence/A13/redaction-scan/p1-me-ok.headers', CRLF will be replaced by LF the next time Git touches it
warning: in the working copy of 'artifacts/rust-tauri/R05/RR2/G-R2/negative-ev/n06-midgate-mutation/evidence/A13/redaction-scan/p1-ticket.headers', CRLF will be replaced by LF the next time Git touches it
warning: in the working copy of 'artifacts/rust-tauri/R05/RR2/G-R2/negative-ev/n06-midgate-mutation/evidence/A13/redaction-scan/p2-me-bad-bearer.headers', CRLF will be replaced by LF the next time Git touches it
warning: in the working copy of 'artifacts/rust-tauri/R05/RR2/G-R2/negative-ev/n06-midgate-mutation/evidence/A13/redaction-scan/p2-me-no-auth.headers', CRLF will be replaced by LF the next time Git touches it
warning: in the working copy of 'artifacts/rust-tauri/R05/RR2/G-R2/negative-ev/n06-midgate-mutation/evidence/A13/redaction-scan/p2-session-cross.headers', CRLF will be replaced by LF the next time Git touches it
warning: in the working copy of 'artifacts/rust-tauri/R05/RR2/G-R2/negative-ev/n06-midgate-mutation/evidence/A13/redaction-scan/p2-session-missing.headers', CRLF will be replaced by LF the next time Git touches it
warning: in the working copy of 'artifacts/rust-tauri/R05/RR2/G-R2/negative-ev/n06-midgate-mutation/evidence/A13/redaction-scan/p2-ws-bad-query.headers', CRLF will be replaced by LF the next time Git touches it
warning: in the working copy of 'artifacts/rust-tauri/R05/RR2/G-R2/negative-ev/n16-binding-drift/run-a/A13/redaction-scan/p1-execute-ok.headers', CRLF will be replaced by LF the next time Git touches it
warning: in the working copy of 'artifacts/rust-tauri/R05/RR2/G-R2/negative-ev/n16-binding-drift/run-a/A13/redaction-scan/p1-issue-credential.headers', CRLF will be replaced by LF the next time Git touches it
warning: in the working copy of 'artifacts/rust-tauri/R05/RR2/G-R2/negative-ev/n16-binding-drift/run-a/A13/redaction-scan/p1-me-ok.headers', CRLF will be replaced by LF the next time Git touches it
warning: in the working copy of 'artifacts/rust-tauri/R05/RR2/G-R2/negative-ev/n16-binding-drift/run-a/A13/redaction-scan/p1-ticket.headers', CRLF will be replaced by LF the next time Git touches it
warning: in the working copy of 'artifacts/rust-tauri/R05/RR2/G-R2/negative-ev/n16-binding-drift/run-a/A13/redaction-scan/p2-me-bad-bearer.headers', CRLF will be replaced by LF the next time Git touches it
warning: in the working copy of 'artifacts/rust-tauri/R05/RR2/G-R2/negative-ev/n16-binding-drift/run-a/A13/redaction-scan/p2-me-no-auth.headers', CRLF will be replaced by LF the next time Git touches it
warning: in the working copy of 'artifacts/rust-tauri/R05/RR2/G-R2/negative-ev/n16-binding-drift/run-a/A13/redaction-scan/p2-session-cross.headers', CRLF will be replaced by LF the next time Git touches it
warning: in the working copy of 'artifacts/rust-tauri/R05/RR2/G-R2/negative-ev/n16-binding-drift/run-a/A13/redaction-scan/p2-session-missing.headers', CRLF will be replaced by LF the next time Git touches it
warning: in the working copy of 'artifacts/rust-tauri/R05/RR2/G-R2/negative-ev/n16-binding-drift/run-a/A13/redaction-scan/p2-ws-bad-query.headers', CRLF will be replaced by LF the next time Git touches it
warning: in the working copy of 'artifacts/rust-tauri/R05/RR2/G-R2/negative-ev/n16-binding-drift/run-b/A13/redaction-scan/p1-execute-ok.headers', CRLF will be replaced by LF the next time Git touches it
warning: in the working copy of 'artifacts/rust-tauri/R05/RR2/G-R2/negative-ev/n16-binding-drift/run-b/A13/redaction-scan/p1-issue-credential.headers', CRLF will be replaced by LF the next time Git touches it
warning: in the working copy of 'artifacts/rust-tauri/R05/RR2/G-R2/negative-ev/n16-binding-drift/run-b/A13/redaction-scan/p1-me-ok.headers', CRLF will be replaced by LF the next time Git touches it
warning: in the working copy of 'artifacts/rust-tauri/R05/RR2/G-R2/negative-ev/n16-binding-drift/run-b/A13/redaction-scan/p1-ticket.headers', CRLF will be replaced by LF the next time Git touches it
warning: in the working copy of 'artifacts/rust-tauri/R05/RR2/G-R2/negative-ev/n16-binding-drift/run-b/A13/redaction-scan/p2-me-bad-bearer.headers', CRLF will be replaced by LF the next time Git touches it
warning: in the working copy of 'artifacts/rust-tauri/R05/RR2/G-R2/negative-ev/n16-binding-drift/run-b/A13/redaction-scan/p2-me-no-auth.headers', CRLF will be replaced by LF the next time Git touches it
warning: in the working copy of 'artifacts/rust-tauri/R05/RR2/G-R2/negative-ev/n16-binding-drift/run-b/A13/redaction-scan/p2-session-cross.headers', CRLF will be replaced by LF the next time Git touches it
warning: in the working copy of 'artifacts/rust-tauri/R05/RR2/G-R2/negative-ev/n16-binding-drift/run-b/A13/redaction-scan/p2-session-missing.headers', CRLF will be replaced by LF the next time Git touches it
warning: in the working copy of 'artifacts/rust-tauri/R05/RR2/G-R2/negative-ev/n16-binding-drift/run-b/A13/redaction-scan/p2-ws-bad-query.headers', CRLF will be replaced by LF the next time Git touches it
warning: in the working copy of 'artifacts/rust-tauri/R05/T08-E01/negative/n06-midgate-mutation/evidence/A13/redaction-scan/p1-execute-ok.headers', CRLF will be replaced by LF the next time Git touches it
warning: in the working copy of 'artifacts/rust-tauri/R05/T08-E01/negative/n06-midgate-mutation/evidence/A13/redaction-scan/p1-issue-credential.headers', CRLF will be replaced by LF the next time Git touches it
warning: in the working copy of 'artifacts/rust-tauri/R05/T08-E01/negative/n06-midgate-mutation/evidence/A13/redaction-scan/p1-me-ok.headers', CRLF will be replaced by LF the next time Git touches it
warning: in the working copy of 'artifacts/rust-tauri/R05/T08-E01/negative/n06-midgate-mutation/evidence/A13/redaction-scan/p1-ticket.headers', CRLF will be replaced by LF the next time Git touches it
warning: in the working copy of 'artifacts/rust-tauri/R05/T08-E01/negative/n06-midgate-mutation/evidence/A13/redaction-scan/p2-me-bad-bearer.headers', CRLF will be replaced by LF the next time Git touches it
warning: in the working copy of 'artifacts/rust-tauri/R05/T08-E01/negative/n06-midgate-mutation/evidence/A13/redaction-scan/p2-me-no-auth.headers', CRLF will be replaced by LF the next time Git touches it
warning: in the working copy of 'artifacts/rust-tauri/R05/T08-E01/negative/n06-midgate-mutation/evidence/A13/redaction-scan/p2-session-cross.headers', CRLF will be replaced by LF the next time Git touches it
warning: in the working copy of 'artifacts/rust-tauri/R05/T08-E01/negative/n06-midgate-mutation/evidence/A13/redaction-scan/p2-session-missing.headers', CRLF will be replaced by LF the next time Git touches it
warning: in the working copy of 'artifacts/rust-tauri/R05/T08-E01/negative/n06-midgate-mutation/evidence/A13/redaction-scan/p2-ws-bad-query.headers', CRLF will be replaced by LF the next time Git touches it
warning: in the working copy of 'artifacts/rust-tauri/R05/T08-E01/negative/n16-binding-drift/run-a/A13/redaction-scan/p1-execute-ok.headers', CRLF will be replaced by LF the next time Git touches it
warning: in the working copy of 'artifacts/rust-tauri/R05/T08-E01/negative/n16-binding-drift/run-a/A13/redaction-scan/p1-issue-credential.headers', CRLF will be replaced by LF the next time Git touches it
warning: in the working copy of 'artifacts/rust-tauri/R05/T08-E01/negative/n16-binding-drift/run-a/A13/redaction-scan/p1-me-ok.headers', CRLF will be replaced by LF the next time Git touches it
warning: in the working copy of 'artifacts/rust-tauri/R05/T08-E01/negative/n16-binding-drift/run-a/A13/redaction-scan/p1-ticket.headers', CRLF will be replaced by LF the next time Git touches it
warning: in the working copy of 'artifacts/rust-tauri/R05/T08-E01/negative/n16-binding-drift/run-a/A13/redaction-scan/p2-me-bad-bearer.headers', CRLF will be replaced by LF the next time Git touches it
warning: in the working copy of 'artifacts/rust-tauri/R05/T08-E01/negative/n16-binding-drift/run-a/A13/redaction-scan/p2-me-no-auth.headers', CRLF will be replaced by LF the next time Git touches it
warning: in the working copy of 'artifacts/rust-tauri/R05/T08-E01/negative/n16-binding-drift/run-a/A13/redaction-scan/p2-session-cross.headers', CRLF will be replaced by LF the next time Git touches it
warning: in the working copy of 'artifacts/rust-tauri/R05/T08-E01/negative/n16-binding-drift/run-a/A13/redaction-scan/p2-session-missing.headers', CRLF will be replaced by LF the next time Git touches it
warning: in the working copy of 'artifacts/rust-tauri/R05/T08-E01/negative/n16-binding-drift/run-a/A13/redaction-scan/p2-ws-bad-query.headers', CRLF will be replaced by LF the next time Git touches it
warning: in the working copy of 'artifacts/rust-tauri/R05/T08-E01/negative/n16-binding-drift/run-b/A13/redaction-scan/p1-execute-ok.headers', CRLF will be replaced by LF the next time Git touches it
warning: in the working copy of 'artifacts/rust-tauri/R05/T08-E01/negative/n16-binding-drift/run-b/A13/redaction-scan/p1-issue-credential.headers', CRLF will be replaced by LF the next time Git touches it
warning: in the working copy of 'artifacts/rust-tauri/R05/T08-E01/negative/n16-binding-drift/run-b/A13/redaction-scan/p1-me-ok.headers', CRLF will be replaced by LF the next time Git touches it
warning: in the working copy of 'artifacts/rust-tauri/R05/T08-E01/negative/n16-binding-drift/run-b/A13/redaction-scan/p1-ticket.headers', CRLF will be replaced by LF the next time Git touches it
warning: in the working copy of 'artifacts/rust-tauri/R05/T08-E01/negative/n16-binding-drift/run-b/A13/redaction-scan/p2-me-bad-bearer.headers', CRLF will be replaced by LF the next time Git touches it
warning: in the working copy of 'artifacts/rust-tauri/R05/T08-E01/negative/n16-binding-drift/run-b/A13/redaction-scan/p2-me-no-auth.headers', CRLF will be replaced by LF the next time Git touches it
warning: in the working copy of 'artifacts/rust-tauri/R05/T08-E01/negative/n16-binding-drift/run-b/A13/redaction-scan/p2-session-cross.headers', CRLF will be replaced by LF the next time Git touches it
warning: in the working copy of 'artifacts/rust-tauri/R05/T08-E01/negative/n16-binding-drift/run-b/A13/redaction-scan/p2-session-missing.headers', CRLF will be replaced by LF the next time Git touches it
warning: in the working copy of 'artifacts/rust-tauri/R05/T08-E01/negative/n16-binding-drift/run-b/A13/redaction-scan/p2-ws-bad-query.headers', CRLF will be replaced by LF the next time Git touches it
error: unable to write file docs/rust-tauri/R00/R00-T02_UI_SOURCE_BRANCH_CONTRACT.json
error: unable to write file docs/rust-tauri/R00/R00-T03_IMPORT_GRAPH.json
error: unable to write file docs/rust-tauri/R00/R00-T07_REVIEW_R1.md
error: unable to create file docs/rust-tauri/R00/R00-T07_REVIEW_R2.md: No space left on device
error: unable to create file docs/rust-tauri/R00/R00-T07_REVIEW_R3.md: No space left on device
error: unable to create file docs/rust-tauri/R00/R00-T08_REPAIR_R1.md: No space left on device
error: unable to create file docs/rust-tauri/R00/R00-T08_REVIEW_R1.md: No space left on device
error: unable to create file docs/rust-tauri/R00/R00-T08_REVIEW_R2.md: No space left on device
error: unable to create file docs/rust-tauri/R00/R00_AUDIT_SEAL_EXECUTION.md: No space left on device
error: unable to create file docs/rust-tauri/R00/R00_AUDIT_SEAL_REVIEW_C1_R1.md: No space left on device
error: unable to create file docs/rust-tauri/R00/R00_EVIDENCE_SUMMARY.md: No space left on device
error: unable to create file docs/rust-tauri/R00/R00_HANDOFF.json: No space left on device
error: unable to create file docs/rust-tauri/R00/R00_REPORT.md: No space left on device
error: unable to create file docs/rust-tauri/R00/R00_STAGE_REPAIR_R1.md: No space left on device
error: unable to create file docs/rust-tauri/R00/R00_STAGE_REVIEW_R1.md: No space left on device
error: unable to create file docs/rust-tauri/R00/R00_STAGE_REVIEW_R2.md: No space left on device
error: unable to create file docs/rust-tauri/R00/RUNTIME_DEPENDENCIES.json: No space left on device
error: unable to create file docs/rust-tauri/R00/STORES.json: No space left on device
error: unable to create file docs/rust-tauri/R00/ask_user_ast_gate.cjs: No space left on device
error: unable to create file docs/rust-tauri/R00/r00_t02_inventory.py: No space left on device
error: unable to create file docs/rust-tauri/R00/r00_t02_source_gates.py: No space left on device
error: unable to create file docs/rust-tauri/R00/r00_t03_build_matrices.py: No space left on device
error: unable to create file docs/rust-tauri/R00/r00_t03_import_graph.mjs: No space left on device
error: unable to create file docs/rust-tauri/R00/r00_t03_validate.py: No space left on device
error: unable to create file docs/rust-tauri/R00/r00_t04_scan.py: No space left on device
error: unable to create file docs/rust-tauri/R00/r00_t07_build_map.py: No space left on device
error: unable to create file docs/rust-tauri/R00/r00_t07_selftest.py: No space left on device
error: unable to create file docs/rust-tauri/R00/r00_t07_validate_ledger.py: No space left on device
error: unable to create file docs/rust-tauri/R00/r00_t08_a15_verify_repro.py: No space left on device
error: unable to create file docs/rust-tauri/R00/r00_t08_a16_spotcheck.py: No space left on device
fatal: cannot create directory at 'docs/rust-tauri/R01': No space left on device
FAIL: cannot check out base 201584f2917a7fd96d6ea603bdeddbd420082cfe in the isolated copy
