2026-10-08T06:03:41.347379Z  INFO lingxi_service: data root resolved effective_home=/var/folders/5r/wq54gtms21gfjgr5v94ynfyh0000gn/T//lingxi-r02t08-a15-home.GqqHwv source=cli ignored_sources=none
2026-10-08T06:03:41.348910Z  INFO lingxi_service: data root prepared (canonicalized; runtime dir private 0700) canonical_home=/private/var/folders/5r/wq54gtms21gfjgr5v94ynfyh0000gn/T/lingxi-r02t08-a15-home.GqqHwv runtime_dir=/private/var/folders/5r/wq54gtms21gfjgr5v94ynfyh0000gn/T/lingxi-r02t08-a15-home.GqqHwv/lingxi-service
2026-10-08T06:03:41.349590Z  INFO lingxi_service: single-writer lock acquired [token] start_nonce=7a41714c4af8711a pid=28719 entropy="os-random-device" lock=/private/var/folders/5r/wq54gtms21gfjgr5v94ynfyh0000gn/T/lingxi-r02t08-a15-home.GqqHwv/lingxi-service/instance.lock network_mode=loopback
2026-10-08T06:03:41.363382Z  INFO lingxi_service: data-epoch gate passed home=/private/var/folders/5r/wq54gtms21gfjgr5v94ynfyh0000gn/T/lingxi-r02t08-a15-home.GqqHwv decision=ProceedStampedNew(EpochStamp { format: V2, minimum_reader_epoch: 1, committed_data_epoch: 1, last_version: Some("0.0.0") })
2026-10-08T06:03:41.419346Z  INFO lingxi_adapters::storage::run_store: run database migrated db=/private/var/folders/5r/wq54gtms21gfjgr5v94ynfyh0000gn/T/lingxi-r02t08-a15-home.GqqHwv/lingxi-service/data/runs.db applied=[1, 2, 3, 4, 5, 6, 7] version=7
2026-10-08T06:03:41.420248Z  INFO lingxi_service: auth service bootstrapped (per-start loopback token, owner-only); run database migrated and seeded local_token_file=/private/var/folders/5r/wq54gtms21gfjgr5v94ynfyh0000gn/T/lingxi-r02t08-a15-home.GqqHwv/lingxi-service/local-token.json run_database=/private/var/folders/5r/wq54gtms21gfjgr5v94ynfyh0000gn/T/lingxi-r02t08-a15-home.GqqHwv/lingxi-service/data/runs.db
2026-10-08T06:03:41.431366Z  INFO lingxi_service: instance record published (atomic write) record=/private/var/folders/5r/wq54gtms21gfjgr5v94ynfyh0000gn/T/lingxi-r02t08-a15-home.GqqHwv/lingxi-service/instance.json bind_addr=127.0.0.1:65373
LINGXI_AUTH_REJECTED request_id="req-d9137045a31547b1df51bf76e38d17ca" method=GET path=/lingxi/v1/me status=401 Unauthorized reason=missing_credential remote=127.0.0.1:65375
2026-10-08T06:03:41.766408Z  INFO lingxi_service: request handled request_id="req-d9137045a31547b1df51bf76e38d17ca" method=GET path=/lingxi/v1/me status=401
2026-10-08T06:03:41.767870Z  INFO lingxi_service: request handled request_id="req-989853dc242c9db3d244f9e3de412868" method=GET path=/lingxi/v1/me status=200
2026-10-08T06:03:41.770527Z  INFO lingxi_service::sessions: run settled through the single finalize path run_id=run_000001a11a1c4148_000001 session_id="sess_local_alpha" outcome=completed.no_final.no_provider_configured input_chars=23 input_bytes=23
2026-10-08T06:03:41.770700Z  INFO lingxi_service: request handled request_id="req-96b74570f48f7b1d97c153a085bc0361" method=POST [token] status=200
2026-10-08T06:03:41.771463Z  INFO lingxi_service: request handled request_id="req-b926ca0533482b19c3001576395a7312" method=GET path=/lingxi/v1/ws status=101
2026-10-08T06:03:41.774042Z  INFO lingxi_service::sessions: run settled through the single finalize path run_id=run_000001a11a1c414d_000002 session_id="sess_local_alpha" outcome=completed.no_final.no_provider_configured input_chars=26 input_bytes=26
2026-10-08T06:03:41.774208Z  INFO lingxi_service: request handled request_id="req-55dce9cca2a210c24cfad6dedb985be7" method=POST [token] status=200
2026-10-08T06:03:41.775117Z  INFO lingxi_service: request handled request_id="req-14d8c87363c9f9c76efa870eefdd865e" method=GET [token] status=200
2026-10-08T06:03:41.776119Z  INFO lingxi_service: request handled request_id="req-b4a690562ed13f156ee7fefdcc2e371f" method=GET [token] status=200
2026-10-08T06:03:41.776617Z  INFO lingxi_service: request handled request_id="req-2553165560bfc05042ce555f16a0414d" method=GET path=/lingxi/v1/ws status=101
2026-10-08T06:03:41.778034Z  WARN lingxi_service: ws session read failed err=Connection reset by peer (os error 54)
2026-10-08T06:03:41.803451Z  INFO lingxi_service: shutdown signal: SIGTERM
2026-10-08T06:03:41.804539Z  INFO lingxi_service::shutdown: run database closed (drained, WAL truncated) phase=storage_close
2026-10-08T06:03:41.804765Z  INFO lingxi_service::shutdown: own instance record removed, lock released phase=record_cleanup
2026-10-08T06:03:41.804853Z  INFO lingxi_service: lingxi-service stopped cleanly (run database closed, own record removed, lock released)
