2026-10-07T17:20:47.935492Z  INFO lingxi_service: data root resolved effective_home=/var/folders/5r/wq54gtms21gfjgr5v94ynfyh0000gn/T//lingxi-r02t08-a15-home.hrvYiJ source=cli ignored_sources=none
2026-10-07T17:20:47.936933Z  INFO lingxi_service: data root prepared (canonicalized; runtime dir private 0700) canonical_home=/private/var/folders/5r/wq54gtms21gfjgr5v94ynfyh0000gn/T/lingxi-r02t08-a15-home.hrvYiJ runtime_dir=/private/var/folders/5r/wq54gtms21gfjgr5v94ynfyh0000gn/T/lingxi-r02t08-a15-home.hrvYiJ/lingxi-service
2026-10-07T17:20:47.937583Z  INFO lingxi_service: single-writer lock acquired [token] start_nonce=e4e76a1c0f02a948 pid=77695 entropy="os-random-device" lock=/private/var/folders/5r/wq54gtms21gfjgr5v94ynfyh0000gn/T/lingxi-r02t08-a15-home.hrvYiJ/lingxi-service/instance.lock network_mode=loopback
2026-10-07T17:20:47.954459Z  INFO lingxi_service: data-epoch gate passed home=/private/var/folders/5r/wq54gtms21gfjgr5v94ynfyh0000gn/T/lingxi-r02t08-a15-home.hrvYiJ decision=ProceedStampedNew(EpochStamp { format: V2, minimum_reader_epoch: 1, committed_data_epoch: 1, last_version: Some("0.0.0") })
2026-10-07T17:20:48.015878Z  INFO lingxi_adapters::storage::run_store: run database migrated db=/private/var/folders/5r/wq54gtms21gfjgr5v94ynfyh0000gn/T/lingxi-r02t08-a15-home.hrvYiJ/lingxi-service/data/runs.db applied=[1, 2, 3, 4, 5, 6, 7] version=7
2026-10-07T17:20:48.016845Z  INFO lingxi_service: auth service bootstrapped (per-start loopback token, owner-only); run database migrated and seeded local_token_file=/private/var/folders/5r/wq54gtms21gfjgr5v94ynfyh0000gn/T/lingxi-r02t08-a15-home.hrvYiJ/lingxi-service/local-token.json run_database=/private/var/folders/5r/wq54gtms21gfjgr5v94ynfyh0000gn/T/lingxi-r02t08-a15-home.hrvYiJ/lingxi-service/data/runs.db
2026-10-07T17:20:48.026490Z  INFO lingxi_service: instance record published (atomic write) record=/private/var/folders/5r/wq54gtms21gfjgr5v94ynfyh0000gn/T/lingxi-r02t08-a15-home.hrvYiJ/lingxi-service/instance.json bind_addr=127.0.0.1:60980
LINGXI_AUTH_REJECTED request_id="req-f239bede918371639de07d64f6b21ad8" method=GET path=/lingxi/v1/me status=401 Unauthorized reason=missing_credential remote=127.0.0.1:60982
2026-10-07T17:20:48.299143Z  INFO lingxi_service: request handled request_id="req-f239bede918371639de07d64f6b21ad8" method=GET path=/lingxi/v1/me status=401
2026-10-07T17:20:48.300725Z  INFO lingxi_service: request handled request_id="req-095aa4f9a92dfb42da51d4f2ad6b8a44" method=GET path=/lingxi/v1/me status=200
2026-10-07T17:20:48.303861Z  INFO lingxi_service::sessions: run settled through the single finalize path run_id=run_000001a11761cead_000001 session_id="sess_local_alpha" outcome=completed.no_final.no_provider_configured input_chars=23 input_bytes=23
2026-10-07T17:20:48.304063Z  INFO lingxi_service: request handled request_id="req-e897ee055aeafaa57ae3fbbec61e4981" method=POST [token] status=200
2026-10-07T17:20:48.304865Z  INFO lingxi_service: request handled request_id="req-1f05ffd56327adf222e87b0de73fa5ae" method=GET path=/lingxi/v1/ws status=101
2026-10-07T17:20:48.307645Z  INFO lingxi_service::sessions: run settled through the single finalize path run_id=run_000001a11761ceb2_000002 session_id="sess_local_alpha" outcome=completed.no_final.no_provider_configured input_chars=26 input_bytes=26
2026-10-07T17:20:48.307789Z  INFO lingxi_service: request handled request_id="req-a445228f5bd37a492f6cb5b824d1e7e8" method=POST [token] status=200
2026-10-07T17:20:48.308702Z  INFO lingxi_service: request handled request_id="req-2fb77afa5bd68b54416412e00bf1e2ec" method=GET [token] status=200
2026-10-07T17:20:48.309782Z  INFO lingxi_service: request handled request_id="req-8065ed7e8445c35d590bd3d6c95d32c6" method=GET [token] status=200
2026-10-07T17:20:48.310336Z  INFO lingxi_service: request handled request_id="req-6309fec687061d2f7fa6726f0e7f7a03" method=GET path=/lingxi/v1/ws status=101
2026-10-07T17:20:48.311839Z  WARN lingxi_service: ws session read failed err=Connection reset by peer (os error 54)
2026-10-07T17:20:48.338124Z  INFO lingxi_service: shutdown signal: SIGTERM
2026-10-07T17:20:48.339231Z  INFO lingxi_service::shutdown: run database closed (drained, WAL truncated) phase=storage_close
2026-10-07T17:20:48.339449Z  INFO lingxi_service::shutdown: own instance record removed, lock released phase=record_cleanup
2026-10-07T17:20:48.339524Z  INFO lingxi_service: lingxi-service stopped cleanly (run database closed, own record removed, lock released)
