== building lingxi-service (rustup 1.98.1, /tmp/rust-target-r02-t03, --locked) ==
== service up addr=127.0.0.1:60762 home=/tmp/lingxi-r02t03-home-YuoYcn ==
== A05: forged identity is ineffective ==
PASS a05-no-credential-read (http=401)
PASS a05-no-credential-read-reason (body contains 'missing_credential')
PASS a05-no-credential-execute (http=401)
PASS a05-no-credential-ws-ticket (http=401)
PASS a05-no-credential-me (http=401)
PASS a05-forged-principal-headers (http=401)
PASS a05-me-with-forged-header (http=200)
PASS a05-me-server-computed (body contains '"kind":"local_user"')
PASS a05-me-never-echoes-forged-values
PASS a05-identity-shaped-body-rejected (http=400)
PASS a05-identity-shaped-body-reason (body contains 'invalid_message')
PASS a05-forged-session-id (http=404)
PASS a05-forged-session-id-reason (body contains 'not_found')
PASS a05-forged-session-id-execute (http=404)
PASS a05-wrong-token (http=401)
PASS a05-wrong-token-reason (body contains 'invalid_credential')
PASS a05-issue-expired-credential (http=201)
PASS a05-issue-foreign-credential (http=201)
PASS a05-foreign-credential-authenticates (http=200)
PASS a05-foreign-principal-kind (body contains '"kind":"device"')
aa2215070e7f162fb3bd572d0293cfa64f3eb28e45cff24c350299b0267b474a  devices.json
df54dd7dc3c20d4dfd12b1107576c6de2a79173bc48179c6cf85db478cb0ba01  device-credentials.json
92f8392e6c586c1625e837a9f6025ef0bb3201c15d6fd9a49e70af9b7628f47c  local-token.json
state before negatives: runCounts=0 0
PASS a05-expired-credential (http=401)
PASS a05-expired-credential-reason (body contains 'invalid_credential')
PASS a05-expired-credential-execute (http=401)
aa2215070e7f162fb3bd572d0293cfa64f3eb28e45cff24c350299b0267b474a  devices.json
df54dd7dc3c20d4dfd12b1107576c6de2a79173bc48179c6cf85db478cb0ba01  device-credentials.json
92f8392e6c586c1625e837a9f6025ef0bb3201c15d6fd9a49e70af9b7628f47c  local-token.json
PASS a05-authn-failures-registry-files-byte-identical
aa2215070e7f162fb3bd572d0293cfa64f3eb28e45cff24c350299b0267b474a  devices.json
df54dd7dc3c20d4dfd12b1107576c6de2a79173bc48179c6cf85db478cb0ba01  device-credentials.json
92f8392e6c586c1625e837a9f6025ef0bb3201c15d6fd9a49e70af9b7628f47c  local-token.json
PASS a05-cross-principal-read (http=403)
PASS a05-cross-principal-read-reason (body contains 'cross_principal_access')
PASS a05-cross-principal-execute (http=403)
750d61877541eeb1bed2e8ac192b5abb9fcb7b75cb8c80bf4d3ecfb44b40509e  devices.json
cfe609935438a6a7717f865aa66acf8744e70010e649c8d7352d5397b7d4ede5  device-credentials.json
92f8392e6c586c1625e837a9f6025ef0bb3201c15d6fd9a49e70af9b7628f47c  local-token.json
PASS a05-authz-negatives-audit-only-changes (devices-before-authz.json vs devices-after-authz.json)
PASS a05-authz-negatives-audit-only-changes (creds-before-authz.json vs creds-after-authz.json)
state after negatives:  runCounts=0 0
PASS a05-no-observable-business-state-change (runCounts stable)
PASS a05-positive-control-owner-execute (http=200)
PASS a05-positive-control-run-id (body contains '"runId":"run_')
PASS a05-positive-control-advanced-run-count (owner execute works, denied ones did not)
== A06: malicious web page cannot ride loopback ==
PASS a06-evil-origin-health (http=403)
PASS a06-evil-origin-health-reason (body contains 'bad_origin')
PASS a06-evil-origin-with-valid-token (http=403)
PASS a06-allowed-origin-http://localhost:60762 (http=200)
PASS a06-allowed-origin-http://127.0.0.1:60762 (http=200)
PASS a06-allowed-origin-file:// (http=200)
PASS a06-allowed-origin-null (http=200)
PASS a06-rebinding-origin-http://sub.localhost:1 (http=403)
PASS a06-rebinding-origin-http://127.0.0.1.evil.example (http=403)
PASS a06-foreign-host-health (http=403)
PASS a06-foreign-host-with-token (http=403)
PASS a06-localhost-host-ok (http=200)
PASS a06-rate-limit-live (429 observed)
rate window expired; continuing
PASS a06-body-limit-live (413 observed)
== WS matrix (includes a real 30s ticket-TTL wait) ==
PASS ws-evil-origin (expected=403 actual=403)
PASS ws-foreign-host (expected=403 actual=403)
PASS ws-no-credential (expected=401 actual=401)
PASS ws-ticket-legit-origin-upgrade (expected=101 actual=101)
PASS ws-server-hello (expected=True actual=True)
PASS ws-session-read-owner (expected=True actual=True)
PASS ws-ticket-replay (expected=401 actual=401)
PASS ws-no-origin-cli-bearer (expected=101 actual=101)
PASS ws-cli-server-hello (expected=True actual=True)
PASS ws-ticket-expired (expected=401 actual=401)
PASS a06-cli-no-origin-owner-read (http=200)
PASS a06-cli-query-token-local (http=200)
PASS a06-non-loopback-bind-requires-explicit-lan-mode (exit 2)
negative protocol log markers on stderr: 20 lines
== ALL CASES PASSED ==
