2026-09-29T11:59:46.793941Z  INFO lingxi_service: data root resolved effective_home=/var/folders/5r/wq54gtms21gfjgr5v94ynfyh0000gn/T//lingxi-r02t07-a13.rYdKE9 source=cli ignored_sources=none
2026-09-29T11:59:46.795088Z  INFO lingxi_service: data root prepared (canonicalized; runtime dir private 0700) canonical_home=/private/var/folders/5r/wq54gtms21gfjgr5v94ynfyh0000gn/T/lingxi-r02t07-a13.rYdKE9 runtime_dir=/private/var/folders/5r/wq54gtms21gfjgr5v94ynfyh0000gn/T/lingxi-r02t07-a13.rYdKE9/lingxi-service
2026-09-29T11:59:46.795548Z  INFO lingxi_service: single-writer lock acquired instance_id=279290a3e88776c9fefd8d2314dae789 start_nonce=36717fa03f221090 pid=55755 entropy="os-random-device" lock=/private/var/folders/5r/wq54gtms21gfjgr5v94ynfyh0000gn/T/lingxi-r02t07-a13.rYdKE9/lingxi-service/instance.lock network_mode=loopback
2026-09-29T11:59:46.808081Z  INFO lingxi_service: data-epoch gate passed home=/private/var/folders/5r/wq54gtms21gfjgr5v94ynfyh0000gn/T/lingxi-r02t07-a13.rYdKE9 decision=ProceedStampedNew(EpochStamp { format: V2, minimum_reader_epoch: 1, committed_data_epoch: 1, last_version: Some("0.0.0") })
2026-09-29T11:59:46.849894Z  INFO lingxi_adapters::storage::run_store: run database migrated db=/private/var/folders/5r/wq54gtms21gfjgr5v94ynfyh0000gn/T/lingxi-r02t07-a13.rYdKE9/lingxi-service/data/runs.db applied=[1, 2, 3, 4] version=4
2026-09-29T11:59:46.850481Z  INFO lingxi_service: auth service bootstrapped (per-start loopback token, owner-only); run database migrated and seeded local_token_file=/private/var/folders/5r/wq54gtms21gfjgr5v94ynfyh0000gn/T/lingxi-r02t07-a13.rYdKE9/lingxi-service/local-token.json run_database=/private/var/folders/5r/wq54gtms21gfjgr5v94ynfyh0000gn/T/lingxi-r02t07-a13.rYdKE9/lingxi-service/data/runs.db
2026-09-29T11:59:46.858926Z  INFO lingxi_service: instance record published (atomic write) record=/private/var/folders/5r/wq54gtms21gfjgr5v94ynfyh0000gn/T/lingxi-r02t07-a13.rYdKE9/lingxi-service/instance.json bind_addr=127.0.0.1:60477
2026-09-29T11:59:46.912250Z  INFO lingxi_service: request handled request_id=req-1ba10244f043720a98f042cb48ed49b5 method=GET path=/lingxi/v1/me status=200
2026-09-29T11:59:46.950516Z  INFO lingxi_service::sessions: run settled through the single finalize path run_id=run_000001a0ed090705_000001 session_id="sess_local_alpha" outcome=completed.no_final.no_provider_configured input_chars=212
2026-09-29T11:59:46.950704Z  INFO lingxi_service: request handled request_id=req-9eb591a86baafdd3c466d22d7c74c07d method=POST path=/lingxi/v1/sessions/sess_local_alpha/execute status=200
2026-09-29T11:59:48.187933Z  INFO lingxi_service: request handled request_id=req-94ef584b5b57962ac7ba65071b96d4c6 method=POST path=/lingxi/v1/devices/credentials status=201
2026-09-29T11:59:48.225749Z  INFO lingxi_service: request handled request_id=req-6179b7a492f8b1ddbe0921410190578d method=POST path=/lingxi/v1/ws-ticket status=200
LINGXI_AUTH_REJECTED request_id=req-48ab84c767d6e82a06cc62d71a9d4804 method=GET path=/lingxi/v1/me status=401 Unauthorized reason=invalid_credential remote=127.0.0.1:60482
2026-09-29T11:59:48.261270Z  INFO lingxi_service: request handled request_id=req-48ab84c767d6e82a06cc62d71a9d4804 method=GET path=/lingxi/v1/me status=401
LINGXI_AUTH_REJECTED request_id=req-30678ce5462d39808eff1eb1ec655ce8 method=GET path=/lingxi/v1/me status=401 Unauthorized reason=missing_credential remote=127.0.0.1:60483
2026-09-29T11:59:48.274296Z  INFO lingxi_service: request handled request_id=req-30678ce5462d39808eff1eb1ec655ce8 method=GET path=/lingxi/v1/me status=401
LINGXI_AUTH_REJECTED request_id=req-f914a0d3c8d1ded5096be2ec4a7f17ba method=GET path=/lingxi/v1/ws status=401 reason=invalid_credential remote=127.0.0.1:60484
2026-09-29T11:59:48.292421Z  INFO lingxi_service: request handled request_id=req-f914a0d3c8d1ded5096be2ec4a7f17ba method=GET path=/lingxi/v1/ws status=401
2026-09-29T11:59:49.546609Z  INFO lingxi_service: request handled request_id=req-7d63a640e610efb0b2384d1ee935652f method=GET path=/lingxi/v1/sessions/sess_local_alpha status=403
2026-09-29T11:59:49.561745Z  INFO lingxi_service: request handled request_id=req-649e15e37b623d60c76f76b0e274d18b method=GET path=/lingxi/v1/sessions/sess_unknown_a13 status=404
LINGXI_AUTH_REJECTED request_id=req-a367e01097b3caaef100a8989a7cc8e8 method=GET path=/lingxi/v1/ws status=401 reason=invalid_credential remote=127.0.0.1:60489
2026-09-29T11:59:49.591605Z  INFO lingxi_service: request handled request_id=req-a367e01097b3caaef100a8989a7cc8e8 method=GET path=/lingxi/v1/ws status=401
2026-09-29T11:59:49.592268Z  INFO lingxi_service: request handled request_id=req-88e506732fa0e4ad8fd500cab4a6fd51 method=GET path=/lingxi/v1/ws status=101
2026-09-29T11:59:49.612548Z  INFO lingxi_service: shutdown signal: SIGTERM
2026-09-29T11:59:49.613777Z  INFO lingxi_service::shutdown: run database closed (drained, WAL truncated) phase=storage_close
2026-09-29T11:59:49.614032Z  INFO lingxi_service::shutdown: own instance record removed, lock released phase=record_cleanup
2026-09-29T11:59:49.614098Z  INFO lingxi_service: lingxi-service stopped cleanly (run database closed, own record removed, lock released)
