
 RUN  v4.1.10 /Users/study_superior/Desktop/Code/LingxiAgent

 ✓ desktop/src/react/__tests__/stores/session-actions-reorder.test.ts (4 tests) 41ms
 ✓ desktop/src/react/__tests__/stores/session-new-session-crosstalk.test.ts (2 tests) 48ms
 ✓ desktop/src/react/__tests__/stores/session-new-session-blank.test.ts (1 test) 51ms
 ✓ desktop/src/react/__tests__/stores/session-new-session-workspace.test.ts (6 tests) 100ms
stdout | desktop/src/react/__tests__/stores/session-actions.test.ts > session-actions > loadMessages 竞态护栏 > 主 bug 回归（#2188）：mid-flight 收到 live message 更新时，跳过 messages hydrate 但仍写入 SessionFile registry
[loadMessages] 跳过 session hydrate: mid-flight 收到 live message 更新 /a

stdout | desktop/src/react/__tests__/stores/session-actions.test.ts > session-actions > loadMessages 竞态护栏 > mid-flight 收到 live todo 更新时，整次 hydrate 跳过，不只跳过 messages
[loadMessages] 跳过 session hydrate: mid-flight 收到 live todo 更新 /a

 ✓ desktop/src/react/__tests__/stores/session-actions.test.ts (90 tests) 148ms
 ✓ desktop/src/react/__tests__/chat-performance/live-turn-structural-isolation.test.ts (2 tests) 38ms
 ✓ desktop/src/react/__tests__/chat-performance/semantic-stream-publication.test.ts (6 tests) 41ms
 ✓ desktop/src/react/__tests__/services/turn-outcome-patterns.test.ts (5 tests) 40ms
stdout | desktop/src/react/__tests__/app-init.test.ts > initApp bridge indicator > treats wechat as a connected bridge when bootstrapping the sidebar dot
[hana-launch] app-ready

stdout | desktop/src/react/__tests__/app-init.test.ts > initApp bridge indicator > refreshes the HttpOnly device web session before opening WebSocket for a persisted LAN frontend
[hana-launch] app-ready

stdout | desktop/src/react/__tests__/app-init.test.ts > initApp bridge indicator > stops startup explicitly when server identity cannot be loaded
[hana-launch] app-ready {"reason":"server-identity-failed"}

stdout | desktop/src/react/__tests__/app-init.test.ts > initApp bridge indicator > initializes the pending workspace from agent home even when cwd history points elsewhere
[hana-launch] app-ready

stdout | desktop/src/react/__tests__/app-init.test.ts > initApp bridge indicator > loads the studio workspace list during bootstrap so the default-workspace merge key is ready for the first session list
[hana-launch] app-ready

stdout | desktop/src/react/__tests__/app-init.test.ts > initApp bridge indicator > hydrates the persisted permission default before showing the pending new-session draft
[hana-launch] app-ready

stdout | desktop/src/react/__tests__/app-init.test.ts > initApp bridge indicator > refreshes local token and rebuilds websocket after server restart
[hana-launch] app-ready

stdout | desktop/src/react/__tests__/app-init.test.ts > initApp bridge indicator > refreshes local restart credentials without stealing an active remote connection
[hana-launch] app-ready

stdout | desktop/src/react/__tests__/services/chat-turn-lifecycle.test.ts > Turn 生命周期与 Session Busy 解耦 > 重复 turn_end 幂等：commit 只发生一次，不产生第二个 AssistantMessage
[stream] duplicate assistant_run_end ignored (exactly-once): stream-turn-1

stdout | desktop/src/react/__tests__/app-init.test.ts > initApp bridge indicator > refreshes the desk default workspace when settings change the current agent workspace
[hana-launch] app-ready

 ✓ desktop/src/react/__tests__/services/chat-turn-lifecycle.test.ts (5 tests) 48ms
stdout | desktop/src/react/__tests__/app-init.test.ts > initApp bridge indicator > ignores workspace changes for non-current agents
[hana-launch] app-ready

stdout | desktop/src/react/__tests__/app-init.test.ts > initApp bridge indicator > clears the previous default desk root when settings clear the current agent workspace
[hana-launch] app-ready

stdout | desktop/src/react/__tests__/app-init.test.ts > initApp bridge indicator > configures context usage requests before settings and websocket handlers dispatch app events
[hana-launch] app-ready

 ✓ desktop/src/react/__tests__/services/terminal-ws-message-handler.test.ts (4 tests) 34ms
stdout | desktop/src/react/__tests__/app-init.test.ts > initApp bridge indicator > opens the in-window settings modal when main process requests settings
[hana-launch] app-ready

 ✓ desktop/src/react/__tests__/app-init.test.ts (13 tests) 590ms
     ✓ treats wechat as a connected bridge when bootstrapping the sidebar dot  532ms
 ✓ desktop/src/react/__tests__/chat-performance/chat-performance-baseline.test.ts (6 tests) 148ms
stdout | desktop/src/react/__tests__/chat-performance/p07-stream-buffer-wallclock.test.ts > P07-T04 stream buffer wall-clock profile > canonical segment 流 50,000 delta：吞吐、有界刷新与响应度（真实计时器）
P07_UI_SAMPLE {"deltas":50000,"burst_wall_ms":19.9,"handle_per_sec":2515750,"stream_flush_count":2,"markdown_parse_count":0,"structural_updates":1,"probe_max_drift_ms":14.8}

 ✓ desktop/src/react/__tests__/services/ws-notification.test.ts (5 tests) 30ms
 ✓ desktop/src/react/__tests__/services/channel-new-message-ws.test.ts (9 tests) 32ms
 ✓ desktop/src/react/__tests__/services/composer-send-coordinator.test.ts (33 tests) 118ms
 ✓ desktop/src/react/__tests__/services/ws-todo-panel-lifecycle.test.ts (13 tests) 41ms
 ✓ desktop/src/react/__tests__/chat-performance/p07-stream-buffer-wallclock.test.ts (2 tests) 461ms
 ✓ desktop/src/react/__tests__/services/composer-reconciliation.round2.test.ts (21 tests) 366ms
 ✓ desktop/src/react/__tests__/components/composer-send.transaction.test.ts (22 tests) 741ms
     ✓ R03-03：点击编辑同步取消慢附件，保存后仅提交新正文  411ms

 Test Files  19 passed (19)
      Tests  249 passed (249)
   Start at  21:16:18
   Duration  1.97s (transform 7.58s, setup 360ms, import 9.18s, tests 3.12s, environment 1.81s)

