   Compiling serde_core v1.0.229
   Compiling serde_json v1.0.151
   Compiling futures-channel v0.3.34
   Compiling regex-syntax v0.8.11
   Compiling futures-task v0.3.34
   Compiling sync_wrapper v1.0.2
   Compiling hashbrown v0.17.1
   Compiling num-traits v0.2.19
   Compiling slab v0.4.12
   Compiling syn v3.0.6
   Compiling syn v2.0.119
   Compiling futures-util v0.3.34
   Compiling hashlink v0.12.2
   Compiling rusqlite v0.40.2
   Compiling regex-automata v0.4.18
   Compiling serde_derive_internals v0.30.0
   Compiling tokio-macros v2.7.2
   Compiling serde_derive v1.0.229
   Compiling ref-cast-impl v1.0.27
   Compiling schemars_derive v1.2.2
   Compiling matchers v0.2.0
   Compiling ref-cast v1.0.27
   Compiling tokio v1.53.1
   Compiling tracing-attributes v0.1.31
   Compiling tracing v0.1.44
   Compiling chrono v0.4.45
   Compiling axum-core v0.5.6
   Compiling tracing-subscriber v0.3.23
   Compiling serde v1.0.229
   Compiling serde_path_to_error v0.1.20
   Compiling schemars v1.2.2
   Compiling serde_urlencoded v0.7.1
   Compiling hyper v1.11.1
   Compiling tower v0.5.3
   Compiling tokio-rustls v0.26.5
   Compiling hyper-util v0.1.21
   Compiling axum v0.8.9
   Compiling lingxi-protocol v0.0.0 (/Users/study_superior/Desktop/Code/LingxiAgent/rust/crates/lingxi-protocol)
   Compiling lingxi-kernel v0.0.0 (/Users/study_superior/Desktop/Code/LingxiAgent/rust/crates/lingxi-kernel)
   Compiling lingxi-adapters v0.0.0 (/Users/study_superior/Desktop/Code/LingxiAgent/rust/crates/lingxi-adapters)
   Compiling lingxi-service v0.0.0 (/Users/study_superior/Desktop/Code/LingxiAgent/rust/crates/lingxi-service)
    Finished `test` profile [unoptimized + debuginfo] target(s) in 11.05s
     Running tests/recovery_startup_scan.rs (/tmp/r03-t07-target/debug/deps/recovery_startup_scan-c8ab621d61a48c97)

running 7 tests
test explicit_recovery_pass_replays_idempotently_after_the_scan ... ok
test startup_scan_classifies_readonly_and_idempotent_unknowns ... ok
test startup_scan_completes_cancelling_runs_and_respects_terminal_rows ... ok
test startup_scan_is_idempotent_across_double_restarts ... ok
test startup_scan_resolves_a_crashed_running_run_with_explainable_interruption ... ok
test submissions_work_normally_after_a_recovery_scan ... ok
test waiting_approval_run_walks_the_legal_path_to_interruption ... ok

test result: ok. 7 passed; 0 failed; 0 ignored; 0 measured; 0 filtered out; finished in 0.55s

EXIT=0
