== cargo run -p xtask -- check-contracts --locked ==
OK: 56 generated files match regeneration (no diff) under /Users/study_superior/Desktop/Code/LingxiAgent/contracts/generated
OK: API_COMPAT_MATRIX.json matches regeneration (626 entries)
OK: all generated artifacts are drift-free
xtask: [bash scripts/rust-tauri/r01-t02-check-generated.sh] exit 0 (OK)
EXIT=
== cargo run -p xtask -- check-boundaries --locked ==
PASS O1 OK: 736 features, exactly one assignment each
PASS O3/O6 OK: every feature owner exists and is an authority kind
PASS O2 OK: 69 stores, exactly one owner each
PASS O8 OK: authoritative stores owned by authority kinds, written by rust-service only
PASS O4/O5 OK: 11 critical facts, single authority-kind owner each
PASS O7 OK: counts coherent
PASS O7-drift OK: OWNERSHIP_TARGET_UP_TO_DATE features=736 stores=69
PASS D5 OK: module registry matches disk and cargo metadata (exists modules present, planned modules absent)
PASS rule DEP-01 OK for module lingxi-protocol
PASS rule DEP-02 OK for module lingxi-kernel
PASS rule DEP-03 OK for module lingxi-kernel
PASS rule DEP-04 OK for module lingxi-protocol
PASS rule DEP-09 OK for module lingxi-adapters
PASS rule DEP-06 OK for module lingxi-kernel
PASS rule DEP-07 OK for module lingxi-protocol
PASS rule DEP-07 OK for module lingxi-kernel
PASS rule DEP-07 OK for module lingxi-adapters
PASS rule DEP-07 OK for module lingxi-service
PASS rule DEP-07 OK for module xtask
PASS rule DEP-07 OK for module lingxi-spike
PASS rule DEP-07 OK for module lingxi-browser-spike
PASS rule DEP-08 OK for module lingxi-kernel
PASS D5-reverse OK: every cargo workspace member is a registered module
RESULT: OK (ownership contract + dependency rules + negative battery)
xtask: [python3 -B docs/rust-tauri/R01/r01_t01_check_ownership.py] exit 0 (OK)
EXIT=
