warning: field `dropped` is never read
  --> crates/lingxi-service/tests/r05_t08_production_tools.rs:67:5
   |
63 | struct StubServer {
   |        ---------- field in this struct
...
67 |     dropped: Arc<AtomicUsize>,
   |     ^^^^^^^
   |
   = note: `#[warn(dead_code)]` (part of `#[warn(unused)]`) on by default

warning: field `stderr_lines` is never read
   --> crates/lingxi-service/tests/r05_t08_production_tools.rs:317:5
    |
314 | struct ServiceChild {
    |        ------------ field in this struct
...
317 |     stderr_lines: Arc<Mutex<Vec<String>>>,
    |     ^^^^^^^^^^^^

warning: method `stderr` is never used
   --> crates/lingxi-service/tests/r05_t08_production_tools.rs:408:8
    |
322 | impl ServiceChild {
    | ----------------- method in this implementation
...
408 |     fn stderr(&self) -> String {
    |        ^^^^^^

warning: field `config_path` is never read
   --> crates/lingxi-service/tests/r05_t08_production_tools.rs:545:5
    |
542 | struct Harness {
    |        ------- field in this struct
...
545 |     config_path: PathBuf,
    |     ^^^^^^^^^^^

warning: `lingxi-service` (test "r05_t08_production_tools") generated 4 warnings
    Finished `test` profile [unoptimized + debuginfo] target(s) in 0.10s
     Running tests/r05_t08_production_tools.rs (rust/target/debug/deps/r05_t08_production_tools-77f8e8539c0a9a3b)

running 6 tests
test f24_exec_command_runs_a_real_subprocess_end_to_end has been running for over 60 seconds
test f24_exec_command_workdir_outside_the_workspace_is_refused has been running for over 60 seconds
test f24_exec_command_workdir_outside_the_workspace_is_refused ... FAILED
test f24_exec_command_runs_a_real_subprocess_end_to_end ... FAILED
test f24_sigterm_with_parked_callback_reaps_the_worker_child ... FAILED
test f24_worker_child_environment_carries_no_credential_material ... FAILED
test f24_worker_nested_chain_under_global_permit_one ... FAILED
test f24_production_wire_declares_the_four_tools ... FAILED

failures:

---- f24_exec_command_workdir_outside_the_workspace_is_refused stdout ----

thread 'f24_exec_command_workdir_outside_the_workspace_is_refused' (12426787) panicked at crates/lingxi-service/tests/r05_t08_production_tools.rs:686:13:
run run_000001a10c7f9e1d_000001 never reached completed; last status: failed
note: run with `RUST_BACKTRACE=1` environment variable to display a backtrace

---- f24_exec_command_runs_a_real_subprocess_end_to_end stdout ----

thread 'f24_exec_command_runs_a_real_subprocess_end_to_end' (12426786) panicked at crates/lingxi-service/tests/r05_t08_production_tools.rs:686:13:
run run_000001a10c7f9e1a_000001 never reached completed; last status: failed

---- f24_sigterm_with_parked_callback_reaps_the_worker_child stdout ----

thread 'f24_sigterm_with_parked_callback_reaps_the_worker_child' (12428024) panicked at crates/lingxi-service/tests/r05_t08_production_tools.rs:370:17:
the real binary exited before readiness
stderr so far:
error: invalid --config "/var/folders/5r/wq54gtms21gfjgr5v94ynfyh0000gn/T/lingxi-r05f24-wreap-cfg-2545-1791211142597777000/service.json": unknown key "workers" (the closed key set is "home", "workspace", "providers", "models")
(the config-declared worker registration path refused startup — see above)

---- f24_worker_child_environment_carries_no_credential_material stdout ----

thread 'f24_worker_child_environment_carries_no_credential_material' (12428083) panicked at crates/lingxi-service/tests/r05_t08_production_tools.rs:370:17:
the real binary exited before readiness
stderr so far:
error: invalid --config "/var/folders/5r/wq54gtms21gfjgr5v94ynfyh0000gn/T/lingxi-r05f24-wenv-cfg-2545-1791211142615363000/service.json": unknown key "workers" (the closed key set is "home", "workspace", "providers", "models")
(the config-declared worker registration path refused startup — see above)

---- f24_worker_nested_chain_under_global_permit_one stdout ----

thread 'f24_worker_nested_chain_under_global_permit_one' (12428113) panicked at crates/lingxi-service/tests/r05_t08_production_tools.rs:370:17:
the real binary exited before readiness
stderr so far:
error: unknown argument "--model-global-permits"
(the config-declared worker registration path refused startup — see above)

---- f24_production_wire_declares_the_four_tools stdout ----

thread 'f24_production_wire_declares_the_four_tools' (12428023) panicked at crates/lingxi-service/tests/r05_t08_production_tools.rs:812:9:
the production wire must declare exec_command; got ["edit", "read", "write"] (F24/CL-05: process tools stay unregistered in the frozen candidate)


failures:
    f24_exec_command_runs_a_real_subprocess_end_to_end
    f24_exec_command_workdir_outside_the_workspace_is_refused
    f24_production_wire_declares_the_four_tools
    f24_sigterm_with_parked_callback_reaps_the_worker_child
    f24_worker_child_environment_carries_no_credential_material
    f24_worker_nested_chain_under_global_permit_one

test result: FAILED. 0 passed; 6 failed; 0 ignored; 0 measured; 0 filtered out; finished in 91.04s

error: test failed, to rerun pass `-p lingxi-service --test r05_t08_production_tools`
