   Compiling serde_core v1.0.229
   Compiling serde v1.0.229
   Compiling serde_json v1.0.151
   Compiling futures-channel v0.3.34
   Compiling slab v0.4.12
   Compiling futures-task v0.3.34
   Compiling regex-syntax v0.8.11
   Compiling num-traits v0.2.19
   Compiling hashbrown v0.17.1
   Compiling sync_wrapper v1.0.2
   Compiling syn v3.0.6
   Compiling syn v2.0.119
   Compiling futures-util v0.3.34
   Compiling hashlink v0.12.2
   Compiling rusqlite v0.40.2
   Compiling regex-automata v0.4.18
   Compiling serde_derive_internals v0.30.0
   Compiling tokio-macros v2.7.2
   Compiling serde_derive v1.0.229
   Compiling ref-cast-impl v1.0.27
   Compiling schemars_derive v1.2.2
   Compiling matchers v0.2.0
   Compiling ref-cast v1.0.27
   Compiling tokio v1.53.1
   Compiling tracing-attributes v0.1.31
   Compiling tracing v0.1.44
   Compiling chrono v0.4.45
   Compiling serde_path_to_error v0.1.20
   Compiling axum-core v0.5.6
   Compiling tracing-subscriber v0.3.23
   Compiling schemars v1.2.2
   Compiling serde_urlencoded v0.7.1
   Compiling hyper v1.11.1
   Compiling tower v0.5.3
   Compiling tokio-rustls v0.26.5
   Compiling hyper-util v0.1.21
   Compiling axum v0.8.9
   Compiling lingxi-protocol v0.0.0 (/Users/study_superior/Desktop/Code/LingxiAgent/rust/crates/lingxi-protocol)
   Compiling lingxi-kernel v0.0.0 (/Users/study_superior/Desktop/Code/LingxiAgent/rust/crates/lingxi-kernel)
   Compiling lingxi-adapters v0.0.0 (/Users/study_superior/Desktop/Code/LingxiAgent/rust/crates/lingxi-adapters)
   Compiling lingxi-service v0.0.0 (/Users/study_superior/Desktop/Code/LingxiAgent/rust/crates/lingxi-service)
    Finished `test` profile [unoptimized + debuginfo] target(s) in 11.08s
     Running tests/recovery_crash_points.rs (/tmp/r03-t07-review-target/debug/deps/recovery_crash_points-d13f7a91936ae573)

running 2 tests
test crash_child_boundary_harness ... ok
R03_A13_TRACE: kill9_matrix cases=11 all_honest=true
test r03_a13_kill9_crash_matrix_honest_restart_presentation ... ok

test result: ok. 2 passed; 0 failed; 0 ignored; 0 measured; 0 filtered out; finished in 0.87s

EXIT=0
