== run 2026-09-27T04:47:51+0800 (pid 38954) ==
== R02-T07 / R02-A14 slow-subscriber storm (toolchain 1.98.1, target /tmp/rust-target-r02-t08) ==
== building lingxi-service (--locked, offline) ==
PASS build
== starting service (event-subscriber-queue=4, max-ws-connections=8) ==
PASS service ready at 127.0.0.1:56817 (pid 38973)
== S1/S2: subscriber A stops reading; B keeps reading; writers commit key events until the subscriber-queue cap is reached ==
A subscribed: {'frameKind': 'control', 'fromSeq': '0', 'mode': 'snapshot', 'snapshotSeq': '0', 'streamId': 'sess_local_alpha', 'type': 'subscribed'}
B subscribed: {'frameKind': 'control', 'fromSeq': '0', 'mode': 'snapshot', 'snapshotSeq': '0', 'streamId': 'sess_local_alpha', 'type': 'subscribed'}
writer storm done: 1000 requests, statuses ['200']
sequential phase done: 1200 requests, statuses ['200']
B reader ended: TimeoutError('timed out') count=3288
durable head: 3288 key events
B merged view complete: 3288/3288 key events (live-only: True)
A detached explicitly: reason=slow_consumer (buffered key events delivered before the signal: 1437)
A resubscribed after detach: fresh subscribed control received
STORM COMPLETE
PASS S1: all 1000 concurrent executes answered 200 (writers not stalled by the slow subscriber; count read from storm-results.json)
PASS S1: healthy subscriber B's merged view equals the durable head (no silent loss)
PASS S2: slow subscriber A got the EXPLICIT snapshot_required (reason=slow_consumer) and resubscribed
== S3: memory bound (real RSS samples during the storm) ==
RSS first=10928 KB peak=16192 KB final=16192 KB growth=5264 KB ceiling=512000 KB -> BOUNDED
PASS S3: RSS stayed bounded during the sustained storm (see rss-samples.csv)
== S4: server detach line with real queue stats ==
PASS S4: server logged the detach with queue_capacity=4 and the slow_consumer reason
== stopping service (graceful) ==
== R02-A14 evidence complete ==
