2026-10-04T04:09:47.006882Z  INFO lingxi_service: data root resolved effective_home=/var/folders/5r/wq54gtms21gfjgr5v94ynfyh0000gn/T//lingxi-r02t08-a15-home.7Bodhk source=cli ignored_sources=none
2026-10-04T04:09:47.008381Z  INFO lingxi_service: data root prepared (canonicalized; runtime dir private 0700) canonical_home=/private/var/folders/5r/wq54gtms21gfjgr5v94ynfyh0000gn/T/lingxi-r02t08-a15-home.7Bodhk runtime_dir=/private/var/folders/5r/wq54gtms21gfjgr5v94ynfyh0000gn/T/lingxi-r02t08-a15-home.7Bodhk/lingxi-service
2026-10-04T04:09:47.008778Z  INFO lingxi_service: single-writer lock acquired [token] start_nonce=2c078fe1d59a41c9 pid=89173 entropy="os-random-device" lock=/private/var/folders/5r/wq54gtms21gfjgr5v94ynfyh0000gn/T/lingxi-r02t08-a15-home.7Bodhk/lingxi-service/instance.lock network_mode=loopback
2026-10-04T04:09:47.020828Z  INFO lingxi_service: data-epoch gate passed home=/private/var/folders/5r/wq54gtms21gfjgr5v94ynfyh0000gn/T/lingxi-r02t08-a15-home.7Bodhk decision=ProceedStampedNew(EpochStamp { format: V2, minimum_reader_epoch: 1, committed_data_epoch: 1, last_version: Some("0.0.0") })
2026-10-04T04:09:47.077472Z  INFO lingxi_adapters::storage::run_store: run database migrated db=/private/var/folders/5r/wq54gtms21gfjgr5v94ynfyh0000gn/T/lingxi-r02t08-a15-home.7Bodhk/lingxi-service/data/runs.db applied=[1, 2, 3, 4, 5] version=5
2026-10-04T04:09:47.078606Z  INFO lingxi_service: auth service bootstrapped (per-start loopback token, owner-only); run database migrated and seeded local_token_file=/private/var/folders/5r/wq54gtms21gfjgr5v94ynfyh0000gn/T/lingxi-r02t08-a15-home.7Bodhk/lingxi-service/local-token.json run_database=/private/var/folders/5r/wq54gtms21gfjgr5v94ynfyh0000gn/T/lingxi-r02t08-a15-home.7Bodhk/lingxi-service/data/runs.db
2026-10-04T04:09:47.089773Z  INFO lingxi_service: instance record published (atomic write) record=/private/var/folders/5r/wq54gtms21gfjgr5v94ynfyh0000gn/T/lingxi-r02t08-a15-home.7Bodhk/lingxi-service/instance.json bind_addr=127.0.0.1:61083
LINGXI_AUTH_REJECTED [token] method=GET path=/lingxi/v1/me status=401 Unauthorized reason=missing_credential remote=127.0.0.1:61085
2026-10-04T04:09:47.261292Z  INFO lingxi_service: request handled [token] method=GET path=/lingxi/v1/me status=401
2026-10-04T04:09:47.262478Z  INFO lingxi_service: request handled [token] method=GET path=/lingxi/v1/me status=200
2026-10-04T04:09:47.264767Z  INFO lingxi_service::sessions: run settled through the single finalize path run_id=run_000001a1051a87ff_000001 session_id="sess_local_alpha" outcome=completed.no_final.no_provider_configured input_chars=23 input_bytes=23
2026-10-04T04:09:47.264926Z  INFO lingxi_service: request handled [token] method=POST [token] status=200
2026-10-04T04:09:47.265568Z  INFO lingxi_service: request handled [token] method=GET path=/lingxi/v1/ws status=101
2026-10-04T04:09:47.267973Z  INFO lingxi_service::sessions: run settled through the single finalize path run_id=run_000001a1051a8803_000002 session_id="sess_local_alpha" outcome=completed.no_final.no_provider_configured input_chars=26 input_bytes=26
2026-10-04T04:09:47.268127Z  INFO lingxi_service: request handled [token] method=POST [token] status=200
2026-10-04T04:09:47.268889Z  INFO lingxi_service: request handled [token] method=GET [token] status=200
2026-10-04T04:09:47.269735Z  INFO lingxi_service: request handled [token] method=GET [token] status=200
2026-10-04T04:09:47.270184Z  INFO lingxi_service: request handled [token] method=GET path=/lingxi/v1/ws status=101
2026-10-04T04:09:47.271556Z  WARN lingxi_service: ws session read failed err=Connection reset by peer (os error 54)
2026-10-04T04:09:47.294967Z  INFO lingxi_service: shutdown signal: SIGTERM
2026-10-04T04:09:47.295917Z  INFO lingxi_service::shutdown: run database closed (drained, WAL truncated) phase=storage_close
2026-10-04T04:09:47.296154Z  INFO lingxi_service::shutdown: own instance record removed, lock released phase=record_cleanup
2026-10-04T04:09:47.296229Z  INFO lingxi_service: lingxi-service stopped cleanly (run database closed, own record removed, lock released)
