✗ VERIFIED_SOURCE_SHA 之后出现非审计文件改动（禁止修改生产代码/测试逻辑/runtime artifacts）:
  - .gitignore
  - "Lingxi_Refactor_Taskbooks_2026-09-21/00_README_\346\200\273\345\205\245\345\217\243.md"
  - "Lingxi_Refactor_Taskbooks_2026-09-21/01_\351\200\232\347\224\250\346\211\247\350\241\214\347\272\246\346\235\237.md"
  - "Lingxi_Refactor_Taskbooks_2026-09-21/90_\346\272\220\347\240\201\344\276\235\346\215\256\344\270\216\345\217\202\350\200\203\350\265\204\346\226\231.md"
  - "Lingxi_Refactor_Taskbooks_2026-09-21/91_\346\211\247\350\241\214\346\217\220\347\244\272\350\257\215.md"
  - "Lingxi_Refactor_Taskbooks_2026-09-21/92_\344\272\244\344\273\230\344\270\216\351\252\214\346\224\266\346\250\241\346\235\277.md"
  - "Lingxi_Refactor_Taskbooks_2026-09-21/93_\344\273\273\345\212\241\344\271\246\350\264\250\351\207\217\346\243\200\346\237\245\346\212\245\345\221\212.md"
  - Lingxi_Refactor_Taskbooks_2026-09-21/MANIFEST.sha256
  - "Lingxi_Refactor_Taskbooks_2026-09-21/P00_\345\237\272\347\272\277\343\200\201\350\214\203\345\233\264\344\270\216\351\252\214\346\224\266\345\234\260\345\233\276.md"
  - "Lingxi_Refactor_Taskbooks_2026-09-21/P01_\346\250\241\345\235\227\350\276\271\347\225\214\343\200\201Pi\351\200\202\351\205\215\344\270\216\344\270\245\346\240\274\347\261\273\345\236\213\345\205\245\345\217\243.md"
  - "Lingxi_Refactor_Taskbooks_2026-09-21/P02_\350\277\220\350\241\214\350\272\253\344\273\275\343\200\201\347\224\237\345\221\275\345\221\250\346\234\237\343\200\201\345\217\226\346\266\210\344\270\216\346\201\242\345\244\215.md"
  - "Lingxi_Refactor_Taskbooks_2026-09-21/P03_\345\267\245\345\205\267\347\233\256\345\275\225\343\200\201\345\217\202\346\225\260\345\245\221\347\272\246\344\270\216\347\273\237\344\270\200\346\211\247\350\241\214\350\276\271\347\225\214.md"
  - "Lingxi_Refactor_Taskbooks_2026-09-21/P04_\346\250\241\345\236\213\343\200\201\345\207\255\350\257\201\343\200\201\346\265\201\345\274\217\350\257\267\346\261\202\344\270\216\347\224\250\351\207\217\350\247\202\346\265\213.md"
  - "Lingxi_Refactor_Taskbooks_2026-09-21/P05_\346\266\210\346\201\257\350\257\255\344\271\211\343\200\201\345\216\206\345\217\262\346\201\242\345\244\215\343\200\201\350\265\204\346\272\220\344\270\216\346\225\260\346\215\256\345\205\274\345\256\271.md"
  - "Lingxi_Refactor_Taskbooks_2026-09-21/P06_\344\270\212\344\270\213\346\226\207\343\200\201\346\217\220\347\244\272\350\257\215\343\200\201\350\256\260\345\277\206\344\270\216\350\203\275\345\212\233\351\233\206\346\210\220.md"
  - "Lingxi_Refactor_Taskbooks_2026-09-21/P07_\345\217\257\346\265\213\351\207\217\347\232\204\345\220\257\345\212\250\343\200\201\350\277\220\350\241\214\344\270\216\347\225\214\351\235\242\346\200\247\350\203\275\344\274\230\345\214\226.md"
  - "Lingxi_Refactor_Taskbooks_2026-09-21/P08_\346\227\247\350\267\257\345\276\204\351\200\200\345\207\272\343\200\201\345\205\250\344\272\247\345\223\201\345\233\236\345\275\222\344\270\216\345\217\221\345\270\203\345\207\206\345\244\207.md"
  - Lingxi_Refactor_Taskbooks_2026-09-21/acceptance-catalog.json
  - artifacts/rust-tauri/R00/T01/R00-A01.result-r1.json
  - artifacts/rust-tauri/R00/T01/R00-A01.result.json
  - artifacts/rust-tauri/R00/T01/R00-A02.result.json
  - artifacts/rust-tauri/R00/T01/artifact-integrity-r2.txt
  - artifacts/rust-tauri/R00/T01/artifact-integrity.txt
  - artifacts/rust-tauri/R00/T01/build_candidate_summary_r2.py
  - artifacts/rust-tauri/R00/T01/candidate-negative-r3.txt
  - artifacts/rust-tauri/R00/T01/candidate-negative-r4-c7c5019be0a2d94ac4e7d95d.txt
  - artifacts/rust-tauri/R00/T01/candidate-negative-r4-f5bbd803bf18758f73a76379.txt
  - artifacts/rust-tauri/R00/T01/candidate-negative-r4-final.txt
  - artifacts/rust-tauri/R00/T01/candidate-negative-r4-final2.txt
  - artifacts/rust-tauri/R00/T01/candidate-negative-r4b-f5bbd803bf18758f73a76379.txt
  - artifacts/rust-tauri/R00/T01/candidate-summary-r2.json
  - artifacts/rust-tauri/R00/T01/candidate-verify-r4.json
  - artifacts/rust-tauri/R00/T01/dev-launcher-override.json
  - artifacts/rust-tauri/R00/T01/finalize_results_r3.py
  - artifacts/rust-tauri/R00/T01/finalize_results_r4.py
  - artifacts/rust-tauri/R00/T01/git-status-final.txt
  - artifacts/rust-tauri/R00/T01/isolated-tree-summary.json
  - artifacts/rust-tauri/R00/T01/probe-regression-r2.txt
  - artifacts/rust-tauri/R00/T01/probe-regression-r3-final.txt
  - artifacts/rust-tauri/R00/T01/probe-regression-r3.txt
  - artifacts/rust-tauri/R00/T01/probe-regression-r4-c7c5019be0a2d94ac4e7d95d.txt
  - artifacts/rust-tauri/R00/T01/probe-regression-r4-f5bbd803bf18758f73a76379.txt
  - artifacts/rust-tauri/R00/T01/probe-regression-r4-final.txt
  - artifacts/rust-tauri/R00/T01/sandbox-denial.txt
  - artifacts/rust-tauri/R00/T01/server-stderr-attempt1.txt
  - artifacts/rust-tauri/R00/T01/server-stderr-attempt2-deny-all.txt
  - artifacts/rust-tauri/R00/T01/server-stderr-attempt3.txt
  - artifacts/rust-tauri/R00/T01/server-stderr-r2-attempt1.txt
  - artifacts/rust-tauri/R00/T01/server-stderr-r2.txt
  - artifacts/rust-tauri/R00/T01/server-stderr-r3-5cc673966167ef10c4b0332f.txt
  - artifacts/rust-tauri/R00/T01/server-stderr-r3-81810c93302dd6e4dbd26aef.txt
  - artifacts/rust-tauri/R00/T01/server-stderr-r3-b0e1de4a10026986fc615e34.txt
  - artifacts/rust-tauri/R00/T01/server-stderr-r3-c7c5019be0a2d94ac4e7d95d.txt
  - artifacts/rust-tauri/R00/T01/server-stderr-r3-e0d8c213225442074a0373b0.txt
  - artifacts/rust-tauri/R00/T01/server-stderr-r3-f5bbd803bf18758f73a76379.txt
  - artifacts/rust-tauri/R00/T01/server-stderr.txt
  - artifacts/rust-tauri/R00/T01/server-stdout-attempt1.txt
  - artifacts/rust-tauri/R00/T01/server-stdout-attempt2-deny-all.txt
  - artifacts/rust-tauri/R00/T01/server-stdout-attempt3.txt
  - artifacts/rust-tauri/R00/T01/server-stdout-r2-attempt1.txt
  - artifacts/rust-tauri/R00/T01/server-stdout-r2.txt
  - artifacts/rust-tauri/R00/T01/server-stdout-r3-5cc673966167ef10c4b0332f.txt
  - artifacts/rust-tauri/R00/T01/server-stdout-r3-81810c93302dd6e4dbd26aef.txt
  - artifacts/rust-tauri/R00/T01/server-stdout-r3-b0e1de4a10026986fc615e34.txt
  - artifacts/rust-tauri/R00/T01/server-stdout-r3-c7c5019be0a2d94ac4e7d95d.txt
  - artifacts/rust-tauri/R00/T01/server-stdout-r3-e0d8c213225442074a0373b0.txt
  - artifacts/rust-tauri/R00/T01/server-stdout-r3-f5bbd803bf18758f73a76379.txt
  - artifacts/rust-tauri/R00/T01/server-stdout.txt
  - artifacts/rust-tauri/R00/T01/startup-probe-attempt1.json
  - artifacts/rust-tauri/R00/T01/startup-probe-attempt2-deny-all.json
  - artifacts/rust-tauri/R00/T01/startup-probe-attempt3.json
  - artifacts/rust-tauri/R00/T01/startup-probe-r2-attempt1.json
  - artifacts/rust-tauri/R00/T01/startup-probe-r2.json
  - artifacts/rust-tauri/R00/T01/startup-probe-r3-5cc673966167ef10c4b0332f.json
  - artifacts/rust-tauri/R00/T01/startup-probe-r3-81810c93302dd6e4dbd26aef.json
  - artifacts/rust-tauri/R00/T01/startup-probe-r3-b0e1de4a10026986fc615e34.json
  - artifacts/rust-tauri/R00/T01/startup-probe-r3-c7c5019be0a2d94ac4e7d95d.json
  - artifacts/rust-tauri/R00/T01/startup-probe-r3-e0d8c213225442074a0373b0.json
  - artifacts/rust-tauri/R00/T01/startup-probe-r3-f5bbd803bf18758f73a76379.json
  - artifacts/rust-tauri/R00/T01/startup-probe.json
  - artifacts/rust-tauri/R00/T01/startup_probe.py
  - artifacts/rust-tauri/R00/T01/startup_probe_r2.py
  - artifacts/rust-tauri/R00/T01/targeted-tests-r2.txt
  - artifacts/rust-tauri/R00/T01/targeted-tests-r3.txt
  - artifacts/rust-tauri/R00/T01/targeted-tests-r4-c7c5019be0a2d94ac4e7d95d.txt
  - artifacts/rust-tauri/R00/T01/targeted-tests-r4-f5bbd803bf18758f73a76379.txt
  - artifacts/rust-tauri/R00/T01/targeted-tests.txt
  - artifacts/rust-tauri/R00/T01/test_candidate_r3.py
  - artifacts/rust-tauri/R00/T01/test_startup_probe_r2.py
  - artifacts/rust-tauri/R00/T01/test_startup_probe_r4.py
  - artifacts/rust-tauri/R00/T01/test_worktree_verify_r3.py
  - artifacts/rust-tauri/R00/T01/verify_candidate_r2.py
  - artifacts/rust-tauri/R00/T01/worktree-after.json
  - artifacts/rust-tauri/R00/T01/worktree-before.json
  - artifacts/rust-tauri/R00/T01/worktree-preservation-r2.json
  - artifacts/rust-tauri/R00/T01/worktree-preservation.json
  - artifacts/rust-tauri/R00/T01/worktree-regression-r3.txt
  - artifacts/rust-tauri/R00/T01/worktree-regression-r4-c7c5019be0a2d94ac4e7d95d.txt
  - artifacts/rust-tauri/R00/T01/worktree-regression-r4-f5bbd803bf18758f73a76379.txt
  - artifacts/rust-tauri/R00/T01/worktree_current.py
  - artifacts/rust-tauri/R00/T01/worktree_snapshot.py
  - artifacts/rust-tauri/R00/T01/worktree_verify_r2.py
  - artifacts/rust-tauri/R00/T04/deliverable-hashes.txt
  - artifacts/rust-tauri/R00/T04/final-run-stdout.txt
  - artifacts/rust-tauri/R00/T04/scan-output.json
  - artifacts/rust-tauri/R00/T05/REPLAY_SUMMARY.json
  - artifacts/rust-tauri/R00/T05/normalized-diff-run1-run2.txt
  - artifacts/rust-tauri/R00/T05/normalized-diff-run1-run3.txt
  - artifacts/rust-tauri/R00/T05/run-1/attachments-lifecycle.normalized.json
  - artifacts/rust-tauri/R00/T05/run-1/attachments-lifecycle.raw.json
  - artifacts/rust-tauri/R00/T05/run-1/auth-server-deny.normalized.json
  - artifacts/rust-tauri/R00/T05/run-1/auth-server-deny.raw.json
  - artifacts/rust-tauri/R00/T05/run-1/cancel-edges.normalized.json
  - artifacts/rust-tauri/R00/T05/run-1/cancel-edges.raw.json
  - artifacts/rust-tauri/R00/T05/run-1/corrupted-tail.normalized.json
  - artifacts/rust-tauri/R00/T05/run-1/corrupted-tail.raw.json
  - artifacts/rust-tauri/R00/T05/run-1/fork-lineage.normalized.json
  - artifacts/rust-tauri/R00/T05/run-1/fork-lineage.raw.json
  - artifacts/rust-tauri/R00/T05/run-1/mood-stream-scripts.normalized.json
  - artifacts/rust-tauri/R00/T05/run-1/mood-stream-scripts.raw.json
  - artifacts/rust-tauri/R00/T05/run-1/multi-turn-basic.normalized.json
  - artifacts/rust-tauri/R00/T05/run-1/multi-turn-basic.raw.json
  - artifacts/rust-tauri/R00/T05/run-1/pagination-corpus.normalized.json
  - artifacts/rust-tauri/R00/T05/run-1/pagination-corpus.raw.json
  - artifacts/rust-tauri/R00/T05/run-1/stdout.txt
  - artifacts/rust-tauri/R00/T05/run-1/tool-invocation-matrix.normalized.json
  - artifacts/rust-tauri/R00/T05/run-1/tool-invocation-matrix.raw.json
  - artifacts/rust-tauri/R00/T05/run-2/attachments-lifecycle.normalized.json
  - artifacts/rust-tauri/R00/T05/run-2/attachments-lifecycle.raw.json
  - artifacts/rust-tauri/R00/T05/run-2/auth-server-deny.normalized.json
  - artifacts/rust-tauri/R00/T05/run-2/auth-server-deny.raw.json
  - artifacts/rust-tauri/R00/T05/run-2/cancel-edges.normalized.json
  - artifacts/rust-tauri/R00/T05/run-2/cancel-edges.raw.json
  - artifacts/rust-tauri/R00/T05/run-2/corrupted-tail.normalized.json
  - artifacts/rust-tauri/R00/T05/run-2/corrupted-tail.raw.json
  - artifacts/rust-tauri/R00/T05/run-2/fork-lineage.normalized.json
  - artifacts/rust-tauri/R00/T05/run-2/fork-lineage.raw.json
  - artifacts/rust-tauri/R00/T05/run-2/mood-stream-scripts.normalized.json
  - artifacts/rust-tauri/R00/T05/run-2/mood-stream-scripts.raw.json
  - artifacts/rust-tauri/R00/T05/run-2/multi-turn-basic.normalized.json
  - artifacts/rust-tauri/R00/T05/run-2/multi-turn-basic.raw.json
  - artifacts/rust-tauri/R00/T05/run-2/pagination-corpus.normalized.json
  - artifacts/rust-tauri/R00/T05/run-2/pagination-corpus.raw.json
  - artifacts/rust-tauri/R00/T05/run-2/stdout.txt
  - artifacts/rust-tauri/R00/T05/run-2/tool-invocation-matrix.normalized.json
  - artifacts/rust-tauri/R00/T05/run-2/tool-invocation-matrix.raw.json
  - artifacts/rust-tauri/R00/T05/run-3/attachments-lifecycle.normalized.json
  - artifacts/rust-tauri/R00/T05/run-3/attachments-lifecycle.raw.json
  - artifacts/rust-tauri/R00/T05/run-3/auth-server-deny.normalized.json
  - artifacts/rust-tauri/R00/T05/run-3/auth-server-deny.raw.json
  - artifacts/rust-tauri/R00/T05/run-3/cancel-edges.normalized.json
  - artifacts/rust-tauri/R00/T05/run-3/cancel-edges.raw.json
  - artifacts/rust-tauri/R00/T05/run-3/corrupted-tail.normalized.json
  - artifacts/rust-tauri/R00/T05/run-3/corrupted-tail.raw.json
  - artifacts/rust-tauri/R00/T05/run-3/fork-lineage.normalized.json
  - artifacts/rust-tauri/R00/T05/run-3/fork-lineage.raw.json
  - artifacts/rust-tauri/R00/T05/run-3/mood-stream-scripts.normalized.json
  - artifacts/rust-tauri/R00/T05/run-3/mood-stream-scripts.raw.json
  - artifacts/rust-tauri/R00/T05/run-3/multi-turn-basic.normalized.json
  - artifacts/rust-tauri/R00/T05/run-3/multi-turn-basic.raw.json
  - artifacts/rust-tauri/R00/T05/run-3/pagination-corpus.normalized.json
  - artifacts/rust-tauri/R00/T05/run-3/pagination-corpus.raw.json
  - artifacts/rust-tauri/R00/T05/run-3/stdout.txt
  - artifacts/rust-tauri/R00/T05/run-3/tool-invocation-matrix.normalized.json
  - artifacts/rust-tauri/R00/T05/run-3/tool-invocation-matrix.raw.json
  - artifacts/rust-tauri/R00/T06/BASELINE_BENCHMARK.json
  - artifacts/rust-tauri/R00/T06/raw/build-release-summary.json
  - artifacts/rust-tauri/R00/T06/raw/desktop/browser-run-2026-09-23T22-14-52-330Z.jsonl
  - artifacts/rust-tauri/R00/T06/raw/desktop/browser-run-2026-09-23T22-23-53-802Z.jsonl
  - artifacts/rust-tauri/R00/T06/raw/desktop/browser-run-2026-09-23T22-47-51-720Z.jsonl
  - artifacts/rust-tauri/R00/T06/raw/desktop/browser-tree-run-2026-09-23T22-14-52-330Z.json
  - artifacts/rust-tauri/R00/T06/raw/desktop/browser-tree-run-2026-09-23T22-23-53-802Z.json
  - artifacts/rust-tauri/R00/T06/raw/desktop/browser-tree-run-2026-09-23T22-47-51-720Z.json
  - artifacts/rust-tauri/R00/T06/raw/desktop/idle-tree-run-2026-09-23T22-14-52-330Z.json
  - artifacts/rust-tauri/R00/T06/raw/desktop/idle-tree-run-2026-09-23T22-23-53-802Z.json
  - artifacts/rust-tauri/R00/T06/raw/desktop/idle-tree-run-2026-09-23T22-47-51-720Z.json
  - artifacts/rust-tauri/R00/T06/raw/desktop/pdf-run-2026-09-23T22-14-52-330Z.jsonl
  - artifacts/rust-tauri/R00/T06/raw/desktop/pdf-run-2026-09-23T22-23-53-802Z.jsonl
  - artifacts/rust-tauri/R00/T06/raw/desktop/pdf-run-2026-09-23T22-47-51-720Z.jsonl
  - artifacts/rust-tauri/R00/T06/raw/desktop/startup-run-2026-09-23T22-14-52-330Z.jsonl
  - artifacts/rust-tauri/R00/T06/raw/desktop/startup-run-2026-09-23T22-23-53-802Z.jsonl
  - artifacts/rust-tauri/R00/T06/raw/desktop/startup-run-2026-09-23T22-47-51-720Z.jsonl
  - artifacts/rust-tauri/R00/T06/raw/desktop/stub-journal-run-2026-09-23T22-14-13-277Z.jsonl
  - artifacts/rust-tauri/R00/T06/raw/desktop/stub-journal-run-2026-09-23T22-14-52-330Z.jsonl
  - artifacts/rust-tauri/R00/T06/raw/desktop/stub-journal-run-2026-09-23T22-23-53-802Z.jsonl
  - artifacts/rust-tauri/R00/T06/raw/desktop/stub-journal-run-2026-09-23T22-47-51-720Z.jsonl
  - artifacts/rust-tauri/R00/T06/raw/desktop/summary-run-2026-09-23T22-14-13-277Z.json
  - artifacts/rust-tauri/R00/T06/raw/desktop/summary-run-2026-09-23T22-14-52-330Z.json
  - artifacts/rust-tauri/R00/T06/raw/desktop/summary-run-2026-09-23T22-23-53-802Z.json
  - artifacts/rust-tauri/R00/T06/raw/desktop/summary-run-2026-09-23T22-47-51-720Z.json
  - artifacts/rust-tauri/R00/T06/raw/server/cancel-run-2026-09-23T21-59-17-410Z.jsonl
  - artifacts/rust-tauri/R00/T06/raw/server/cancel-run-2026-09-23T22-05-11-181Z.jsonl
  - artifacts/rust-tauri/R00/T06/raw/server/cancel-run-2026-09-23T23-12-26-989Z.jsonl
  - artifacts/rust-tauri/R00/T06/raw/server/fixed-prefix-probe-2026-09-24T01-48-37-477Z.json
  - artifacts/rust-tauri/R00/T06/raw/server/fixed-prefix-probe-2026-09-24T01-50-15-634Z.json
  - artifacts/rust-tauri/R00/T06/raw/server/history-run-2026-09-23T21-59-17-410Z.jsonl
  - artifacts/rust-tauri/R00/T06/raw/server/history-run-2026-09-23T22-05-11-181Z.jsonl
  - artifacts/rust-tauri/R00/T06/raw/server/history-run-2026-09-23T23-12-26-989Z.jsonl
  - artifacts/rust-tauri/R00/T06/raw/server/idle-tree-run-2026-09-23T21-59-17-410Z.json
  - artifacts/rust-tauri/R00/T06/raw/server/idle-tree-run-2026-09-23T22-05-11-181Z.json
  - artifacts/rust-tauri/R00/T06/raw/server/idle-tree-run-2026-09-23T23-12-26-989Z.json
  - artifacts/rust-tauri/R00/T06/raw/server/office-pdf-office-2026-09-23T23-26-03-574Z.jsonl
  - artifacts/rust-tauri/R00/T06/raw/server/office-pdf-office-2026-09-23T23-28-09-564Z.jsonl
  - artifacts/rust-tauri/R00/T06/raw/server/office-pdf-office-2026-09-23T23-29-15-055Z.jsonl
  - artifacts/rust-tauri/R00/T06/raw/server/office-pdf-office-2026-09-23T23-29-35-263Z.jsonl
  - artifacts/rust-tauri/R00/T06/raw/server/pty-driver-pty-2026-09-23T22-12-45-250Z.jsonl
  - artifacts/rust-tauri/R00/T06/raw/server/pty-driver-pty-2026-09-23T22-12-53-212Z.jsonl
  - artifacts/rust-tauri/R00/T06/raw/server/pty-driver-pty-2026-09-24T01-45-52-350Z.jsonl
  - artifacts/rust-tauri/R00/T06/raw/server/startup-run-2026-09-23T21-59-17-410Z.jsonl
  - artifacts/rust-tauri/R00/T06/raw/server/startup-run-2026-09-23T22-05-11-181Z.jsonl
  - artifacts/rust-tauri/R00/T06/raw/server/startup-run-2026-09-23T23-12-26-989Z.jsonl
  - artifacts/rust-tauri/R00/T06/raw/server/stream-run-2026-09-23T21-59-17-410Z.jsonl
  - artifacts/rust-tauri/R00/T06/raw/server/stream-run-2026-09-23T22-05-11-181Z.jsonl
  - artifacts/rust-tauri/R00/T06/raw/server/stream-run-2026-09-23T23-12-26-989Z.jsonl
  - artifacts/rust-tauri/R00/T06/raw/server/stub-journal-office-2026-09-23T23-26-03-574Z.jsonl
  - artifacts/rust-tauri/R00/T06/raw/server/stub-journal-office-2026-09-23T23-28-09-564Z.jsonl
  - artifacts/rust-tauri/R00/T06/raw/server/stub-journal-office-2026-09-23T23-29-15-055Z.jsonl
  - artifacts/rust-tauri/R00/T06/raw/server/stub-journal-office-2026-09-23T23-29-35-263Z.jsonl
  - artifacts/rust-tauri/R00/T06/raw/server/stub-journal-run-2026-09-23T21-56-45-950Z.jsonl
  - artifacts/rust-tauri/R00/T06/raw/server/stub-journal-run-2026-09-23T21-59-17-410Z.jsonl
  - artifacts/rust-tauri/R00/T06/raw/server/stub-journal-run-2026-09-23T22-05-11-181Z.jsonl
  - artifacts/rust-tauri/R00/T06/raw/server/stub-journal-run-2026-09-23T23-12-26-989Z.jsonl
  - artifacts/rust-tauri/R00/T06/raw/server/summary-office-2026-09-23T23-26-03-574Z.json
  - artifacts/rust-tauri/R00/T06/raw/server/summary-office-2026-09-23T23-28-09-564Z.json
  - artifacts/rust-tauri/R00/T06/raw/server/summary-office-2026-09-23T23-29-15-055Z.json
  - artifacts/rust-tauri/R00/T06/raw/server/summary-office-2026-09-23T23-29-35-263Z.json
  - artifacts/rust-tauri/R00/T06/raw/server/summary-pty-2026-09-23T22-12-45-250Z.json
  - artifacts/rust-tauri/R00/T06/raw/server/summary-pty-2026-09-23T22-12-53-212Z.json
  - artifacts/rust-tauri/R00/T06/raw/server/summary-pty-2026-09-24T01-45-52-350Z.json
  - artifacts/rust-tauri/R00/T06/raw/server/summary-run-2026-09-23T21-59-17-410Z.json
  - artifacts/rust-tauri/R00/T06/raw/server/summary-run-2026-09-23T22-05-11-181Z.json
  - artifacts/rust-tauri/R00/T06/raw/server/summary-run-2026-09-23T23-12-26-989Z.json
  - artifacts/rust-tauri/R00/T07/SELFTEST_SUMMARY.json
  - artifacts/rust-tauri/R00/T07/a13-canonical-detail.json
  - artifacts/rust-tauri/R00/T07/a13-canonical.log
  - artifacts/rust-tauri/R00/T07/a13-negative-flip-status.log
  - artifacts/rust-tauri/R00/T07/a13-v1-flip-no-result.log
  - artifacts/rust-tauri/R00/T07/a13-v10-scenario-result-conflict.log
  - artifacts/rust-tauri/R00/T07/a13-v11-result-status-enum.log
  - artifacts/rust-tauri/R00/T07/a13-v12-fail-exit-zero.log
  - artifacts/rust-tauri/R00/T07/a13-v2-evidence-deleted.log
  - artifacts/rust-tauri/R00/T07/a13-v3-evidence-tampered.log
  - artifacts/rust-tauri/R00/T07/a13-v4-missing-field.log
  - artifacts/rust-tauri/R00/T07/a13-v5-stale-source.log
  - artifacts/rust-tauri/R00/T07/a13-v6-exitcode-conflict.log
  - artifacts/rust-tauri/R00/T07/a13-v7-duplicate-id.log
  - artifacts/rust-tauri/R00/T07/a13-v8-task-ref-missing.log
  - artifacts/rust-tauri/R00/T07/a13-v9-spec-tamper-strict.log
  - artifacts/rust-tauri/R00/T07/a13-v9b-digest-fallback.log
  - artifacts/rust-tauri/R00/T07/a14-entry-add-remove.log
  - artifacts/rust-tauri/R00/T07/a14-v1-entry-unmapped.log
  - artifacts/rust-tauri/R00/T07/a14-v2-feature-no-scenario.log
  - artifacts/rust-tauri/R00/T07/a14-v3-mapped-passes.log
  - artifacts/rust-tauri/R00/T07/a14-v4-orphan-mapping.log
  - artifacts/rust-tauri/R00/T07/confirm-rerun-r1/SELFTEST_SUMMARY.json
  - artifacts/rust-tauri/R00/T07/confirm-rerun-r1/a13-canonical-detail.json
  - artifacts/rust-tauri/R00/T07/confirm-rerun-r1/a13-canonical.log
  - artifacts/rust-tauri/R00/T07/confirm-rerun-r1/a13-negative-flip-status.log
  - artifacts/rust-tauri/R00/T07/confirm-rerun-r1/a13-v1-flip-no-result.log
  - artifacts/rust-tauri/R00/T07/confirm-rerun-r1/a13-v10-scenario-result-conflict.log
  - artifacts/rust-tauri/R00/T07/confirm-rerun-r1/a13-v11-result-status-enum.log
  - artifacts/rust-tauri/R00/T07/confirm-rerun-r1/a13-v12-fail-exit-zero.log
  - artifacts/rust-tauri/R00/T07/confirm-rerun-r1/a13-v2-evidence-deleted.log
  - artifacts/rust-tauri/R00/T07/confirm-rerun-r1/a13-v3-evidence-tampered.log
  - artifacts/rust-tauri/R00/T07/confirm-rerun-r1/a13-v4-missing-field.log
  - artifacts/rust-tauri/R00/T07/confirm-rerun-r1/a13-v5-stale-source.log
  - artifacts/rust-tauri/R00/T07/confirm-rerun-r1/a13-v6-exitcode-conflict.log
  - artifacts/rust-tauri/R00/T07/confirm-rerun-r1/a13-v7-duplicate-id.log
  - artifacts/rust-tauri/R00/T07/confirm-rerun-r1/a13-v8-task-ref-missing.log
  - artifacts/rust-tauri/R00/T07/confirm-rerun-r1/a13-v9-spec-tamper-strict.log
  - artifacts/rust-tauri/R00/T07/confirm-rerun-r1/a13-v9b-digest-fallback.log
  - artifacts/rust-tauri/R00/T07/confirm-rerun-r1/a14-entry-add-remove.log
  - artifacts/rust-tauri/R00/T07/confirm-rerun-r1/a14-v1-entry-unmapped.log
  - artifacts/rust-tauri/R00/T07/confirm-rerun-r1/a14-v2-feature-no-scenario.log
  - artifacts/rust-tauri/R00/T07/confirm-rerun-r1/a14-v3-mapped-passes.log
  - artifacts/rust-tauri/R00/T07/confirm-rerun-r1/a14-v4-orphan-mapping.log
  - artifacts/rust-tauri/R00/T07/confirm-rerun-r1/positive-control.log
  - artifacts/rust-tauri/R00/T07/confirm-rerun-r2/SELFTEST_SUMMARY.json
  - artifacts/rust-tauri/R00/T07/confirm-rerun-r2/a13-canonical-detail.json
  - artifacts/rust-tauri/R00/T07/confirm-rerun-r2/a13-canonical.log
  - artifacts/rust-tauri/R00/T07/confirm-rerun-r2/a13-negative-flip-status.log
  - artifacts/rust-tauri/R00/T07/confirm-rerun-r2/a13-v1-flip-no-result.log
  - artifacts/rust-tauri/R00/T07/confirm-rerun-r2/a13-v10-scenario-result-conflict.log
  - artifacts/rust-tauri/R00/T07/confirm-rerun-r2/a13-v11-result-status-enum.log
  - artifacts/rust-tauri/R00/T07/confirm-rerun-r2/a13-v12-fail-exit-zero.log
  - artifacts/rust-tauri/R00/T07/confirm-rerun-r2/a13-v2-evidence-deleted.log
  - artifacts/rust-tauri/R00/T07/confirm-rerun-r2/a13-v3-evidence-tampered.log
  - artifacts/rust-tauri/R00/T07/confirm-rerun-r2/a13-v4-missing-field.log
  - artifacts/rust-tauri/R00/T07/confirm-rerun-r2/a13-v5-stale-source.log
  - artifacts/rust-tauri/R00/T07/confirm-rerun-r2/a13-v6-exitcode-conflict.log
  - artifacts/rust-tauri/R00/T07/confirm-rerun-r2/a13-v7-duplicate-id.log
  - artifacts/rust-tauri/R00/T07/confirm-rerun-r2/a13-v8-task-ref-missing.log
  - artifacts/rust-tauri/R00/T07/confirm-rerun-r2/a13-v9-spec-tamper-strict.log
  - artifacts/rust-tauri/R00/T07/confirm-rerun-r2/a13-v9b-digest-fallback.log
  - artifacts/rust-tauri/R00/T07/confirm-rerun-r2/a14-entry-add-remove.log
  - artifacts/rust-tauri/R00/T07/confirm-rerun-r2/a14-v1-entry-unmapped.log
  - artifacts/rust-tauri/R00/T07/confirm-rerun-r2/a14-v2-feature-no-scenario.log
  - artifacts/rust-tauri/R00/T07/confirm-rerun-r2/a14-v3-mapped-passes.log
  - artifacts/rust-tauri/R00/T07/confirm-rerun-r2/a14-v4-orphan-mapping.log
  - artifacts/rust-tauri/R00/T07/confirm-rerun-r2/positive-control.log
  - artifacts/rust-tauri/R00/T07/confirm-rerun/SELFTEST_SUMMARY.json
  - artifacts/rust-tauri/R00/T07/confirm-rerun/a13-canonical-detail.json
  - artifacts/rust-tauri/R00/T07/confirm-rerun/a13-canonical.log
  - artifacts/rust-tauri/R00/T07/confirm-rerun/a13-negative-flip-status.log
  - artifacts/rust-tauri/R00/T07/confirm-rerun/a13-v1-flip-no-result.log
  - artifacts/rust-tauri/R00/T07/confirm-rerun/a13-v2-evidence-deleted.log
  - artifacts/rust-tauri/R00/T07/confirm-rerun/a13-v3-evidence-tampered.log
  - artifacts/rust-tauri/R00/T07/confirm-rerun/a13-v4-missing-field.log
  - artifacts/rust-tauri/R00/T07/confirm-rerun/a13-v5-stale-source.log
  - artifacts/rust-tauri/R00/T07/confirm-rerun/a13-v6-exitcode-conflict.log
  - artifacts/rust-tauri/R00/T07/confirm-rerun/a13-v7-duplicate-id.log
  - artifacts/rust-tauri/R00/T07/confirm-rerun/a13-v8-task-ref-missing.log
  - artifacts/rust-tauri/R00/T07/confirm-rerun/a13-v9-spec-tamper-strict.log
  - artifacts/rust-tauri/R00/T07/confirm-rerun/a13-v9b-digest-fallback.log
  - artifacts/rust-tauri/R00/T07/confirm-rerun/a14-entry-add-remove.log
  - artifacts/rust-tauri/R00/T07/confirm-rerun/a14-v1-entry-unmapped.log
  - artifacts/rust-tauri/R00/T07/confirm-rerun/a14-v2-feature-no-scenario.log
  - artifacts/rust-tauri/R00/T07/confirm-rerun/a14-v3-mapped-passes.log
  - artifacts/rust-tauri/R00/T07/confirm-rerun/a14-v4-orphan-mapping.log
  - artifacts/rust-tauri/R00/T07/confirm-rerun/positive-control.log
  - artifacts/rust-tauri/R00/T07/positive-control.log
  - artifacts/rust-tauri/R00/T08/CANDIDATE_MANIFEST.txt
  - artifacts/rust-tauri/R00/T08/a15-repro-verify-r1.log
  - artifacts/rust-tauri/R00/T08/a16-spotcheck-r1.log
  - artifacts/rust-tauri/R00/T08/a16-spotcheck-r2.log
  - artifacts/rust-tauri/R00/T08/a16-test-rerun.log
  - artifacts/rust-tauri/R00/T08/affected-migration-tests-r1.log
  - artifacts/rust-tauri/R00/T08/audit-seal-repro-r1.log
  - artifacts/rust-tauri/R00/T08/audit-seal-repro-r2.log
  - artifacts/rust-tauri/R00/T08/build-renderer-r1.log
  - artifacts/rust-tauri/R00/T08/check-dependency-boundaries-r1.log
  - artifacts/rust-tauri/R00/T08/check-tool-invocation-boundaries-r1.log
  - artifacts/rust-tauri/R00/T08/environment-r1.txt
  - artifacts/rust-tauri/R00/T08/knowledge-smoke-r1.log
  - artifacts/rust-tauri/R00/T08/ledger-rebuild-r1.log
  - artifacts/rust-tauri/R00/T08/ledger-rebuild-r2.log
  - artifacts/rust-tauri/R00/T08/ledger-rebuild-r3.log
  - artifacts/rust-tauri/R00/T08/ledger-selftest-driver.log
  - artifacts/rust-tauri/R00/T08/ledger-selftest-r1/SELFTEST_SUMMARY.json
  - artifacts/rust-tauri/R00/T08/ledger-selftest-r1/a13-canonical-detail.json
  - artifacts/rust-tauri/R00/T08/ledger-selftest-r1/a13-canonical.log
  - artifacts/rust-tauri/R00/T08/ledger-selftest-r1/a13-negative-flip-status.log
  - artifacts/rust-tauri/R00/T08/ledger-selftest-r1/a13-v1-flip-no-result.log
  - artifacts/rust-tauri/R00/T08/ledger-selftest-r1/a13-v10-scenario-result-conflict.log
  - artifacts/rust-tauri/R00/T08/ledger-selftest-r1/a13-v11-result-status-enum.log
  - artifacts/rust-tauri/R00/T08/ledger-selftest-r1/a13-v12-fail-exit-zero.log
  - artifacts/rust-tauri/R00/T08/ledger-selftest-r1/a13-v2-evidence-deleted.log
  - artifacts/rust-tauri/R00/T08/ledger-selftest-r1/a13-v3-evidence-tampered.log
  - artifacts/rust-tauri/R00/T08/ledger-selftest-r1/a13-v4-missing-field.log
  - artifacts/rust-tauri/R00/T08/ledger-selftest-r1/a13-v5-stale-source.log
  - artifacts/rust-tauri/R00/T08/ledger-selftest-r1/a13-v6-exitcode-conflict.log
  - artifacts/rust-tauri/R00/T08/ledger-selftest-r1/a13-v7-duplicate-id.log
  - artifacts/rust-tauri/R00/T08/ledger-selftest-r1/a13-v8-task-ref-missing.log
  - artifacts/rust-tauri/R00/T08/ledger-selftest-r1/a13-v9-spec-tamper-strict.log
  - artifacts/rust-tauri/R00/T08/ledger-selftest-r1/a13-v9b-digest-fallback.log
  - artifacts/rust-tauri/R00/T08/ledger-selftest-r1/a14-entry-add-remove.log
  - artifacts/rust-tauri/R00/T08/ledger-selftest-r1/a14-v1-entry-unmapped.log
  - artifacts/rust-tauri/R00/T08/ledger-selftest-r1/a14-v2-feature-no-scenario.log
  - artifacts/rust-tauri/R00/T08/ledger-selftest-r1/a14-v3-mapped-passes.log
  - artifacts/rust-tauri/R00/T08/ledger-selftest-r1/a14-v4-orphan-mapping.log
  - artifacts/rust-tauri/R00/T08/ledger-selftest-r1/positive-control.log
  - artifacts/rust-tauri/R00/T08/ledger-selftest-r2-driver.log
  - artifacts/rust-tauri/R00/T08/ledger-selftest-r2/SELFTEST_SUMMARY.json
  - artifacts/rust-tauri/R00/T08/ledger-selftest-r2/a13-canonical-detail.json
  - artifacts/rust-tauri/R00/T08/ledger-selftest-r2/a13-canonical.log
  - artifacts/rust-tauri/R00/T08/ledger-selftest-r2/a13-negative-flip-status.log
  - artifacts/rust-tauri/R00/T08/ledger-selftest-r2/a13-v1-flip-no-result.log
  - artifacts/rust-tauri/R00/T08/ledger-selftest-r2/a13-v10-scenario-result-conflict.log
  - artifacts/rust-tauri/R00/T08/ledger-selftest-r2/a13-v11-result-status-enum.log
  - artifacts/rust-tauri/R00/T08/ledger-selftest-r2/a13-v12-fail-exit-zero.log
  - artifacts/rust-tauri/R00/T08/ledger-selftest-r2/a13-v2-evidence-deleted.log
  - artifacts/rust-tauri/R00/T08/ledger-selftest-r2/a13-v3-evidence-tampered.log
  - artifacts/rust-tauri/R00/T08/ledger-selftest-r2/a13-v4-missing-field.log
  - artifacts/rust-tauri/R00/T08/ledger-selftest-r2/a13-v5-stale-source.log
  - artifacts/rust-tauri/R00/T08/ledger-selftest-r2/a13-v6-exitcode-conflict.log
  - artifacts/rust-tauri/R00/T08/ledger-selftest-r2/a13-v7-duplicate-id.log
  - artifacts/rust-tauri/R00/T08/ledger-selftest-r2/a13-v8-task-ref-missing.log
  - artifacts/rust-tauri/R00/T08/ledger-selftest-r2/a13-v9-spec-tamper-strict.log
  - artifacts/rust-tauri/R00/T08/ledger-selftest-r2/a13-v9b-digest-fallback.log
  - artifacts/rust-tauri/R00/T08/ledger-selftest-r2/a14-entry-add-remove.log
  - artifacts/rust-tauri/R00/T08/ledger-selftest-r2/a14-v1-entry-unmapped.log
  - artifacts/rust-tauri/R00/T08/ledger-selftest-r2/a14-v2-feature-no-scenario.log
  - artifacts/rust-tauri/R00/T08/ledger-selftest-r2/a14-v3-mapped-passes.log
  - artifacts/rust-tauri/R00/T08/ledger-selftest-r2/a14-v4-orphan-mapping.log
  - artifacts/rust-tauri/R00/T08/ledger-selftest-r2/positive-control.log
  - artifacts/rust-tauri/R00/T08/ledger-selftest-r3-driver.log
  - artifacts/rust-tauri/R00/T08/ledger-selftest-r3/SELFTEST_SUMMARY.json
  - artifacts/rust-tauri/R00/T08/ledger-selftest-r3/a13-canonical-detail.json
  - artifacts/rust-tauri/R00/T08/ledger-selftest-r3/a13-canonical.log
  - artifacts/rust-tauri/R00/T08/ledger-selftest-r3/a13-negative-flip-status.log
  - artifacts/rust-tauri/R00/T08/ledger-selftest-r3/a13-v1-flip-no-result.log
  - artifacts/rust-tauri/R00/T08/ledger-selftest-r3/a13-v10-scenario-result-conflict.log
  - artifacts/rust-tauri/R00/T08/ledger-selftest-r3/a13-v11-result-status-enum.log
  - artifacts/rust-tauri/R00/T08/ledger-selftest-r3/a13-v12-fail-exit-zero.log
  - artifacts/rust-tauri/R00/T08/ledger-selftest-r3/a13-v2-evidence-deleted.log
  - artifacts/rust-tauri/R00/T08/ledger-selftest-r3/a13-v3-evidence-tampered.log
  - artifacts/rust-tauri/R00/T08/ledger-selftest-r3/a13-v4-missing-field.log
  - artifacts/rust-tauri/R00/T08/ledger-selftest-r3/a13-v5-stale-source.log
  - artifacts/rust-tauri/R00/T08/ledger-selftest-r3/a13-v6-exitcode-conflict.log
  - artifacts/rust-tauri/R00/T08/ledger-selftest-r3/a13-v7-duplicate-id.log
  - artifacts/rust-tauri/R00/T08/ledger-selftest-r3/a13-v8-task-ref-missing.log
  - artifacts/rust-tauri/R00/T08/ledger-selftest-r3/a13-v9-spec-tamper-strict.log
  - artifacts/rust-tauri/R00/T08/ledger-selftest-r3/a13-v9b-digest-fallback.log
  - artifacts/rust-tauri/R00/T08/ledger-selftest-r3/a14-entry-add-remove.log
  - artifacts/rust-tauri/R00/T08/ledger-selftest-r3/a14-v1-entry-unmapped.log
  - artifacts/rust-tauri/R00/T08/ledger-selftest-r3/a14-v2-feature-no-scenario.log
  - artifacts/rust-tauri/R00/T08/ledger-selftest-r3/a14-v3-mapped-passes.log
  - artifacts/rust-tauri/R00/T08/ledger-selftest-r3/a14-v4-orphan-mapping.log
  - artifacts/rust-tauri/R00/T08/ledger-selftest-r3/positive-control.log
  - artifacts/rust-tauri/R00/T08/ledger-validate-final.log
  - artifacts/rust-tauri/R00/T08/ledger-validate-final2.log
  - artifacts/rust-tauri/R00/T08/ledger-validate-final3.log
  - artifacts/rust-tauri/R00/T08/ledger-validate-stale-r1.log
  - artifacts/rust-tauri/R00/T08/lint-r1.log
  - artifacts/rust-tauri/R00/T08/lint-r2.log
  - artifacts/rust-tauri/R00/T08/npm-test-r1.exitcode
  - artifacts/rust-tauri/R00/T08/npm-test-r1.log
  - artifacts/rust-tauri/R00/T08/replay-t08-driver.log
  - artifacts/rust-tauri/R00/T08/replay-t08/REPLAY_SUMMARY.json
  - artifacts/rust-tauri/R00/T08/replay-t08/normalized-diff-run1-run2.txt
  - artifacts/rust-tauri/R00/T08/replay-t08/normalized-diff-run1-run3.txt
  - artifacts/rust-tauri/R00/T08/replay-t08/run-1/attachments-lifecycle.normalized.json
  - artifacts/rust-tauri/R00/T08/replay-t08/run-1/attachments-lifecycle.raw.json
  - artifacts/rust-tauri/R00/T08/replay-t08/run-1/auth-server-deny.normalized.json
  - artifacts/rust-tauri/R00/T08/replay-t08/run-1/auth-server-deny.raw.json
  - artifacts/rust-tauri/R00/T08/replay-t08/run-1/cancel-edges.normalized.json
  - artifacts/rust-tauri/R00/T08/replay-t08/run-1/cancel-edges.raw.json
  - artifacts/rust-tauri/R00/T08/replay-t08/run-1/corrupted-tail.normalized.json
  - artifacts/rust-tauri/R00/T08/replay-t08/run-1/corrupted-tail.raw.json
  - artifacts/rust-tauri/R00/T08/replay-t08/run-1/fork-lineage.normalized.json
  - artifacts/rust-tauri/R00/T08/replay-t08/run-1/fork-lineage.raw.json
  - artifacts/rust-tauri/R00/T08/replay-t08/run-1/mood-stream-scripts.normalized.json
  - artifacts/rust-tauri/R00/T08/replay-t08/run-1/mood-stream-scripts.raw.json
  - artifacts/rust-tauri/R00/T08/replay-t08/run-1/multi-turn-basic.normalized.json
  - artifacts/rust-tauri/R00/T08/replay-t08/run-1/multi-turn-basic.raw.json
  - artifacts/rust-tauri/R00/T08/replay-t08/run-1/pagination-corpus.normalized.json
  - artifacts/rust-tauri/R00/T08/replay-t08/run-1/pagination-corpus.raw.json
  - artifacts/rust-tauri/R00/T08/replay-t08/run-1/stdout.txt
  - artifacts/rust-tauri/R00/T08/replay-t08/run-1/tool-invocation-matrix.normalized.json
  - artifacts/rust-tauri/R00/T08/replay-t08/run-1/tool-invocation-matrix.raw.json
  - artifacts/rust-tauri/R00/T08/replay-t08/run-2/attachments-lifecycle.normalized.json
  - artifacts/rust-tauri/R00/T08/replay-t08/run-2/attachments-lifecycle.raw.json
  - artifacts/rust-tauri/R00/T08/replay-t08/run-2/auth-server-deny.normalized.json
  - artifacts/rust-tauri/R00/T08/replay-t08/run-2/auth-server-deny.raw.json
  - artifacts/rust-tauri/R00/T08/replay-t08/run-2/cancel-edges.normalized.json
  - artifacts/rust-tauri/R00/T08/replay-t08/run-2/cancel-edges.raw.json
  - artifacts/rust-tauri/R00/T08/replay-t08/run-2/corrupted-tail.normalized.json
  - artifacts/rust-tauri/R00/T08/replay-t08/run-2/corrupted-tail.raw.json
  - artifacts/rust-tauri/R00/T08/replay-t08/run-2/fork-lineage.normalized.json
  - artifacts/rust-tauri/R00/T08/replay-t08/run-2/fork-lineage.raw.json
  - artifacts/rust-tauri/R00/T08/replay-t08/run-2/mood-stream-scripts.normalized.json
  - artifacts/rust-tauri/R00/T08/replay-t08/run-2/mood-stream-scripts.raw.json
  - artifacts/rust-tauri/R00/T08/replay-t08/run-2/multi-turn-basic.normalized.json
  - artifacts/rust-tauri/R00/T08/replay-t08/run-2/multi-turn-basic.raw.json
  - artifacts/rust-tauri/R00/T08/replay-t08/run-2/pagination-corpus.normalized.json
  - artifacts/rust-tauri/R00/T08/replay-t08/run-2/pagination-corpus.raw.json
  - artifacts/rust-tauri/R00/T08/replay-t08/run-2/stdout.txt
  - artifacts/rust-tauri/R00/T08/replay-t08/run-2/tool-invocation-matrix.normalized.json
  - artifacts/rust-tauri/R00/T08/replay-t08/run-2/tool-invocation-matrix.raw.json
  - artifacts/rust-tauri/R00/T08/replay-t08/run-3/attachments-lifecycle.normalized.json
  - artifacts/rust-tauri/R00/T08/replay-t08/run-3/attachments-lifecycle.raw.json
  - artifacts/rust-tauri/R00/T08/replay-t08/run-3/auth-server-deny.normalized.json
  - artifacts/rust-tauri/R00/T08/replay-t08/run-3/auth-server-deny.raw.json
  - artifacts/rust-tauri/R00/T08/replay-t08/run-3/cancel-edges.normalized.json
  - artifacts/rust-tauri/R00/T08/replay-t08/run-3/cancel-edges.raw.json
  - artifacts/rust-tauri/R00/T08/replay-t08/run-3/corrupted-tail.normalized.json
  - artifacts/rust-tauri/R00/T08/replay-t08/run-3/corrupted-tail.raw.json
  - artifacts/rust-tauri/R00/T08/replay-t08/run-3/fork-lineage.normalized.json
  - artifacts/rust-tauri/R00/T08/replay-t08/run-3/fork-lineage.raw.json
  - artifacts/rust-tauri/R00/T08/replay-t08/run-3/mood-stream-scripts.normalized.json
  - artifacts/rust-tauri/R00/T08/replay-t08/run-3/mood-stream-scripts.raw.json
  - artifacts/rust-tauri/R00/T08/replay-t08/run-3/multi-turn-basic.normalized.json
  - artifacts/rust-tauri/R00/T08/replay-t08/run-3/multi-turn-basic.raw.json
  - artifacts/rust-tauri/R00/T08/replay-t08/run-3/pagination-corpus.normalized.json
  - artifacts/rust-tauri/R00/T08/replay-t08/run-3/pagination-corpus.raw.json
  - artifacts/rust-tauri/R00/T08/replay-t08/run-3/stdout.txt
  - artifacts/rust-tauri/R00/T08/replay-t08/run-3/tool-invocation-matrix.normalized.json
  - artifacts/rust-tauri/R00/T08/replay-t08/run-3/tool-invocation-matrix.raw.json
  - artifacts/rust-tauri/R00/T08/t02-negative-checks-at-head.log
  - artifacts/rust-tauri/R00/T08/t02-t03-checker-diagnosis.md
  - artifacts/rust-tauri/R00/T08/t03-validate-at-head.log
  - artifacts/rust-tauri/R00/T08/t04-validate-at-head.log
  - artifacts/rust-tauri/R00/T08/typecheck-core-contracts-r1.log
  - artifacts/rust-tauri/R00/T08/typecheck-r1.log
  - docs/rust-tauri/ORCHESTRATOR_PROGRESS.json
  - docs/rust-tauri/PERFORMANCE_THRESHOLDS.json
  - docs/rust-tauri/R00/ACCEPTANCE_MAP.json
  - docs/rust-tauri/R00/BASELINE.json
  - docs/rust-tauri/R00/BASELINE_DELTA.md
  - docs/rust-tauri/R00/BLOCKERS.md
  - docs/rust-tauri/R00/ENTRYPOINTS.json
  - docs/rust-tauri/R00/ENTRYPOINT_COVERAGE.json
  - docs/rust-tauri/R00/EXCLUSIONS.md
  - docs/rust-tauri/R00/FEATURE_INVENTORY.json
  - docs/rust-tauri/R00/FEATURE_STAGE_ACCEPTANCE.json
  - docs/rust-tauri/R00/OWNERSHIP_CURRENT.md
  - docs/rust-tauri/R00/PI_REPLACEMENT_MATRIX.json
  - docs/rust-tauri/R00/R00-T01_REPORT.md
  - docs/rust-tauri/R00/R00-T01_REPORT_R1_CANDIDATE.md
  - docs/rust-tauri/R00/R00-T01_REPORT_R3_CANDIDATE.md
  - docs/rust-tauri/R00/R00-T01_REVIEW_R1.md
  - docs/rust-tauri/R00/R00-T01_REVIEW_R2.md
  - docs/rust-tauri/R00/R00-T01_REVIEW_R3.md
  - docs/rust-tauri/R00/R00-T01_REVIEW_R4.md
  - docs/rust-tauri/R00/R00-T01_ROOT_CAUSE_R2.md
  - docs/rust-tauri/R00/R00-T01_ROOT_CAUSE_R3.md
  - docs/rust-tauri/R00/R00-T02_AST_CONDITION_AUDIT.json
  - docs/rust-tauri/R00/R00-T02_BRANCH_CLOSURE_AUDIT.json
  - docs/rust-tauri/R00/R00-T02_BRANCH_SEMANTIC_CONTRACT.json
  - docs/rust-tauri/R00/R00-T02_NONHTTP_AUDIT_CORE.json
  - docs/rust-tauri/R00/R00-T02_NONHTTP_AUDIT_SPLITS.json
  - docs/rust-tauri/R00/R00-T02_NONHTTP_AUDIT_TOOLS.json
  - docs/rust-tauri/R00/R00-T02_NONHTTP_AUDIT_UI.json
  - docs/rust-tauri/R00/R00-T02_R10_REPAIR.md
  - docs/rust-tauri/R00/R00-T02_R6_REPAIR.md
  - docs/rust-tauri/R00/R00-T02_R7_REPAIR.md
  - docs/rust-tauri/R00/R00-T02_R8_CLOSURE_LEDGER.json
  - docs/rust-tauri/R00/R00-T02_R8_REPAIR.md
  - docs/rust-tauri/R00/R00-T02_R9_REPAIR.md
  - docs/rust-tauri/R00/R00-T02_REPORT.md
  - docs/rust-tauri/R00/R00-T02_RESULT_DRIFT_REVIEW.json
  - docs/rust-tauri/R00/R00-T02_REVIEW_R1.md
  - docs/rust-tauri/R00/R00-T02_REVIEW_R10.md
  - docs/rust-tauri/R00/R00-T02_REVIEW_R2.md
  - docs/rust-tauri/R00/R00-T02_REVIEW_R3.md
  - docs/rust-tauri/R00/R00-T02_REVIEW_R4.md
  - docs/rust-tauri/R00/R00-T02_REVIEW_R5.md
  - docs/rust-tauri/R00/R00-T02_REVIEW_R6.md
  - docs/rust-tauri/R00/R00-T02_REVIEW_R7.md
  - docs/rust-tauri/R00/R00-T02_REVIEW_R8.md
  - docs/rust-tauri/R00/R00-T02_REVIEW_R9.md
  - docs/rust-tauri/R00/R00-T02_ROOT_CAUSE_R2.md
  - docs/rust-tauri/R00/R00-T02_ROOT_CAUSE_R3.md
  - docs/rust-tauri/R00/R00-T02_ROOT_CAUSE_R4.md
  - docs/rust-tauri/R00/R00-T02_ROOT_CAUSE_R5.md
  - docs/rust-tauri/R00/R00-T02_ROOT_CAUSE_R6.md
  - docs/rust-tauri/R00/R00-T02_ROOT_CAUSE_R7.md
  - docs/rust-tauri/R00/R00-T02_ROOT_CAUSE_R8.md
  - docs/rust-tauri/R00/R00-T02_ROOT_CAUSE_R9.md
  - docs/rust-tauri/R00/R00-T02_SEMANTIC_AUDIT_G1.json
  - docs/rust-tauri/R00/R00-T02_SEMANTIC_AUDIT_G2.json
  - docs/rust-tauri/R00/R00-T02_SEMANTIC_AUDIT_G3.json
  - docs/rust-tauri/R00/R00-T02_SHARED_SETTINGS_AUDIT.json
  - docs/rust-tauri/R00/R00-T02_SOURCE_BRANCH_AUDIT.json
  - docs/rust-tauri/R00/R00-T02_UI_ACTION_MATRIX.json
  - docs/rust-tauri/R00/R00-T02_UI_AGENT_PROVIDERS_AUDIT.json
  - docs/rust-tauri/R00/R00-T02_UI_BRANCH_REVIEW.json
  - docs/rust-tauri/R00/R00-T02_UI_BRANCH_REVIEW_B.json
  - docs/rust-tauri/R00/R00-T02_UI_BRIDGE_MODELS_AUDIT.json
  - docs/rust-tauri/R00/R00-T02_UI_ORACLE_REVIEW.json
  - docs/rust-tauri/R00/R00-T02_UI_SKILLS_USAGE_AUDIT.json
  - docs/rust-tauri/R00/R00-T02_UI_SOURCE_BRANCH_CONTRACT.json
  - docs/rust-tauri/R00/R00-T03_IMPORT_GRAPH.json
  - docs/rust-tauri/R00/R00-T03_R1_REPAIR.md
  - docs/rust-tauri/R00/R00-T03_R2_REPAIR.md
  - docs/rust-tauri/R00/R00-T03_REPORT.md
  - docs/rust-tauri/R00/R00-T03_REVIEW_R1.md
  - docs/rust-tauri/R00/R00-T03_REVIEW_R2.md
  - docs/rust-tauri/R00/R00-T03_REVIEW_R3.md
  - docs/rust-tauri/R00/R00-T03_ROOT_CAUSE_R2.md
  - docs/rust-tauri/R00/R00-T03_VALIDATION.json
  - docs/rust-tauri/R00/R00-T04_R1_REPAIR.md
  - docs/rust-tauri/R00/R00-T04_REPORT.md
  - docs/rust-tauri/R00/R00-T04_REVIEW_R1.md
  - docs/rust-tauri/R00/R00-T04_REVIEW_R2.md
  - docs/rust-tauri/R00/R00-T05_REPORT.md
  - docs/rust-tauri/R00/R00-T05_REVIEW_R1.md
  - docs/rust-tauri/R00/R00-T06_PROTOCOL.md
  - docs/rust-tauri/R00/R00-T06_R1_REPAIR.md
  - docs/rust-tauri/R00/R00-T06_REPORT.md
  - docs/rust-tauri/R00/R00-T06_REVIEW_R1.md
  - docs/rust-tauri/R00/R00-T06_REVIEW_R2.md
  - docs/rust-tauri/R00/R00-T07_REPAIR_R1.md
  - docs/rust-tauri/R00/R00-T07_REPAIR_R2.md
  - docs/rust-tauri/R00/R00-T07_REPORT.md
  - docs/rust-tauri/R00/R00-T07_RESULTS.json
  - docs/rust-tauri/R00/R00-T07_REVIEW_R1.md
  - docs/rust-tauri/R00/R00-T07_REVIEW_R2.md
  - docs/rust-tauri/R00/R00-T07_REVIEW_R3.md
  - docs/rust-tauri/R00/R00-T08_REPAIR_R1.md
  - docs/rust-tauri/R00/R00-T08_REVIEW_R1.md
  - docs/rust-tauri/R00/R00-T08_REVIEW_R2.md
  - docs/rust-tauri/R00/R00_EVIDENCE_SUMMARY.md
  - docs/rust-tauri/R00/R00_HANDOFF.json
  - docs/rust-tauri/R00/R00_REPORT.md
  - docs/rust-tauri/R00/RUNTIME_DEPENDENCIES.json
  - docs/rust-tauri/R00/STORES.json
  - docs/rust-tauri/R00/ask_user_ast_gate.cjs
  - docs/rust-tauri/R00/r00_t02_inventory.py
  - docs/rust-tauri/R00/r00_t02_source_gates.py
  - docs/rust-tauri/R00/r00_t03_build_matrices.py
  - docs/rust-tauri/R00/r00_t03_import_graph.mjs
  - docs/rust-tauri/R00/r00_t03_validate.py
  - docs/rust-tauri/R00/r00_t04_scan.py
  - docs/rust-tauri/R00/r00_t07_build_map.py
  - docs/rust-tauri/R00/r00_t07_selftest.py
  - docs/rust-tauri/R00/r00_t07_validate_ledger.py
  - docs/rust-tauri/R00/r00_t08_a15_verify_repro.py
  - docs/rust-tauri/R00/r00_t08_a16_spotcheck.py
  - eslint.config.js
  - scripts/rust-tauri/r00-t05-replay.mjs
  - scripts/rust-tauri/r00-t06-bench-desktop.mjs
  - scripts/rust-tauri/r00-t06-bench-office-pdf.mjs
  - scripts/rust-tauri/r00-t06-bench-pty.mjs
  - scripts/rust-tauri/r00-t06-bench-server.mjs
  - scripts/rust-tauri/r00-t06-build-release.mjs
  - scripts/rust-tauri/r00-t06-fixture.mjs
  - scripts/rust-tauri/r00-t06-lib.mjs
  - scripts/rust-tauri/r00-t06-probe-fixed-prefix.mjs
  - scripts/rust-tauri/r00-t06-repair-build-summary.mjs
  - scripts/rust-tauri/r00-t06-smoke.mjs
  - scripts/rust-tauri/r00-t06-stub-provider.mjs
  - scripts/rust-tauri/r00-t06-summarize.mjs
  - tests/migration/OLD_BEHAVIOR_ORACLE.md
  - tests/migration/fixtures/FIXTURE_MANIFEST.json
  - tests/migration/fixtures/attachments/expected.json
  - tests/migration/fixtures/attachments/scenario.json
  - tests/migration/fixtures/auth/cases.json
  - tests/migration/fixtures/auth/expected.json
  - tests/migration/fixtures/cancel/cases.json
  - tests/migration/fixtures/cancel/expected.json
  - tests/migration/fixtures/mood/stream-scripts/expected.json
  - tests/migration/fixtures/mood/stream-scripts/scripts.json
  - tests/migration/fixtures/sessions/corrupted-tail/expected.json
  - tests/migration/fixtures/sessions/corrupted-tail/old-deviation.json
  - tests/migration/fixtures/sessions/corrupted-tail/session.jsonl
  - tests/migration/fixtures/sessions/fork-lineage/expected.json
  - tests/migration/fixtures/sessions/fork-lineage/fork-request.json
  - tests/migration/fixtures/sessions/fork-lineage/session.jsonl
  - tests/migration/fixtures/sessions/multi-turn-basic/expected.json
  - tests/migration/fixtures/sessions/multi-turn-basic/session.jsonl
  - tests/migration/fixtures/sessions/pagination-corpus/expected.json
  - tests/migration/fixtures/sessions/pagination-corpus/session.jsonl
  - tests/migration/fixtures/tool/cases.json
  - tests/migration/fixtures/tool/expected.json
  - tests/migration/network-guard-negative.test.ts
  - tests/migration/network-guard.ts
  - tests/migration/normalize.ts
  - tests/migration/r00-a10-old-defect.test.ts
  - tests/migration/r00-t05-replay.test.ts
  - tests/migration/stubs.ts
EXIT_CODE=1
