TOTAL_DIFFS=19
VALUE	basis.head	'e0b7be6108c4d5bc873061dee279b7163ca78a41' -> '8b153b1031bbb01204375b08e9caaa891397d7a5'
VALUE	basis.input_sha256.R00-T07_RESULTS.json	'4d50dd107a739b6f5c7139802ca7396b78c04341bee3e79bcb1922e70ce3a066' -> 'bc0bfb3b7119cb64c9114271c7fa689c4d00cc365254c4ff67dd1ae0686790b3'
VALUE	generated_at	'2026-09-24T05:49:35.962711+00:00' -> '2026-09-24T07:01:59.064633+00:00'
VALUE	results[12].source_digests.docs/rust-tauri/R00/R00-T07_RESULTS.json	'4d50dd107a739b6f5c7139802ca7396b78c04341bee3e79bcb1922e70ce3a066' -> 'bc0bfb3b7119cb64c9114271c7fa689c4d00cc365254c4ff67dd1ae0686790b3'
VALUE	results[12].source_digests.docs/rust-tauri/R00/r00_t07_selftest.py	'2307fe30ff8da1a84671e389492a45cf1dc10e9e60beaae9a073ee3924cea5c5' -> '33a4244f23ba419296b9accf5c90e0ffbab51b82ec993b14fc4d5174f804e789'
VALUE	results[12].source_digests.docs/rust-tauri/R00/r00_t07_validate_ledger.py	'08a37669e14b3d857e0b1d496c3b9af9d9fe4af9bfa0e4af001db44f067be1ce' -> '665f39a0b42a6043d7060cce2f497bcf9fd90833c2662da825d0f7ae1c18eace'
VALUE	results[12].working_tree_digest	'e074850734418f59820afee0cc31815d1f4a6ea722b20999c830d55de7220d3f' -> '7c921da6be5f0806a94e927a1bcb883ff76bfefe01e0767823f206104614ca4b'
VALUE	results[13].source_digests.docs/rust-tauri/R00/R00-T07_RESULTS.json	'4d50dd107a739b6f5c7139802ca7396b78c04341bee3e79bcb1922e70ce3a066' -> 'bc0bfb3b7119cb64c9114271c7fa689c4d00cc365254c4ff67dd1ae0686790b3'
VALUE	results[13].source_digests.docs/rust-tauri/R00/r00_t07_selftest.py	'2307fe30ff8da1a84671e389492a45cf1dc10e9e60beaae9a073ee3924cea5c5' -> '33a4244f23ba419296b9accf5c90e0ffbab51b82ec993b14fc4d5174f804e789'
VALUE	results[13].source_digests.docs/rust-tauri/R00/r00_t07_validate_ledger.py	'08a37669e14b3d857e0b1d496c3b9af9d9fe4af9bfa0e4af001db44f067be1ce' -> '665f39a0b42a6043d7060cce2f497bcf9fd90833c2662da825d0f7ae1c18eace'
VALUE	results[13].working_tree_digest	'e074850734418f59820afee0cc31815d1f4a6ea722b20999c830d55de7220d3f' -> '7c921da6be5f0806a94e927a1bcb883ff76bfefe01e0767823f206104614ca4b'
TYPE	results[14].committed_in	None -> '8b153b1031bbb01204375b08e9caaa891397d7a5'
VALUE	results[14].timestamp_basis	'T08 执行会话机器时间（两次复现与校验日志内均有运行时间窗）' -> 'T08 执行会话机器时间（两次复现与校验日志内均有运行时间窗）；committed_in 由阶段修复 STAGE-REPAIR-R00-R
TYPE	results[15].committed_in	None -> '8b153b1031bbb01204375b08e9caaa891397d7a5'
VALUE	results[15].source_digests.docs/rust-tauri/R00/R00_HANDOFF.json	'68877ff6980993e34e8fd5405b93eb0c20495b5fa242bcc41c782c06796c62a5' -> 'c925e839c088502ae4e4d2798b9a284b26e30f26fb41ec1f39ced9a440669938'
VALUE	results[15].timestamp_basis	'T08 执行会话机器时间' -> 'T08 执行会话机器时间；committed_in 由阶段修复 STAGE-REPAIR-R00-R1 补绑 T08 交付提交 8b153
VALUE	results[15].working_tree_digest	'2f561bb24f25226666c62f2216b4e4ed3ca5f1b167dc41268d203bef010a4feb' -> '28998f4415f5396d746848602a0a31055ba14e59657c1533c888ed274f5bf114'
VALUE	tests[7].sha256	'2307fe30ff8da1a84671e389492a45cf1dc10e9e60beaae9a073ee3924cea5c5' -> '33a4244f23ba419296b9accf5c90e0ffbab51b82ec993b14fc4d5174f804e789'
VALUE	tests[8].sha256	'08a37669e14b3d857e0b1d496c3b9af9d9fe4af9bfa0e4af001db44f067be1ce' -> '665f39a0b42a6043d7060cce2f497bcf9fd90833c2662da825d0f7ae1c18eace'
scenarios: keys=952 changed=0 []
tasks: keys=100 changed=0 []
features_index: keys=743 changed=0 []
entrypoint_index: keys=832 changed=0 []
spec_digests: keys=200 changed=0 []
RESULTS_CHANGED: RES-R00-A13, RES-R00-A14, RES-R00-A15, RES-R00-A16
A01_A12_DRIFT_COUNT: 2 ['RES-R00-A13', 'RES-R00-A14']
TESTS_CHANGED_IDX: [7, 8] ['docs/rust-tauri/R00/r00_t07_selftest.py', 'docs/rust-tauri/R00/r00_t07_validate_ledger.py']
counts old={'base_scenarios': 200, 'supplemental_scenarios': 736, 't07_added_scenarios': 16, 'scenarios_total': 952, 'tasks': 100, 'features_total': 743, 'features_production': 736, 'entrypoints_registered': 832, 'surfaces': 37, 'tests': 31, 'results': 16, 'ledger_status_counts': {'PASS': 32, 'NOT_STARTED': 183, 'NOT_RUN_UNAUTHORIZED': 1, 'SPECIFIED_NOT_EXECUTED': 736}} new={'base_scenarios': 200, 'supplemental_scenarios': 736, 't07_added_scenarios': 16, 'scenarios_total': 952, 'tasks': 100, 'features_total': 743, 'features_production': 736, 'entrypoints_registered': 832, 'surfaces': 37, 'tests': 31, 'results': 16, 'ledger_status_counts': {'PASS': 32, 'NOT_STARTED': 183, 'NOT_RUN_UNAUTHORIZED': 1, 'SPECIFIED_NOT_EXECUTED': 736}} equal=True
EXIT=0
