   Compiling lingxi-service v0.0.0 (/Users/study_superior/Desktop/Code/LingxiAgent/rust/crates/lingxi-service)
   Compiling r05t02-oneshot-probe v0.1.0 (/private/tmp/r05t02-f30-fixprobe)
warning: unused import: `std::sync::Arc`
  --> src/lib.rs:13:5
   |
13 | use std::sync::Arc;
   |     ^^^^^^^^^^^^^^
   |
   = note: `#[warn(unused_imports)]` (part of `#[warn(unused)]`) on by default

warning: unused import: `std::time::Duration`
  --> src/lib.rs:14:5
   |
14 | use std::time::Duration;
   |     ^^^^^^^^^^^^^^^^^^^

warning: unused imports: `CredentialService` and `ProductionRefreshDriver`
  --> src/lib.rs:15:35
   |
15 | use lingxi_service::credentials::{CredentialService, ProductionRefreshDriver};
   |                                   ^^^^^^^^^^^^^^^^^  ^^^^^^^^^^^^^^^^^^^^^^^

warning: unused import: `lingxi_service::inject::ManualClock`
  --> src/lib.rs:16:5
   |
16 | use lingxi_service::inject::ManualClock;
   |     ^^^^^^^^^^^^^^^^^^^^^^^^^^^^^^^^^^^

warning: unused imports: `AsyncReadExt` and `AsyncWriteExt`
  --> src/lib.rs:17:17
   |
17 | use tokio::io::{AsyncReadExt, AsyncWriteExt};
   |                 ^^^^^^^^^^^^  ^^^^^^^^^^^^^

warning: function `pkce_plane` is never used
  --> src/lib.rs:19:4
   |
19 | fn pkce_plane(token_endpoint: &str) -> lingxi_adapters::models::config::ModelPlaneConfig {
   |    ^^^^^^^^^^
   |
   = note: `#[warn(dead_code)]` (part of `#[warn(unused)]`) on by default

warning: `r05t02-oneshot-probe` (lib) generated 6 warnings (run `cargo fix --lib -p r05t02-oneshot-probe` to apply 5 suggestions)
    Finished `test` profile [unoptimized + debuginfo] target(s) in 4.43s
     Running unittests src/lib.rs (target/debug/deps/r05t02_oneshot_probe-f03383948b35a072)

running 1 test
test browser_completion_consumes_the_one_shot_login_transaction ... ok

test result: ok. 1 passed; 0 failed; 0 ignored; 0 measured; 0 filtered out; finished in 0.03s

   Doc-tests r05t02_oneshot_probe

running 0 tests

test result: ok. 0 passed; 0 failed; 0 ignored; 0 measured; 0 filtered out; finished in 0.00s

