== toolchain: rustup run 1.98.1 (rustc 1.98.1 (48a229cea 2026-09-01))
== [build] lingxi-service (locked, offline, isolated target dir)
    Finished `dev` profile [unoptimized + debuginfo] target(s) in 1.24s
== [A] start instance 1 on the synthetic home
instance 1: pid=93208 addr=127.0.0.1:59355 home=/tmp/lingxi-r02t02-a03-home.XF8IhK
instance 1 record instanceId=f17c10baebd4f1698f11916da509560a
home tree hash before rejection: bcf1569658aa2395f41f8ca9bb06ae2b9ee487bee2a077aef70ef49a9187385e
== [B] second instance, SAME home -> must be rejected (exit 3 + marker)
instance 2 exit code: 3
instance 2 rejected as required (marker + diagnostics + no READY)
LINGXI_SERVICE_SINGLE_WRITER_BLOCKED home=/private/tmp/lingxi-r02t02-a03-home.XF8IhK recordedPid=93208 recordedInstanceId=f17c10baebd4f1698f11916da509560a recordedStartNonce=0641ca212851919e recordedAddr=127.0.0.1:59355 probe=live authority=os-file-lock
== [C] instance 1 unaffected; data byte-identical
home tree hash after rejection:  bcf1569658aa2395f41f8ca9bb06ae2b9ee487bee2a077aef70ef49a9187385e
instance 1 still healthy and data unchanged: OK
== [D] aliased second start (macOS /private alias of the same dir) also rejected
aliased instance exit code: 3
alias collapsed to the same canonical root: OK
== [E] SIGKILL crash -> stale record -> takeover restart -> clean stop
instance 3 took over the stale home and serves: OK
instance 3 exit after SIGTERM: 0
graceful stop removed own record, kept lock file: OK
== [F] forged record with a LIVE unrelated pid does not block takeover
takeover proceeded despite a live recorded pid (lock is the authority): OK
A03 RESULT: PASS (dual-instance rejection, first instance intact, stale takeover, pid-reuse adversarial)
