     Locking 205 packages to latest compatible versions
   Compiling libc v0.2.190
   Compiling form_urlencoded v1.2.2
   Compiling ryu v1.0.23
   Compiling httpdate v1.0.3
   Compiling yoke-derive v0.8.4
   Compiling serde_urlencoded v0.7.1
   Compiling yoke v0.8.3
   Compiling jobserver v0.1.35
   Compiling mio v1.2.3
   Compiling socket2 v0.6.5
   Compiling core-foundation v0.9.4
   Compiling system-configuration-sys v0.6.0
   Compiling cpufeatures v0.3.1
   Compiling security-framework-sys v2.17.0
   Compiling core-foundation v0.10.1
   Compiling getrandom v0.2.17
   Compiling zerovec v0.11.8
   Compiling zerotrie v0.2.5
   Compiling sha2 v0.11.0
   Compiling sha1 v0.11.0
   Compiling cc v1.6.0
   Compiling system-configuration v0.7.0
   Compiling security-framework v3.7.0
   Compiling tokio v1.53.2
   Compiling tinystr v0.8.4
   Compiling potential_utf v0.1.6
   Compiling lingxi-protocol v0.0.0 (/Users/study_superior/Desktop/Code/LingxiAgent/rust/crates/lingxi-protocol)
   Compiling icu_collections v2.3.0
   Compiling icu_locale_core v2.3.0
   Compiling cmake v0.1.58
   Compiling libsqlite3-sys v0.38.2
   Compiling aws-lc-sys v0.45.0
   Compiling icu_provider v2.3.1
   Compiling icu_properties v2.3.0
   Compiling icu_normalizer v2.3.0
   Compiling lingxi-kernel v0.0.0 (/Users/study_superior/Desktop/Code/LingxiAgent/rust/crates/lingxi-kernel)
   Compiling idna_adapter v1.2.2
   Compiling idna v1.1.0
   Compiling url v2.5.8
   Compiling tokio-util v0.7.19
   Compiling tower v0.5.3
   Compiling tower-http v0.6.11
   Compiling h2 v0.4.19
   Compiling hyper v1.11.1
   Compiling rusqlite v0.40.2
   Compiling hyper-util v0.1.21
   Compiling aws-lc-rs v1.18.1
   Compiling rustls v0.23.45
   Compiling rustls-webpki v0.103.15
   Compiling tokio-rustls v0.26.6
   Compiling rustls-platform-verifier v0.7.1
   Compiling hyper-rustls v0.27.10
   Compiling reqwest v0.13.5
   Compiling lingxi-adapters v0.0.0 (/Users/study_superior/Desktop/Code/LingxiAgent/rust/crates/lingxi-adapters)
   Compiling r03-t08-a16-mutation-probe v0.0.0 (/var/folders/5r/wq54gtms21gfjgr5v94ynfyh0000gn/T/lingxi-r03t08-a16-aKuPlH/probe)
    Finished `test` profile [unoptimized + debuginfo] target(s) in 12.97s
  Executable mutation_probe.rs (/var/folders/5r/wq54gtms21gfjgr5v94ynfyh0000gn/T//rust-target-r03-t08-a16-probe/debug/deps/mutation_probe-264868441d480934)
