2026-09-29T11:20:57.702426Z  INFO lingxi_service: data root resolved effective_home=/var/folders/5r/wq54gtms21gfjgr5v94ynfyh0000gn/T//lingxi-r02t08-a15-home.ThbSLY source=cli ignored_sources=none
2026-09-29T11:20:57.703565Z  INFO lingxi_service: data root prepared (canonicalized; runtime dir private 0700) canonical_home=/private/var/folders/5r/wq54gtms21gfjgr5v94ynfyh0000gn/T/lingxi-r02t08-a15-home.ThbSLY runtime_dir=/private/var/folders/5r/wq54gtms21gfjgr5v94ynfyh0000gn/T/lingxi-r02t08-a15-home.ThbSLY/lingxi-service
2026-09-29T11:20:57.704126Z  INFO lingxi_service: single-writer lock acquired instance_id=251fdc0a0a1c2c149a46dd82a2af4bf1 start_nonce=3c8ac3993b107f42 pid=76286 entropy="os-random-device" lock=/private/var/folders/5r/wq54gtms21gfjgr5v94ynfyh0000gn/T/lingxi-r02t08-a15-home.ThbSLY/lingxi-service/instance.lock network_mode=loopback
2026-09-29T11:20:57.718502Z  INFO lingxi_service: data-epoch gate passed home=/private/var/folders/5r/wq54gtms21gfjgr5v94ynfyh0000gn/T/lingxi-r02t08-a15-home.ThbSLY decision=ProceedStampedNew(EpochStamp { format: V2, minimum_reader_epoch: 1, committed_data_epoch: 1, last_version: Some("0.0.0") })
2026-09-29T11:20:57.768264Z  INFO lingxi_adapters::storage::run_store: run database migrated db=/private/var/folders/5r/wq54gtms21gfjgr5v94ynfyh0000gn/T/lingxi-r02t08-a15-home.ThbSLY/lingxi-service/data/runs.db applied=[1, 2, 3, 4] version=4
2026-09-29T11:20:57.769096Z  INFO lingxi_service: auth service bootstrapped (per-start loopback token, owner-only); run database migrated and seeded local_token_file=/private/var/folders/5r/wq54gtms21gfjgr5v94ynfyh0000gn/T/lingxi-r02t08-a15-home.ThbSLY/lingxi-service/local-token.json run_database=/private/var/folders/5r/wq54gtms21gfjgr5v94ynfyh0000gn/T/lingxi-r02t08-a15-home.ThbSLY/lingxi-service/data/runs.db
2026-09-29T11:20:57.779478Z  INFO lingxi_service: instance record published (atomic write) record=/private/var/folders/5r/wq54gtms21gfjgr5v94ynfyh0000gn/T/lingxi-r02t08-a15-home.ThbSLY/lingxi-service/instance.json bind_addr=127.0.0.1:56190
LINGXI_AUTH_REJECTED request_id=req-29e15d3d50d271ddbcd34567e15661a5 method=GET path=/lingxi/v1/me status=401 Unauthorized reason=missing_credential remote=127.0.0.1:56192
2026-09-29T11:20:58.084981Z  INFO lingxi_service: request handled request_id=req-29e15d3d50d271ddbcd34567e15661a5 method=GET path=/lingxi/v1/me status=401
2026-09-29T11:20:58.085807Z  INFO lingxi_service: request handled request_id=req-5aa2153a23e5b457802942d3631b9a53 method=GET path=/lingxi/v1/me status=200
2026-09-29T11:20:58.087446Z  INFO lingxi_service::sessions: run settled through the single finalize path run_id=run_000001a0ece57de6_000001 session_id="sess_local_alpha" outcome=completed.no_final.no_provider_configured input_chars=23
2026-09-29T11:20:58.087570Z  INFO lingxi_service: request handled request_id=req-294993ae4d81f9b022e45999416f77fe method=POST path=/lingxi/v1/sessions/sess_local_alpha/execute status=200
2026-09-29T11:20:58.088011Z  INFO lingxi_service: request handled request_id=req-8d09424f68817f61894fa805af4738a9 method=GET path=/lingxi/v1/ws status=101
2026-09-29T11:20:58.089711Z  INFO lingxi_service::sessions: run settled through the single finalize path run_id=run_000001a0ece57de9_000002 session_id="sess_local_alpha" outcome=completed.no_final.no_provider_configured input_chars=26
2026-09-29T11:20:58.089855Z  INFO lingxi_service: request handled request_id=req-03e4a8aad6208619ae666944e648bca1 method=POST path=/lingxi/v1/sessions/sess_local_alpha/execute status=200
2026-09-29T11:20:58.090506Z  INFO lingxi_service: request handled request_id=req-3b51fa982d2bc87ec457c22151c54407 method=GET path=/lingxi/v1/sessions/sess_local_alpha status=200
2026-09-29T11:20:58.091344Z  INFO lingxi_service: request handled request_id=req-88b539832ca6a73000ca14544e053ca7 method=GET path=/lingxi/v1/sessions/sess_local_alpha/events status=200
2026-09-29T11:20:58.091796Z  INFO lingxi_service: request handled request_id=req-3924197f4484816d4b022b2be92598cc method=GET path=/lingxi/v1/ws status=101
2026-09-29T11:20:58.092995Z  WARN lingxi_service: ws session read failed err=Connection reset by peer (os error 54)
2026-09-29T11:20:58.117604Z  INFO lingxi_service: shutdown signal: SIGTERM
2026-09-29T11:20:58.118643Z  INFO lingxi_service::shutdown: run database closed (drained, WAL truncated) phase=storage_close
2026-09-29T11:20:58.118894Z  INFO lingxi_service::shutdown: own instance record removed, lock released phase=record_cleanup
2026-09-29T11:20:58.118964Z  INFO lingxi_service: lingxi-service stopped cleanly (run database closed, own record removed, lock released)
