2026-10-01T17:57:43.544348Z  INFO lingxi_service: data root resolved effective_home=/var/folders/5r/wq54gtms21gfjgr5v94ynfyh0000gn/T//lingxi-r02t05-home-9o6Xge source=cli ignored_sources=none
2026-10-01T17:57:43.545566Z  INFO lingxi_service: data root prepared (canonicalized; runtime dir private 0700) canonical_home=/private/var/folders/5r/wq54gtms21gfjgr5v94ynfyh0000gn/T/lingxi-r02t05-home-9o6Xge runtime_dir=/private/var/folders/5r/wq54gtms21gfjgr5v94ynfyh0000gn/T/lingxi-r02t05-home-9o6Xge/lingxi-service
2026-10-01T17:57:43.546064Z  INFO lingxi_service: single-writer lock acquired instance_id=2b2e9df026bfe4e0b29f44e0b4e025c8 start_nonce=2cb4adb80f9ca2de pid=30199 entropy="os-random-device" lock=/private/var/folders/5r/wq54gtms21gfjgr5v94ynfyh0000gn/T/lingxi-r02t05-home-9o6Xge/lingxi-service/instance.lock network_mode=loopback
2026-10-01T17:57:43.561605Z  INFO lingxi_service: data-epoch gate passed home=/private/var/folders/5r/wq54gtms21gfjgr5v94ynfyh0000gn/T/lingxi-r02t05-home-9o6Xge decision=ProceedStampedNew(EpochStamp { format: V2, minimum_reader_epoch: 1, committed_data_epoch: 1, last_version: Some("0.0.0") })
2026-10-01T17:57:43.607902Z  INFO lingxi_adapters::storage::run_store: run database migrated db=/private/var/folders/5r/wq54gtms21gfjgr5v94ynfyh0000gn/T/lingxi-r02t05-home-9o6Xge/lingxi-service/data/runs.db applied=[1, 2, 3, 4] version=4
2026-10-01T17:57:43.608834Z  INFO lingxi_service: auth service bootstrapped (per-start loopback token, owner-only); run database migrated and seeded local_token_file=/private/var/folders/5r/wq54gtms21gfjgr5v94ynfyh0000gn/T/lingxi-r02t05-home-9o6Xge/lingxi-service/local-token.json run_database=/private/var/folders/5r/wq54gtms21gfjgr5v94ynfyh0000gn/T/lingxi-r02t05-home-9o6Xge/lingxi-service/data/runs.db
2026-10-01T17:57:43.617554Z  INFO lingxi_service: instance record published (atomic write) record=/private/var/folders/5r/wq54gtms21gfjgr5v94ynfyh0000gn/T/lingxi-r02t05-home-9o6Xge/lingxi-service/instance.json bind_addr=127.0.0.1:55776
2026-10-01T17:57:43.832928Z  INFO lingxi_service::sessions: run settled through the single finalize path run_id=run_000001a0f89d7517_000001 session_id="sess_local_alpha" outcome=completed.no_final.no_provider_configured input_chars=10 input_bytes=10
2026-10-01T17:57:43.833185Z  INFO lingxi_service: request handled request_id=req-e567699d57ad24e9681e0692b4f1366f method=POST path=/lingxi/v1/sessions/sess_local_alpha/execute status=200
2026-10-01T17:57:43.834668Z  INFO lingxi_service::sessions: run settled through the single finalize path run_id=run_000001a0f89d7519_000002 session_id="sess_local_alpha" outcome=completed.no_final.no_provider_configured input_chars=10 input_bytes=10
2026-10-01T17:57:43.834841Z  INFO lingxi_service: request handled request_id=req-4fb77808bddfa2906501d5cc8f1c7bca method=POST path=/lingxi/v1/sessions/sess_local_alpha/execute status=200
2026-10-01T17:57:43.835503Z  INFO lingxi_service: request handled request_id=req-5b4d5398ac95adf0cb62c08be84070dc method=GET path=/lingxi/v1/ws status=101
2026-10-01T17:57:43.837780Z  INFO lingxi_service::sessions: run settled through the single finalize path run_id=run_000001a0f89d751c_000003 session_id="sess_local_alpha" outcome=completed.no_final.no_provider_configured input_chars=12 input_bytes=12
2026-10-01T17:57:43.837927Z  INFO lingxi_service: request handled request_id=req-9a5300241bffaf8157c4ccf1b6c53fe8 method=POST path=/lingxi/v1/sessions/sess_local_alpha/execute status=200
2026-10-01T17:57:43.839081Z  INFO lingxi_service::sessions: run settled through the single finalize path run_id=run_000001a0f89d751e_000004 session_id="sess_local_alpha" outcome=completed.no_final.no_provider_configured input_chars=12 input_bytes=12
2026-10-01T17:57:43.839220Z  INFO lingxi_service: request handled request_id=req-4bb36864c35656281e539f36c8ce4e70 method=POST path=/lingxi/v1/sessions/sess_local_alpha/execute status=200
2026-10-01T17:57:43.840356Z  INFO lingxi_service::sessions: run settled through the single finalize path run_id=run_000001a0f89d751f_000005 session_id="sess_local_alpha" outcome=completed.no_final.no_provider_configured input_chars=12 input_bytes=12
2026-10-01T17:57:43.840499Z  INFO lingxi_service: request handled request_id=req-b6c3495ab21af5f2a28de7d37db46116 method=POST path=/lingxi/v1/sessions/sess_local_alpha/execute status=200
2026-10-01T17:57:43.841597Z  INFO lingxi_service::sessions: run settled through the single finalize path run_id=run_000001a0f89d7520_000006 session_id="sess_local_alpha" outcome=completed.no_final.no_provider_configured input_chars=12 input_bytes=12
2026-10-01T17:57:43.841734Z  INFO lingxi_service: request handled request_id=req-9fd79e2459531da221574394d4d13028 method=POST path=/lingxi/v1/sessions/sess_local_alpha/execute status=200
2026-10-01T17:57:44.852772Z  INFO lingxi_service::sessions: run settled through the single finalize path run_id=run_000001a0f89d7913_000007 session_id="sess_local_alpha" outcome=completed.no_final.no_provider_configured input_chars=8 input_bytes=8
2026-10-01T17:57:44.853015Z  INFO lingxi_service: request handled request_id=req-39e5ce2212a29aca8efa932dc9f873ca method=POST path=/lingxi/v1/sessions/sess_local_alpha/execute status=200
2026-10-01T17:57:44.854460Z  INFO lingxi_service: request handled request_id=req-79f0eff915b525d6abcc853fc6bf1b36 method=GET path=/lingxi/v1/sessions/sess_local_alpha/events status=200
2026-10-01T17:57:44.856712Z  INFO lingxi_service: request handled request_id=req-acd8f58e2f0dff7290e67224e839d5d6 method=GET path=/lingxi/v1/sessions/sess_local_alpha/events status=409
2026-10-01T17:57:44.857566Z  INFO lingxi_service: request handled request_id=req-2dd02bb1953c0fae8e545b985d78d1ac method=GET path=/lingxi/v1/ws status=101
2026-10-01T17:57:44.861331Z  INFO lingxi_service: request handled request_id=req-6152b9e53785c99edd1a6a8038fbeca9 method=GET path=/lingxi/v1/sessions/sess_local_alpha/events status=200
2026-10-01T17:57:44.863265Z  INFO lingxi_service::sessions: run settled through the single finalize path run_id=run_000001a0f89d791e_000008 session_id="sess_local_beta" outcome=completed.no_final.no_provider_configured input_chars=8 input_bytes=8
2026-10-01T17:57:44.863434Z  INFO lingxi_service: request handled request_id=req-757cbf84b2741df82243ed8b96349135 method=POST path=/lingxi/v1/sessions/sess_local_beta/execute status=200
2026-10-01T17:57:44.864477Z  INFO lingxi_service: request handled request_id=req-9343479d1200f5978b00e7111892181e method=GET path=/lingxi/v1/sessions/sess_local_beta/events status=200
2026-10-01T17:57:44.866340Z  INFO lingxi_service: request handled request_id=req-8302aa5509183d5a195a4893ee42b983 method=GET path=/lingxi/v1/sessions/sess_local_beta/events status=409
2026-10-01T17:57:44.867019Z  INFO lingxi_service: request handled request_id=req-ab0f48577d2e7dadd1635d06e95ff523 method=GET path=/lingxi/v1/ws status=101
2026-10-01T17:57:44.869504Z  INFO lingxi_service: request handled request_id=req-f470eac34eb20397e13e7690ca7fe0f8 method=GET path=/lingxi/v1/ws status=101
2026-10-01T17:57:47.875586Z  INFO lingxi_service: request handled request_id=req-a4dfac20f583a8b8962e6583ab5ac8d3 method=GET path=/lingxi/v1/sessions/stream_never_existed/events status=404
2026-10-01T17:57:47.878004Z  INFO lingxi_service: request handled request_id=req-b6833d677dc6d03cc7069f415e22dfe5 method=GET path=/lingxi/v1/ws status=101
2026-10-01T17:57:50.884418Z  INFO lingxi_service: request handled request_id=req-2b19ca96588ced7ef167ec8005633d32 method=GET path=/lingxi/v1/ws status=101
2026-10-01T17:57:53.891812Z  INFO lingxi_service: request handled request_id=req-517b1b5d8b73861deb004e5a51070ded method=GET path=/lingxi/v1/ws status=101
2026-10-01T17:57:58.102764Z  INFO lingxi_service: request handled request_id=req-51b037f9f86e7b1076a3ed7b5e61d972 method=POST path=/lingxi/v1/devices/credentials status=201
2026-10-01T17:57:59.277784Z  INFO lingxi_service: request handled request_id=req-f6922f26abc21cfc124b1e99d9360d0e method=GET path=/lingxi/v1/sessions/sess_local_alpha/events status=403
2026-10-01T17:57:59.693480Z  INFO lingxi_service: shutdown signal: SIGTERM
2026-10-01T17:57:59.694829Z  INFO lingxi_service::shutdown: run database closed (drained, WAL truncated) phase=storage_close
2026-10-01T17:57:59.695272Z  INFO lingxi_service::shutdown: own instance record removed, lock released phase=record_cleanup
2026-10-01T17:57:59.695332Z  INFO lingxi_service: lingxi-service stopped cleanly (run database closed, own record removed, lock released)
