   Compiling serde_core v1.0.229
   Compiling log v0.4.34
   Compiling memchr v2.8.3
   Compiling futures-io v0.3.34
   Compiling serde v1.0.229
   Compiling futures-task v0.3.34
   Compiling tracing-core v0.1.36
   Compiling futures-channel v0.3.34
   Compiling cmov v0.5.4
   Compiling serde_json v1.0.151
   Compiling autocfg v1.5.1
   Compiling errno v0.3.14
   Compiling rustls v0.23.45
   Compiling futures-macro v0.3.34
   Compiling iana-time-zone v0.1.65
   Compiling getrandom v0.4.3
   Compiling inout v0.2.2
   Compiling thiserror v2.0.21
   Compiling regex-syntax v0.8.11
   Compiling thiserror-impl v2.0.21
   Compiling rmcp v3.4.1
   Compiling lazy_static v1.5.0
   Compiling thread_local v1.1.10
   Compiling matchit v0.8.4
   Compiling pastey v0.2.3
   Compiling nu-ansi-term v0.50.3
   Compiling ring v0.17.14
   Compiling if-addrs v0.15.0
   Compiling signal-hook-registry v1.4.8
   Compiling cipher v0.5.2
   Compiling sharded-slab v0.1.7
   Compiling qrcodegen v1.8.0
   Compiling num-conv v0.2.2
   Compiling time-core v0.1.9
   Compiling deranged v0.5.8
   Compiling ctutils v0.4.2
   Compiling powerfmt v0.2.0
   Compiling tokio v1.53.1
   Compiling tracing v0.1.44
   Compiling tracing-log v0.2.0
   Compiling num-traits v0.2.19
   Compiling salsa20 v0.11.0
   Compiling pem v4.0.0
   Compiling digest v0.11.3
   Compiling axum-core v0.5.6
   Compiling sha2 v0.11.0
   Compiling sha1 v0.11.0
   Compiling hmac v0.13.0
   Compiling futures-util v0.3.34
   Compiling pbkdf2 v0.13.0
   Compiling regex-automata v0.4.18
   Compiling time v0.3.55
   Compiling scrypt v0.12.0
   Compiling uuid v1.26.1
   Compiling yasna v0.6.0
   Compiling matchers v0.2.0
   Compiling tracing-subscriber v0.3.23
   Compiling indexmap v2.14.2
   Compiling serde_path_to_error v0.1.20
   Compiling chrono v0.4.45
   Compiling serde_urlencoded v0.7.1
   Compiling futures-executor v0.3.34
   Compiling futures v0.3.34
   Compiling tokio-util v0.7.19
   Compiling tower v0.5.3
   Compiling tokio-stream v0.1.19
   Compiling tokio-rustls v0.26.5
   Compiling rustls-platform-verifier v0.7.1
   Compiling rcgen v0.14.10
   Compiling tower-http v0.6.11
   Compiling h2 v0.4.19
   Compiling schemars v1.2.2
   Compiling lingxi-protocol v0.0.0 (/private/tmp/r05-rr2-g/repo/rust/crates/lingxi-protocol)
   Compiling lingxi-kernel v0.0.0 (/private/tmp/r05-rr2-g/repo/rust/crates/lingxi-kernel)
   Compiling hyper v1.11.1
   Compiling hyper-util v0.1.21
   Compiling hyper-rustls v0.27.10
   Compiling axum v0.8.9
   Compiling reqwest v0.13.5
   Compiling lingxi-adapters v0.0.0 (/private/tmp/r05-rr2-g/repo/rust/crates/lingxi-adapters)
   Compiling lingxi-service v0.0.0 (/private/tmp/r05-rr2-g/repo/rust/crates/lingxi-service)
    Finished `test` profile [unoptimized + debuginfo] target(s) in 21.13s
     Running tests/r05_t02_credentials.rs (/tmp/r05-rr2-g/target-x/debug/deps/r05_t02_credentials-a004bc935b5b00b8)

running 1 test
test rr1_f04::rr1_f04_oauth_model_listing_and_non_oauth_rejection ... FAILED

failures:

---- rr1_f04::rr1_f04_oauth_model_listing_and_non_oauth_rejection stdout ----

thread 'rr1_f04::rr1_f04_oauth_model_listing_and_non_oauth_rejection' (19189453) panicked at crates/lingxi-service/tests/r05_t02_credentials.rs:3842:9:
assertion `left == right` failed: a non-OAuth provider's OAuth model listing is the leaf-mandated 404: {"code":"invalid_message","details":{"causeId":"models.oauth_only_surface","reason":"oauth_only_surface","requestId":"req-cd5fb57a2d9c8e47510a0837f1ee300f"},"message":"credential surface refused the request: model listing on a non-oauth provider","retryable":false}
  left: 409
 right: 404
note: run with `RUST_BACKTRACE=1` environment variable to display a backtrace


failures:
    rr1_f04::rr1_f04_oauth_model_listing_and_non_oauth_rejection

test result: FAILED. 0 passed; 1 failed; 0 ignored; 0 measured; 37 filtered out; finished in 0.15s

error: test failed, to rerun pass `-p lingxi-service --test r05_t02_credentials`
