
 RUN  v4.1.10 /private/tmp/p05x-accept

stderr | p05-accept-counterexamples.test.ts > C1 跨流迟到事件：旧流 segment 迟到 delta 不得污染新轮 Run > Run A 结束后开启 Run B，旧流(segA/streamA)迟到 delta 不得出现在 Run B 的 answer
[stream] canonical_segment_gap: segment event without start: {
  type: 'assistant_segment_delta',
  segmentId: 'segA',
  sessionPath: '/tmp/p05x-accept-c1-session.jsonl'
}

 ❯ p05-accept-counterexamples.test.ts (5 tests | 1 failed) 10ms
     × Run A 结束后开启 Run B，旧流(segA/streamA)迟到 delta 不得出现在 Run B 的 answer 7ms
     ✓ 边界精确：sinceSeq=firstSeq-1 不算截断；firstSeq-2 算截断且补发从 firstSeq 起 0ms
     ✓ 字节上限触发 trim：超 maxBytes 后旧事件被丢、resume 显式 truncated（不报完整） 0ms
     ✓ 超大单事件压缩可观察：compacted 标记与 originalByteLength 存在，不把压缩结果当原始完整 0ms
     ✓ 展开全文读持久 toolResult 的 details（v2 合法 kind=tool_output），不受磁盘陷阱影响；会话不匹配拒绝 1ms

⎯⎯⎯⎯⎯⎯⎯ Failed Tests 1 ⎯⎯⎯⎯⎯⎯⎯

 FAIL  p05-accept-counterexamples.test.ts > C1 跨流迟到事件：旧流 segment 迟到 delta 不得污染新轮 Run > Run A 结束后开启 Run B，旧流(segA/streamA)迟到 delta 不得出现在 Run B 的 answer
AssertionError: expected '[{"type":"message","data":{"id":"u1",…' not to contain '【迟到旧流尾巴】'

Expected: "【迟到旧流尾巴】"
Received: "[{"type":"message","data":{"id":"u1","role":"user","text":"第一问"}},{"type":"message","data":{"id":"u2","role":"user","text":"第二问"}},{"type":"message","data":{"id":"stream-1790046950229-1","role":"assistant","blocks":[{"id":"stream-1790046950229-1:segment:segA","type":"text","source":"A轮正文","semanticPhase":"final_answer","surfaceRole":"answer","lifecycle":"sealed"}],"timestamp":1790046950229,"turnProjection":{"id":"stream-1790046950229-1:turn","inputMessageId":null,"assistantMessageIds":["stream-1790046950229-1"],"processBlockIds":[],"provisionalBlockIds":[],"answerBlockIds":["stream-1790046950229-1:segment:segA"],"resultBlockIds":[],"controlBlockIds":[],"status":"completed","outcome":"completed_with_answer","completedAt":1790046950230}}},{"type":"message","data":{"id":"stream-1790046950230-2","role":"assistant","blocks":[{"id":"stream-1790046950230-2:segment:segB","type":"text","source":"B轮正文","semanticPhase":"final_answer","surfaceRole":"answer","lifecycle":"sealed"},{"id":"stream-1790046950230-2:segment:segA","type":"text","source":"【迟到旧流尾巴】","semanticPhase":"final_answer","surfaceRole":"answer","lifecycle":"sealed"}],"timestamp":1790046950230,"turnProjection":{"id":"stream-1790046950230-2:turn","inputMessageId":null,"assistantMessageIds":["stream-1790046950230-2"],"processBlockIds":[],"provisionalBlockIds":[],"answerBlockIds":["stream-1790046950230-2:segment:segB","stream-1790046950230-2:segment:segA"],"resultBlockIds":[],"controlBlockIds":[],"status":"completed","outcome":"completed_with_answer","completedAt":1790046950231}}}]"

 ❯ p05-accept-counterexamples.test.ts:91:28
     89|     expect(serialized).toContain('B轮正文');
     90|     // 迟到旧流尾巴不得进入任何 live 投影正文
     91|     expect(serialized).not.toContain('【迟到旧流尾巴】');
       |                            ^
     92|   });
     93| });

⎯⎯⎯⎯⎯⎯⎯⎯⎯⎯⎯⎯⎯⎯⎯⎯⎯⎯⎯⎯⎯⎯⎯⎯[1/1]⎯


 Test Files  1 failed (1)
      Tests  1 failed | 4 passed (5)
   Start at  11:15:48
   Duration  1.45s (transform 557ms, setup 0ms, import 1.12s, tests 10ms, environment 253ms)

EXIT:1
