$ shasum -a 256 -c docs/refactor-2026/P05/EVIDENCE_SHA256.txt  # cwd=repo root (P05-FIXR2)
artifacts/refactor-2026/P05/logs/P05-ACCEPTANCE-counterexample.log: OK
artifacts/refactor-2026/P05/logs/P05-ACCEPTANCE-counterexample.test.ts: OK
artifacts/refactor-2026/P05/logs/P05-ACCEPTANCE-full-suite.log: OK
artifacts/refactor-2026/P05/logs/P05-ACCEPTANCE-rerun.log: OK
artifacts/refactor-2026/P05/logs/P05-ACCEPTANCE-typecheck.log: OK
artifacts/refactor-2026/P05/logs/P05-FAULT-INJECTION.test.ts: OK
artifacts/refactor-2026/P05/logs/P05-FIXR1-attribution-grep.err: OK
artifacts/refactor-2026/P05/logs/P05-FIXR1-attribution-grep.out: OK
artifacts/refactor-2026/P05/logs/P05-FIXR1-fi-test-alt-cwd.err: OK
artifacts/refactor-2026/P05/logs/P05-FIXR1-fi-test-alt-cwd.out: OK
artifacts/refactor-2026/P05/logs/P05-FIXR1-fi-test-repo-root.err: OK
artifacts/refactor-2026/P05/logs/P05-FIXR1-fi-test-repo-root.out: OK
artifacts/refactor-2026/P05/logs/P05-FIXR1-json-validate-r2.err: OK
artifacts/refactor-2026/P05/logs/P05-FIXR1-json-validate-r2.out: OK
artifacts/refactor-2026/P05/logs/P05-FIXR1-json-validate.err: OK
artifacts/refactor-2026/P05/logs/P05-FIXR1-json-validate.out: OK
artifacts/refactor-2026/P05/logs/P05-FIXR2-counterexample-baseline.err: OK
artifacts/refactor-2026/P05/logs/P05-FIXR2-counterexample-baseline.out: OK
artifacts/refactor-2026/P05/logs/P05-FIXR2-counterexample-test-alt-cwd.err: OK
artifacts/refactor-2026/P05/logs/P05-FIXR2-counterexample-test-alt-cwd.out: OK
artifacts/refactor-2026/P05/logs/P05-FIXR2-counterexample-test-repo-root.err: OK
artifacts/refactor-2026/P05/logs/P05-FIXR2-counterexample-test-repo-root.out: OK
artifacts/refactor-2026/P05/logs/P05-FIXR2-fi-test-alt-cwd.err: OK
artifacts/refactor-2026/P05/logs/P05-FIXR2-fi-test-alt-cwd.out: OK
artifacts/refactor-2026/P05/logs/P05-FIXR2-fi-test-repo-root.err: OK
artifacts/refactor-2026/P05/logs/P05-FIXR2-fi-test-repo-root.out: OK
artifacts/refactor-2026/P05/logs/P05-FIXR2-json-validate.err: OK
artifacts/refactor-2026/P05/logs/P05-FIXR2-json-validate.out: OK
artifacts/refactor-2026/P05/logs/P05-FIXR2-p04-counterexample-test-alt-cwd.err: OK
artifacts/refactor-2026/P05/logs/P05-FIXR2-p04-counterexample-test-alt-cwd.out: OK
artifacts/refactor-2026/P05/logs/P05-FIXR2-p04-counterexample-test-repo-root.err: OK
artifacts/refactor-2026/P05/logs/P05-FIXR2-p04-counterexample-test-repo-root.out: OK
artifacts/refactor-2026/P05/logs/P05-FIXR2-portability-grep.err: OK
artifacts/refactor-2026/P05/logs/P05-FIXR2-portability-grep.out: OK
artifacts/refactor-2026/P05/logs/P05-REACCEPTANCE-commands.log: OK
artifacts/refactor-2026/P05/logs/P05-T00-lockfile-sha.err: OK
artifacts/refactor-2026/P05/logs/P05-T00-lockfile-sha.out: OK
artifacts/refactor-2026/P05/logs/P05-T00-node-version.err: OK
artifacts/refactor-2026/P05/logs/P05-T00-node-version.out: OK
artifacts/refactor-2026/P05/logs/P05-T00-npm-version.err: OK
artifacts/refactor-2026/P05/logs/P05-T00-npm-version.out: OK
artifacts/refactor-2026/P05/logs/P05-T03-client-cross-stream-r2.err: OK
artifacts/refactor-2026/P05/logs/P05-T03-client-cross-stream-r2.out: OK
artifacts/refactor-2026/P05/logs/P05-T03-client-cross-stream-r3.err: OK
artifacts/refactor-2026/P05/logs/P05-T03-client-cross-stream-r3.out: OK
artifacts/refactor-2026/P05/logs/P05-T03-client-cross-stream.err: OK
artifacts/refactor-2026/P05/logs/P05-T03-client-cross-stream.out: OK
artifacts/refactor-2026/P05/logs/P05-T03-store-regression.err: OK
artifacts/refactor-2026/P05/logs/P05-T03-store-regression.out: OK
artifacts/refactor-2026/P05/logs/P05-T03-ws-resume-route-r2.err: OK
artifacts/refactor-2026/P05/logs/P05-T03-ws-resume-route-r2.out: OK
artifacts/refactor-2026/P05/logs/P05-T03-ws-resume-route.err: OK
artifacts/refactor-2026/P05/logs/P05-T03-ws-resume-route.out: OK
artifacts/refactor-2026/P05/logs/P05-T04-bench-phase-b.err: OK
artifacts/refactor-2026/P05/logs/P05-T04-bench-phase-b.out: OK
artifacts/refactor-2026/P05/logs/P05-T04-directory-suite.err: OK
artifacts/refactor-2026/P05/logs/P05-T04-directory-suite.out: OK
artifacts/refactor-2026/P05/logs/P05-T04-history-parity.err: OK
artifacts/refactor-2026/P05/logs/P05-T04-history-parity.out: OK
artifacts/refactor-2026/P05/logs/P05-T05-a11-tool-history.err: OK
artifacts/refactor-2026/P05/logs/P05-T05-a11-tool-history.out: OK
artifacts/refactor-2026/P05/logs/P05-T05-resource-suite.err: OK
artifacts/refactor-2026/P05/logs/P05-T05-resource-suite.out: OK
artifacts/refactor-2026/P05/logs/P05-T06-data-epoch-suite.err: OK
artifacts/refactor-2026/P05/logs/P05-T06-data-epoch-suite.out: OK
artifacts/refactor-2026/P05/logs/P05-T06-fingerprint-check.err: OK
artifacts/refactor-2026/P05/logs/P05-T06-fingerprint-check.out: OK
artifacts/refactor-2026/P05/logs/P05-T07-fault-injection-r2.err: OK
artifacts/refactor-2026/P05/logs/P05-T07-fault-injection-r2.out: OK
artifacts/refactor-2026/P05/logs/P05-T07-fault-injection-r3.err: OK
artifacts/refactor-2026/P05/logs/P05-T07-fault-injection-r3.out: OK
artifacts/refactor-2026/P05/logs/P05-T07-fault-injection-r4.err: OK
artifacts/refactor-2026/P05/logs/P05-T07-fault-injection-r4.out: OK
artifacts/refactor-2026/P05/logs/P05-T07-fault-injection.err: OK
artifacts/refactor-2026/P05/logs/P05-T07-fault-injection.out: OK
artifacts/refactor-2026/P05/logs/P05-T07-parity-and-fi.err: OK
artifacts/refactor-2026/P05/logs/P05-T07-parity-and-fi.out: OK
artifacts/refactor-2026/P05/logs/P05-T08-export-obs-bridge.err: OK
artifacts/refactor-2026/P05/logs/P05-T08-export-obs-bridge.out: OK
artifacts/refactor-2026/P05/logs/P05-T08-f1-patch-side-effect.stat.txt: OK
artifacts/refactor-2026/P05/logs/P05-T08-full-suite.err: OK
artifacts/refactor-2026/P05/logs/P05-T08-full-suite.out: OK
artifacts/refactor-2026/P05/logs/P05-T08-gates-r2.err: OK
artifacts/refactor-2026/P05/logs/P05-T08-gates-r2.out: OK
artifacts/refactor-2026/P05/logs/P05-T08-gates-r3.err: OK
artifacts/refactor-2026/P05/logs/P05-T08-gates-r3.out: OK
artifacts/refactor-2026/P05/logs/P05-T08-gates.err: OK
artifacts/refactor-2026/P05/logs/P05-T08-gates.out: OK
artifacts/refactor-2026/P05/logs/P05-T08-typecheck.err: OK
artifacts/refactor-2026/P05/logs/P05-T08-typecheck.out: OK
artifacts/refactor-2026/P05/logs/command-log.jsonl: OK
artifacts/refactor-2026/P05/samples/history-bench-b/requests-b-n1000.jsonl: OK
artifacts/refactor-2026/P05/samples/history-bench-b/requests-b-n10000.jsonl: OK
artifacts/refactor-2026/P05/samples/history-bench-b/summary-b.json: OK
artifacts/refactor-2026/P05/samples/history-bench-b/summary-b.md: OK
artifacts/refactor-2026/P05/tools/run-logged.mjs: OK
docs/refactor-2026/P05/ACCEPTANCE_MAP.json: OK
docs/refactor-2026/P05/CONSUMER_MIGRATION.md: OK
docs/refactor-2026/P05/DATA_COMPATIBILITY.md: OK
docs/refactor-2026/P05/HISTORY_PARITY.md: OK
docs/refactor-2026/P05/LIVE_HISTORY_REPLAY_REPORT.md: OK
docs/refactor-2026/P05/MESSAGE_SEMANTICS.md: OK
docs/refactor-2026/P05/NEXT_STAGE_HANDOFF.md: OK
docs/refactor-2026/P05/P05_ACCEPTANCE_REVIEW.md: OK
docs/refactor-2026/P05/P05_REACCEPTANCE_REVIEW.md: OK
docs/refactor-2026/P05/P05_REPORT.md: OK
docs/refactor-2026/P05/P05_RESULT.json: OK
docs/refactor-2026/P05/RECONNECT_CONTRACT.md: OK
docs/refactor-2026/P05/RESOURCE_HISTORY_CONTRACT.md: OK
docs/refactor-2026/P05/SEMANTIC_FIXTURES.json: OK
docs/refactor-2026/P05/SESSION_IDENTITY_CONTRACT.md: OK
EXIT=0
