2026-09-30T02:44:15.273486Z  INFO lingxi_service: data-epoch gate passed home=/private/var/folders/5r/wq54gtms21gfjgr5v94ynfyh0000gn/T/lingxi-r02t07-a13.gTa05y decision=ProceedSteady(EpochStamp { format: V2, minimum_reader_epoch: 1, committed_data_epoch: 1, last_version: Some("0.0.0") })
2026-09-30T02:44:15.285578Z  INFO lingxi_service: auth service bootstrapped (per-start loopback token, owner-only); run database migrated and seeded local_token_file=/private/var/folders/5r/wq54gtms21gfjgr5v94ynfyh0000gn/T/lingxi-r02t07-a13.gTa05y/lingxi-service/local-token.json run_database=/private/var/folders/5r/wq54gtms21gfjgr5v94ynfyh0000gn/T/lingxi-r02t07-a13.gTa05y/lingxi-service/data/runs.db
2026-09-30T02:44:15.295082Z  INFO lingxi_service: instance record published (atomic write) record=/private/var/folders/5r/wq54gtms21gfjgr5v94ynfyh0000gn/T/lingxi-r02t07-a13.gTa05y/lingxi-service/instance.json bind_addr=127.0.0.1:51707
2026-09-30T02:44:15.474129Z  INFO lingxi_service::sessions: normal submission to a busy session rejected (session_busy; retryable) session_id="sess_local_beta"
2026-09-30T02:44:15.474310Z  INFO lingxi_service: request handled request_id=req-dbb8e756a452bd67c26395f667dfa2e2 method=POST path=/lingxi/v1/sessions/sess_local_beta/execute status=409
2026-09-30T02:44:20.944651Z  INFO lingxi_service::sessions: normal submission to a busy session rejected (session_busy; retryable) session_id="sess_local_beta"
2026-09-30T02:44:20.944622Z  WARN lingxi_service::runs: run driver exited without a finalize; cancellation tree fired, registry entry removed, durable row left honest (R03-T07 owns recovery) run_id=run_000001a0f032c9f1_000002
2026-09-30T02:44:20.944805Z  INFO lingxi_service::sessions: normal submission to a busy session rejected (session_busy; retryable) session_id="sess_local_beta"
2026-09-30T02:44:20.944724Z  INFO lingxi_service::sessions: normal submission to a busy session rejected (session_busy; retryable) session_id="sess_local_beta"
2026-09-30T02:44:20.944777Z  INFO lingxi_service::sessions: normal submission to a busy session rejected (session_busy; retryable) session_id="sess_local_beta"
2026-09-30T02:44:20.944937Z  INFO lingxi_service: request handled request_id=req-ba1ed30d85776a085f634e42ea8bddc8 method=POST path=/lingxi/v1/sessions/sess_local_beta/execute status=409
2026-09-30T02:44:20.944693Z  INFO lingxi_service::sessions: normal submission to a busy session rejected (session_busy; retryable) session_id="sess_local_beta"
2026-09-30T02:44:20.945035Z  INFO lingxi_service: request handled request_id=req-4fd1d61cae1068f210ea8b0577f4793d method=POST path=/lingxi/v1/sessions/sess_local_beta/execute status=409
2026-09-30T02:44:20.945003Z  INFO lingxi_service: request handled request_id=req-623ac23617012de501d161356fd0e9c2 method=POST path=/lingxi/v1/sessions/sess_local_beta/execute status=409
2026-09-30T02:44:20.944996Z  INFO lingxi_service: request handled request_id=req-2f26291b4e76571e53f1d016056caae0 method=POST path=/lingxi/v1/sessions/sess_local_beta/execute status=503
2026-09-30T02:44:20.944794Z  INFO lingxi_service::sessions: normal submission to a busy session rejected (session_busy; retryable) session_id="sess_local_beta"
2026-09-30T02:44:20.945082Z  INFO lingxi_service: request handled request_id=req-691957594aa22b498f3f22469970d344 method=POST path=/lingxi/v1/sessions/sess_local_beta/execute status=409
2026-09-30T02:44:20.945189Z  INFO lingxi_service: request handled request_id=req-e387e85c4ad01707f886448089cbcb0d method=POST path=/lingxi/v1/sessions/sess_local_beta/execute status=409
2026-09-30T02:44:20.945289Z  INFO lingxi_service: request handled request_id=req-c8ac4691473349a0decca117bd2f0482 method=POST path=/lingxi/v1/sessions/sess_local_beta/execute status=409
2026-09-30T02:44:23.479263Z  INFO lingxi_service: shutdown signal: SIGTERM
2026-09-30T02:44:23.479973Z  INFO lingxi_service::shutdown: run database closed (drained, WAL truncated) phase=storage_close
2026-09-30T02:44:23.480294Z  INFO lingxi_service::shutdown: own instance record removed, lock released phase=record_cleanup
2026-09-30T02:44:23.480366Z  INFO lingxi_service: lingxi-service stopped cleanly (run database closed, own record removed, lock released)
