== D1 fix rerun: cargo test -p lingxi-service --lib task_supervisor:: --locked ==
   Compiling lingxi-kernel v0.0.0 (/Users/study_superior/Desktop/Code/LingxiAgent/rust/crates/lingxi-kernel)
   Compiling lingxi-adapters v0.0.0 (/Users/study_superior/Desktop/Code/LingxiAgent/rust/crates/lingxi-adapters)
   Compiling lingxi-service v0.0.0 (/Users/study_superior/Desktop/Code/LingxiAgent/rust/crates/lingxi-service)
    Finished `test` profile [unoptimized + debuginfo] target(s) in 3.55s
     Running unittests src/lib.rs (/tmp/r03-t06-target/debug/deps/lingxi_service-254d9c3036524e2c)

running 7 tests
test task_supervisor::tests::drain_confirms_exited_children_within_the_budget ... ok
test task_supervisor::tests::linked_child_is_aborted_by_the_tree_and_returns_its_exit ... ok
test task_supervisor::tests::registry_cap_refuses_loudly_and_reaps_ended_entries ... ok
test task_supervisor::tests::panicking_child_is_contained_and_returned_as_panicked ... ok
test task_supervisor::tests::detached_background_survives_a_run_cancellation_and_reaps_cleanly ... ok
test task_supervisor::tests::drain_expiry_branch_really_aborts_a_yielding_child ... ok
test task_supervisor::tests::noncooperating_child_is_reported_unconfirmed_never_fake_quiet ... ok

test result: ok. 7 passed; 0 failed; 0 ignored; 0 measured; 214 filtered out; finished in 0.31s

EXIT=0
== D1 fix rerun: cargo test -p lingxi-service --test cancellation_tree --locked ==
   Compiling lingxi-service v0.0.0 (/Users/study_superior/Desktop/Code/LingxiAgent/rust/crates/lingxi-service)
    Finished `test` profile [unoptimized + debuginfo] target(s) in 3.91s
     Running tests/cancellation_tree.rs (/tmp/r03-t06-target/debug/deps/cancellation_tree-44323aec67552ea7)

running 8 tests
test state_change_transaction_commits_legal_legs_and_diagnoses_bad_ones ... ok
test cancel_surface_is_diagnosable_for_unknown_terminal_foreign_and_dangling ... ok
test panicking_tool_child_is_supervised_and_the_run_settles_loudly ... ok
test queue_wait_cancel_leaves_the_unrelated_holder_untouched ... ok
test r03_a06_cancel_parent_spares_unrelated_background ... ok
test approval_wait_round_trips_approve_and_reject_legs ... ok
test r03_a05_cancel_exits_each_wait_state_and_returns_quotas ... ok
test noncooperating_child_is_reported_unconfirmed_not_fake_quiet ... ok

test result: ok. 8 passed; 0 failed; 0 ignored; 0 measured; 0 filtered out; finished in 0.65s

EXIT=0
