ROOT /var/folders/5r/wq54gtms21gfjgr5v94ynfyh0000gn/T/lingxi-r02-t01-smoke-home.Veuhyp/negative-fallback
ROOT /var/folders/5r/wq54gtms21gfjgr5v94ynfyh0000gn/T/lingxi-r02-t01-smoke-home.Veuhyp/negative-fallback
ROOT /var/folders/5r/wq54gtms21gfjgr5v94ynfyh0000gn/T/lingxi-r02-t01-smoke-home.Veuhyp/negative-newer-data
DIR app-data
FILE data-epoch.json fff3feede919307eab19131c6840eae2586f34591c8af945c5b99257432a08a3
DIR lingxi-service
FILE app-data/existing.bin c43fe175063ed3bec81dafcd0d914ec43e9e94bfee03dda38a6c35e79c054586
FILE lingxi-service/instance.lock e3b0c44298fc1c149afbf4c8996fb92427ae41e4649b934ca495991b7852b855
DIR lingxi-service/logs
DIR lingxi-service/tmp
FILE lingxi-service/logs/service-000001.log 461647c9f82365bfe6ce9148a6f9116b6192a6630d371dfdc1a5d3cdb0f518c5
ROOT /var/folders/5r/wq54gtms21gfjgr5v94ynfyh0000gn/T/lingxi-r02-t01-smoke-home.Veuhyp/negative-fallback
ROOT /var/folders/5r/wq54gtms21gfjgr5v94ynfyh0000gn/T/lingxi-r02-t01-smoke-home.Veuhyp/negative-newer-data
DIR app-data
FILE data-epoch.json fff3feede919307eab19131c6840eae2586f34591c8af945c5b99257432a08a3
FILE app-data/existing.bin c43fe175063ed3bec81dafcd0d914ec43e9e94bfee03dda38a6c35e79c054586
ROOT /var/folders/5r/wq54gtms21gfjgr5v94ynfyh0000gn/T/lingxi-r02-t01-smoke-home.Veuhyp/negative-fallback
fff3feede919307eab19131c6840eae2586f34591c8af945c5b99257432a08a3  /var/folders/5r/wq54gtms21gfjgr5v94ynfyh0000gn/T//lingxi-r02-t01-smoke-home.Veuhyp/negative-newer-data/data-epoch.json
c43fe175063ed3bec81dafcd0d914ec43e9e94bfee03dda38a6c35e79c054586  /var/folders/5r/wq54gtms21gfjgr5v94ynfyh0000gn/T//lingxi-r02-t01-smoke-home.Veuhyp/negative-newer-data/app-data/existing.bin
fff3feede919307eab19131c6840eae2586f34591c8af945c5b99257432a08a3  /var/folders/5r/wq54gtms21gfjgr5v94ynfyh0000gn/T//lingxi-r02-t01-smoke-home.Veuhyp/negative-newer-data/data-epoch.json
c43fe175063ed3bec81dafcd0d914ec43e9e94bfee03dda38a6c35e79c054586  /var/folders/5r/wq54gtms21gfjgr5v94ynfyh0000gn/T//lingxi-r02-t01-smoke-home.Veuhyp/negative-newer-data/app-data/existing.bin
