   Compiling typenum v1.20.1
   Compiling serde_core v1.0.229
   Compiling zmij v1.0.23
   Compiling const-oid v0.10.2
   Compiling libc v0.2.189
   Compiling serde_json v1.0.151
   Compiling memchr v2.8.3
   Compiling itoa v1.0.18
   Compiling cfg-if v1.0.5
   Compiling cpufeatures v0.3.1
   Compiling hybrid-array v0.4.15
   Compiling crypto-common v0.2.2
   Compiling block-buffer v0.12.1
   Compiling digest v0.11.3
   Compiling sha2 v0.11.0
   Compiling xtask v0.1.0 (/workspace/scratch/9b4397d87a13/audit/gate/cid_mirror_repo/rust/crates/xtask)
    Finished `test` profile [unoptimized + debuginfo] target(s) in 4.72s
     Running unittests src/main.rs (audit/gate/cid-mirror-target/debug/deps/xtask-a3f16a9cf508a346)

running 1 test
test stage_map::map_tests::r05_stage_cid_table_owns_every_pinned_test_exactly_once ... ok

test result: ok. 1 passed; 0 failed; 0 ignored; 0 measured; 114 filtered out; finished in 0.00s

