
 RUN  v4.1.10 <WORKTREE>

stdout | tests/memory-tenets.test.ts > 用户原则（tenets）存储 > 提案 → pending；批准 → active；注入块只含 active 且 critical 在前
[memory-tenets] tenet 99420f6c-dd58-4ecf-8a4f-28c94aafbc3c → active

stdout | tests/tenets-source-quota.test.ts > M15/M16：两来源配额互不占用 > M15：已有 20 条 active/user_direct 时，首个 model_proposed 审批成功
[memory-tenets] tenet dab714cb-c900-4142-87df-dd8d3e964915 → active

stdout | tests/memory-tenets.test.ts > 用户原则（tenets）存储 > 拒绝 → rejected，不注入；重复审批显式报错
[memory-tenets] tenet 45a4dc29-f27e-4471-addc-2a23ef5bedaa → rejected

stdout | tests/tenets-source-quota.test.ts > M17：各自配额到顶时明确拒绝，不影响另一来源 > 第 201 条 user_direct 新增被拒；model_proposed 审批不受影响
[memory-tenets] tenet 5793cc96-b15a-45fc-a4ea-6cc445fe11b2 → active

stdout | tests/memory-tenets.test.ts > 用户原则（tenets）存储 > active 上限按来源分离：user_direct 占满 20 不挡首次提案审批；model_proposed 满 20 才拒批
[memory-tenets] tenet 0036fbf6-562f-40c7-85c2-db6188c69119 → active

stdout | tests/tenets-source-quota.test.ts > 直钉遇 pending/rejected 同内容：必须产生 active 结果且保留历史 > 与 rejected 重复：新增 active/user_direct，rejected 事实不篡改
[memory-tenets] tenet 9fdb9804-611c-478a-8335-dd4a60e87d22 → rejected

 ✓ tests/tenets-source-quota.test.ts > countActiveTenetsBySource > 只统计 active，按来源分列；pending/rejected 不计入 22ms
 ✓ tests/tenets-source-quota.test.ts > M15/M16：两来源配额互不占用 > M15：已有 20 条 active/user_direct 时，首个 model_proposed 审批成功 4ms
 ✓ tests/tenets-source-quota.test.ts > M15/M16：两来源配额互不占用 > M16：已有 20 条 active/model_proposed 时，user_direct 直钉仍成功 1ms
 ✓ tests/tenets-source-quota.test.ts > M17：各自配额到顶时明确拒绝，不影响另一来源 > 第 21 条 model_proposed 审批被拒；user_direct 直钉不受影响 2ms
 ✓ tests/tenets-source-quota.test.ts > M17：各自配额到顶时明确拒绝，不影响另一来源 > 第 201 条 user_direct 新增被拒；model_proposed 审批不受影响 2ms
 ✓ tests/tenets-source-quota.test.ts > M17：各自配额到顶时明确拒绝，不影响另一来源 > 历史超量条目保留不删；只阻止该来源继续新增 2ms
 ✓ tests/tenets-source-quota.test.ts > M18：pending/rejected 不占 active 配额；pending 上限独立 > 大量 pending/rejected 不影响两个 active 配额 1ms
 ✓ tests/tenets-source-quota.test.ts > 直钉遇 pending/rejected 同内容：必须产生 active 结果且保留历史 > 与 pending 重复：新增 active/user_direct，pending 历史不动 1ms
 ✓ tests/tenets-source-quota.test.ts > 直钉遇 pending/rejected 同内容：必须产生 active 结果且保留历史 > 与 rejected 重复：新增 active/user_direct，rejected 事实不篡改 1ms
 ✓ tests/tenets-source-quota.test.ts > 直钉遇 pending/rejected 同内容：必须产生 active 结果且保留历史 > 与 active 重复：仍按既有语义返回 duplicate，不新增 1ms
 ✓ tests/tenets-source-quota.test.ts > M19：isTenetError 指定码精确匹配；pin_memory 不假报成功 > 传 code 时只精确匹配该码；不传才表示任意 TenetError 0ms
 ✓ tests/tenets-source-quota.test.ts > M19：isTenetError 指定码精确匹配；pin_memory 不假报成功 > pin_memory 内容非法（INVALID）时返回失败结果并保留错误码，不冒充「已添加」 1ms
 ✓ tests/tenets-source-quota.test.ts > M19：isTenetError 指定码精确匹配；pin_memory 不假报成功 > pin_memory 配额满（LIMIT_REACHED）时返回失败结果并保留错误码 2ms
 ✓ tests/tenets-source-quota.test.ts > M19：isTenetError 指定码精确匹配；pin_memory 不假报成功 > pin_memory 正常路径不受影响 1ms
 ✓ tests/memory-tenets.test.ts > 用户原则（tenets）存储 > 提案 → pending；批准 → active；注入块只含 active 且 critical 在前 30ms
 ✓ tests/memory-tenets.test.ts > 用户原则（tenets）存储 > 多行内容保留换行并按缩进续行渲染（原 pins 语义） 1ms
 ✓ tests/memory-tenets.test.ts > 用户原则（tenets）存储 > 拒绝 → rejected，不注入；重复审批显式报错 2ms
 ✓ tests/memory-tenets.test.ts > 用户原则（tenets）存储 > 归一化查重：空白/大小写/句尾标点差异视为同一条 1ms
 ✓ tests/memory-tenets.test.ts > 用户原则（tenets）存储 > active 上限按来源分离：user_direct 占满 20 不挡首次提案审批；model_proposed 满 20 才拒批 7ms
 ✓ tests/memory-tenets.test.ts > 用户原则（tenets）存储 > pending 上限 30：满员后新提案报 TENET_PENDING_FULL 8ms
 ✓ tests/memory-tenets.test.ts > 用户原则（tenets）存储 > 内容校验：空/超长报 TENET_INVALID 1ms
 ✓ tests/memory-tenets.test.ts > 用户原则（tenets）存储 > 删除与不存在 id 的报错 1ms
 ✓ tests/memory-tenets.test.ts > 用户原则（tenets）存储 > 文件损坏/缺失时读侧降级为空列表 1ms
 ✓ tests/memory-tenets.test.ts > tenet_propose 工具 > 正常提案：写入 pending、回调触发、details 带 tenetId 1ms
 ✓ tests/memory-tenets.test.ts > tenet_propose 工具 > 重复提案幂等返回 duplicate，不触发回调 1ms
 ✓ tests/memory-tenets.test.ts > tenet_propose 工具 > isEnabled=false 返回暂停提示且不写库 1ms
 ✓ tests/memory-tenets.test.ts > tenet_propose 工具 > 超长/空内容在工具层拦截 1ms

 Test Files  2 passed (2)
      Tests  27 passed (27)
   Start at  13:23:29
   Duration  2.36s (transform 307ms, setup 40ms, import 4.44s, tests 99ms, environment 0ms)

