
 RUN  v4.1.10 <WORKTREE>

stdout | tests/pinned-tenets-migration.test.ts > pinned → tenets 一次性迁移（既有行为保持） > json 优先：pinned-memory.json 条目并入 tenets（active/user_direct），旧文件改名 .migrated
[pins-migration] [hana] pinned→tenets migration: 2 added, 0 duplicates, 2 source items

stdout | tests/pinned-tenets-migration.test.ts > pinned → tenets 一次性迁移（既有行为保持） > json 缺失时解析 pinned.md（含缩进续行）
[pins-migration] [hana] pinned→tenets migration: 2 added, 0 duplicates, 2 source items

stdout | tests/pinned-tenets-migration.test.ts > M01/M02：旧版合法内容完整接纳（豁免普通新增限制） > M01：301 字符、数千字符、多行旧 pin 全文保留并 active
[pins-migration] [hana] pinned→tenets migration: 3 added, 0 duplicates, 3 source items

stdout | tests/pinned-tenets-migration.test.ts > M01/M02：旧版合法内容完整接纳（豁免普通新增限制） > M02：201 条旧 pin 全部迁移；普通第 202 条新增受新配额限制
[pins-migration] [hana] pinned→tenets migration: 201 added, 0 duplicates, 201 source items

stdout | tests/pinned-tenets-migration.test.ts > M03/M04：旧版权威来源规则（mtime）与删除语义 > M03：Markdown mtime 更新时以 Markdown 为准，否则以 JSON 为准
[pins-migration] [hana] pinned→tenets migration: 1 added, 0 duplicates, 1 source items
[pins-migration] [hana] pinned→tenets migration: 1 added, 0 duplicates, 1 source items
[pins-migration] [hana] pinned→tenets migration: 1 added, 0 duplicates, 1 source items

stdout | tests/pinned-tenets-migration.test.ts > M03/M04：旧版权威来源规则（mtime）与删除语义 > M04：合法空 items 的 JSON 是权威时保留删除语义；md 更新时采用 md
[pins-migration] [hana] pinned→tenets migration: 0 added, 0 duplicates, 0 source items
[pins-migration] [hana] pinned→tenets migration: 1 added, 0 duplicates, 1 source items

stdout | tests/pinned-tenets-migration.test.ts > M05/M06：严格读写边界与权威来源损坏 > M05：目标 tenets 损坏时不覆盖、不归档、明确失败；修复后可重试
[pins-migration] [hana] pinned→tenets migration: 1 added, 0 duplicates, 1 source items

stdout | tests/pinned-tenets-migration.test.ts > M07–M09：迁移去重规则（精确内容比较） > M07：与 active 精确重复（含边界空白/换行归一差异）不新增，映射记录到收据
[pins-migration] [hana] pinned→tenets migration: 1 added, 1 duplicates, 2 source items

stdout | tests/pinned-tenets-migration.test.ts > M07–M09：迁移去重规则（精确内容比较） > M08：只与 pending/rejected 重复时仍迁移为 active/user_direct，历史保留
[pins-migration] [hana] pinned→tenets migration: 0 added, 0 duplicates, 2 source items

stdout | tests/pinned-tenets-migration.test.ts > M07–M09：迁移去重规则（精确内容比较） > M09：仅大小写/句尾标点相似不合并（不同事实各自保留）
[pins-migration] [hana] pinned→tenets migration: 1 added, 1 duplicates, 2 source items

 ✓ tests/pinned-tenets-migration.test.ts > pinned → tenets 一次性迁移（既有行为保持） > json 优先：pinned-memory.json 条目并入 tenets（active/user_direct），旧文件改名 .migrated 43ms
 ✓ tests/pinned-tenets-migration.test.ts > pinned → tenets 一次性迁移（既有行为保持） > json 缺失时解析 pinned.md（含缩进续行） 3ms
 ✓ tests/pinned-tenets-migration.test.ts > pinned → tenets 一次性迁移（既有行为保持） > 没有旧 pins 文件的 agent 目录完全不动 1ms
 ✓ tests/pinned-tenets-migration.test.ts > M01/M02：旧版合法内容完整接纳（豁免普通新增限制） > M01：301 字符、数千字符、多行旧 pin 全文保留并 active 3ms
 ✓ tests/pinned-tenets-migration.test.ts > M01/M02：旧版合法内容完整接纳（豁免普通新增限制） > M02：201 条旧 pin 全部迁移；普通第 202 条新增受新配额限制 8ms
 ✓ tests/pinned-tenets-migration.test.ts > M03/M04：旧版权威来源规则（mtime）与删除语义 > M03：Markdown mtime 更新时以 Markdown 为准，否则以 JSON 为准 13ms
 ✓ tests/pinned-tenets-migration.test.ts > M03/M04：旧版权威来源规则（mtime）与删除语义 > M04：合法空 items 的 JSON 是权威时保留删除语义；md 更新时采用 md 8ms
 ✓ tests/pinned-tenets-migration.test.ts > M05/M06：严格读写边界与权威来源损坏 > M05：目标 tenets 损坏时不覆盖、不归档、明确失败；修复后可重试 5ms
 ✓ tests/pinned-tenets-migration.test.ts > M05/M06：严格读写边界与权威来源损坏 > M05b：目标为未来 schema 时不覆盖、明确失败 2ms
 ✓ tests/pinned-tenets-migration.test.ts > M05/M06：严格读写边界与权威来源损坏 > M05c：目标 EACCES 时明确失败，不归档 2ms
 ✓ tests/pinned-tenets-migration.test.ts > M05/M06：严格读写边界与权威来源损坏 > M06：权威来源损坏时不静默按空库迁移、不回退另一份、不归档 3ms
 ✓ tests/pinned-tenets-migration.test.ts > M07–M09：迁移去重规则（精确内容比较） > M07：与 active 精确重复（含边界空白/换行归一差异）不新增，映射记录到收据 4ms
 ✓ tests/pinned-tenets-migration.test.ts > M07–M09：迁移去重规则（精确内容比较） > M08：只与 pending/rejected 重复时仍迁移为 active/user_direct，历史保留 4ms
stdout | tests/pinned-tenets-migration.test.ts > M10/M11/M14：状态机崩溃恢复与幂等 > M12：completed 后用户删除迁移条目，重启不复活
[pins-migration] [hana] pinned→tenets migration: 2 added, 0 duplicates, 2 source items

stdout | tests/pinned-tenets-migration.test.ts > M10/M11/M14：状态机崩溃恢复与幂等 > M14a：连续运行两次幂等
[pins-migration] [hana] pinned→tenets migration: 1 added, 0 duplicates, 1 source items

stdout | tests/pinned-tenets-migration.test.ts > M20：迁移结果对设置页与 system prompt 可见 > 只注入 active；多行完整可见；pending/rejected 不注入
[pins-migration] [hana] pinned→tenets migration: 1 added, 0 duplicates, 1 source items

stdout | tests/pinned-tenets-migration.test.ts > 遗留 .migrated 与既有归档共存 > 归档目标已存在时改用带源哈希的后缀，不覆盖既有 .migrated
[pins-migration] [hana] pinned→tenets migration: 1 added, 0 duplicates, 1 source items

 ✓ tests/pinned-tenets-migration.test.ts > M07–M09：迁移去重规则（精确内容比较） > M09：仅大小写/句尾标点相似不合并（不同事实各自保留） 4ms
 ✓ tests/pinned-tenets-migration.test.ts > M10/M11/M14：状态机崩溃恢复与幂等 > M10：在 receipt:prepared 注入崩溃后重启可恢复，无丢失无重复 5ms
 ✓ tests/pinned-tenets-migration.test.ts > M10/M11/M14：状态机崩溃恢复与幂等 > M10：在 commit:before 注入崩溃后重启可恢复，无丢失无重复 4ms
 ✓ tests/pinned-tenets-migration.test.ts > M10/M11/M14：状态机崩溃恢复与幂等 > M10：在 commit:after 注入崩溃后重启可恢复，无丢失无重复 4ms
 ✓ tests/pinned-tenets-migration.test.ts > M10/M11/M14：状态机崩溃恢复与幂等 > M10：在 archive:before:pinned-memory.json 注入崩溃后重启可恢复，无丢失无重复 4ms
 ✓ tests/pinned-tenets-migration.test.ts > M10/M11/M14：状态机崩溃恢复与幂等 > M10：在 completed:before 注入崩溃后重启可恢复，无丢失无重复 4ms
 ✓ tests/pinned-tenets-migration.test.ts > M10/M11/M14：状态机崩溃恢复与幂等 > M11：目标已提交但归档失败，下次只完成归档，不重写目标、不丢后续数据 5ms
 ✓ tests/pinned-tenets-migration.test.ts > M10/M11/M14：状态机崩溃恢复与幂等 > M12：completed 后用户删除迁移条目，重启不复活 3ms
 ✓ tests/pinned-tenets-migration.test.ts > M10/M11/M14：状态机崩溃恢复与幂等 > M14a：连续运行两次幂等 3ms
 ✓ tests/pinned-tenets-migration.test.ts > M10/M11/M14：状态机崩溃恢复与幂等 > M14b：prepare 后源文件被改动 → conflict，不覆盖、不归档，且不自动重试 2ms
 ✓ tests/pinned-tenets-migration.test.ts > M20：迁移结果对设置页与 system prompt 可见 > 只注入 active；多行完整可见；pending/rejected 不注入 4ms
 ✓ tests/pinned-tenets-migration.test.ts > 遗留 .migrated 与既有归档共存 > 归档目标已存在时改用带源哈希的后缀，不覆盖既有 .migrated 3ms

 Test Files  1 passed (1)
      Tests  25 passed (25)
   Start at  15:35:54
   Duration  299ms (transform 73ms, setup 20ms, import 66ms, tests 146ms, environment 0ms)

