
> lingxi@0.1.35 build:speech-permissions
> node scripts/build-speech-permissions.mjs

[speech-permissions] building lingxi-speech-permissions.node for arm64 against electron 42.8.1
gyp info it worked if it ends with ok
gyp info using node-gyp@12.4.0
gyp info using node@24.16.0 | darwin | arm64
gyp info find Python using Python version 3.14.3 found at "/Library/Frameworks/Python.framework/Versions/3.14/bin/python3"

gyp info spawn /Library/Frameworks/Python.framework/Versions/3.14/bin/python3
gyp info spawn args [
gyp info spawn args '<WORKTREE>/node_modules/node-gyp/gyp/gyp_main.py',
gyp info spawn args 'binding.gyp',
gyp info spawn args '-f',
gyp info spawn args 'make',
gyp info spawn args '-I',
gyp info spawn args '<WORKTREE>/desktop/native/LingxiSpeechPermissions/build/config.gypi',
gyp info spawn args '-I',
gyp info spawn args '<WORKTREE>/node_modules/node-gyp/addon.gypi',
gyp info spawn args '-I',
gyp info spawn args '<USER_HOME>/Library/Caches/node-gyp/42.8.1/include/node/common.gypi',
gyp info spawn args '-Dlibrary=shared_library',
gyp info spawn args '-Dvisibility=default',
gyp info spawn args '-Dnode_root_dir=<USER_HOME>/Library/Caches/node-gyp/42.8.1',
gyp info spawn args '-Dnode_gyp_dir=<WORKTREE>/node_modules/node-gyp',
gyp info spawn args '-Dnode_lib_file=<USER_HOME>/Library/Caches/node-gyp/42.8.1/<(target_arch)/node.lib',
gyp info spawn args '-Dmodule_root_dir=<WORKTREE>/desktop/native/LingxiSpeechPermissions',
gyp info spawn args '-Dnode_engine=v8',
gyp info spawn args '--depth=.',
gyp info spawn args '--no-parallel',
gyp info spawn args '--generator-output',
gyp info spawn args 'build',
gyp info spawn args '-Goutput_dir=.'
gyp info spawn args ]
gyp info spawn make
gyp info spawn args [ 'BUILDTYPE=Release', '-C', 'build' ]
  CXX(target) Release/obj.target/lingxi-speech-permissions/speech_permissions.o
  SOLINK_MODULE(target) Release/lingxi-speech-permissions.node
gyp info ok 
[speech-permissions] copied <WORKTREE>/dist-speech/mac-arm64/lingxi-speech-permissions.node
