
 RUN  v4.1.10 <WORKTREE>

stdout | tests/pinned-tenets-migration-recovery.test.ts > M13：旧 .migrated 无收据 → 默认仅 dry-run > completed 仅覆盖本计划：删除的条目不复活，其他归档仍为候选
[pins-migration] [hana] pinned→tenets migration: 1 added, 0 duplicates, 1 source items

stdout | tests/pinned-tenets-migration.test.ts > pinned → tenets 一次性迁移（既有行为保持） > json 优先：pinned-memory.json 条目并入 tenets（active/user_direct），旧文件改名 .migrated
[pins-migration] [hana] pinned→tenets migration: 2 added, 0 duplicates, 2 source items

stdout | tests/pinned-tenets-migration.test.ts > pinned → tenets 一次性迁移（既有行为保持） > json 缺失时解析 pinned.md（含缩进续行）
[pins-migration] [hana] pinned→tenets migration: 2 added, 0 duplicates, 2 source items

stdout | tests/pinned-tenets-migration.test.ts > M01/M02：旧版合法内容完整接纳（豁免普通新增限制） > M01：301 字符、数千字符、多行旧 pin 全文保留并 active
[pins-migration] [hana] pinned→tenets migration: 3 added, 0 duplicates, 3 source items

stdout | tests/pinned-tenets-migration.test.ts > M01/M02：旧版合法内容完整接纳（豁免普通新增限制） > M02：201 条旧 pin 全部迁移；普通第 202 条新增受新配额限制
[pins-migration] [hana] pinned→tenets migration: 201 added, 0 duplicates, 201 source items

 ✓ tests/pinned-tenets-migration-recovery.test.ts > M13：旧 .migrated 无收据 → 默认仅 dry-run > scan 报告可恢复项但不改任何文件、不写收据 56ms
 ✓ tests/pinned-tenets-migration-recovery.test.ts > M13：旧 .migrated 无收据 → 默认仅 dry-run > completed 仅覆盖本计划：删除的条目不复活，其他归档仍为候选 12ms
 ✓ tests/pinned-tenets-migration-recovery.test.ts > M13：旧 .migrated 无收据 → 默认仅 dry-run > 分类：present / inactive / similar / missing 5ms
 ✓ tests/pinned-tenets-migration-recovery.test.ts > 恢复 apply：明确批准后走同一批量写入与收据机制 > 按批准清单恢复选中条目；幂等；收据 kind=recovery 13ms
 ✓ tests/pinned-tenets-migration-recovery.test.ts > 恢复 apply：明确批准后走同一批量写入与收据机制 > 拒绝：路径穿越、未知源、未知内容哈希、空决策、非 dry-run 默认 4ms
 ✓ tests/pinned-tenets-migration-recovery.test.ts > 恢复 apply：明确批准后走同一批量写入与收据机制 > 恢复不默认全量复活：只恢复 restore 决策，inactive/similar 需显式选择 7ms
 ✓ tests/round2-pinned-recovery-faults.test.ts > R02 恢复事务、兼容与 CLI 边界 > R02-03 两归档源同内容只建一个 active，保留每个批准源条目映射 69ms
 ✓ tests/round2-pinned-recovery-faults.test.ts > R02 恢复事务、兼容与 CLI 边界 > R02-10 commit:after 崩溃后按同批准重试，ID 和目标字节稳定 9ms
 ✓ tests/round2-pinned-recovery-faults.test.ts > R02 恢复事务、兼容与 CLI 边界 > R02-11 目标备份权限错误保持来源和目标原字节，无假 completed 11ms
 ✓ tests/round2-pinned-migration.test.ts > R01 真实迁移后置条件与归档恢复 > R01-01 E02 duplicate-only 目标被清空不得认证完成 60ms
 ✓ tests/round2-pinned-migration.test.ts > R01 真实迁移后置条件与归档恢复 > R01-02/R01-03 保留 ID 但改变 content 不得归档 5ms
 ✓ tests/round2-pinned-migration.test.ts > R01 真实迁移后置条件与归档恢复 > R01-02/R01-03 保留 ID 但改变 pending 不得归档 6ms
 ✓ tests/round2-pinned-migration.test.ts > R01 真实迁移后置条件与归档恢复 > R01-02/R01-03 保留 ID 但改变 rejected 不得归档 6ms
 ✓ tests/round2-pinned-migration.test.ts > R01 真实迁移后置条件与归档恢复 > R01-02/R01-03 保留 ID 但改变 source 不得归档 5ms
 ✓ tests/round2-pinned-migration.test.ts > R01 真实迁移后置条件与归档恢复 > R01-02/R01-03 保留 ID 但改变 createdAt 不得归档 7ms
 ✓ tests/round2-pinned-migration.test.ts > R01 真实迁移后置条件与归档恢复 > R01-04 同一个目标映射两种哈希拒绝继续 5ms
 ✓ tests/round2-pinned-recovery.test.ts > R02 批准快照、范围与幂等 > R02-01 E11 pending 在前 active 在后仍复用 active 55ms
 ✓ tests/round2-pinned-recovery.test.ts > R02 批准快照、范围与幂等 > R02-02 rejected 历史在前三次批量导入只增加一个 active 3ms
 ✓ tests/round2-pinned-recovery.test.ts > R02 批准快照、范围与幂等 > R02-04 只恢复批准部分，其他候选仍显示 8ms
 ✓ tests/round2-pinned-recovery.test.ts > R02 批准快照、范围与幂等 > R02-05 同一 operation 返回原 summary 不再写库 8ms
 ✓ tests/round2-pinned-recovery.test.ts > R02 批准快照、范围与幂等 > R02-06 同一 operation 改批准决策拒绝 13ms
 ✓ tests/round2-pinned-recovery.test.ts > R02 批准快照、范围与幂等 > R02-07 完成后删除再用原单不能复活 6ms
stdout | tests/round2-pinned-migration.test.ts > R01 真实迁移后置条件与归档恢复 > R01-06 合法空源完成
[pins-migration] [test-agent] pinned→tenets migration: 0 added, 0 duplicates, 0 source items

 ✓ tests/round2-pinned-recovery.test.ts > R02 批准快照、范围与幂等 > R02-08 新批准操作才允许恢复用户删除内容 11ms
 ✓ tests/round2-pinned-recovery.test.ts > R02 批准快照、范围与幂等 > R02-09 批准后 source 改变拒绝写入 2ms
 ✓ tests/round2-pinned-recovery.test.ts > R02 批准快照、范围与幂等 > R02-09 批准后 target 改变拒绝写入 2ms
 ✓ tests/round2-pinned-recovery.test.ts > R02 批准快照、范围与幂等 > R02-13 收据按 operation 存放，不覆盖首次迁移位置 4ms
stdout | tests/pinned-tenets-migration.test.ts > M03/M04：旧版权威来源规则（mtime）与删除语义 > M03：Markdown mtime 更新时以 Markdown 为准，否则以 JSON 为准
[pins-migration] [hana] pinned→tenets migration: 1 added, 0 duplicates, 1 source items
[pins-migration] [hana] pinned→tenets migration: 1 added, 0 duplicates, 1 source items
[pins-migration] [hana] pinned→tenets migration: 1 added, 0 duplicates, 1 source items

 ✓ tests/pinned-tenets-migration.test.ts > pinned → tenets 一次性迁移（既有行为保持） > json 优先：pinned-memory.json 条目并入 tenets（active/user_direct），旧文件改名 .migrated 68ms
 ✓ tests/pinned-tenets-migration.test.ts > pinned → tenets 一次性迁移（既有行为保持） > json 缺失时解析 pinned.md（含缩进续行） 8ms
 ✓ tests/pinned-tenets-migration.test.ts > pinned → tenets 一次性迁移（既有行为保持） > 没有旧 pins 文件的 agent 目录完全不动 2ms
 ✓ tests/pinned-tenets-migration.test.ts > M01/M02：旧版合法内容完整接纳（豁免普通新增限制） > M01：301 字符、数千字符、多行旧 pin 全文保留并 active 7ms
 ✓ tests/pinned-tenets-migration.test.ts > M01/M02：旧版合法内容完整接纳（豁免普通新增限制） > M02：201 条旧 pin 全部迁移；普通第 202 条新增受新配额限制 11ms
stdout | tests/pinned-tenets-migration.test.ts > M03/M04：旧版权威来源规则（mtime）与删除语义 > M04：合法空 items 的 JSON 是权威时保留删除语义；md 更新时采用 md
[pins-migration] [hana] pinned→tenets migration: 0 added, 0 duplicates, 0 source items
[pins-migration] [hana] pinned→tenets migration: 1 added, 0 duplicates, 1 source items

stdout | tests/round2-pinned-migration.test.ts > R01 真实迁移后置条件与归档恢复 > R01-14 v2 completed 后删除不复活不改收据
[pins-migration] [test-agent] pinned→tenets migration: 1 added, 0 duplicates, 1 source items

stdout | tests/pinned-tenets-migration.test.ts > M05/M06：严格读写边界与权威来源损坏 > M05：目标 tenets 损坏时不覆盖、不归档、明确失败；修复后可重试
[pins-migration] [hana] pinned→tenets migration: 1 added, 0 duplicates, 1 source items

stdout | tests/round2-pinned-migration.test.ts > R01 补充计划和故障窗口 > R01-08 写边界 backup:before:tenets.json 故障保留数据且可恢复
[pins-migration] [test-agent] pinned→tenets migration: 1 added, 0 duplicates, 1 source items

stdout | tests/pinned-tenets-migration.test.ts > M07–M09：迁移去重规则（精确内容比较） > M07：与 active 精确重复（含边界空白/换行归一差异）不新增，映射记录到收据
[pins-migration] [hana] pinned→tenets migration: 1 added, 1 duplicates, 2 source items

stdout | tests/round2-pinned-migration.test.ts > R01 补充计划和故障窗口 > R01-08 写边界 backup:after:tenets.json 故障保留数据且可恢复
[pins-migration] [test-agent] pinned→tenets migration: 1 added, 0 duplicates, 1 source items

 ✓ tests/round2-pinned-migration-faults.test.ts > R01 合成文件系统故障与真实硬终止 > R01-08 SIGKILL 在归档删除源后、收据写入前发生，重启仅补记完成 129ms
 ✓ tests/round2-pinned-migration-faults.test.ts > R01 合成文件系统故障与真实硬终止 > R01-16 完整摘要命名的已有备份内容不符，拒绝复用且不覆盖 3ms
 ✓ tests/round2-pinned-migration-faults.test.ts > R01 合成文件系统故障与真实硬终止 > R01-15 旧收据备份失败，不覆盖收据、目标或来源原字节 10ms
 ✓ tests/round2-pinned-migration-faults.test.ts > R01 合成文件系统故障与真实硬终止 > R01-13 收据 EACCES 是读取错误，不能当作不存在启动迁移 2ms
 ✓ tests/round2-pinned-migration-faults.test.ts > R01 合成文件系统故障与真实硬终止 > R01 严格读取拒绝非法 schema string，不归一化后覆盖既有目标 3ms
 ✓ tests/round2-pinned-migration-faults.test.ts > R01 合成文件系统故障与真实硬终止 > R01 严格读取拒绝非法 schema negative，不归一化后覆盖既有目标 3ms
 ✓ tests/round2-pinned-migration-faults.test.ts > R01 合成文件系统故障与真实硬终止 > R01 严格读取拒绝非法 schema array，不归一化后覆盖既有目标 3ms
 ✓ tests/round2-pinned-migration-faults.test.ts > R01 合成文件系统故障与真实硬终止 > R01 严格读取拒绝非法 status array，不归一化后覆盖既有目标 3ms
 ✓ tests/round2-pinned-migration-faults.test.ts > R01 合成文件系统故障与真实硬终止 > R01 严格读取拒绝非法 source array，不归一化后覆盖既有目标 3ms
stdout | tests/pinned-tenets-migration.test.ts > M07–M09：迁移去重规则（精确内容比较） > M08：只与 pending/rejected 重复时仍迁移为 active/user_direct，历史保留
[pins-migration] [hana] pinned→tenets migration: 0 added, 0 duplicates, 2 source items

stdout | tests/pinned-tenets-migration.test.ts > M07–M09：迁移去重规则（精确内容比较） > M09：仅大小写/句尾标点相似不合并（不同事实各自保留）
[pins-migration] [hana] pinned→tenets migration: 1 added, 1 duplicates, 2 source items

 ✓ tests/round2-pinned-migration.test.ts > R01 真实迁移后置条件与归档恢复 > R01-05 后续新增不覆盖 7ms
 ✓ tests/round2-pinned-migration.test.ts > R01 真实迁移后置条件与归档恢复 > R01-06 合法空源完成 6ms
 ✓ tests/round2-pinned-migration.test.ts > R01 真实迁移后置条件与归档恢复 > R01-07 E03 空计划 prepared 后目标改变不能 every=true 4ms
 ✓ tests/round2-pinned-migration.test.ts > R01 真实迁移后置条件与归档恢复 > R01-09 E04 归档移走后收据未写可恢复 5ms
 ✓ tests/round2-pinned-migration.test.ts > R01 真实迁移后置条件与归档恢复 > R01-11 规划目的地被占用时保留源和目的地 4ms
 ✓ tests/round2-pinned-migration.test.ts > R01 真实迁移后置条件与归档恢复 > R01-13 非法收据不当 absent {bad 1ms
 ✓ tests/round2-pinned-migration.test.ts > R01 真实迁移后置条件与归档恢复 > R01-13 非法收据不当 absent {"version":99,"state":"prepared"} 2ms
 ✓ tests/round2-pinned-migration.test.ts > R01 真实迁移后置条件与归档恢复 > R01-13 非法收据不当 absent {"version":3,"state":"mystery"} 2ms
 ✓ tests/round2-pinned-migration.test.ts > R01 真实迁移后置条件与归档恢复 > R01-14 v2 completed 后删除不复活不改收据 7ms
 ✓ tests/round2-pinned-migration.test.ts > R01 真实迁移后置条件与归档恢复 > R01-15 prepared 前目标原字节备份可恢复 4ms
 ✓ tests/round2-pinned-migration.test.ts > R01 真实迁移后置条件与归档恢复 > R01-严格读取不默默过滤损坏条目 1ms
 ✓ tests/round2-pinned-migration.test.ts > R01 补充计划和故障窗口 > R01-计划映射缺项不能被结果哈希捷径认证 4ms
 ✓ tests/round2-pinned-migration.test.ts > R01 补充计划和故障窗口 > R01-08 写边界 backup:before:tenets.json 故障保留数据且可恢复 7ms
 ✓ tests/round2-pinned-migration.test.ts > R01 补充计划和故障窗口 > R01-08 写边界 backup:after:tenets.json 故障保留数据且可恢复 7ms
 ✓ tests/round2-pinned-migration.test.ts > R01 补充计划和故障窗口 > R01-08 写边界 receipt:prepared 故障保留数据且可恢复 7ms
 ✓ tests/round2-pinned-migration.test.ts > R01 补充计划和故障窗口 > R01-08 写边界 commit:before 故障保留数据且可恢复 5ms
 ✓ tests/round2-pinned-migration.test.ts > R01 补充计划和故障窗口 > R01-08 写边界 commit:after 故障保留数据且可恢复 5ms
 ✓ tests/round2-pinned-migration.test.ts > R01 补充计划和故障窗口 > R01-08 写边界 archive:copied:pinned-memory.json 故障保留数据且可恢复 4ms
 ✓ tests/round2-pinned-migration.test.ts > R01 补充计划和故障窗口 > R01-08 写边界 archive:after:pinned-memory.json 故障保留数据且可恢复 5ms
 ✓ tests/round2-pinned-migration.test.ts > R01 补充计划和故障窗口 > R01-08 写边界 completed:before 故障保留数据且可恢复 4ms
 ✓ tests/round2-pinned-migration.test.ts > R01 补充计划和故障窗口 > R01-12 v2 唯一归档证据转换后恢复 5ms
 ✓ tests/round2-pinned-migration.test.ts > R01 补充计划和故障窗口 > R01-12 v2 多个相同归档路径不猜选 5ms
stdout | tests/pinned-tenets-migration.test.ts > M10/M11/M14：状态机崩溃恢复与幂等 > M12：completed 后用户删除迁移条目，重启不复活
[pins-migration] [hana] pinned→tenets migration: 2 added, 0 duplicates, 2 source items

stdout | tests/pinned-tenets-migration.test.ts > M10/M11/M14：状态机崩溃恢复与幂等 > M14a：连续运行两次幂等
[pins-migration] [hana] pinned→tenets migration: 1 added, 0 duplicates, 1 source items

stdout | tests/pinned-tenets-migration.test.ts > M20：迁移结果对设置页与 system prompt 可见 > 只注入 active；多行完整可见；pending/rejected 不注入
[pins-migration] [hana] pinned→tenets migration: 1 added, 0 duplicates, 1 source items

 ✓ tests/pinned-tenets-migration.test.ts > M03/M04：旧版权威来源规则（mtime）与删除语义 > M03：Markdown mtime 更新时以 Markdown 为准，否则以 JSON 为准 22ms
 ✓ tests/pinned-tenets-migration.test.ts > M03/M04：旧版权威来源规则（mtime）与删除语义 > M04：合法空 items 的 JSON 是权威时保留删除语义；md 更新时采用 md 14ms
 ✓ tests/pinned-tenets-migration.test.ts > M05/M06：严格读写边界与权威来源损坏 > M05：目标 tenets 损坏时不覆盖、不归档、明确失败；修复后可重试 6ms
 ✓ tests/pinned-tenets-migration.test.ts > M05/M06：严格读写边界与权威来源损坏 > M05b：目标为未来 schema 时不覆盖、明确失败 2ms
 ✓ tests/pinned-tenets-migration.test.ts > M05/M06：严格读写边界与权威来源损坏 > M05c：目标 EACCES 时明确失败，不归档 3ms
 ✓ tests/pinned-tenets-migration.test.ts > M05/M06：严格读写边界与权威来源损坏 > M06：权威来源损坏时不静默按空库迁移、不回退另一份、不归档 4ms
 ✓ tests/pinned-tenets-migration.test.ts > M07–M09：迁移去重规则（精确内容比较） > M07：与 active 精确重复（含边界空白/换行归一差异）不新增，映射记录到收据 7ms
 ✓ tests/pinned-tenets-migration.test.ts > M07–M09：迁移去重规则（精确内容比较） > M08：只与 pending/rejected 重复时仍迁移为 active/user_direct，历史保留 7ms
 ✓ tests/pinned-tenets-migration.test.ts > M07–M09：迁移去重规则（精确内容比较） > M09：仅大小写/句尾标点相似不合并（不同事实各自保留） 6ms
 ✓ tests/pinned-tenets-migration.test.ts > M10/M11/M14：状态机崩溃恢复与幂等 > M10：在 receipt:prepared 注入崩溃后重启可恢复，无丢失无重复 6ms
 ✓ tests/pinned-tenets-migration.test.ts > M10/M11/M14：状态机崩溃恢复与幂等 > M10：在 commit:before 注入崩溃后重启可恢复，无丢失无重复 5ms
 ✓ tests/pinned-tenets-migration.test.ts > M10/M11/M14：状态机崩溃恢复与幂等 > M10：在 commit:after 注入崩溃后重启可恢复，无丢失无重复 6ms
 ✓ tests/pinned-tenets-migration.test.ts > M10/M11/M14：状态机崩溃恢复与幂等 > M10：在 archive:before:pinned-memory.json 注入崩溃后重启可恢复，无丢失无重复 5ms
 ✓ tests/pinned-tenets-migration.test.ts > M10/M11/M14：状态机崩溃恢复与幂等 > M10：在 completed:before 注入崩溃后重启可恢复，无丢失无重复 5ms
 ✓ tests/pinned-tenets-migration.test.ts > M10/M11/M14：状态机崩溃恢复与幂等 > M11：目标已提交但归档失败，下次只完成归档，不重写目标、不丢后续数据 7ms
 ✓ tests/pinned-tenets-migration.test.ts > M10/M11/M14：状态机崩溃恢复与幂等 > M12：completed 后用户删除迁移条目，重启不复活 4ms
 ✓ tests/pinned-tenets-migration.test.ts > M10/M11/M14：状态机崩溃恢复与幂等 > M14a：连续运行两次幂等 3ms
 ✓ tests/pinned-tenets-migration.test.ts > M10/M11/M14：状态机崩溃恢复与幂等 > M14b：prepare 后源文件被改动 → conflict，不覆盖、不归档，且不自动重试 2ms
stdout | tests/pinned-tenets-migration.test.ts > 遗留 .migrated 与既有归档共存 > 归档目标已存在时改用带源哈希的后缀，不覆盖既有 .migrated
[pins-migration] [hana] pinned→tenets migration: 1 added, 0 duplicates, 1 source items

 ✓ tests/pinned-tenets-migration.test.ts > M20：迁移结果对设置页与 system prompt 可见 > 只注入 active；多行完整可见；pending/rejected 不注入 4ms
 ✓ tests/pinned-tenets-migration.test.ts > 遗留 .migrated 与既有归档共存 > 归档目标已存在时改用带源哈希的后缀，不覆盖既有 .migrated 4ms
 ✓ tests/round2-pinned-recovery-faults.test.ts > R02 恢复事务、兼容与 CLI 边界 > R02-12 v2 全局 recovery completed 仅标对应条目，其他候选可见且启动不重导 13ms
 ✓ tests/round2-pinned-recovery-faults.test.ts > R02 恢复事务、兼容与 CLI 边界 > R02-14 CLI apply 没有已验证 home 所有权时拒绝，dry-run 只读 150ms
 ✓ tests/round2-pinned-recovery-faults.test.ts > R02 恢复事务、兼容与 CLI 边界 > R02-16 提交后出现后续用户新增，同批准重试保留新增而不整体恢复旧备份 5ms
 ✓ tests/round2-pinned-recovery-faults.test.ts > R02 恢复事务、兼容与 CLI 边界 > R02 收据计划缺项不能缩小原批准范围后虚假 completed 4ms
stdout | tests/memory-tenets.test.ts > 用户原则（tenets）存储 > 提案 → pending；批准 → active；注入块只含 active 且 critical 在前
[memory-tenets] tenet aebb542a-dbe0-42f5-9dc9-bdbcd99f22a8 → active

stdout | tests/tenets-source-quota.test.ts > M15/M16：两来源配额互不占用 > M15：已有 20 条 active/user_direct 时，首个 model_proposed 审批成功
[memory-tenets] tenet c085f4af-8cf1-4142-8ec4-a9e8f7cbd756 → active

stdout | tests/memory-tenets.test.ts > 用户原则（tenets）存储 > 拒绝 → rejected，不注入；重复审批显式报错
[memory-tenets] tenet 0881912e-19eb-4fca-90de-9d1eef64b6e3 → rejected

stdout | tests/tenets-source-quota.test.ts > M17：各自配额到顶时明确拒绝，不影响另一来源 > 第 201 条 user_direct 新增被拒；model_proposed 审批不受影响
[memory-tenets] tenet 4805a180-5f74-4bfa-89a7-f4698a990c9e → active

stdout | tests/memory-tenets.test.ts > 用户原则（tenets）存储 > active 上限按来源分离：user_direct 占满 20 不挡首次提案审批；model_proposed 满 20 才拒批
[memory-tenets] tenet 2c44ff82-a885-43ec-b074-2846f3fe9823 → active

stdout | tests/tenets-source-quota.test.ts > 直钉遇 pending/rejected 同内容：必须产生 active 结果且保留历史 > 与 rejected 重复：新增 active/user_direct，rejected 事实不篡改
[memory-tenets] tenet ff41a2de-e746-4742-8c1e-00cae58571a5 → rejected

 ✓ tests/tenets-source-quota.test.ts > countActiveTenetsBySource > 只统计 active，按来源分列；pending/rejected 不计入 21ms
 ✓ tests/tenets-source-quota.test.ts > M15/M16：两来源配额互不占用 > M15：已有 20 条 active/user_direct 时，首个 model_proposed 审批成功 4ms
 ✓ tests/tenets-source-quota.test.ts > M15/M16：两来源配额互不占用 > M16：已有 20 条 active/model_proposed 时，user_direct 直钉仍成功 2ms
 ✓ tests/tenets-source-quota.test.ts > M17：各自配额到顶时明确拒绝，不影响另一来源 > 第 21 条 model_proposed 审批被拒；user_direct 直钉不受影响 2ms
 ✓ tests/tenets-source-quota.test.ts > M17：各自配额到顶时明确拒绝，不影响另一来源 > 第 201 条 user_direct 新增被拒；model_proposed 审批不受影响 2ms
 ✓ tests/tenets-source-quota.test.ts > M17：各自配额到顶时明确拒绝，不影响另一来源 > 历史超量条目保留不删；只阻止该来源继续新增 2ms
 ✓ tests/tenets-source-quota.test.ts > M18：pending/rejected 不占 active 配额；pending 上限独立 > 大量 pending/rejected 不影响两个 active 配额 1ms
 ✓ tests/tenets-source-quota.test.ts > 直钉遇 pending/rejected 同内容：必须产生 active 结果且保留历史 > 与 pending 重复：新增 active/user_direct，pending 历史不动 1ms
 ✓ tests/tenets-source-quota.test.ts > 直钉遇 pending/rejected 同内容：必须产生 active 结果且保留历史 > 与 rejected 重复：新增 active/user_direct，rejected 事实不篡改 1ms
 ✓ tests/tenets-source-quota.test.ts > 直钉遇 pending/rejected 同内容：必须产生 active 结果且保留历史 > 与 active 重复：仍按既有语义返回 duplicate，不新增 1ms
 ✓ tests/tenets-source-quota.test.ts > M19：isTenetError 指定码精确匹配；pin_memory 不假报成功 > 传 code 时只精确匹配该码；不传才表示任意 TenetError 1ms
 ✓ tests/tenets-source-quota.test.ts > M19：isTenetError 指定码精确匹配；pin_memory 不假报成功 > pin_memory 内容非法（INVALID）时返回失败结果并保留错误码，不冒充「已添加」 1ms
 ✓ tests/tenets-source-quota.test.ts > M19：isTenetError 指定码精确匹配；pin_memory 不假报成功 > pin_memory 配额满（LIMIT_REACHED）时返回失败结果并保留错误码 2ms
 ✓ tests/tenets-source-quota.test.ts > M19：isTenetError 指定码精确匹配；pin_memory 不假报成功 > pin_memory 正常路径不受影响 1ms
 ✓ tests/memory-tenets.test.ts > 用户原则（tenets）存储 > 提案 → pending；批准 → active；注入块只含 active 且 critical 在前 26ms
 ✓ tests/memory-tenets.test.ts > 用户原则（tenets）存储 > 多行内容保留换行并按缩进续行渲染（原 pins 语义） 1ms
 ✓ tests/memory-tenets.test.ts > 用户原则（tenets）存储 > 拒绝 → rejected，不注入；重复审批显式报错 2ms
 ✓ tests/memory-tenets.test.ts > 用户原则（tenets）存储 > 归一化查重：空白/大小写/句尾标点差异视为同一条 1ms
 ✓ tests/memory-tenets.test.ts > 用户原则（tenets）存储 > active 上限按来源分离：user_direct 占满 20 不挡首次提案审批；model_proposed 满 20 才拒批 7ms
 ✓ tests/memory-tenets.test.ts > 用户原则（tenets）存储 > pending 上限 30：满员后新提案报 TENET_PENDING_FULL 9ms
 ✓ tests/memory-tenets.test.ts > 用户原则（tenets）存储 > 内容校验：空/超长报 TENET_INVALID 1ms
 ✓ tests/memory-tenets.test.ts > 用户原则（tenets）存储 > 删除与不存在 id 的报错 1ms
 ✓ tests/memory-tenets.test.ts > 用户原则（tenets）存储 > 文件损坏/缺失时读侧降级为空列表 1ms
 ✓ tests/memory-tenets.test.ts > tenet_propose 工具 > 正常提案：写入 pending、回调触发、details 带 tenetId 1ms
 ✓ tests/memory-tenets.test.ts > tenet_propose 工具 > 重复提案幂等返回 duplicate，不触发回调 1ms
 ✓ tests/memory-tenets.test.ts > tenet_propose 工具 > isEnabled=false 返回暂停提示且不写库 1ms
 ✓ tests/memory-tenets.test.ts > tenet_propose 工具 > 超长/空内容在工具层拦截 0ms

 Test Files  8 passed (8)
      Tests  113 passed (113)
   Start at  13:34:03
   Duration  947ms (transform 780ms, setup 158ms, import 2.04s, tests 1.15s, environment 0ms)

