
 RUN  v4.1.10 <WORKTREE>

 ✓ tests/system-speech-output-decoder.round2.test.ts > R07 system speech UTF-8 chunk decoder > R07-01：你好在每个 UTF-8 字节边界二分都与整块解码相同 33ms
 ✓ tests/system-speech-output-decoder.round2.test.ts > R07 system speech UTF-8 chunk decoder > R07-02/06：emoji、组合字符、中英混排与合法 U+FFFD 无损还原 0ms
 ✓ tests/system-speech-output-decoder.round2.test.ts > R07 system speech UTF-8 chunk decoder > R07-03：逐字节与固定种子多段输入收敛到同一字符串 0ms
 ✓ tests/system-speech-output-decoder.round2.test.ts > R07 system speech UTF-8 chunk decoder > R07-07：两个并发输出流的解码状态互不污染 0ms
 ✓ tests/system-speech-adapter.lifecycle.test.ts > system speech adapter lifecycle（A06–A12） > R07-02/03/06：真实异步 helper 逐字节写 UTF-8，复杂正文无损且只结算一次 1640ms
 ✓ tests/system-speech-adapter.lifecycle.test.ts > system speech adapter lifecycle（A06–A12） > R07-04：真实 helper 的无末尾换行 JSON 在 close 边界完整解码 1053ms
stderr | tests/system-speech-adapter.lifecycle.test.ts > system speech adapter lifecycle（A06–A12） > R07-05：结构化成功中的非字符串 text 明确 INVALID_OUTPUT
[system-speech-asr] transcribe failed: [SYSTEM_SPEECH_INVALID_OUTPUT] helper 成功结果的 text 必须是字符串

 ✓ tests/system-speech-adapter.lifecycle.test.ts > system speech adapter lifecycle（A06–A12） > R07-05：结构化成功中的非字符串 text 明确 INVALID_OUTPUT 413ms
stderr | tests/system-speech-adapter.lifecycle.test.ts > system speech adapter lifecycle（A06–A12） > R07-08：中文 stderr 跨字节块仍保持可读且按失败结算
[system-speech-asr] transcribe failed: [SYSTEM_SPEECH_PROCESS_FAILED] 中文错误：识别器不可用

 ✓ tests/system-speech-adapter.lifecycle.test.ts > system speech adapter lifecycle（A06–A12） > R07-08：中文 stderr 跨字节块仍保持可读且按失败结算 449ms
 ✓ tests/system-speech-adapter.lifecycle.test.ts > system speech adapter lifecycle（A06–A12） > A06：helper 正常 final 返回——不等待超时，stdout 可解析 417ms
 ✓ tests/system-speech-adapter.lifecycle.test.ts > system speech adapter lifecycle（A06–A12） > A06b：空文本是明确的 EMPTY_RESULT，不伪造文本 414ms
 ✓ tests/system-speech-adapter.lifecycle.test.ts > system speech adapter lifecycle（A06–A12） > A07：结果后晚到错误/非零退出——只结算一次 722ms
stderr | tests/system-speech-adapter.lifecycle.test.ts > system speech adapter lifecycle（A06–A12） > A08：超时与外部取消都终止子进程且不输出成功
[system-speech-asr] transcribe failed: [SYSTEM_SPEECH_TIMEOUT] 系统语音识别超过进程上限 1s

stderr | tests/system-speech-adapter.lifecycle.test.ts > system speech adapter lifecycle（A06–A12） > A08：超时与外部取消都终止子进程且不输出成功
[system-speech-asr] transcribe failed: [SYSTEM_SPEECH_CANCELLED] 系统语音识别已取消

stderr | tests/system-speech-adapter.lifecycle.test.ts > system speech adapter lifecycle（A06–A12） > A09：helper 慢速在途时事件循环不被阻塞（非 execFileSync）
[system-speech-asr] transcribe failed: [SYSTEM_SPEECH_CANCELLED] 系统语音识别已取消

 ✓ tests/system-speech-adapter.lifecycle.test.ts > system speech adapter lifecycle（A06–A12） > A08：超时与外部取消都终止子进程且不输出成功 1252ms
 ✓ tests/system-speech-adapter.lifecycle.test.ts > system speech adapter lifecycle（A06–A12） > A09：helper 慢速在途时事件循环不被阻塞（非 execFileSync） 65ms
stderr | tests/system-speech-adapter.lifecycle.test.ts > system speech adapter lifecycle（A06–A12） > A10：子进程无视温和终止时，有界等待后强制结束同一进程
[system-speech-asr] transcribe failed: [SYSTEM_SPEECH_CANCELLED] 系统语音识别已取消

 ✓ tests/system-speech-adapter.lifecycle.test.ts > system speech adapter lifecycle（A06–A12） > A10：子进程无视温和终止时，有界等待后强制结束同一进程 1233ms
stderr | tests/system-speech-adapter.lifecycle.test.ts > system speech adapter lifecycle（A06–A12） > A11：helper 缺失/坏 JSON/超大 stdout/结构化错误/旧式 stderr 各自独立错误码
[system-speech-asr] transcribe failed: [SYSTEM_SPEECH_INVALID_OUTPUT] helper 退出码 0 但输出无法解析: not a json line

stderr | tests/system-speech-adapter.lifecycle.test.ts > system speech adapter lifecycle（A06–A12） > A11：helper 缺失/坏 JSON/超大 stdout/结构化错误/旧式 stderr 各自独立错误码
[system-speech-asr] transcribe failed: [SYSTEM_SPEECH_PROCESS_FAILED] helper stdout 超过 4194304 字节上限

stderr | tests/system-speech-adapter.lifecycle.test.ts > system speech adapter lifecycle（A06–A12） > A11：helper 缺失/坏 JSON/超大 stdout/结构化错误/旧式 stderr 各自独立错误码
[system-speech-asr] transcribe failed: [SYSTEM_SPEECH_PERMISSION_DENIED] denied by user

stderr | tests/system-speech-adapter.lifecycle.test.ts > system speech adapter lifecycle（A06–A12） > A11：helper 缺失/坏 JSON/超大 stdout/结构化错误/旧式 stderr 各自独立错误码
[system-speech-asr] transcribe failed: [SYSTEM_SPEECH_PERMISSION_DENIED] lingxi-speech-helper error: speech recognition permission denied

 ✓ tests/system-speech-adapter.lifecycle.test.ts > system speech adapter lifecycle（A06–A12） > A11：helper 缺失/坏 JSON/超大 stdout/结构化错误/旧式 stderr 各自独立错误码 556ms
 ✓ tests/system-speech-adapter.lifecycle.test.ts > system speech adapter lifecycle（A06–A12） > A12：打包形态按桌面路径合同解析 Resources，不回退 dev 残留；缺失即安装损坏 3ms

 Test Files  2 passed (2)
      Tests  16 passed (16)
   Start at  14:37:18
   Duration  8.33s (transform 83ms, setup 38ms, import 61ms, tests 8.25s, environment 0ms)

