   Compiling proc-macro2 v1.0.107
   Compiling unicode-ident v1.0.26
   Compiling quote v1.0.47
   Compiling libc v0.2.189
   Compiling itoa v1.0.18
   Compiling pin-project-lite v0.2.17
   Compiling serde_core v1.0.229
   Compiling bytes v1.12.1
   Compiling typenum v1.20.1
   Compiling once_cell v1.21.4
   Compiling cfg-if v1.0.5
   Compiling zmij v1.0.23
   Compiling serde v1.0.229
   Compiling log v0.4.34
   Compiling futures-core v0.3.34
   Compiling serde_json v1.0.151
   Compiling ref-cast v1.0.27
   Compiling memchr v2.8.3
   Compiling smallvec v1.16.1
   Compiling const-oid v0.10.2
   Compiling find-msvc-tools v0.1.13
   Compiling shlex v2.0.1
   Compiling pkg-config v0.3.34
   Compiling vcpkg v0.2.15
   Compiling foldhash v0.2.0
   Compiling dyn-clone v1.0.20
   Compiling httparse v1.10.1
   Compiling base64 v0.23.1
   Compiling tower-service v0.3.3
   Compiling httpdate v1.0.3
   Compiling futures-channel v0.3.34
   Compiling tracing-core v0.1.36
   Compiling fallible-streaming-iterator v0.1.9
   Compiling cc v1.4.7
   Compiling hashbrown v0.17.1
   Compiling sync_wrapper v1.0.2
   Compiling fallible-iterator v0.3.0
   Compiling regex-syntax v0.8.11
   Compiling futures-task v0.3.34
   Compiling percent-encoding v2.3.2
   Compiling slab v0.4.12
   Compiling bitflags v2.13.2
   Compiling tower-layer v0.3.3
   Compiling atomic-waker v1.1.2
   Compiling mime v0.3.17
   Compiling ryu v1.0.23
   Compiling futures-util v0.3.34
   Compiling form_urlencoded v1.2.2
   Compiling lazy_static v1.5.0
   Compiling http v1.5.0
   Compiling thread_local v1.1.10
   Compiling nu-ansi-term v0.50.3
   Compiling matchit v0.8.4
   Compiling sharded-slab v0.1.7
   Compiling tracing-log v0.2.0
   Compiling hashlink v0.12.2
   Compiling hybrid-array v0.4.15
   Compiling libsqlite3-sys v0.38.2
   Compiling errno v0.3.14
   Compiling mio v1.2.3
   Compiling socket2 v0.6.5
   Compiling cpufeatures v0.3.1
   Compiling getrandom v0.2.17
   Compiling http-body v1.1.0
   Compiling regex-automata v0.4.18
   Compiling signal-hook-registry v1.4.8
   Compiling http-body-util v0.1.5
   Compiling crypto-common v0.2.2
   Compiling block-buffer v0.12.1
   Compiling digest v0.11.3
   Compiling sha1 v0.11.0
   Compiling sha2 v0.11.0
   Compiling serde_path_to_error v0.1.20
   Compiling matchers v0.2.0
   Compiling syn v3.0.6
   Compiling syn v2.0.119
   Compiling serde_derive_internals v0.30.0
   Compiling serde_derive v1.0.229
   Compiling tokio-macros v2.7.2
   Compiling ref-cast-impl v1.0.27
   Compiling rusqlite v0.40.2
   Compiling schemars_derive v1.2.2
   Compiling tokio v1.53.1
   Compiling tracing-attributes v0.1.31
   Compiling tracing v0.1.44
   Compiling axum-core v0.5.6
   Compiling tracing-subscriber v0.3.23
   Compiling schemars v1.2.2
   Compiling serde_urlencoded v0.7.1
   Compiling hyper v1.11.1
   Compiling tower v0.5.3
   Compiling hyper-util v0.1.21
   Compiling axum v0.8.9
   Compiling lingxi-protocol v0.0.0 (/Users/study_superior/Desktop/Code/LingxiAgent/rust/crates/lingxi-protocol)
   Compiling lingxi-kernel v0.0.0 (/Users/study_superior/Desktop/Code/LingxiAgent/rust/crates/lingxi-kernel)
   Compiling lingxi-adapters v0.0.0 (/Users/study_superior/Desktop/Code/LingxiAgent/rust/crates/lingxi-adapters)
   Compiling lingxi-service v0.0.0 (/Users/study_superior/Desktop/Code/LingxiAgent/rust/crates/lingxi-service)
    Finished `dev` profile [unoptimized + debuginfo] target(s) in 9.01s
