2026-10-01T21:23:56.101401Z  INFO lingxi_service: data root resolved effective_home=/var/folders/5r/wq54gtms21gfjgr5v94ynfyh0000gn/T//lingxi-r02t05-home-Z5x6mj source=cli ignored_sources=none
2026-10-01T21:23:56.102625Z  INFO lingxi_service: data root prepared (canonicalized; runtime dir private 0700) canonical_home=/private/var/folders/5r/wq54gtms21gfjgr5v94ynfyh0000gn/T/lingxi-r02t05-home-Z5x6mj runtime_dir=/private/var/folders/5r/wq54gtms21gfjgr5v94ynfyh0000gn/T/lingxi-r02t05-home-Z5x6mj/lingxi-service
2026-10-01T21:23:56.103207Z  INFO lingxi_service: single-writer lock acquired instance_id=a2a21782f2d8ad8135b806389ca9c4e9 start_nonce=81493123d5daee07 pid=4494 entropy="os-random-device" lock=/private/var/folders/5r/wq54gtms21gfjgr5v94ynfyh0000gn/T/lingxi-r02t05-home-Z5x6mj/lingxi-service/instance.lock network_mode=loopback
2026-10-01T21:23:56.118281Z  INFO lingxi_service: data-epoch gate passed home=/private/var/folders/5r/wq54gtms21gfjgr5v94ynfyh0000gn/T/lingxi-r02t05-home-Z5x6mj decision=ProceedStampedNew(EpochStamp { format: V2, minimum_reader_epoch: 1, committed_data_epoch: 1, last_version: Some("0.0.0") })
2026-10-01T21:23:56.178447Z  INFO lingxi_adapters::storage::run_store: run database migrated db=/private/var/folders/5r/wq54gtms21gfjgr5v94ynfyh0000gn/T/lingxi-r02t05-home-Z5x6mj/lingxi-service/data/runs.db applied=[1, 2, 3, 4] version=4
2026-10-01T21:23:56.180120Z  INFO lingxi_service: auth service bootstrapped (per-start loopback token, owner-only); run database migrated and seeded local_token_file=/private/var/folders/5r/wq54gtms21gfjgr5v94ynfyh0000gn/T/lingxi-r02t05-home-Z5x6mj/lingxi-service/local-token.json run_database=/private/var/folders/5r/wq54gtms21gfjgr5v94ynfyh0000gn/T/lingxi-r02t05-home-Z5x6mj/lingxi-service/data/runs.db
2026-10-01T21:23:56.190313Z  INFO lingxi_service: instance record published (atomic write) record=/private/var/folders/5r/wq54gtms21gfjgr5v94ynfyh0000gn/T/lingxi-r02t05-home-Z5x6mj/lingxi-service/instance.json bind_addr=127.0.0.1:65477
2026-10-01T21:23:56.442858Z  INFO lingxi_service::sessions: run settled through the single finalize path run_id=run_000001a0f95a3f99_000001 session_id="sess_local_alpha" outcome=completed.no_final.no_provider_configured input_chars=10 input_bytes=10
2026-10-01T21:23:56.443110Z  INFO lingxi_service: request handled request_id=req-22242f02bee94372f6168c9d0cfd282e method=POST path=/lingxi/v1/sessions/sess_local_alpha/execute status=200
2026-10-01T21:23:56.444452Z  INFO lingxi_service::sessions: run settled through the single finalize path run_id=run_000001a0f95a3f9b_000002 session_id="sess_local_alpha" outcome=completed.no_final.no_provider_configured input_chars=10 input_bytes=10
2026-10-01T21:23:56.444618Z  INFO lingxi_service: request handled request_id=req-ce8898b1740b0d38999000304a412594 method=POST path=/lingxi/v1/sessions/sess_local_alpha/execute status=200
2026-10-01T21:23:56.445228Z  INFO lingxi_service: request handled request_id=req-cdf9db5c9c07756fe505826a570108f5 method=GET path=/lingxi/v1/ws status=101
2026-10-01T21:23:56.447362Z  INFO lingxi_service::sessions: run settled through the single finalize path run_id=run_000001a0f95a3f9e_000003 session_id="sess_local_alpha" outcome=completed.no_final.no_provider_configured input_chars=12 input_bytes=12
2026-10-01T21:23:56.447532Z  INFO lingxi_service: request handled request_id=req-a32f4a3c6ec8dbce9af9e893a59ddc63 method=POST path=/lingxi/v1/sessions/sess_local_alpha/execute status=200
2026-10-01T21:23:56.448780Z  INFO lingxi_service::sessions: run settled through the single finalize path run_id=run_000001a0f95a3fa0_000004 session_id="sess_local_alpha" outcome=completed.no_final.no_provider_configured input_chars=12 input_bytes=12
2026-10-01T21:23:56.448926Z  INFO lingxi_service: request handled request_id=req-6db618366250f069a1410e6630e0dfde method=POST path=/lingxi/v1/sessions/sess_local_alpha/execute status=200
2026-10-01T21:23:56.450088Z  INFO lingxi_service::sessions: run settled through the single finalize path run_id=run_000001a0f95a3fa1_000005 session_id="sess_local_alpha" outcome=completed.no_final.no_provider_configured input_chars=12 input_bytes=12
2026-10-01T21:23:56.450245Z  INFO lingxi_service: request handled request_id=req-65a46d537b81f279a1b5ff493c249e88 method=POST path=/lingxi/v1/sessions/sess_local_alpha/execute status=200
2026-10-01T21:23:56.451298Z  INFO lingxi_service::sessions: run settled through the single finalize path run_id=run_000001a0f95a3fa2_000006 session_id="sess_local_alpha" outcome=completed.no_final.no_provider_configured input_chars=12 input_bytes=12
2026-10-01T21:23:56.451419Z  INFO lingxi_service: request handled request_id=req-673f17be5a163415cb2afc77e74de513 method=POST path=/lingxi/v1/sessions/sess_local_alpha/execute status=200
2026-10-01T21:23:57.461939Z  INFO lingxi_service::sessions: run settled through the single finalize path run_id=run_000001a0f95a4394_000007 session_id="sess_local_alpha" outcome=completed.no_final.no_provider_configured input_chars=8 input_bytes=8
2026-10-01T21:23:57.462177Z  INFO lingxi_service: request handled request_id=req-807559c8421b86283c97ebcf2e9b4adb method=POST path=/lingxi/v1/sessions/sess_local_alpha/execute status=200
2026-10-01T21:23:57.463633Z  INFO lingxi_service: request handled request_id=req-41336678d107e7f80556ad5a6a86e7f7 method=GET path=/lingxi/v1/sessions/sess_local_alpha/events status=200
2026-10-01T21:23:57.465746Z  INFO lingxi_service: request handled request_id=req-51d6ed5929e93fa05c0ff5e8cd661926 method=GET path=/lingxi/v1/sessions/sess_local_alpha/events status=409
2026-10-01T21:23:57.466569Z  INFO lingxi_service: request handled request_id=req-855138096ddb6727211e54d577a70d2d method=GET path=/lingxi/v1/ws status=101
2026-10-01T21:23:57.470101Z  INFO lingxi_service: request handled request_id=req-152f1d851ed57aee2ffab3a56987b3be method=GET path=/lingxi/v1/sessions/sess_local_alpha/events status=200
2026-10-01T21:23:57.472183Z  INFO lingxi_service::sessions: run settled through the single finalize path run_id=run_000001a0f95a439f_000008 session_id="sess_local_beta" outcome=completed.no_final.no_provider_configured input_chars=8 input_bytes=8
2026-10-01T21:23:57.472366Z  INFO lingxi_service: request handled request_id=req-87bf74b2d66dc0d63b6d3a6c291fe176 method=POST path=/lingxi/v1/sessions/sess_local_beta/execute status=200
2026-10-01T21:23:57.473496Z  INFO lingxi_service: request handled request_id=req-12bb0a593e52de149db0fd6171561ed7 method=GET path=/lingxi/v1/sessions/sess_local_beta/events status=200
2026-10-01T21:23:57.475025Z  INFO lingxi_service: request handled request_id=req-f996dc37fd5b1c3ea6c36b640eb6ba8f method=GET path=/lingxi/v1/sessions/sess_local_beta/events status=409
2026-10-01T21:23:57.475681Z  INFO lingxi_service: request handled request_id=req-f15c87a55ddf83a5f3e9abd4782a365f method=GET path=/lingxi/v1/ws status=101
2026-10-01T21:23:57.478107Z  INFO lingxi_service: request handled request_id=req-96617b42e75912a37152e00d14a87d85 method=GET path=/lingxi/v1/ws status=101
2026-10-01T21:24:00.484268Z  INFO lingxi_service: request handled request_id=req-07ea6214f882da635997fc841be5632b method=GET path=/lingxi/v1/sessions/stream_never_existed/events status=404
2026-10-01T21:24:00.486096Z  INFO lingxi_service: request handled request_id=req-a233b5b9cf23bab7e154e05ab2f473af method=GET path=/lingxi/v1/ws status=101
2026-10-01T21:24:03.491919Z  INFO lingxi_service: request handled request_id=req-f569aed4b72dc492a6ddfd4f934c27ac method=GET path=/lingxi/v1/ws status=101
2026-10-01T21:24:06.501636Z  INFO lingxi_service: request handled request_id=req-b34aafce40f0cf9a20118b95a3b45d38 method=GET path=/lingxi/v1/ws status=101
2026-10-01T21:24:10.719502Z  INFO lingxi_service: request handled request_id=req-a1925698206b596401327a895fd6e595 method=POST path=/lingxi/v1/devices/credentials status=201
2026-10-01T21:24:11.896661Z  INFO lingxi_service: request handled request_id=req-2b1d02c1d8189d73857454d939ef0886 method=GET path=/lingxi/v1/sessions/sess_local_alpha/events status=403
2026-10-01T21:24:12.318065Z  INFO lingxi_service: shutdown signal: SIGTERM
2026-10-01T21:24:12.319489Z  INFO lingxi_service::shutdown: run database closed (drained, WAL truncated) phase=storage_close
2026-10-01T21:24:12.319839Z  INFO lingxi_service::shutdown: own instance record removed, lock released phase=record_cleanup
2026-10-01T21:24:12.319940Z  INFO lingxi_service: lingxi-service stopped cleanly (run database closed, own record removed, lock released)
