   Compiling proc-macro2 v1.0.107
   Compiling quote v1.0.47
   Compiling unicode-ident v1.0.26
   Compiling libc v0.2.189
   Compiling serde_core v1.0.229
    Checking memchr v2.8.3
    Checking cfg-if v1.0.5
    Checking itoa v1.0.18
   Compiling serde v1.0.229
   Compiling zmij v1.0.23
   Compiling serde_json v1.0.151
    Checking core-foundation-sys v0.8.7
   Compiling autocfg v1.5.1
   Compiling shlex v2.0.1
    Checking base64 v0.23.1
   Compiling find-msvc-tools v0.1.13
    Checking pin-project-lite v0.2.17
    Checking once_cell v1.21.4
    Checking bytes v1.12.1
   Compiling ref-cast v1.0.27
   Compiling pkg-config v0.3.34
    Checking log v0.4.34
    Checking smallvec v1.16.1
    Checking typenum v1.20.1
    Checking allocator-api2 v0.2.21
    Checking equivalent v1.0.2
    Checking foldhash v0.2.0
    Checking dyn-clone v1.0.20
    Checking bitflags v2.13.2
    Checking cmov v0.5.4
    Checking const-oid v0.10.2
    Checking futures-core v0.3.34
   Compiling vcpkg v0.2.15
    Checking futures-sink v0.3.34
   Compiling fs_extra v1.3.0
    Checking iana-time-zone v0.1.65
   Compiling dunce v1.0.5
    Checking tracing-core v0.1.36
    Checking slab v0.4.12
    Checking fallible-iterator v0.3.0
    Checking fallible-streaming-iterator v0.1.9
    Checking futures-io v0.3.34
    Checking futures-task v0.3.34
   Compiling aws-lc-rs v1.18.1
    Checking hashbrown v0.17.1
    Checking percent-encoding v2.3.2
    Checking http v1.5.0
   Compiling num-traits v0.2.19
    Checking ctutils v0.4.2
    Checking zeroize v1.9.0
    Checking untrusted v0.9.0
    Checking futures-channel v0.3.34
   Compiling system-configuration-sys v0.6.0
    Checking hybrid-array v0.4.15
    Checking tower-service v0.3.3
   Compiling httparse v1.10.1
    Checking try-lock v0.2.5
   Compiling rustls v0.23.45
    Checking atomic-waker v1.1.2
    Checking regex-syntax v0.8.11
    Checking fnv v1.0.7
    Checking form_urlencoded v1.2.2
    Checking sync_wrapper v1.0.2
    Checking aho-corasick v1.1.5
    Checking subtle v2.6.1
    Checking rustls-pki-types v1.15.1
    Checking tower-layer v0.3.3
    Checking httpdate v1.0.3
    Checking ipnet v2.12.2
    Checking mime v0.3.17
    Checking ryu v1.0.23
    Checking lazy_static v1.5.0
    Checking hashlink v0.12.2
    Checking tracing-log v0.2.0
    Checking http-body v1.1.0
    Checking want v0.3.1
    Checking thread_local v1.1.10
    Checking nu-ansi-term v0.50.3
    Checking matchit v0.8.4
    Checking stable_deref_trait v1.2.1
    Checking writeable v0.6.4
    Checking litemap v0.8.3
    Checking block-buffer v0.12.1
    Checking crypto-common v0.2.2
   Compiling icu_properties_data v2.3.0
    Checking sharded-slab v0.1.7
    Checking utf8_iter v1.0.4
   Compiling icu_normalizer_data v2.3.0
   Compiling rustversion v1.0.23
    Checking scopeguard v1.2.0
   Compiling zerocopy v0.8.58
    Checking http-body-util v0.1.5
   Compiling getrandom v0.3.4
   Compiling version_check v0.9.5
    Checking inout v0.2.2
   Compiling jobserver v0.1.35
    Checking errno v0.3.14
    Checking mio v1.2.3
    Checking socket2 v0.6.5
    Checking cpufeatures v0.3.1
    Checking core-foundation v0.9.4
   Compiling parking_lot_core v0.9.12
    Checking getrandom v0.2.17
    Checking core-foundation v0.10.1
    Checking security-framework-sys v2.17.0
   Compiling getrandom v0.4.3
    Checking lock_api v0.4.14
   Compiling syn v3.0.6
   Compiling syn v2.0.119
    Checking regex-automata v0.4.18
    Checking num-integer v0.1.47
    Checking num-complex v0.4.6
    Checking powerfmt v0.2.0
    Checking signal-hook-registry v1.4.8
   Compiling multiversion_no_op v1.0.0
   Compiling thiserror v2.0.21
    Checking digest v0.11.3
    Checking cipher v0.5.2
    Checking bit-vec v0.8.0
   Compiling cc v1.4.7
   Compiling ahash v0.8.12
   Compiling unicode-general-category v1.1.0
    Checking system-configuration v0.7.0
    Checking simdutf8 v0.1.5
    Checking borrow-or-share v0.2.4
    Checking security-framework v3.7.0
    Checking num-conv v0.2.2
    Checking indexmap v2.14.2
    Checking serde_path_to_error v0.1.20
    Checking num-bigint v0.4.8
    Checking num-iter v0.1.46
    Checking sha2 v0.11.0
    Checking sha1 v0.11.0
    Checking hmac v0.13.0
    Checking salsa20 v0.11.0
   Compiling heck v0.5.0
    Checking deranged v0.5.8
    Checking time-core v0.1.9
    Checking bit-set v0.8.0
    Checking if-addrs v0.15.0
    Checking num-cmp v0.1.0
    Checking micromap v0.3.0
    Checking outref v0.5.2
   Compiling rmcp v3.4.1
    Checking parking_lot v0.12.5
    Checking vsimd v0.8.0
    Checking pbkdf2 v0.13.0
    Checking qrcodegen v1.8.0
    Checking bytecount v0.6.9
    Checking jsonschema-regex v0.57.0
    Checking pem v4.0.0
    Checking data-encoding v2.11.1
   Compiling pastey v0.2.3
   Compiling cmake v0.1.58
    Checking xtask v0.1.0 (/Users/study_superior/Desktop/Code/LingxiAgent/rust/crates/xtask)
   Compiling encoding_rs v0.8.42
    Checking uuid v1.26.1
    Checking scrypt v0.12.0
   Compiling libsqlite3-sys v0.38.2
   Compiling ring v0.17.14
    Checking num-rational v0.4.2
    Checking uuid-simd v0.8.0
   Compiling aws-lc-sys v0.45.0
    Checking time v0.3.55
    Checking matchers v0.2.0
    Checking fancy-regex v0.19.2
    Checking regex v1.13.1
error: doc list item without indentation
  --> crates/xtask/src/verify.rs:50:5
   |
50 | //! R02 stage-repair R13 / F01 (R13-F01): the gate now CONSUMES the R00
   |     ^
   |
   = help: if this is supposed to be its own paragraph, add a blank line
   = help: for further information visit https://rust-lang.github.io/rust-clippy/rust-1.98.0/index.html#doc_lazy_continuation
   = note: `-D clippy::doc-lazy-continuation` implied by `-D warnings`
   = help: to override `-D warnings` add `#[allow(clippy::doc_lazy_continuation)]`
help: indent this line
   |
50 | //!   R02 stage-repair R13 / F01 (R13-F01): the gate now CONSUMES the R00
   |     ++

error: doc list item without indentation
  --> crates/xtask/src/verify.rs:51:5
   |
51 | //! REQUIRED_SUPPLEMENTAL leaf scenarios bound to the stage instead of only
   |     ^
   |
   = help: if this is supposed to be its own paragraph, add a blank line
   = help: for further information visit https://rust-lang.github.io/rust-clippy/rust-1.98.0/index.html#doc_lazy_continuation
help: indent this line
   |
51 | //!   REQUIRED_SUPPLEMENTAL leaf scenarios bound to the stage instead of only
   |     ++

error: doc list item without indentation
  --> crates/xtask/src/verify.rs:52:5
   |
52 | //! listing them. Before any command runs, the stage map's declared
   |     ^
   |
   = help: if this is supposed to be its own paragraph, add a blank line
   = help: for further information visit https://rust-lang.github.io/rust-clippy/rust-1.98.0/index.html#doc_lazy_continuation
help: indent this line
   |
52 | //!   listing them. Before any command runs, the stage map's declared
   |     ++

error: doc list item without indentation
  --> crates/xtask/src/verify.rs:53:5
   |
53 | //! `supplementalLeafScenarios` set is cross-checked for EQUALITY against
   |     ^
   |
   = help: if this is supposed to be its own paragraph, add a blank line
   = help: for further information visit https://rust-lang.github.io/rust-clippy/rust-1.98.0/index.html#doc_lazy_continuation
help: indent this line
   |
53 | //!   `supplementalLeafScenarios` set is cross-checked for EQUALITY against
   |     ++

error: doc list item without indentation
  --> crates/xtask/src/verify.rs:54:5
   |
54 | //! the R00 acceptance ledger (`docs/rust-tauri/R00/ACCEPTANCE_MAP.json`,
   |     ^
   |
   = help: if this is supposed to be its own paragraph, add a blank line
   = help: for further information visit https://rust-lang.github.io/rust-clippy/rust-1.98.0/index.html#doc_lazy_continuation
help: indent this line
   |
54 | //!   the R00 acceptance ledger (`docs/rust-tauri/R00/ACCEPTANCE_MAP.json`,
   |     ++

error: doc list item without indentation
  --> crates/xtask/src/verify.rs:55:5
   |
55 | //! the consumption R00-T07_REPORT §11 planned for verify-stage): a dropped
   |     ^
   |
   = help: if this is supposed to be its own paragraph, add a blank line
   = help: for further information visit https://rust-lang.github.io/rust-clippy/rust-1.98.0/index.html#doc_lazy_continuation
help: indent this line
   |
55 | //!   the consumption R00-T07_REPORT §11 planned for verify-stage): a dropped
   |     ++

error: doc list item without indentation
  --> crates/xtask/src/verify.rs:56:5
   |
56 | //! leaf, an invented leaf, or a re-graded requirement is a hard abort. Each
   |     ^
   |
   = help: if this is supposed to be its own paragraph, add a blank line
   = help: for further information visit https://rust-lang.github.io/rust-clippy/rust-1.98.0/index.html#doc_lazy_continuation
help: indent this line
   |
56 | //!   leaf, an invented leaf, or a re-graded requirement is a hard abort. Each
   |     ++

error: doc list item without indentation
  --> crates/xtask/src/verify.rs:57:5
   |
57 | //! leaf then rolls up from the REAL command outcomes — every referenced
   |     ^
   |
   = help: if this is supposed to be its own paragraph, add a blank line
   = help: for further information visit https://rust-lang.github.io/rust-clippy/rust-1.98.0/index.html#doc_lazy_continuation
help: indent this line
   |
57 | //!   leaf then rolls up from the REAL command outcomes — every referenced
   |     ++

error: doc list item without indentation
  --> crates/xtask/src/verify.rs:58:5
   |
58 | //! command must have passed and every declared evidence artifact must
   |     ^
   |
   = help: if this is supposed to be its own paragraph, add a blank line
   = help: for further information visit https://rust-lang.github.io/rust-clippy/rust-1.98.0/index.html#doc_lazy_continuation
help: indent this line
   |
58 | //!   command must have passed and every declared evidence artifact must
   |     ++

error: doc list item without indentation
  --> crates/xtask/src/verify.rs:59:5
   |
59 | //! exist, an unreferenced/never-run command counts as failed, and the two
   |     ^
   |
   = help: if this is supposed to be its own paragraph, add a blank line
   = help: for further information visit https://rust-lang.github.io/rust-clippy/rust-1.98.0/index.html#doc_lazy_continuation
help: indent this line
   |
59 | //!   exist, an unreferenced/never-run command counts as failed, and the two
   |     ++

error: doc list item without indentation
  --> crates/xtask/src/verify.rs:60:5
   |
60 | //! `client_only_stage_boundary_conflict` leaves are held BLOCKED (they can
   |     ^
   |
   = help: if this is supposed to be its own paragraph, add a blank line
   = help: for further information visit https://rust-lang.github.io/rust-clippy/rust-1.98.0/index.html#doc_lazy_continuation
help: indent this line
   |
60 | //!   `client_only_stage_boundary_conflict` leaves are held BLOCKED (they can
   |     ++

error: doc list item without indentation
  --> crates/xtask/src/verify.rs:61:5
   |
61 | //! never be PASS) because their original R02 marking conflicts with the
   |     ^
   |
   = help: if this is supposed to be its own paragraph, add a blank line
   = help: for further information visit https://rust-lang.github.io/rust-clippy/rust-1.98.0/index.html#doc_lazy_continuation
help: indent this line
   |
61 | //!   never be PASS) because their original R02 marking conflicts with the
   |     ++

error: doc list item without indentation
  --> crates/xtask/src/verify.rs:62:5
   |
62 | //! stage boundary and only a root disposition recorded in the map may
   |     ^
   |
   = help: if this is supposed to be its own paragraph, add a blank line
   = help: for further information visit https://rust-lang.github.io/rust-clippy/rust-1.98.0/index.html#doc_lazy_continuation
help: indent this line
   |
62 | //!   stage boundary and only a root disposition recorded in the map may
   |     ++

error: doc list item without indentation
  --> crates/xtask/src/verify.rs:63:5
   |
63 | //! change that. `overall` is PASS only when the base scenarios AND every
   |     ^
   |
   = help: if this is supposed to be its own paragraph, add a blank line
   = help: for further information visit https://rust-lang.github.io/rust-clippy/rust-1.98.0/index.html#doc_lazy_continuation
help: indent this line
   |
63 | //!   change that. `overall` is PASS only when the base scenarios AND every
   |     ++

error: doc list item without indentation
  --> crates/xtask/src/verify.rs:64:5
   |
64 | //! supplemental leaf pass, so 16/16 green can no longer masquerade as
   |     ^
   |
   = help: if this is supposed to be its own paragraph, add a blank line
   = help: for further information visit https://rust-lang.github.io/rust-clippy/rust-1.98.0/index.html#doc_lazy_continuation
help: indent this line
   |
64 | //!   supplemental leaf pass, so 16/16 green can no longer masquerade as
   |     ++

error: doc list item without indentation
  --> crates/xtask/src/verify.rs:65:5
   |
65 | //! complete stage acceptance while R00-required leaf shares went unevidenced.
   |     ^
   |
   = help: if this is supposed to be its own paragraph, add a blank line
   = help: for further information visit https://rust-lang.github.io/rust-clippy/rust-1.98.0/index.html#doc_lazy_continuation
help: indent this line
   |
65 | //!   complete stage acceptance while R00-required leaf shares went unevidenced.
   |     ++

error: could not compile `xtask` (bin "xtask") due to 16 previous errors
warning: build failed, waiting for other jobs to finish...
error: could not compile `xtask` (bin "xtask" test) due to 16 previous errors
