2026-09-29T12:30:04.935412Z  INFO lingxi_service: data root resolved effective_home=/var/folders/5r/wq54gtms21gfjgr5v94ynfyh0000gn/T//lingxi-r02t08-a15-home.SGVlJm source=cli ignored_sources=none
2026-09-29T12:30:04.936558Z  INFO lingxi_service: data root prepared (canonicalized; runtime dir private 0700) canonical_home=/private/var/folders/5r/wq54gtms21gfjgr5v94ynfyh0000gn/T/lingxi-r02t08-a15-home.SGVlJm runtime_dir=/private/var/folders/5r/wq54gtms21gfjgr5v94ynfyh0000gn/T/lingxi-r02t08-a15-home.SGVlJm/lingxi-service
2026-09-29T12:30:04.937121Z  INFO lingxi_service: single-writer lock acquired instance_id=1970de824a85f5ea0806c5ad7f282772 start_nonce=931a188a9719b06f pid=40455 entropy="os-random-device" lock=/private/var/folders/5r/wq54gtms21gfjgr5v94ynfyh0000gn/T/lingxi-r02t08-a15-home.SGVlJm/lingxi-service/instance.lock network_mode=loopback
2026-09-29T12:30:04.957319Z  INFO lingxi_service: data-epoch gate passed home=/private/var/folders/5r/wq54gtms21gfjgr5v94ynfyh0000gn/T/lingxi-r02t08-a15-home.SGVlJm decision=ProceedStampedNew(EpochStamp { format: V2, minimum_reader_epoch: 1, committed_data_epoch: 1, last_version: Some("0.0.0") })
2026-09-29T12:30:05.014064Z  INFO lingxi_adapters::storage::run_store: run database migrated db=/private/var/folders/5r/wq54gtms21gfjgr5v94ynfyh0000gn/T/lingxi-r02t08-a15-home.SGVlJm/lingxi-service/data/runs.db applied=[1, 2, 3, 4] version=4
2026-09-29T12:30:05.015137Z  INFO lingxi_service: auth service bootstrapped (per-start loopback token, owner-only); run database migrated and seeded local_token_file=/private/var/folders/5r/wq54gtms21gfjgr5v94ynfyh0000gn/T/lingxi-r02t08-a15-home.SGVlJm/lingxi-service/local-token.json run_database=/private/var/folders/5r/wq54gtms21gfjgr5v94ynfyh0000gn/T/lingxi-r02t08-a15-home.SGVlJm/lingxi-service/data/runs.db
2026-09-29T12:30:05.026371Z  INFO lingxi_service: instance record published (atomic write) record=/private/var/folders/5r/wq54gtms21gfjgr5v94ynfyh0000gn/T/lingxi-r02t08-a15-home.SGVlJm/lingxi-service/instance.json bind_addr=127.0.0.1:65467
LINGXI_AUTH_REJECTED request_id=req-c3bdac6745ba3af4d30f7b30c1d8d41f method=GET path=/lingxi/v1/me status=401 Unauthorized reason=missing_credential remote=127.0.0.1:65469
2026-09-29T12:30:05.176817Z  INFO lingxi_service: request handled request_id=req-c3bdac6745ba3af4d30f7b30c1d8d41f method=GET path=/lingxi/v1/me status=401
2026-09-29T12:30:05.177660Z  INFO lingxi_service: request handled request_id=req-d48ce1a1df7008d1e4efebc1b636e8e4 method=GET path=/lingxi/v1/me status=200
2026-09-29T12:30:05.179711Z  INFO lingxi_service::sessions: run settled through the single finalize path run_id=run_000001a0ed24c57a_000001 session_id="sess_local_alpha" outcome=completed.no_final.no_provider_configured input_chars=23
2026-09-29T12:30:05.179833Z  INFO lingxi_service: request handled request_id=req-d33aa849cf0f060c3109938f0db9a6eb method=POST path=/lingxi/v1/sessions/sess_local_alpha/execute status=200
2026-09-29T12:30:05.180300Z  INFO lingxi_service: request handled request_id=req-12963897af2e03547e4d73d86378e0f3 method=GET path=/lingxi/v1/ws status=101
2026-09-29T12:30:05.181988Z  INFO lingxi_service::sessions: run settled through the single finalize path run_id=run_000001a0ed24c57d_000002 session_id="sess_local_alpha" outcome=completed.no_final.no_provider_configured input_chars=26
2026-09-29T12:30:05.182109Z  INFO lingxi_service: request handled request_id=req-b450f9d7298d053088cb3ee3649689b4 method=POST path=/lingxi/v1/sessions/sess_local_alpha/execute status=200
2026-09-29T12:30:05.182768Z  INFO lingxi_service: request handled request_id=req-61f3d83fd78e87e5e25edb8c67f34beb method=GET path=/lingxi/v1/sessions/sess_local_alpha status=200
2026-09-29T12:30:05.183509Z  INFO lingxi_service: request handled request_id=req-756067e7aebf16e27509e3c4d7bd2154 method=GET path=/lingxi/v1/sessions/sess_local_alpha/events status=200
2026-09-29T12:30:05.183906Z  INFO lingxi_service: request handled request_id=req-820f2b80cff62bd3d8a9680adcb161a3 method=GET path=/lingxi/v1/ws status=101
2026-09-29T12:30:05.184987Z  WARN lingxi_service: ws session read failed err=Connection reset by peer (os error 54)
2026-09-29T12:30:05.205800Z  INFO lingxi_service: shutdown signal: SIGTERM
2026-09-29T12:30:05.206668Z  INFO lingxi_service::shutdown: run database closed (drained, WAL truncated) phase=storage_close
2026-09-29T12:30:05.206904Z  INFO lingxi_service::shutdown: own instance record removed, lock released phase=record_cleanup
2026-09-29T12:30:05.206991Z  INFO lingxi_service: lingxi-service stopped cleanly (run database closed, own record removed, lock released)
