2026-09-28T06:35:52.881585Z  INFO lingxi_service: data-epoch gate passed home=/private/var/folders/5r/wq54gtms21gfjgr5v94ynfyh0000gn/T/lingxi-r02t07-a13.zVnVjs decision=ProceedSteady(EpochStamp { format: V2, minimum_reader_epoch: 1, committed_data_epoch: 1, last_version: Some("0.0.0") })
2026-09-28T06:35:52.891397Z  INFO lingxi_service: auth service bootstrapped (per-start loopback token, owner-only); run database migrated and seeded local_token_file=/private/var/folders/5r/wq54gtms21gfjgr5v94ynfyh0000gn/T/lingxi-r02t07-a13.zVnVjs/lingxi-service/local-token.json run_database=/private/var/folders/5r/wq54gtms21gfjgr5v94ynfyh0000gn/T/lingxi-r02t07-a13.zVnVjs/lingxi-service/data/runs.db
2026-09-28T06:35:52.901380Z  INFO lingxi_service: instance record published (atomic write) record=/private/var/folders/5r/wq54gtms21gfjgr5v94ynfyh0000gn/T/lingxi-r02t07-a13.zVnVjs/lingxi-service/instance.json bind_addr=127.0.0.1:59546
2026-09-28T06:35:58.521295Z  INFO lingxi_service: request handled request_id=req-a448e064576fedf6334863b144bf6b4b method=POST path=/lingxi/v1/sessions/sess_local_beta/execute status=503
2026-09-28T06:36:01.067017Z  INFO lingxi_service::sessions: run committed and published (post-commit) run_id=run_000001a0e6ba2187_000003 session_id=sess_local_beta events=run_000001a0e6ba2187_000003-done input_chars=42
2026-09-28T06:36:01.067148Z  INFO lingxi_service::sessions: run committed and published (post-commit) run_id=run_000001a0e6ba2188_000004 session_id=sess_local_beta events=run_000001a0e6ba2188_000004-done input_chars=42
2026-09-28T06:36:01.067290Z  INFO lingxi_service::sessions: run committed and published (post-commit) run_id=run_000001a0e6ba218b_000005 session_id=sess_local_beta events=run_000001a0e6ba218b_000005-done input_chars=42
2026-09-28T06:36:01.067424Z  INFO lingxi_service::sessions: run committed and published (post-commit) run_id=run_000001a0e6ba218b_000006 session_id=sess_local_beta events=run_000001a0e6ba218b_000006-done input_chars=42
2026-09-28T06:36:01.067580Z  INFO lingxi_service::sessions: run committed and published (post-commit) run_id=run_000001a0e6ba218c_000007 session_id=sess_local_beta events=run_000001a0e6ba218c_000007-done input_chars=42
2026-09-28T06:36:01.067730Z  INFO lingxi_service::sessions: run committed and published (post-commit) run_id=run_000001a0e6ba218d_000008 session_id=sess_local_beta events=run_000001a0e6ba218d_000008-done input_chars=42
2026-09-28T06:36:01.067868Z  INFO lingxi_service::sessions: run committed and published (post-commit) run_id=run_000001a0e6ba218e_000009 session_id=sess_local_beta events=run_000001a0e6ba218e_000009-done input_chars=42
2026-09-28T06:36:01.067932Z  INFO lingxi_service: request handled request_id=req-734aa10ae186d95148bec40ca2bd9017 method=POST path=/lingxi/v1/sessions/sess_local_beta/execute status=200
2026-09-28T06:36:01.067938Z  INFO lingxi_service: request handled request_id=req-dee558f5cc77ffc83dec793333cdefbc method=POST path=/lingxi/v1/sessions/sess_local_beta/execute status=200
2026-09-28T06:36:01.067985Z  INFO lingxi_service: request handled request_id=req-b39913219a9e98e4ddca5851e6880470 method=POST path=/lingxi/v1/sessions/sess_local_beta/execute status=200
2026-09-28T06:36:01.067968Z  INFO lingxi_service: request handled request_id=req-e888c6ef495ac0375af113a9459f2088 method=POST path=/lingxi/v1/sessions/sess_local_beta/execute status=200
2026-09-28T06:36:01.068042Z  INFO lingxi_service: request handled request_id=req-0508f8e6895cb577f1f1585153274196 method=POST path=/lingxi/v1/sessions/sess_local_beta/execute status=200
2026-09-28T06:36:01.068100Z  INFO lingxi_service: request handled request_id=req-4322805f403e6cbe8088889ce0fe5ce1 method=POST path=/lingxi/v1/sessions/sess_local_beta/execute status=200
2026-09-28T06:36:01.068041Z  INFO lingxi_service: request handled request_id=req-e54f233c09c56a7bd74d1f8519f7e48e method=POST path=/lingxi/v1/sessions/sess_local_beta/execute status=200
2026-09-28T06:36:01.104708Z  INFO lingxi_service: shutdown signal: SIGTERM
2026-09-28T06:36:01.105420Z  INFO lingxi_service::shutdown: run database closed (drained, WAL truncated) phase=storage_close
2026-09-28T06:36:01.105660Z  INFO lingxi_service::shutdown: own instance record removed, lock released phase=record_cleanup
2026-09-28T06:36:01.105720Z  INFO lingxi_service: lingxi-service stopped cleanly (run database closed, own record removed, lock released)
